=== main-loop stalls (first 12 s) ===
  at +  0.26 s   blocked    106 ms
  at +  0.52 s   blocked    157 ms
  at +  0.78 s   blocked    172 ms
  at +  1.15 s   blocked     85 ms
  at +  1.34 s   blocked    168 ms
  at +  2.44 s   blocked    300 ms
  at +  2.79 s   blocked     84 ms
  ---- 7 stall(s), 1072 ms total

=== hottest Lua stacks (3861 samples x 2 ms ~= 7722 ms of Lua) ===
  [ 1]  581 samples  ~ 1162 ms
         vim/_core/editor.lua:523
  [ 2]  350 samples  ~  700 ms
         C:/Users/bartl/AppData/Local/nvim-data/lazy/lazy.nvim/lua/lazy/manage/process.lua:84
         C:/Users/bartl/AppData/Local/nvim-data/lazy/lazy.nvim/lua/lazy/manage/process.lua:40
         [builtin#20]
         C:/Users/bartl/AppData/Local/nvim-data/lazy/lazy.nvim/lua/lazy/async.lua:38
  [ 3]  312 samples  ~  624 ms
         vim/_core/editor.lua:356
         [builtin#20]
         E:/repos/language.nvim/lua/language/spell/programming_dict.lua:29
         @0x7ff701b60820
         C:/Users/bartl/AppData/Local/nvim-data/lazy/lazy.nvim/lua/lazy/async.lua:113
         C:/Users/bartl/AppData/Local/nvim-data/lazy/lazy.nvim/lua/lazy/manage/process.lua:235
         [builtin#20]
         C:/Users/bartl/AppData/Local/nvim-data/lazy/lazy.nvim/lua/lazy/manage/git.lua:192
         C:/Users/bartl/AppData/Local/nvim-data/lazy/lazy.nvim/lua/lazy/manage/git.lua:161
         C:/Users/bartl/AppData/Local/nvim-data/lazy/lazy.nvim/lua/lazy/manage/git.lua:149
  [ 4]  275 samples  ~  550 ms
         vim/_core/editor.lua:356
         [builtin#20]
         E:/repos/language.nvim/lua/language/spell/extra_dict.lua:47
         @0x7ff701b60820
         C:/Users/bartl/AppData/Local/nvim-data/lazy/lazy.nvim/lua/lazy/async.lua:113
         C:/Users/bartl/AppData/Local/nvim-data/lazy/lazy.nvim/lua/lazy/manage/process.lua:235
         [builtin#20]
         C:/Users/bartl/AppData/Local/nvim-data/lazy/lazy.nvim/lua/lazy/manage/git.lua:192
         C:/Users/bartl/AppData/Local/nvim-data/lazy/lazy.nvim/lua/lazy/manage/git.lua:161
         C:/Users/bartl/AppData/Local/nvim-data/lazy/lazy.nvim/lua/lazy/manage/git.lua:149
  [ 5]  253 samples  ~  506 ms
         C:/Users/bartl/AppData/Local/nvim-data/lazy/which-key.nvim/lua/which-key/state.lua:158
  [ 6]  173 samples  ~  346 ms
         vim/_core/editor.lua:630
  [ 7]  140 samples  ~  280 ms
         vim/_core/system.lua:244
  [ 8]  107 samples  ~  214 ms
         C:/Users/bartl/AppData/Local/nvim-data/lazy/lspsaga.nvim/lua/lspsaga/codeaction/lightbulb.lua:134
  [ 9]   67 samples  ~  134 ms
         C:/Program Files/Neovim/share/nvim/runtime/lua/vim/version.lua:512
         C:/Users/bartl/AppData/Local/nvim-data/lazy/lspsaga.nvim/lua/lspsaga/util.lua:252
         C:/Users/bartl/AppData/Local/nvim-data/lazy/lspsaga.nvim/lua/lspsaga/symbol/winbar.lua:248
  [10]   60 samples  ~  120 ms
         vim/_core/shared.lua:286
         C:/Users/bartl/AppData/Local/nvim-data/lazy/workspace-diagnostics.nvim/lua/workspace-diagnostics/init.lua:43
         C:/Users/bartl/AppData/Local/nvim-data/lazy/workspace-diagnostics.nvim/lua/workspace-diagnostics/init.lua:92
         C:/Users/bartl/AppData/Local/nvim-data/lazy/workspace-diagnostics.nvim/lua/workspace-diagnostics/init.lua:149
         [builtin#20]
         C:/Users/bartl/AppData/Local/nvim/lua/lsp/core/attach.lua:58
         C:/Users/bartl/AppData/Local/nvim/lua/lsp/servers/lua_ls/init.lua:52
         [builtin#20]
         C:/Program Files/Neovim/share/nvim/runtime/lua/vim/lsp/client.lua:515
         C:/Program Files/Neovim/share/nvim/runtime/lua/vim/lsp/client.lua:1158
  [11]   54 samples  ~  108 ms
         C:/Users/bartl/AppData/Local/nvim-data/lazy/nvim-treesitter-context/lua/treesitter-context.lua:45
  [12]   38 samples  ~   76 ms
         [string]:1
