--- Startup times for process: Primary (or UI client) ---

times in msec
 clock   self+sourced   self:  sourced script
 clock   elapsed:              other lines

000.006  000.006: --- NVIM STARTING ---
000.053  000.046: event init
000.190  000.138: early init
024.304  024.114: locale set
024.363  000.059: init first window
025.461  001.098: inits 1
025.592  000.132: window checked
025.602  000.010: parsing arguments
027.616  000.753  000.753: require('vim.shared')
028.807  000.309  000.309: require('vim.inspect')
029.262  000.428  000.428: require('vim._options')
029.271  001.613  000.876: require('vim._editor')
029.276  002.695  000.328: require('vim._init_packages')
029.286  000.990: init lua interpreter
041.361  012.075: nvim_ui_attach
041.674  000.313: nvim_set_client_info
041.681  000.007: --- NVIM STARTED ---

--- Startup times for process: Embedded ---

times in msec
 clock   self+sourced   self:  sourced script
 clock   elapsed:              other lines

000.009  000.009: --- NVIM STARTING ---
000.069  000.060: event init
000.221  000.152: early init
021.109  020.888: locale set
021.185  000.077: init first window
021.800  000.614: inits 1
021.852  000.052: window checked
021.862  000.011: parsing arguments
023.271  000.496  000.496: require('vim.shared')
024.344  000.312  000.312: require('vim.inspect')
024.785  000.413  000.413: require('vim._options')
024.796  001.514  000.789: require('vim._editor')
024.800  002.154  000.143: require('vim._init_packages')
024.811  000.795: init lua interpreter
025.093  000.282: expanding arguments
025.120  000.027: inits 2
025.515  000.395: init highlight
025.520  000.004: waiting for UI
025.630  000.111: done waiting for UI
025.637  000.007: clear screen
026.270  000.041  000.041: require('vim.keymap')
027.110  000.178  000.178: sourcing nvim_exec2()
036.461  010.819  010.600: require('vim._defaults')
036.472  000.017: init default mappings & autocommands
038.147  000.095  000.095: sourcing C:\Program Files\Neovim\share\nvim\runtime\ftplugin.vim
038.690  000.116  000.116: sourcing C:\Program Files\Neovim\share\nvim\runtime\indent.vim
040.758  000.499  000.499: require('vim.fs')
041.258  000.482  000.482: require('vim.uri')
041.310  001.454  000.472: require('vim.loader')
044.362  002.805  002.805: require('config.lazy')
045.423  001.040  001.040: require('lazy')
045.514  000.058  000.058: require('ffi')
045.920  000.396  000.396: require('lazy.stats')
046.737  000.457  000.457: require('lazy.core.util')
047.255  000.504  000.504: require('lazy.core.config')
047.779  000.236  000.236: require('lazy.core.handler')
048.571  000.307  000.307: require('lazy.pkg')
048.584  000.581  000.274: require('lazy.core.meta')
048.592  000.805  000.224: require('lazy.core.plugin')
048.603  001.339  000.298: require('lazy.core.loader')
049.391  000.269  000.269: require('lazy.core.fragments')
056.283  000.247  000.247: require('config.fzf.keymaps')
056.524  000.229  000.229: require('config.fzf.fzf_opts')
056.767  000.235  000.235: require('config.fzf.grep')
057.235  000.230  000.230: require('lib.fs.path_shorten')
057.244  000.469  000.240: require('config.fzf.files')
057.537  000.289  000.289: require('config.fzf.actions.wrapped')
057.545  001.781  000.312: require('config.fzf')
060.361  000.291  000.291: require('config.neotree.utils')
060.648  000.274  000.274: require('config.neotree.watcher_quarantine')
060.658  000.873  000.308: require('config.neotree.keymaps')
060.849  000.186  000.186: require('config.neotree.keymaps.buffers')
061.074  000.219  000.219: require('config.neotree.keymaps.document_symbols')
062.162  000.325  000.325: require('lib.notify.@types')
062.768  000.584  000.584: require('lib.notify.safe')
062.784  001.342  000.434: require('lib.notify')
063.254  000.461  000.461: require('config.neotree.utils.node')
064.489  000.204  000.204: require('config.neotree.helper.is_ignored_dir.ignored_dirs')
064.502  000.459  000.255: require('config.neotree.helper.is_ignored_dir')
064.507  000.671  000.212: require('config.neotree.utils.tree')
064.511  001.238  000.567: require('config.neotree.actions.copy.entries')
064.719  000.205  000.205: require('config.neotree.actions.copy.folders')
064.937  000.211  000.211: require('config.neotree.actions.path.to_require')
065.157  000.214  000.214: require('config.neotree.actions.info.node')
065.611  000.226  000.226: require('config.neotree.utils.buffer')
065.618  000.456  000.230: require('config.neotree.actions.save.node_buffer')
065.838  000.217  000.217: require('config.neotree.actions.save.adjacent_buffer')
066.090  000.245  000.245: require('config.neotree.actions.grep_picker')
066.351  000.255  000.255: require('config.neotree.actions.traverse')
066.823  000.228  000.228: require('config.neotree.commands.get_telescope_opts')
067.057  000.226  000.226: require('config.neotree.commands.diff_files')
067.524  000.232  000.232: require('config.neotree.helper.renderer')
067.532  000.469  000.237: require('config.neotree.commands.mark')
067.793  000.258  000.258: require('config.neotree.commands.add')
067.804  001.446  000.266: require('config.neotree.commands')
068.285  000.230  000.230: require('config.neotree.trash.platform')
068.567  000.275  000.275: require('config.neotree.trash.validation.buffer_checker')
068.837  000.263  000.263: require('config.neotree.trash.confirmation')
069.752  000.359  000.359: require('config.neotree.safety.backup')
070.080  000.320  000.320: require('config.neotree.safety.operation_queue')
070.323  000.235  000.235: require('config.neotree.safety.dry_run')
070.581  000.251  000.251: require('config.neotree.safety.validation')
070.802  000.214  000.214: require('config.neotree.safety.recovery')
070.809  001.675  000.295: require('config.neotree.safety')
070.814  001.970  000.295: require('config.neotree.trash.operations')
070.820  003.013  000.276: require('config.neotree.trash')
071.067  000.244  000.244: require('config.neotree.undo')
071.310  000.234  000.234: require('config.neotree.actions.node_replace_buf')
071.325  010.241  000.461: require('config.neotree.keymaps.filesystem')
071.543  000.215  000.215: require('config.neotree.keymaps.git_status')
071.743  000.193  000.193: require('config.neotree.keymaps.tests')
071.938  000.189  000.189: require('config.neotree.keymaps.diagnostics')
074.438  000.235  000.235: require('config.noice')
074.925  000.213  000.213: require('config.todo_comments.keywords')
077.421  000.213  000.213: require('lazy.core.handler.event')
077.433  000.510  000.297: require('lazy.core.handler.ft')
077.931  000.493  000.493: require('lazy.core.handler.cmd')
078.353  000.400  000.400: require('lazy.core.handler.keys')
078.971  000.017  000.017: sourcing nvim_exec2() called at C:\Users\Bernhard\AppData\Local\nvim\init.lua:0
079.130  000.005  000.005: sourcing nvim_exec2() called at C:\Users\Bernhard\AppData\Local\nvim\init.lua:0
079.175  000.002  000.002: sourcing nvim_exec2() called at C:\Users\Bernhard\AppData\Local\nvim\init.lua:0
079.232  000.003  000.003: sourcing nvim_exec2() called at C:\Users\Bernhard\AppData\Local\nvim\init.lua:0
079.273  000.003  000.003: sourcing nvim_exec2() called at C:\Users\Bernhard\AppData\Local\nvim\init.lua:0
079.444  000.005  000.005: sourcing nvim_exec2() called at C:\Users\Bernhard\AppData\Local\nvim\init.lua:0
079.473  000.003  000.003: sourcing nvim_exec2() called at C:\Users\Bernhard\AppData\Local\nvim\init.lua:0
079.527  000.003  000.003: sourcing nvim_exec2() called at C:\Users\Bernhard\AppData\Local\nvim\init.lua:0
079.871  000.004  000.004: sourcing nvim_exec2() called at C:\Users\Bernhard\AppData\Local\nvim\init.lua:0
079.935  000.003  000.003: sourcing nvim_exec2() called at C:\Users\Bernhard\AppData\Local\nvim\init.lua:0
080.131  000.003  000.003: sourcing nvim_exec2() called at C:\Users\Bernhard\AppData\Local\nvim\init.lua:0
080.186  000.003  000.003: sourcing nvim_exec2() called at C:\Users\Bernhard\AppData\Local\nvim\init.lua:0
080.265  000.003  000.003: sourcing nvim_exec2() called at C:\Users\Bernhard\AppData\Local\nvim\init.lua:0
080.312  000.003  000.003: sourcing nvim_exec2() called at C:\Users\Bernhard\AppData\Local\nvim\init.lua:0
080.467  000.003  000.003: sourcing nvim_exec2() called at C:\Users\Bernhard\AppData\Local\nvim\init.lua:0
080.512  000.003  000.003: sourcing nvim_exec2() called at C:\Users\Bernhard\AppData\Local\nvim\init.lua:0
080.572  000.002  000.002: sourcing nvim_exec2() called at C:\Users\Bernhard\AppData\Local\nvim\init.lua:0
080.612  000.003  000.003: sourcing nvim_exec2() called at C:\Users\Bernhard\AppData\Local\nvim\init.lua:0
080.741  000.002  000.002: sourcing nvim_exec2() called at C:\Users\Bernhard\AppData\Local\nvim\init.lua:0
080.786  000.003  000.003: sourcing nvim_exec2() called at C:\Users\Bernhard\AppData\Local\nvim\init.lua:0
081.013  000.003  000.003: sourcing nvim_exec2() called at C:\Users\Bernhard\AppData\Local\nvim\init.lua:0
081.065  000.005  000.005: sourcing nvim_exec2() called at C:\Users\Bernhard\AppData\Local\nvim\init.lua:0
081.672  000.004  000.004: sourcing nvim_exec2() called at C:\Users\Bernhard\AppData\Local\nvim\init.lua:0
081.731  000.003  000.003: sourcing nvim_exec2() called at C:\Users\Bernhard\AppData\Local\nvim\init.lua:0
081.809  000.003  000.003: sourcing nvim_exec2() called at C:\Users\Bernhard\AppData\Local\nvim\init.lua:0
081.853  000.003  000.003: sourcing nvim_exec2() called at C:\Users\Bernhard\AppData\Local\nvim\init.lua:0
082.475  000.004  000.004: sourcing nvim_exec2() called at C:\Users\Bernhard\AppData\Local\nvim\init.lua:0
082.529  000.003  000.003: sourcing nvim_exec2() called at C:\Users\Bernhard\AppData\Local\nvim\init.lua:0
083.598  000.209  000.209: sourcing nvim_exec2() called at C:\Program Files\Neovim\share/nvim/runtime/filetype.lua:0
083.610  000.473  000.264: sourcing C:\Program Files\Neovim\share/nvim/runtime/filetype.lua
083.639  000.804  000.332: sourcing nvim_exec2() called at C:\Users\Bernhard\AppData\Local\nvim\init.lua:0
084.440  000.089  000.089: sourcing C:/Users/Bernhard/AppData/Local/nvim-data/lazy/plenary.nvim/plugin/plenary.vim
084.468  000.368  000.279: sourcing nvim_exec2() called at C:\Users\Bernhard\AppData\Local\nvim\init.lua:0
084.486  000.004  000.004: sourcing nvim_exec2() called at C:\Users\Bernhard\AppData\Local\nvim\init.lua:0
084.563  000.003  000.003: sourcing nvim_exec2() called at C:\Users\Bernhard\AppData\Local\nvim\init.lua:0
085.993  000.291  000.291: sourcing C:/Users/Bernhard/AppData/Local/nvim-data/lazy/nvim-puppeteer/plugin/puppeteer-autocmds.lua
086.016  000.525  000.234: sourcing nvim_exec2() called at C:\Users\Bernhard\AppData\Local\nvim\init.lua:0
086.028  000.003  000.003: sourcing nvim_exec2() called at C:\Users\Bernhard\AppData\Local\nvim\init.lua:0
086.072  000.003  000.003: sourcing nvim_exec2() called at C:\Users\Bernhard\AppData\Local\nvim\init.lua:0
087.082  000.004  000.004: sourcing nvim_exec2() called at C:\Users\Bernhard\AppData\Local\nvim\init.lua:0
087.160  000.003  000.003: sourcing nvim_exec2() called at C:\Users\Bernhard\AppData\Local\nvim\init.lua:0
088.751  000.242  000.242: require('cmdlog.config')
088.759  001.590  001.348: require('cmdlog')
090.384  000.302  000.302: require('plenary.bit')
090.669  000.274  000.274: require('plenary.functional')
090.697  001.253  000.677: require('plenary.path')
090.705  001.487  000.234: require('cmdlog.core.favorites')
090.966  000.257  000.257: require('cmdlog.core.history')
091.294  000.320  000.320: require('cmdlog.core.utils')
091.578  000.276  000.276: require('cmdlog.ui.picker_utils')
091.587  002.589  000.249: require('cmdlog.ui.history_picker')
091.836  000.244  000.244: require('cmdlog.ui.history_unique_picker')
092.108  000.266  000.266: require('cmdlog.ui.favorites_picker')
092.698  000.338  000.338: require('cmdlog.core.shell')
092.718  000.604  000.266: require('cmdlog.ui.all_picker')
093.132  000.409  000.409: require('cmdlog.ui.all_unique_picker')
093.478  000.331  000.331: require('cmdlog.ui.shell_picker')
093.822  000.333  000.333: require('cmdlog.ui.shell_unique_picker')
093.834  005.067  000.291: require('cmdlog.ui.picker')
094.457  000.112  000.112: sourcing C:/Users/Bernhard/AppData/Local/nvim-data/lazy/todo-comments.nvim/plugin/todo.vim
094.678  000.581  000.468: sourcing nvim_exec2() called at C:\Users\Bernhard\AppData\Local\nvim\init.lua:0
094.722  000.008  000.008: sourcing nvim_exec2() called at C:\Users\Bernhard\AppData\Local\nvim\init.lua:0
094.857  000.005  000.005: sourcing nvim_exec2() called at C:\Users\Bernhard\AppData\Local\nvim\init.lua:0
097.456  000.208  000.208: require('todo-comments.util')
097.478  000.467  000.258: require('todo-comments.config')
098.001  000.324  000.324: require('todo-comments.highlight')
098.033  000.551  000.226: require('todo-comments.jump')
098.037  002.549  001.532: require('todo-comments')
098.378  000.009  000.009: sourcing nvim_exec2() called at C:\Users\Bernhard\AppData\Local\nvim\init.lua:0
098.431  000.003  000.003: sourcing nvim_exec2() called at C:\Users\Bernhard\AppData\Local\nvim\init.lua:0
098.796  000.357  000.357: require('config.harpoon.hardening')
101.287  000.324  000.324: require('harpoon.autocmd')
101.303  000.742  000.417: require('harpoon.buffer')
101.727  000.168  000.168: require('harpoon.utils')
101.735  000.428  000.261: require('harpoon.logger')
101.950  000.211  000.211: require('harpoon.extensions')
101.958  003.152  001.771: require('harpoon.ui')
102.334  000.172  000.172: require('config.harpoon.utils.normkey')
102.508  000.167  000.167: require('config.harpoon.utils.sanitize')
102.516  000.534  000.194: require('config.harpoon.persist_paths')
102.736  000.200  000.200: require('config.harpoon.preview')
103.198  000.210  000.210: require('vim.health')
103.205  000.388  000.177: require('config.harpoon.health')
103.955  000.302  000.302: sourcing C:/Users/Bernhard/AppData/Local/nvim-data/lazy/vim-startuptime/plugin/startuptime.vim
103.975  000.546  000.244: sourcing nvim_exec2() called at C:\Users\Bernhard\AppData\Local\nvim\init.lua:0
103.990  000.003  000.003: sourcing nvim_exec2() called at C:\Users\Bernhard\AppData\Local\nvim\init.lua:0
104.038  000.003  000.003: sourcing nvim_exec2() called at C:\Users\Bernhard\AppData\Local\nvim\init.lua:0
107.927  000.207  000.207: sourcing C:\Program Files\Neovim\share\nvim\runtime\plugin\matchparen.vim
108.676  000.050  000.050: require('vim.F')
108.736  000.413  000.363: sourcing C:\Users\Bernhard\AppData\Local\nvim-data\lazy\vim-matchup\autoload\matchup.vim
109.443  000.175  000.175: sourcing C:\Users\Bernhard\AppData\Local\nvim-data\lazy\vim-matchup\autoload\matchup\perf.vim
111.975  000.273  000.273: require('vim.treesitter.language')
112.242  000.245  000.245: require('vim.func')
112.493  000.234  000.234: require('vim.func._memoize')
112.553  001.143  000.391: require('vim.treesitter.query')
112.762  000.203  000.203: require('vim.treesitter._range')
112.786  001.720  000.374: require('vim.treesitter.languagetree')
112.796  002.108  000.388: require('vim.treesitter')
112.979  000.179  000.179: require('treesitter-matchup.third-party.ts-utils')
113.161  000.175  000.175: require('treesitter-matchup.third-party.lru')
113.340  000.172  000.172: require('treesitter-matchup.util')
113.355  003.121  000.487: require('treesitter-matchup.internal')
113.744  003.602  000.480: sourcing C:\Users\Bernhard\AppData\Local\nvim-data\lazy\vim-matchup\autoload\matchup\loader.vim
114.866  000.638  000.638: sourcing C:\Users\Bernhard\AppData\Local\nvim-data\lazy\vim-matchup\autoload\matchup\matchparen.vim
115.463  000.130  000.130: sourcing C:\Users\Bernhard\AppData\Local\nvim-data\lazy\vim-matchup\autoload\matchup\pos.vim
116.309  010.457  005.293: sourcing C:/Users/Bernhard/AppData/Local/nvim-data/lazy/vim-matchup/plugin/matchup.vim
116.328  010.702  000.245: sourcing nvim_exec2() called at C:\Users\Bernhard\AppData\Local\nvim\init.lua:0
116.359  000.002  000.002: sourcing nvim_exec2() called at C:\Users\Bernhard\AppData\Local\nvim\init.lua:0
116.410  000.003  000.003: sourcing nvim_exec2() called at C:\Users\Bernhard\AppData\Local\nvim\init.lua:0
116.680  000.242  000.242: require('match-up')
116.821  000.005  000.005: sourcing nvim_exec2() called at C:\Users\Bernhard\AppData\Local\nvim\init.lua:0
116.860  000.003  000.003: sourcing nvim_exec2() called at C:\Users\Bernhard\AppData\Local\nvim\init.lua:0
119.368  000.209  000.209: require('wkdnvchad')
119.786  000.204  000.204: require('lib.lazy')
119.965  000.171  000.171: require('custom.functions.buf_win_tabs.move_buffer_to_tab')
120.356  000.193  000.193: require('nvchad.tabufline')
120.364  000.392  000.199: require('wkdnvchad.mappings.tabufline')
120.560  000.191  000.191: require('lib.map')
120.567  001.189  000.230: require('wkdnvchad.mappings')
121.018  000.201  000.201: require('wkdnvchad.usrcmd.themes')
121.025  000.419  000.218: require('wkdnvchad.usrcmd')
121.248  000.203  000.203: require('wkdnvchad.config')
121.417  000.163  000.163: require('wkdnvchad.config.base46')
121.766  000.178  000.178: require('wkdnvchad.ui.statusline.cursor_ctl.renderer')
121.943  000.169  000.169: require('wkdnvchad.ui.statusline.cursor_ctl.progress_calculators')
122.249  000.227  000.227: require('wkdnvchad.ui.statusline.modules.highlighting')
122.462  000.206  000.206: require('wkdnvchad.ui.statusline.modules.lsp')
122.668  000.200  000.200: require('wkdnvchad.ui.statusline.cursor_ctl')
122.678  001.254  000.274: require('wkdnvchad.config.statusline.custom')
122.682  003.721  000.285: require('chadrc')
122.728  003.999  000.278: require('nvconfig')
122.966  000.227  000.227: require('nvchad.stl.utils')
123.205  000.217  000.217: require('nvchad.tabufline.lazyload')
123.218  006.348  001.905: require('nvchad')
154.385  030.723  030.723: sourcing C:/Users/Bernhard/AppData/Local/nvim-data/lazy/vim-wakatime/plugin/wakatime.vim
154.431  030.990  000.268: sourcing nvim_exec2() called at C:\Users\Bernhard\AppData\Local\nvim\init.lua:0
154.469  000.003  000.003: sourcing nvim_exec2() called at C:\Users\Bernhard\AppData\Local\nvim\init.lua:0
154.552  000.003  000.003: sourcing nvim_exec2() called at C:\Users\Bernhard\AppData\Local\nvim\init.lua:0
160.460  002.615  002.615: require('snacks')
160.471  002.960  000.344: sourcing C:/Users/Bernhard/AppData/Local/nvim-data/lazy/snacks.nvim/plugin/snacks.lua
160.495  003.369  000.409: sourcing nvim_exec2() called at C:\Users\Bernhard\AppData\Local\nvim\init.lua:0
160.514  000.006  000.006: sourcing nvim_exec2() called at C:\Users\Bernhard\AppData\Local\nvim\init.lua:0
160.560  000.003  000.003: sourcing nvim_exec2() called at C:\Users\Bernhard\AppData\Local\nvim\init.lua:0
163.928  000.122  000.122: sourcing C:/Users/Bernhard/AppData/Local/nvim-data/lazy/nvim-web-devicons/plugin/nvim-web-devicons.vim
163.966  000.560  000.438: sourcing nvim_exec2() called at C:\Users\Bernhard\AppData\Local\nvim\init.lua:0
163.989  000.003  000.003: sourcing nvim_exec2() called at C:\Users\Bernhard\AppData\Local\nvim\init.lua:0
164.069  000.003  000.003: sourcing nvim_exec2() called at C:\Users\Bernhard\AppData\Local\nvim\init.lua:0
165.325  000.617  000.617: require('nvchad.icons.devicons')
168.598  000.401  000.401: require('nvim-web-devicons.filetypes')
169.529  000.462  000.462: require('nvim-web-devicons.default.icons_by_filename')
170.452  000.914  000.914: require('nvim-web-devicons.default.icons_by_file_extension')
170.837  000.374  000.374: require('nvim-web-devicons.default.icons_by_operating_system')
171.127  000.278  000.278: require('nvim-web-devicons.default.icons_by_desktop_environment')
171.489  000.340  000.340: require('nvim-web-devicons.default.icons_by_window_manager')
171.498  002.793  000.425: require('nvim-web-devicons.icons-default')
171.872  006.510  003.317: require('nvim-web-devicons')
175.917  000.007  000.007: sourcing nvim_exec2() called at C:\Users\Bernhard\AppData\Local\nvim\init.lua:0
175.980  000.003  000.003: sourcing nvim_exec2() called at C:\Users\Bernhard\AppData\Local\nvim\init.lua:0
176.690  000.701  000.701: require('trouble.config')
177.601  000.543  000.543: require('trouble.util')
177.624  000.865  000.321: require('trouble.config.highlights')
179.632  000.330  000.330: require('trouble.cache')
179.846  000.202  000.202: require('trouble.format')
180.039  000.186  000.186: require('trouble.view.indent')
180.231  000.185  000.185: require('trouble.view.text')
180.240  001.458  000.554: require('trouble.view.render')
180.246  001.958  000.500: require('trouble.view.preview')
180.251  002.402  000.445: require('trouble.view.main')
184.112  000.170  000.170: require('translate.util.utf8')
184.125  000.356  000.186: require('translate.util.util')
184.130  000.537  000.181: require('translate.preset.parse_before.natural')
184.300  000.166  000.166: require('translate.preset.parse_before.trim')
184.464  000.159  000.159: require('translate.preset.parse_before.concat')
184.634  000.164  000.164: require('translate.preset.parse_before.no_handle')
184.826  000.186  000.186: require('translate.preset.command.translate_shell')
185.163  000.167  000.167: require('translate.preset.command.deepl')
185.170  000.338  000.171: require('translate.preset.command.deepl_free')
185.348  000.174  000.174: require('translate.preset.command.deepl_pro')
185.531  000.178  000.178: require('translate.preset.command.google')
185.696  000.158  000.158: require('translate.preset.parse_after.oneline')
185.864  000.162  000.162: require('translate.preset.parse_after.head')
186.030  000.161  000.161: require('translate.preset.parse_after.rate')
186.202  000.166  000.166: require('translate.preset.parse_after.window')
186.401  000.194  000.194: require('translate.preset.parse_after.no_handle')
186.651  000.240  000.240: require('translate.preset.parse_after.translate_shell')
187.088  000.201  000.201: require('translate.preset.parse_after.deepl')
187.101  000.440  000.239: require('translate.preset.parse_after.deepl_free')
187.305  000.197  000.197: require('translate.preset.parse_after.deepl_pro')
187.495  000.183  000.183: require('translate.preset.parse_after.google')
187.681  000.179  000.179: require('translate.preset.output.floating')
187.863  000.176  000.176: require('translate.preset.output.split')
188.036  000.167  000.167: require('translate.preset.output.insert')
188.209  000.167  000.167: require('translate.preset.output.replace')
188.395  000.180  000.180: require('translate.preset.output.register')
188.411  005.029  000.359: require('translate.config')
188.619  000.203  000.203: require('translate.util.replace')
189.387  000.188  000.188: require('translate.kit.Lua.TreeSitter')
189.397  000.364  000.176: require('translate.util.context')
189.403  000.556  000.193: require('translate.util.comment')
189.408  000.779  000.223: require('translate.util.select')
189.591  000.180  000.180: require('translate.command')
189.600  008.648  002.456: require('translate')
189.621  008.840  000.193: sourcing C:/Users/Bernhard/AppData/Local/nvim-data/lazy/translate.nvim/plugin/translate.lua
189.645  009.088  000.248: sourcing nvim_exec2() called at C:\Users\Bernhard\AppData\Local\nvim\init.lua:0
189.666  000.007  000.007: sourcing nvim_exec2() called at C:\Users\Bernhard\AppData\Local\nvim\init.lua:0
189.716  000.003  000.003: sourcing nvim_exec2() called at C:\Users\Bernhard\AppData\Local\nvim\init.lua:0
190.428  000.167  000.167: require('config.translate.filter')
190.440  000.346  000.178: require('config.translate.replace')
190.445  000.524  000.178: require('config.translate.usercommands')
190.492  000.767  000.244: require('config.translate')
193.954  000.214  000.214: require('neotree-fs-refactor.utils.logger')
194.198  000.234  000.234: require('neotree-fs-refactor.utils.path')
194.440  000.236  000.236: require('neotree-fs-refactor.refactor.require_finder')
194.758  000.310  000.310: require('neotree-fs-refactor.refactor.file_updater')
195.120  000.350  000.350: require('neotree-fs-refactor.utils.notify')
195.315  003.872  002.528: require('neotree-fs-refactor.init')
195.354  004.117  000.245: sourcing B:/repos/neotree-fs-refactor.nvim/plugin/init.lua
195.400  004.537  000.420: sourcing nvim_exec2() called at C:\Users\Bernhard\AppData\Local\nvim\init.lua:0
195.433  000.009  000.009: sourcing nvim_exec2() called at C:\Users\Bernhard\AppData\Local\nvim\init.lua:0
195.618  000.005  000.005: sourcing nvim_exec2() called at C:\Users\Bernhard\AppData\Local\nvim\init.lua:0
196.062  000.429  000.429: require('neotree-fs-refactor')
196.381  000.308  000.308: require('lib.fs.ignore.list')
198.997  000.007  000.007: sourcing nvim_exec2() called at C:\Users\Bernhard\AppData\Local\nvim\init.lua:0
199.051  000.003  000.003: sourcing nvim_exec2() called at C:\Users\Bernhard\AppData\Local\nvim\init.lua:0
201.124  000.004  000.004: sourcing nvim_exec2() called at C:\Users\Bernhard\AppData\Local\nvim\init.lua:0
201.163  000.003  000.003: sourcing nvim_exec2() called at C:\Users\Bernhard\AppData\Local\nvim\init.lua:0
203.721  000.188  000.188: sourcing C:/Users/Bernhard/AppData/Local/nvim-data/lazy/neo-tree-tests-source.nvim/plugin/neo-tree-tests-source.lua
203.742  000.436  000.248: sourcing nvim_exec2() called at C:\Users\Bernhard\AppData\Local\nvim\init.lua:0
203.754  000.003  000.003: sourcing nvim_exec2() called at C:\Users\Bernhard\AppData\Local\nvim\init.lua:0
203.833  000.003  000.003: sourcing nvim_exec2() called at C:\Users\Bernhard\AppData\Local\nvim\init.lua:0
206.065  000.004  000.004: sourcing nvim_exec2() called at C:\Users\Bernhard\AppData\Local\nvim\init.lua:0
206.103  000.003  000.003: sourcing nvim_exec2() called at C:\Users\Bernhard\AppData\Local\nvim\init.lua:0
206.619  000.212  000.212: sourcing C:/Users/Bernhard/AppData/Local/nvim-data/lazy/neo-tree.nvim/plugin/neo-tree.lua
206.640  000.450  000.237: sourcing nvim_exec2() called at C:\Users\Bernhard\AppData\Local\nvim\init.lua:0
206.683  000.003  000.003: sourcing nvim_exec2() called at C:\Users\Bernhard\AppData\Local\nvim\init.lua:0
206.726  000.003  000.003: sourcing nvim_exec2() called at C:\Users\Bernhard\AppData\Local\nvim\init.lua:0
210.000  000.234  000.234: require('netman.tools.compat')
211.383  000.285  000.285: require('netman.tools.utils.logger')
223.168  000.389  000.389: require('netman.tools.shell')
636.605  427.058  426.149: require('netman.tools.utils')
637.238  000.217  000.217: require('netman.tools.options')
637.428  000.181  000.181: require('netman.tools.cache')
637.628  000.186  000.186: require('netman.tools.utils.provider_validator')
637.848  000.213  000.213: require('netman.tools.parsers.json')
638.040  000.185  000.185: require('netman.tools.configuration')
638.590  000.222  000.222: require('netman.providers')
647.337  008.739  008.739: require('netman.providers.ssh')
650.904  000.495  000.495: require('netman.providers.docker')
659.670  023.052  012.614: require('netman.api')
660.135  453.400  003.291: require('netman')
669.388  000.628  000.628: require('neo-tree.log')
671.142  001.743  001.743: require('neo-tree.utils._compat')
671.199  003.127  000.755: require('neo-tree.utils')
672.386  000.247  000.247: require('nui.object')
673.146  000.267  000.267: require('vim.version')
674.672  002.055  001.788: require('nui.utils')
674.689  002.291  000.236: require('nui.text')
674.739  002.923  000.385: require('nui.line')
675.242  000.205  000.205: require('nui.tree.util')
675.261  000.518  000.313: require('nui.tree')
675.719  000.210  000.210: require('nui.utils.buf_storage')
676.164  000.438  000.438: require('nui.utils.autocmd')
676.502  000.332  000.332: require('nui.utils.keymap')
677.154  000.370  000.370: require('nui.layout.utils')
677.165  000.656  000.287: require('nui.split.utils')
677.192  001.928  000.292: require('nui.split')
678.711  001.194  001.194: require('nui.popup.border')
678.756  001.559  000.365: require('nui.popup')
679.433  000.673  000.673: require('neo-tree.ui.highlights')
680.079  000.319  000.319: require('neo-tree')
680.092  000.651  000.332: require('neo-tree.ui.popups')
681.090  000.321  000.321: require('neo-tree.collections')
681.399  000.298  000.298: require('neo-tree.health.typecheck')
681.408  000.965  000.346: require('neo-tree.events.queue')
681.414  001.318  000.353: require('neo-tree.events')
681.729  000.311  000.311: require('neo-tree.ui.windows')
681.754  010.549  000.669: require('neo-tree.ui.renderer')
683.163  000.212  000.212: require('plenary.compat')
683.178  000.423  000.210: require('plenary.job')
683.185  000.758  000.335: require('neo-tree.sources.filesystem.lib.filter_external')
684.191  000.327  000.327: require('neo-tree.sources.filesystem.lib.globtopattern')
684.205  000.696  000.369: require('neo-tree.sources.common.file-nesting')
684.212  001.023  000.326: require('neo-tree.sources.common.file-items')
685.473  000.305  000.305: require('neo-tree.git.utils')
685.488  000.639  000.334: require('neo-tree.git.status')
685.841  000.349  000.349: require('neo-tree.git.ignored')
685.852  001.319  000.331: require('neo-tree.git')
685.860  001.644  000.325: require('neo-tree.sources.filesystem.lib.fs_watch')
686.837  000.188  000.188: require('plenary.tbl')
686.848  000.392  000.203: require('plenary.vararg.rotate')
686.852  000.590  000.199: require('plenary.vararg')
687.020  000.164  000.164: require('plenary.errors')
687.028  000.947  000.192: require('plenary.async.async')
687.718  000.165  000.165: require('plenary.async.structs')
687.728  000.346  000.181: require('plenary.async.control')
687.735  000.539  000.193: require('plenary.async.util')
687.739  000.707  000.168: require('plenary.async.tests')
687.742  001.878  000.224: require('plenary.async')
688.380  000.317  000.317: require('neo-tree.sources.filesystem.lib.lua-glob')
688.391  000.646  000.329: require('neo-tree.sources.filesystem.lib.ignored')
688.404  006.313  000.365: require('neo-tree.sources.filesystem.lib.fs_scan')
688.932  000.211  000.211: require('nui.input')
688.940  000.531  000.319: require('neo-tree.ui.inputs')
688.956  007.198  000.354: require('neo-tree.sources.manager')
689.146  000.187  000.187: require('neo-tree.sources.diagnostics.lib.items')
689.326  000.174  000.174: require('neo-tree.sources.diagnostics.highlights')
689.506  000.174  000.174: require('neo-tree.sources.diagnostics.defaults')
689.515  021.802  000.394: require('neo-tree.sources.diagnostics')
689.715  000.195  000.195: require('config.neotree.event_handlers')
690.076  000.352  000.352: require('config.neotree')
690.298  000.191  000.191: require('config.neotree.actions.find_or_grep_menu')
691.334  000.184  000.184: sourcing C:/Users/Bernhard/AppData/Local/nvim-data/lazy/fzf-lua/plugin/fzf-lua.lua
691.356  000.432  000.248: sourcing nvim_exec2() called at C:\Users\Bernhard\AppData\Local\nvim\init.lua:0
691.381  000.004  000.004: sourcing nvim_exec2() called at C:\Users\Bernhard\AppData\Local\nvim\init.lua:0
691.424  000.003  000.003: sourcing nvim_exec2() called at C:\Users\Bernhard\AppData\Local\nvim\init.lua:0
694.537  000.344  000.344: require('fzf-lua.utils')
695.175  000.270  000.270: require('fzf-lua.lib.base64')
695.568  000.380  000.380: require('fzf-lua.lib.serpent')
695.583  001.034  000.384: require('fzf-lua.libuv')
695.596  001.641  000.262: require('fzf-lua.path')
696.288  000.341  000.341: require('fzf-lua.actions')
696.746  000.201  000.201: require('fzf-lua.class')
696.826  000.526  000.325: require('fzf-lua.devicons')
697.534  000.238  000.238: require('fzf-lua.previewer')
698.580  001.746  001.508: require('fzf-lua.defaults')
698.632  003.031  000.418: require('fzf-lua.config')
699.260  000.070  000.070: sourcing C:/Users/Bernhard/AppData/Local/nvim-data/lazy/fzf-lua/autoload/fzf_lua.vim
699.287  000.413  000.343: sourcing nvim_exec2() called at C:\Users\Bernhard\AppData\Local\nvim\init.lua:0
700.809  000.969  000.969: require('fzf-lua.win')
701.393  000.208  000.208: require('fzf-lua.fzf')
701.714  000.310  000.310: require('fzf-lua.shell')
701.735  000.910  000.392: require('fzf-lua.core')
702.027  000.276  000.276: require('fzf-lua.make_entry')
702.038  010.607  003.367: require('fzf-lua')
703.220  012.915  001.869: require('fzf-lua')
703.621  000.368  000.368: require('config.neotree.current_hl')
704.408  000.356  000.356: require('neo-tree.sources.common.container')
704.434  000.803  000.447: require('neo-tree.sources.common.components')
704.999  000.204  000.204: require('config.neotree.trash.commands')
705.213  000.189  000.189: require('config.neotree.open.keymaps.reveal_current_file')
705.439  000.207  000.207: require('config.neotree.open.keymaps.only_lhs')
705.800  000.007  000.007: sourcing nvim_exec2() called at C:\Users\Bernhard\AppData\Local\nvim\init.lua:0
705.841  000.003  000.003: sourcing nvim_exec2() called at C:\Users\Bernhard\AppData\Local\nvim\init.lua:0
708.273  000.004  000.004: sourcing nvim_exec2() called at C:\Users\Bernhard\AppData\Local\nvim\init.lua:0
708.314  000.003  000.003: sourcing nvim_exec2() called at C:\Users\Bernhard\AppData\Local\nvim\init.lua:0
711.737  000.541  000.541: require('git-conflict.colors')
712.120  000.357  000.357: require('git-conflict.utils')
712.418  000.284  000.284: require('vim.deprecated.health')
712.796  000.306  000.306: require('vim.hl')
712.842  004.487  002.998: require('git-conflict')
718.198  000.334  000.334: require('vim.iter')
719.339  000.281  000.281: sourcing C:\Program Files\Neovim\share/nvim/runtime/plugin/editorconfig.lua
719.375  000.550  000.269: sourcing nvim_exec2() called at C:\Users\Bernhard\AppData\Local\nvim\init.lua:0
720.422  000.400  000.400: sourcing C:\Program Files\Neovim\share/nvim/runtime/plugin/man.lua
720.456  000.878  000.478: sourcing nvim_exec2() called at C:\Users\Bernhard\AppData\Local\nvim\init.lua:0
720.791  000.045  000.045: sourcing C:\Program Files\Neovim\share/nvim/runtime/plugin/matchparen.vim
720.812  000.339  000.294: sourcing nvim_exec2() called at C:\Users\Bernhard\AppData\Local\nvim\init.lua:0
721.376  000.287  000.287: sourcing C:\Program Files\Neovim\share/nvim/runtime/plugin/osc52.lua
721.403  000.567  000.281: sourcing nvim_exec2() called at C:\Users\Bernhard\AppData\Local\nvim\init.lua:0
721.805  000.130  000.130: sourcing C:\Program Files\Neovim\share/nvim/runtime/plugin/shada.vim
721.825  000.407  000.277: sourcing nvim_exec2() called at C:\Users\Bernhard\AppData\Local\nvim\init.lua:0
722.152  000.070  000.070: sourcing C:\Program Files\Neovim\share/nvim/runtime/plugin/spellfile.vim
722.175  000.333  000.262: sourcing nvim_exec2() called at C:\Users\Bernhard\AppData\Local\nvim\init.lua:0
724.141  000.193  000.193: require('lib.memo.lru')
724.357  000.201  000.201: require('lib.memo.memo')
724.366  000.658  000.264: require('lib.memo')
724.409  000.928  000.270: require('lib')
724.413  001.149  000.222: require('system.env')
736.214  000.201  000.201: require('myoptions.set_diff_profile.profiles')
736.224  000.434  000.233: require('myoptions.set_diff_profile.selector')
744.943  011.297  010.862: require('options')
745.244  000.289  000.289: require('myoptions')
746.820  000.398  000.398: require('myoptions.@types.highlight')
746.862  001.006  000.609: require('myoptions.config')
747.390  000.251  000.251: require('myoptions.@types.skip')
747.403  000.533  000.282: require('myoptions.skip')
747.425  002.168  000.629: require('myoptions.Options_Cfg')
747.911  000.359  000.359: require('myoptions.commands')
748.365  000.301  000.301: require('lsp')
748.702  000.325  000.325: require('lsp.core.handlers')
748.910  000.199  000.199: require('lsp.core.filter')
749.664  000.412  000.412: require('vim.lsp.log')
750.509  000.836  000.836: require('vim.lsp.protocol')
751.044  000.519  000.519: require('vim.lsp.util')
751.582  000.234  000.234: require('vim.lsp.sync')
751.600  000.545  000.312: require('vim.lsp._changetracking')
752.101  000.246  000.246: require('vim.lsp._transport')
752.126  000.520  000.273: require('vim.lsp.rpc')
752.249  003.331  000.498: require('vim.lsp')
752.860  000.332  000.332: require('vim.lsp.completion')
752.944  000.689  000.357: require('vim.lsp.handlers')
753.289  000.338  000.338: require('lsp.core.diagnostics')
754.668  001.364  001.364: require('vim.diagnostic')
755.045  000.353  000.353: require('lsp.core.treesitter')
756.307  000.329  000.329: require('lsp.core.capabilities')
758.123  000.009  000.009: sourcing nvim_exec2() called at C:\Users\Bernhard\AppData\Local\nvim\init.lua:0
758.181  000.003  000.003: sourcing nvim_exec2() called at C:\Users\Bernhard\AppData\Local\nvim\init.lua:0
762.457  000.469  000.469: require('cmp_nvim_lsp.source')
762.470  003.685  003.216: require('cmp_nvim_lsp')
762.492  003.952  000.268: sourcing C:/Users/Bernhard/AppData/Local/nvim-data/lazy/cmp-nvim-lsp/after/plugin/cmp_nvim_lsp.lua
762.515  004.215  000.263: sourcing nvim_exec2() called at C:\Users\Bernhard\AppData\Local\nvim\init.lua:0
762.529  005.013  000.786: require('cmp_nvim_lsp')
763.243  000.214  000.214: require('lsp.core.attach')
763.441  000.190  000.190: require('lsp.formatter.init')
764.399  000.193  000.193: sourcing C:/Users/Bernhard/AppData/Local/nvim-data/lazy/conform.nvim/plugin/conform.lua
764.425  000.478  000.285: sourcing nvim_exec2() called at C:\Users\Bernhard\AppData\Local\nvim\init.lua:0
764.440  000.004  000.004: sourcing nvim_exec2() called at C:\Users\Bernhard\AppData\Local\nvim\init.lua:0
764.486  000.003  000.003: sourcing nvim_exec2() called at C:\Users\Bernhard\AppData\Local\nvim\init.lua:0
767.479  002.941  002.941: require('conform')
767.520  004.071  000.645: require('conform')
767.703  000.178  000.178: require('lsp.core.util')
767.900  000.191  000.191: require('lsp.formatter.conform')
783.465  000.253  000.253: require('lsp.usercmds.formatter')
783.752  000.239  000.239: require('lsp.usercmds')
783.987  000.178  000.178: require('lsp.core.registry')
784.189  000.195  000.195: require('lsp.languages')
784.383  000.186  000.186: require('lsp.languages.markdown')
784.609  000.187  000.187: require('lsp.languages.shell')
800.692  000.245  000.245: require('lsp.servers.bashls')
815.851  000.309  000.309: require('lsp.servers.lua_ls.ignore')
816.373  000.278  000.278: require('lib.fs.is_subpath')
816.382  000.518  000.241: require('lsp.servers.lua_ls.rootresolver')
816.388  001.127  000.300: require('lsp.servers.lua_ls')
817.035  000.248  000.248: require('lsp.servers.lua_ls.reload')
817.421  000.317  000.317: require('lsp.servers.ts_ls')
817.725  000.254  000.254: require('lsp.servers.gopls')
818.389  000.385  000.385: require('lsp.servers.marksman.config')
818.633  000.230  000.230: require('lsp.servers.marksman.diagnostics_handler')
819.137  000.251  000.251: require('lib.cross.fs._cwd')
819.163  000.523  000.272: require('lsp.servers.marksman.rootresolver')
819.170  001.387  000.250: require('lsp.servers.marksman')
819.515  000.319  000.319: require('lsp.servers.marksman.code_action_handler')
820.006  000.327  000.327: require('lsp.servers.html')
821.085  000.268  000.268: require('lsp.lspdoctor.@types')
821.559  000.338  000.338: require('lsp.lspdoctor.health')
821.832  000.266  000.266: require('lsp.lspdoctor.debug')
822.092  000.239  000.239: require('lsp.lspdoctor.inspect')
822.116  001.634  000.523: require('lsp.lspdoctor')
822.535  000.175  000.175: require('lsp.tools.eslint_prettier.core.find_root')
822.730  000.188  000.188: require('lsp.tools.eslint_prettier.core.check_config')
823.325  000.342  000.342: require('lsp.tools.eslint_prettier.eslint')
823.338  000.600  000.258: require('lsp.tools.eslint_prettier.eslint.fix')
823.849  000.262  000.262: require('lsp.tools.eslint_prettier.prettier')
823.861  000.518  000.255: require('lsp.tools.eslint_prettier.prettier.format')
824.089  000.223  000.223: require('lsp.tools.eslint_prettier.autocmds')
824.303  000.207  000.207: require('lsp.tools.eslint_prettier.usercmds')
824.311  002.172  000.262: require('lsp.tools.eslint_prettier')
825.034  000.211  000.211: require('lsp.tools.lsp_signature.open_floating_preview')
825.414  000.175  000.175: require('lsp.tools.lsp_signature.split_lines')
825.423  000.378  000.203: require('lsp.tools.lsp_signature.format_signature_help')
825.600  000.173  000.173: require('lsp.tools.lsp_signature.state')
826.019  000.221  000.221: require('lsp.tools.lsp_signature.utils.helper')
826.030  000.423  000.202: require('lsp.tools.lsp_signature.highlights.parameters')
826.409  000.174  000.174: require('lsp.tools.lsp_signature.format_hover')
826.432  000.398  000.223: require('lsp.tools.lsp_signature.show_hover')
826.652  000.217  000.217: require('lsp.tools.lsp_signature.fallback_providers')
826.682  000.015  000.015: sourcing nvim_exec2() called at C:\Users\Bernhard\AppData\Local\nvim\init.lua:0
826.708  000.004  000.004: sourcing nvim_exec2() called at C:\Users\Bernhard\AppData\Local\nvim\init.lua:0
826.717  000.003  000.003: sourcing nvim_exec2() called at C:\Users\Bernhard\AppData\Local\nvim\init.lua:0
826.725  000.004  000.004: sourcing nvim_exec2() called at C:\Users\Bernhard\AppData\Local\nvim\init.lua:0
826.734  000.004  000.004: sourcing nvim_exec2() called at C:\Users\Bernhard\AppData\Local\nvim\init.lua:0
826.738  002.109  000.280: require('lsp.tools.lsp_signature.request_and_show')
826.742  002.362  000.254: require('lsp.tools.lsp_signature')
826.993  000.226  000.226: require('lsp.tools.ts_type_lookup')
827.185  000.186  000.186: require('lsp.tools.ts_type_lookup.cmds')
835.527  000.206  000.206: require('nvim-treesitter.utils')
836.923  001.385  001.385: require('nvim-treesitter.parsers')
837.875  000.197  000.197: require('nvim-treesitter.compat')
838.283  000.222  000.222: require('nvim-treesitter.ts_utils')
838.296  000.410  000.188: require('nvim-treesitter.tsrange')
838.592  000.252  000.252: require('nvim-treesitter.caching')
838.617  001.149  000.290: require('nvim-treesitter.query')
838.645  001.409  000.261: require('nvim-treesitter.configs')
838.656  001.720  000.310: require('nvim-treesitter.info')
839.069  000.407  000.407: require('nvim-treesitter.shell_command_selectors')
839.132  004.066  000.349: require('nvim-treesitter.install')
839.528  000.384  000.384: require('nvim-treesitter.statusline')
839.753  000.216  000.216: require('nvim-treesitter.query_predicates')
839.761  007.946  003.280: require('nvim-treesitter')
840.556  008.944  000.998: sourcing C:/Users/Bernhard/AppData/Local/nvim-data/lazy/nvim-treesitter/plugin/nvim-treesitter.lua
840.601  009.227  000.284: sourcing nvim_exec2() called at C:\Users\Bernhard\AppData\Local\nvim\init.lua:0
840.620  000.004  000.004: sourcing nvim_exec2() called at C:\Users\Bernhard\AppData\Local\nvim\init.lua:0
840.707  000.004  000.004: sourcing nvim_exec2() called at C:\Users\Bernhard\AppData\Local\nvim\init.lua:0
841.383  000.578  000.578: require('nvchad.configs.treesitter')
841.594  000.200  000.200: require('config.treesitter.parser')
886.678  000.252  000.252: require('nvim-treesitter.highlight')
886.910  000.196  000.196: require('nvim-treesitter.indent')
890.033  000.008  000.008: sourcing nvim_exec2() called at C:\Users\Bernhard\AppData\Local\nvim\init.lua:0
890.073  000.003  000.003: sourcing nvim_exec2() called at C:\Users\Bernhard\AppData\Local\nvim\init.lua:0
890.145  000.003  000.003: sourcing nvim_exec2() called at C:\Users\Bernhard\AppData\Local\nvim\init.lua:0
890.181  000.003  000.003: sourcing nvim_exec2() called at C:\Users\Bernhard\AppData\Local\nvim\init.lua:0
893.083  000.005  000.005: sourcing nvim_exec2() called at C:\Users\Bernhard\AppData\Local\nvim\init.lua:0
893.122  000.003  000.003: sourcing nvim_exec2() called at C:\Users\Bernhard\AppData\Local\nvim\init.lua:0
893.822  000.347  000.347: sourcing C:/Users/Bernhard/AppData/Local/nvim-data/lazy/telescope.nvim/plugin/telescope.lua
893.846  000.604  000.257: sourcing nvim_exec2() called at C:\Users\Bernhard\AppData\Local\nvim\init.lua:0
893.858  000.004  000.004: sourcing nvim_exec2() called at C:\Users\Bernhard\AppData\Local\nvim\init.lua:0
893.902  000.003  000.003: sourcing nvim_exec2() called at C:\Users\Bernhard\AppData\Local\nvim\init.lua:0
895.308  000.278  000.278: require('plenary.strings')
896.260  000.398  000.398: require('plenary.log')
896.293  000.686  000.289: require('telescope.log')
896.868  000.265  000.265: require('telescope.state')
896.951  000.652  000.387: require('telescope.utils')
896.965  001.642  000.304: require('telescope.sorters')
898.796  004.120  002.200: require('telescope.config')
899.382  000.212  000.212: require('plenary.window.border')
899.594  000.204  000.204: require('plenary.window')
899.780  000.179  000.179: require('plenary.popup.utils')
899.787  000.982  000.386: require('plenary.popup')
899.989  000.198  000.198: require('telescope.pickers.scroller')
900.171  000.176  000.176: require('telescope.actions.state')
900.365  000.188  000.188: require('telescope.actions.utils')
900.944  000.283  000.283: require('telescope.actions.mt')
900.986  000.613  000.330: require('telescope.actions.set')
901.483  000.221  000.221: require('telescope.config.resolve')
901.493  000.502  000.281: require('telescope.pickers.entry_display')
901.678  000.180  000.180: require('telescope.from_entry')
901.867  007.574  000.615: require('telescope.actions')
901.874  007.894  000.320: require('nvchad.configs.telescope')
902.361  000.223  000.223: require('config.telescope.history')
906.421  000.297  000.297: require('telescope.actions.history')
907.038  000.309  000.309: require('telescope._extensions')
907.046  000.616  000.307: require('telescope')
907.052  004.509  003.595: require('telescope._extensions.smart_history')
907.057  004.690  000.181: require('config.telescope.history.keymaps')
907.237  000.176  000.176: require('config.telescope.file_browser.keymaps')
907.419  000.177  000.177: require('config.telescope.ui.hl_selection')
907.632  000.207  000.207: require('config.telescope.open_background')
908.038  000.205  000.205: require('config.telescope.actions.create_file')
908.238  000.194  000.194: require('config.telescope.actions.open_badd')
908.244  000.606  000.208: require('config.telescope.actions')
908.254  006.375  000.296: require('config.telescope')
908.783  000.160  000.160: require('sqlite.utils')
908.793  000.370  000.210: require('sqlite.database')
908.796  000.537  000.167: require('sqlite')
909.625  000.226  000.226: require('config.telescope.keymaps')
912.683  000.512  000.512: require('telescope.debounce')
913.130  000.434  000.434: require('telescope.mappings')
913.498  000.358  000.358: require('telescope.pickers.highlights')
913.824  000.318  000.318: require('telescope.pickers.window')
914.137  000.306  000.306: require('telescope.pickers.layout')
915.179  000.737  000.737: require('telescope.algos.linked_list')
915.219  001.076  000.339: require('telescope.entry_manager')
915.881  000.616  000.616: require('telescope.pickers.multi')
915.917  004.457  000.838: require('telescope.pickers')
916.908  000.584  000.584: require('telescope.make_entry')
917.295  000.376  000.376: require('telescope.finders.async_static_finder')
918.213  000.289  000.289: require('plenary.class')
918.274  000.664  000.376: require('telescope._')
918.280  000.977  000.313: require('telescope.finders.async_oneshot_finder')
918.663  000.379  000.379: require('telescope.finders.async_job_finder')
918.681  002.756  000.441: require('telescope.finders')
919.451  000.408  000.408: require('telescope.previewers.previewer')
920.399  000.553  000.553: require('telescope.previewers.utils')
934.275  014.813  014.260: require('telescope.previewers.term_previewer')
948.881  014.595  014.595: require('telescope.previewers.buffer_previewer')
948.896  030.211  000.395: require('telescope.previewers')
948.909  037.979  000.555: require('telescope._extensions.themes')
949.423  000.507  000.507: require('telescope._extensions.terms')
950.553  123.076  058.461: require('telescope')
950.566  123.332  000.256: require('lsp.tools.ts_type_lookup.ts_telescope_picker')
951.044  000.455  000.455: require('lsp.tools.ts_type_lookup.noice_integration')
951.567  000.209  000.209: require('lsp.tools.deprecated_help.lsp_common')
951.976  000.195  000.195: require('lsp.tools.deprecated_help.helper')
952.184  000.202  000.202: require('lsp.tools.deprecated_help.lsp.lua_ls.catch')
952.410  000.219  000.219: require('lsp.tools.deprecated_help.lsp.lua_ls.diagnostic')
952.623  000.203  000.203: require('lsp.tools.deprecated_help.defaults')
952.632  001.056  000.237: require('lsp.tools.deprecated_help.lsp.lua_ls.lua_ls')
952.852  000.215  000.215: require('lsp.tools.deprecated_help.lsp.lua_ls.publish_diagnostics')
952.862  001.807  000.327: require('lsp.tools.deprecated_help')
953.540  000.200  000.200: require('lsp.diagnostics.util')
953.738  000.190  000.190: require('lsp.diagnostics.loclist')
953.948  000.204  000.204: require('lsp.diagnostics.quickfix')
953.955  000.822  000.228: require('lsp.diagnostics.commands')
954.147  000.189  000.189: require('lsp.diagnostics.keymaps')
954.154  001.285  000.275: require('lsp.diagnostics')
954.660  000.220  000.220: require('autocmds.auto-center-fexplorer')
955.197  000.207  000.207: require('autocmds.general.helpers')
955.426  000.221  000.221: require('autocmds.general.gofile_cases')
955.674  000.241  000.241: require('autocmds.general.gofile_logger')
955.929  000.247  000.247: require('autocmds.general.defaults')
955.939  001.214  000.298: require('autocmds.general')
956.357  000.285  000.285: require('autocmds.git')
956.592  000.211  000.211: require('autocmds.git.conflicts_qf')
956.809  000.196  000.196: require('autocmds.git.commit_ft')
957.010  000.184  000.184: require('autocmds.git.conflict_marks')
957.211  000.182  000.182: require('autocmds.git.gitsigns_refresh')
957.414  000.184  000.184: require('autocmds.git.blame_on_hold')
958.447  001.026  001.026: require('autocmds.git.line_diff_on_hold')
958.727  000.246  000.246: require('autocmds.terminals')
959.094  000.260  000.260: require('autocmds.text')
959.145  004.927  000.716: require('autocmds')
959.605  000.221  000.221: require('custom.commands_keymaps')
959.913  000.301  000.301: require('custom.commands_keymaps.delete_current_file')
960.204  000.284  000.284: require('custom.insert')
960.433  000.218  000.218: require('custom.insert.filepath.core')
960.677  000.207  000.207: require('custom.insert.annotation.core')
960.882  000.190  000.190: require('custom.insert.timestamp.core')
961.078  000.189  000.189: require('custom.insert.uuid.core')
961.356  000.271  000.271: require('custom.insert.boilerplate.core')
961.719  000.337  000.337: require('custom.format')
962.003  000.263  000.263: require('custom.format.column_align.core')
962.304  000.290  000.290: require('custom.format.table')
962.595  000.281  000.281: require('custom.format.text_width')
962.834  000.230  000.230: require('custom.format.filter_lines')
963.222  000.380  000.380: require('custom.format.additional_features')
963.506  000.256  000.256: require('custom.format.markdown')
963.801  000.284  000.284: require('custom.format.markdown.headlines.separators')
964.448  000.278  000.278: require('custom.lua_project_file_stats.utils')
964.721  000.263  000.263: require('custom.lua_project_file_stats.prints')
964.983  000.255  000.255: require('custom.lua_project_file_stats.misc_files')
964.998  001.174  000.378: require('custom.lua_project_file_stats')
965.255  000.252  000.252: require('custom.lua_project_file_stats.usercommands')
965.618  000.319  000.319: require('custom.function_index')
965.900  000.226  000.226: require('custom.function_index.user_actions')
966.102  000.195  000.195: require('custom.function_index.user_actions.usercommands')
966.582  000.202  000.202: require('custom.recommender.rendering')
966.815  000.226  000.226: require('custom.recommender.keymaps')
967.009  000.188  000.188: require('custom.recommender.custom_aliases')
967.193  000.177  000.177: require('custom.recommender.blacklist')
967.406  000.207  000.207: require('custom.recommender.regex')
967.603  000.191  000.191: require('custom.recommender.treesitter')
967.611  001.475  000.283: require('custom.recommender')
968.035  000.243  000.243: require('custom.filecycle')
968.434  000.192  000.192: require('custom.filecycle.@types')
968.673  000.231  000.231: require('custom.filecycle.core')
968.682  000.638  000.215: require('custom.filecycle.keymaps')
968.937  000.204  000.204: require('custom.filecycle.usercommands')
969.409  000.188  000.188: require('custom.find_config.config.defaults')
969.420  000.449  000.261: require('custom.find_config')
969.853  000.180  000.180: require('custom.find_config.core')
969.862  000.421  000.241: require('custom.find_config.engines.telescope')
970.300  000.194  000.194: require('custom.markdown.config')
970.494  000.187  000.187: require('custom.markdown.core.fold')
970.712  000.213  000.213: require('custom.markdown.core.headings')
970.907  000.189  000.189: require('custom.markdown.core.wrap')
971.106  000.193  000.193: require('custom.markdown.setup.autocmds')
971.319  000.207  000.207: require('custom.markdown.tableview')
971.763  000.217  000.217: require('custom.markdown.tableview.parser')
971.775  000.450  000.233: require('custom.markdown.tableview.live')
972.050  000.270  000.270: require('custom.markdown.fenced_fix')
972.123  002.233  000.330: require('custom.markdown')
972.364  000.219  000.219: require('custom.markdown.tableview.autocmds')
972.717  000.319  000.319: require('custom.pathprobe')
974.413  000.285  000.285: require('custom.repo_pickers.@types.aliases')
974.430  000.583  000.298: require('custom.repo_pickers.@types.types')
974.471  001.023  000.440: require('custom.repo_pickers.config')
975.680  000.434  000.434: require('custom.repo_pickers.fs')
976.003  000.314  000.314: require('custom.repo_pickers.dispatch')
976.011  001.204  000.457: require('custom.repo_pickers.actions')
976.656  000.337  000.337: require('custom.repo_pickers.select.vim_select')
976.962  000.299  000.299: require('custom.repo_pickers.select.telescope')
977.298  000.329  000.329: require('custom.repo_pickers.select.fzf')
977.314  001.300  000.335: require('custom.repo_pickers.select.router')
977.319  002.843  000.338: require('custom.repo_pickers.register')
977.333  004.563  000.698: require('custom.repo_pickers')
979.501  000.289  000.289: require('custom.pathfinder.notifier')
979.514  000.720  000.431: require('custom.pathfinder.util')
979.528  001.206  000.486: require('custom.pathfinder.finder')
981.084  000.309  000.309: require('custom.pathfinder.extractor.terminators')
981.097  000.759  000.450: require('custom.pathfinder.extractor.helpers')
981.390  000.289  000.289: require('custom.pathfinder.extractor.common_extensions')
981.433  001.510  000.463: require('custom.pathfinder.extractor.find')
981.449  001.917  000.406: require('custom.pathfinder.extractor')
981.454  003.563  000.441: require('custom.pathfinder.commands')
981.459  003.955  000.392: require('custom.pathfinder')
981.964  000.421  000.421: require('custom.line_marker')
982.009  022.859  001.348: require('custom')
983.355  000.375  000.375: require('custom.mynotes.core')
983.367  000.685  000.310: require('custom.mynotes.register')
983.465  001.090  000.405: require('custom.mynotes.specs.checklists')
983.806  000.335  000.335: require('custom.mynotes.specs.notes')
984.011  000.199  000.199: require('custom.mynotes.specs.notes_lua')
984.218  000.201  000.201: require('custom.mynotes.specs.notes_nvim')
984.423  000.199  000.199: require('custom.mynotes.specs.wkdbook')
984.624  000.195  000.195: require('custom.mynotes.specs.wkdbook_lua')
984.831  000.195  000.195: require('custom.mynotes.specs.wkdbook_nvim')
984.837  002.824  000.411: require('custom.mynotes')
985.167  000.162  000.162: require('sessions.autocmds')
985.364  000.191  000.191: require('sessions.usercmds')
985.530  000.160  000.160: require('sessions.keymaps')
985.537  000.697  000.183: require('sessions')
985.985  000.214  000.214: require('usrcmds.copy')
986.356  000.166  000.166: require('usrcmds.gather.@types')
986.363  000.362  000.196: require('usrcmds.gather')
986.590  000.213  000.213: require('usrcmds.compress_dir')
986.782  000.183  000.183: require('usrcmds.diff')
986.984  000.195  000.195: require('usrcmds.diff.diff_origin')
987.194  000.196  000.196: require('usrcmds.fileinfo')
987.433  000.222  000.222: require('usrcmds.project_tree')
987.665  000.203  000.203: require('usrcmds.newfile')
987.899  000.206  000.206: require('usrcmds.migrate')
988.460  000.182  000.182: require('usrcmds.migrate.common.@types')
988.471  000.362  000.180: require('usrcmds.migrate.common.command')
988.660  000.185  000.185: require('usrcmds.migrate.common.picker')
988.833  000.168  000.168: require('usrcmds.migrate.common.buffer')
988.841  000.935  000.221: require('usrcmds.migrate.opt')
989.455  000.192  000.192: require('usrcmds.migrate.notify.parser.aliases')
989.657  000.195  000.195: require('usrcmds.migrate.notify.parser.patterns')
989.828  000.165  000.165: require('usrcmds.migrate.notify.parser.extractor')
990.003  000.169  000.169: require('usrcmds.migrate.notify.parser.migrator')
990.009  000.941  000.221: require('usrcmds.migrate.notify.parser')
990.378  000.169  000.169: require('usrcmds.migrate.notify.refactor.import')
990.552  000.168  000.168: require('usrcmds.migrate.notify.refactor.cleanup')
990.721  000.163  000.163: require('usrcmds.migrate.notify.refactor.apply')
990.727  000.715  000.216: require('usrcmds.migrate.notify.refactor')
990.735  001.880  000.224: require('usrcmds.migrate.notify')
990.957  000.197  000.197: require('usrcmds.reload')
991.188  000.215  000.215: require('usrcmds.search_all_drives')
991.403  000.195  000.195: require('usrcmds.system_find')
991.621  000.205  000.205: require('usrcmds.update_repos')
991.884  000.242  000.242: require('usrcmds.uv_doc')
991.922  006.319  000.455: require('usrcmds')
992.117  000.189  000.189: require('wkddap')
992.320  000.190  000.190: require('wkddap.core')
992.498  000.171  000.171: require('wkddap.core.setup')
997.148  000.010  000.010: sourcing nvim_exec2() called at C:\Users\Bernhard\AppData\Local\nvim\init.lua:0
997.198  000.003  000.003: sourcing nvim_exec2() called at C:\Users\Bernhard\AppData\Local\nvim\init.lua:0
997.851  000.263  000.263: sourcing C:/Users/Bernhard/AppData/Local/nvim-data/lazy/nvim-dap/plugin/dap.lua
997.874  000.545  000.282: sourcing nvim_exec2() called at C:\Users\Bernhard\AppData\Local\nvim\init.lua:0
997.885  000.003  000.003: sourcing nvim_exec2() called at C:\Users\Bernhard\AppData\Local\nvim\init.lua:0
997.928  000.003  000.003: sourcing nvim_exec2() called at C:\Users\Bernhard\AppData\Local\nvim\init.lua:0
1001.730  000.207  000.207: require('dap.utils')
1001.843  003.823  003.616: require('dap')
1002.146  000.272  000.272: require('osv')
1002.934  010.397  005.739: require('dap')
1003.182  000.236  000.236: require('wkddap.core.capabilities')
1006.904  000.007  000.007: sourcing nvim_exec2() called at C:\Users\Bernhard\AppData\Local\nvim\init.lua:0
1006.946  000.003  000.003: sourcing nvim_exec2() called at C:\Users\Bernhard\AppData\Local\nvim\init.lua:0
1007.022  000.003  000.003: sourcing nvim_exec2() called at C:\Users\Bernhard\AppData\Local\nvim\init.lua:0
1007.058  000.002  000.002: sourcing nvim_exec2() called at C:\Users\Bernhard\AppData\Local\nvim\init.lua:0
1011.221  000.339  000.339: require('nio.tasks')
1011.456  000.219  000.219: require('nio.control')
1011.827  000.351  000.351: require('nio.uv')
1012.047  000.212  000.212: require('nio.tests')
1012.434  000.201  000.201: require('vim.ui')
1012.487  000.433  000.232: require('nio.ui')
1012.917  000.175  000.175: require('nio.streams')
1012.925  000.356  000.181: require('nio.file')
1014.020  000.627  000.627: require('nio.util')
1015.072  001.902  001.275: require('nio.logger')
1015.157  002.229  000.327: require('nio.lsp')
1015.394  000.232  000.232: require('nio.process')
1015.411  004.717  000.346: require('nio')
1016.415  000.026  000.026: sourcing nvim_exec2() called at C:\Users\Bernhard\AppData\Local\nvim\init.lua:0
1016.426  000.222  000.196: require('dapui.config.highlights')
1016.605  000.107  000.107: sourcing nvim_exec2() called at C:\Users\Bernhard\AppData\Local\nvim\init.lua:0
1016.666  000.740  000.411: require('dapui.config')
1016.675  000.985  000.245: require('dapui.util')
1016.893  000.214  000.214: require('dapui.windows.layout')
1016.901  001.485  000.286: require('dapui.windows')
1017.127  000.221  000.221: require('dapui.controls')
1017.136  010.040  003.616: require('dapui')
1017.322  000.031  000.031: sourcing nvim_exec2() called at C:\Users\Bernhard\AppData\Local\nvim\init.lua:0
1017.829  000.204  000.204: require('dapui.client.types')
1017.838  000.453  000.249: require('dapui.client')
1018.033  000.191  000.191: require('dap.breakpoints')
1018.222  000.176  000.176: require('dapui.client.lib')
1018.632  000.192  000.192: require('dapui.render.canvas')
1018.638  000.404  000.212: require('dapui.elements.breakpoints')
1018.833  000.178  000.178: require('dapui.components.breakpoints')
1019.034  000.180  000.180: require('dapui.elements.repl')
1019.219  000.177  000.177: require('dapui.elements.scopes')
1019.409  000.172  000.172: require('dapui.components.scopes')
1019.601  000.186  000.186: require('dapui.components.variables')
1019.793  000.175  000.175: require('dapui.elements.stacks')
1020.157  000.168  000.168: require('dapui.components.frames')
1020.163  000.354  000.185: require('dapui.components.threads')
1020.377  000.197  000.197: require('dapui.elements.watches')
1020.579  000.185  000.185: require('dapui.components.watches')
1020.761  000.167  000.167: require('dapui.elements.hover')
1020.944  000.168  000.168: require('dapui.components.hover')
1021.130  000.177  000.177: require('dapui.elements.console')
1021.237  018.049  004.423: require('dapui')
1021.691  000.006  000.006: sourcing nvim_exec2() called at C:\Users\Bernhard\AppData\Local\nvim\init.lua:0
1021.731  000.003  000.003: sourcing nvim_exec2() called at C:\Users\Bernhard\AppData\Local\nvim\init.lua:0
1026.439  004.570  004.570: require('nvim-dap-virtual-text')
1026.580  000.023  000.023: sourcing nvim_exec2() called at C:\Users\Bernhard\AppData\Local\nvim\init.lua:0
1026.633  000.035  000.035: sourcing nvim_exec2() called at C:\Users\Bernhard\AppData\Local\nvim\init.lua:0
1026.654  005.411  000.774: require('nvim-dap-virtual-text')
1026.944  000.282  000.282: require('wkddap.core.state')
1027.249  000.292  000.292: require('wkddap.adapters')
1027.804  000.268  000.268: require('wkddap.config')
1028.398  000.582  000.582: require('wkddap.utils.notify')
1028.421  001.163  000.313: require('wkddap.registry')
1028.688  000.254  000.254: require('wkddap.adapters.lua')
1029.326  000.234  000.234: require('wkddap.adapters.go')
1030.244  000.227  000.227: require('wkddap.adapters.python')
1031.182  000.232  000.232: require('wkddap.adapters.javascript')
1031.758  000.217  000.217: require('wkddap.configurations')
1031.942  000.175  000.175: require('wkddap.configurations.lua')
1032.137  000.187  000.187: require('wkddap.configurations.go')
1032.309  000.165  000.165: require('wkddap.configurations.python')
1032.500  000.183  000.183: require('wkddap.configurations.javascript')
1032.707  000.199  000.199: require('wkddap.utils.validation')
1032.995  000.278  000.278: require('wkddap.ui')
1034.165  000.196  000.196: require('wkddap.ui.highlights')
1034.361  000.170  000.170: require('wkddap.ui.dapui')
1034.508  000.039  000.039: sourcing nvim_exec2() called at C:\Users\Bernhard\AppData\Local\nvim\init.lua:0
1035.409  000.295  000.295: require('editorconfig')
1046.473  003.859  003.859: require('mdlinks.commands')
1046.513  004.092  000.233: sourcing C:/Users/Bernhard/AppData/Local/nvim-data/lazy/mdlinks/plugin/mdlinks.lua
1046.543  004.358  000.266: sourcing nvim_exec2() called at FileType Autocommands for "*":0
1046.874  000.257  000.257: require('mdlinks.config')
1054.169  000.084  000.084: sourcing C:\Users\Bernhard\AppData\Local\nvim-data\lazy\vim-matchup\autoload\matchup\ts_engine.vim
1057.397  000.061  000.061: sourcing C:\Users\Bernhard\AppData\Local\nvim-data\lazy\vim-matchup\autoload\matchup\re.vim
1062.618  000.255  000.255: require('dap.ui')
1062.643  000.636  000.381: require('dap.repl')
1134.348  005.401  005.401: require('gitsigns')
1140.986  000.728  000.728: require('gitsigns.highlight')
1141.442  000.415  000.415: require('gitsigns.debug.log')
1141.791  000.339  000.339: require('gitsigns.config')
1142.805  000.280  000.280: require('gitsigns.async')
1143.344  000.302  000.302: require('gitsigns.util')
1143.356  000.541  000.239: require('gitsigns.hunks')
1143.798  000.208  000.208: require('gitsigns.diff')
1144.041  000.236  000.236: require('gitsigns.signs')
1144.302  000.254  000.254: require('gitsigns.status')
1144.617  000.309  000.309: require('gitsigns.debounce')
1145.007  000.381  000.381: require('gitsigns.cache')
1145.038  001.665  000.277: require('gitsigns.manager')
1145.312  000.270  000.270: require('gitsigns.message')
1145.569  000.247  000.247: require('gitsigns.repeat')
1145.616  003.391  000.389: require('gitsigns.actions')
1147.044  000.255  000.255: require('gitsigns.system')
1147.062  000.519  000.264: require('gitsigns.git.cmd')
1147.315  000.243  000.243: require('gitsigns.git.errors')
1147.527  000.203  000.203: require('gitsigns.git.repo.watcher')
1147.717  000.182  000.182: require('gitsigns.git.version')
1147.736  001.524  000.376: require('gitsigns.git.repo')
1147.744  001.844  000.321: require('gitsigns.git')
1147.755  002.134  000.289: require('gitsigns.attach')
1148.014  000.219  000.219: require('gitsigns.current_line_blame')
1148.110  019.449  006.822: sourcing C:/Users/Bernhard/AppData/Local/nvim-data/lazy/gitsigns.nvim/plugin/gitsigns.lua
1148.139  019.887  000.439: sourcing nvim_exec2() called at BufEnter Autocommands for "*":0
1148.158  000.006  000.006: sourcing nvim_exec2() called at BufEnter Autocommands for "*":0
1148.208  000.004  000.004: sourcing nvim_exec2() called at BufEnter Autocommands for "*":0
1148.705  000.428  000.428: require('nvchad.configs.gitsigns')
1154.260  026.832  006.507: require('gitsigns')
1155.729  000.107  000.107: sourcing C:\Users\Bernhard\AppData\Local\nvim-data\lazy\nvim-treesitter\autoload\nvim_treesitter.vim
1156.050  000.263  000.263: require('nvim-treesitter.fold')
1225.863  000.219  000.219: require('wkddap.commands')
1226.046  000.172  000.172: require('wkddap.commands.autocmds')
1226.238  000.176  000.176: require('wkddap.commands.usercmds')
1226.441  000.184  000.184: require('system.rpc_pipe')
1226.977  000.178  000.178: require('debugging')
1227.418  000.229  000.229: require('debugging.views.@types')
1227.661  000.236  000.236: require('debugging.views.capture')
1228.795  000.516  000.516: require('debugging.views.utils')
1228.815  001.144  000.628: require('debugging.views.display')
1229.182  000.360  000.360: require('debugging.views.keymaps')
1229.498  000.302  000.302: require('debugging.views.autocmds')
1229.510  002.526  000.255: require('debugging.views')
1229.628  1190.075  286.854: sourcing C:\Users\Bernhard\AppData\Local\nvim\init.lua
1229.707  002.949: sourcing vimrc file(s)
1232.224  000.200  000.200: sourcing C:\Program Files\Neovim\share\nvim\runtime\filetype.lua
1234.461  000.123  000.123: sourcing C:\Program Files\Neovim\share\nvim\runtime\syntax\synload.vim
1234.626  001.666  001.542: sourcing C:\Program Files\Neovim\share/nvim/runtime/syntax/syntax.vim
1234.658  003.086: inits 3
1238.560  003.902: reading ShaDa
1239.573  001.013: opening buffers
1240.214  000.641: BufEnter autocommands
1240.221  000.006: editing files in windows
1240.374  000.153: --- NVIM STARTED ---

