--- Startup times for process: Primary (or UI client) ---

times in msec
 clock   self+sourced   self:  sourced script
 clock   elapsed:              other lines

000.007  000.007: --- NVIM STARTING ---
000.072  000.065: event init
000.233  000.161: early init
025.784  025.551: locale set
025.834  000.050: init first window
026.733  000.898: inits 1
026.869  000.136: window checked
026.877  000.009: parsing arguments
028.181  000.438  000.438: require('vim.shared')
028.952  000.199  000.199: require('vim.inspect')
029.268  000.292  000.292: require('vim._options')
029.274  001.083  000.592: require('vim._editor')
029.278  001.642  000.121: require('vim._init_packages')
029.286  000.766: init lua interpreter
038.836  009.550: nvim_ui_attach
039.166  000.330: nvim_set_client_info
039.175  000.009: --- NVIM STARTED ---

--- Startup times for process: Embedded ---

times in msec
 clock   self+sourced   self:  sourced script
 clock   elapsed:              other lines

000.006  000.006: --- NVIM STARTING ---
000.050  000.043: event init
000.165  000.115: early init
020.723  020.558: locale set
020.773  000.050: init first window
021.418  000.645: inits 1
021.482  000.065: window checked
021.494  000.012: parsing arguments
022.936  000.584  000.584: require('vim.shared')
024.164  000.288  000.288: require('vim.inspect')
024.504  000.302  000.302: require('vim._options')
024.512  001.558  000.968: require('vim._editor')
024.517  002.267  000.125: require('vim._init_packages')
024.530  000.769: init lua interpreter
024.887  000.356: expanding arguments
024.924  000.037: inits 2
025.303  000.379: init highlight
025.307  000.004: waiting for UI
025.419  000.112: done waiting for UI
025.425  000.007: clear screen
025.993  000.041  000.041: require('vim.keymap')
026.790  000.159  000.159: sourcing nvim_exec2()
034.524  009.093  008.893: require('vim._defaults')
034.535  000.017: init default mappings & autocommands
036.103  000.092  000.092: sourcing C:\Program Files\Neovim\share\nvim\runtime\ftplugin.vim
036.499  000.060  000.060: sourcing C:\Program Files\Neovim\share\nvim\runtime\indent.vim
037.726  000.330  000.330: require('vim.fs')
038.102  000.366  000.366: require('vim.uri')
038.139  001.017  000.321: require('vim.loader')
040.690  002.323  002.323: require('config.lazy')
041.078  000.375  000.375: require('lazy')
041.119  000.019  000.019: require('ffi')
041.396  000.268  000.268: require('lazy.stats')
042.025  000.311  000.311: require('lazy.core.util')
042.346  000.310  000.310: require('lazy.core.config')
042.874  000.273  000.273: require('lazy.core.handler')
044.412  000.817  000.817: require('lazy.pkg')
044.427  001.239  000.422: require('lazy.core.meta')
044.437  001.552  000.313: require('lazy.core.plugin')
044.447  002.092  000.267: require('lazy.core.loader')
045.233  000.266  000.266: require('lazy.core.fragments')
055.009  000.201  000.201: require('config.fzf.keymaps')
055.216  000.195  000.195: require('config.fzf.fzf_opts')
055.435  000.212  000.212: require('config.fzf.grep')
055.905  000.227  000.227: require('lib.fs.path_shorten')
055.917  000.475  000.249: require('config.fzf.files')
056.243  000.320  000.320: require('config.fzf.actions.wrapped')
056.254  001.699  000.296: require('config.fzf')
059.235  000.259  000.259: require('config.neotree.utils')
059.459  000.213  000.213: require('config.neotree.watcher_quarantine')
059.466  000.746  000.273: require('config.neotree.keymaps')
059.653  000.182  000.182: require('config.neotree.keymaps.buffers')
059.833  000.174  000.174: require('config.neotree.keymaps.document_symbols')
060.472  000.224  000.224: require('lib.notify.@types')
060.715  000.235  000.235: require('lib.notify.safe')
060.722  000.673  000.214: require('lib.notify')
061.000  000.272  000.272: require('config.neotree.utils.node')
062.501  000.316  000.316: require('config.neotree.helper.is_ignored_dir.ignored_dirs')
062.514  000.667  000.352: require('config.neotree.helper.is_ignored_dir')
062.522  001.039  000.372: require('config.neotree.utils.tree')
062.529  001.517  000.478: require('config.neotree.actions.copy.entries')
062.807  000.272  000.272: require('config.neotree.actions.copy.folders')
063.125  000.311  000.311: require('config.neotree.actions.path.to_require')
063.563  000.426  000.426: require('config.neotree.actions.info.node')
064.219  000.265  000.265: require('config.neotree.utils.buffer')
064.228  000.649  000.384: require('config.neotree.actions.save.node_buffer')
064.522  000.289  000.289: require('config.neotree.actions.save.adjacent_buffer')
064.781  000.251  000.251: require('config.neotree.actions.grep_picker')
065.049  000.262  000.262: require('config.neotree.actions.traverse')
065.583  000.251  000.251: require('config.neotree.commands.get_telescope_opts')
065.837  000.245  000.245: require('config.neotree.commands.diff_files')
066.424  000.317  000.317: require('config.neotree.helper.renderer')
066.438  000.594  000.278: require('config.neotree.commands.mark')
066.770  000.326  000.326: require('config.neotree.commands.add')
066.793  001.736  000.320: require('config.neotree.commands')
067.477  000.303  000.303: require('config.neotree.trash.platform')
067.869  000.378  000.378: require('config.neotree.trash.validation.buffer_checker')
068.308  000.431  000.431: require('config.neotree.trash.confirmation')
069.656  000.357  000.357: require('config.neotree.safety.backup')
069.915  000.247  000.247: require('config.neotree.safety.operation_queue')
070.137  000.215  000.215: require('config.neotree.safety.dry_run')
070.358  000.213  000.213: require('config.neotree.safety.validation')
070.575  000.210  000.210: require('config.neotree.safety.recovery')
070.582  001.779  000.536: require('config.neotree.safety')
070.589  002.269  000.491: require('config.neotree.trash.operations')
070.597  003.798  000.416: require('config.neotree.trash')
070.831  000.230  000.230: require('config.neotree.undo')
071.200  000.362  000.362: require('config.neotree.actions.node_replace_buf')
071.220  011.381  000.333: require('config.neotree.keymaps.filesystem')
071.438  000.214  000.214: require('config.neotree.keymaps.git_status')
071.637  000.191  000.191: require('config.neotree.keymaps.tests')
071.829  000.186  000.186: require('config.neotree.keymaps.diagnostics')
075.114  000.291  000.291: require('config.noice')
075.679  000.306  000.306: require('config.todo_comments.keywords')
078.820  000.343  000.343: require('lazy.core.handler.keys')
079.037  000.203  000.203: require('lazy.core.handler.cmd')
079.252  000.207  000.207: require('lazy.core.handler.event')
079.440  000.179  000.179: require('lazy.core.handler.ft')
080.000  000.007  000.007: sourcing nvim_exec2() called at C:\Users\Bernhard\AppData\Local\nvim\init.lua:0
080.052  000.003  000.003: sourcing nvim_exec2() called at C:\Users\Bernhard\AppData\Local\nvim\init.lua:0
080.081  000.002  000.002: sourcing nvim_exec2() called at C:\Users\Bernhard\AppData\Local\nvim\init.lua:0
080.123  000.003  000.003: sourcing nvim_exec2() called at C:\Users\Bernhard\AppData\Local\nvim\init.lua:0
080.543  000.003  000.003: sourcing nvim_exec2() called at C:\Users\Bernhard\AppData\Local\nvim\init.lua:0
080.592  000.003  000.003: sourcing nvim_exec2() called at C:\Users\Bernhard\AppData\Local\nvim\init.lua:0
080.651  000.002  000.002: sourcing nvim_exec2() called at C:\Users\Bernhard\AppData\Local\nvim\init.lua:0
080.697  000.003  000.003: sourcing nvim_exec2() called at C:\Users\Bernhard\AppData\Local\nvim\init.lua:0
080.801  000.003  000.003: sourcing nvim_exec2() called at C:\Users\Bernhard\AppData\Local\nvim\init.lua:0
080.844  000.003  000.003: sourcing nvim_exec2() called at C:\Users\Bernhard\AppData\Local\nvim\init.lua:0
081.182  000.003  000.003: sourcing nvim_exec2() called at C:\Users\Bernhard\AppData\Local\nvim\init.lua:0
081.229  000.003  000.003: sourcing nvim_exec2() called at C:\Users\Bernhard\AppData\Local\nvim\init.lua:0
081.409  000.003  000.003: sourcing nvim_exec2() called at C:\Users\Bernhard\AppData\Local\nvim\init.lua:0
081.518  000.003  000.003: sourcing nvim_exec2() called at C:\Users\Bernhard\AppData\Local\nvim\init.lua:0
082.001  000.005  000.005: sourcing nvim_exec2() called at C:\Users\Bernhard\AppData\Local\nvim\init.lua:0
082.066  000.003  000.003: sourcing nvim_exec2() called at C:\Users\Bernhard\AppData\Local\nvim\init.lua:0
082.115  000.002  000.002: sourcing nvim_exec2() called at C:\Users\Bernhard\AppData\Local\nvim\init.lua:0
082.160  000.003  000.003: sourcing nvim_exec2() called at C:\Users\Bernhard\AppData\Local\nvim\init.lua:0
082.219  000.002  000.002: sourcing nvim_exec2() called at C:\Users\Bernhard\AppData\Local\nvim\init.lua:0
082.264  000.003  000.003: sourcing nvim_exec2() called at C:\Users\Bernhard\AppData\Local\nvim\init.lua:0
082.306  000.002  000.002: sourcing nvim_exec2() called at C:\Users\Bernhard\AppData\Local\nvim\init.lua:0
082.347  000.003  000.003: sourcing nvim_exec2() called at C:\Users\Bernhard\AppData\Local\nvim\init.lua:0
082.493  000.003  000.003: sourcing nvim_exec2() called at C:\Users\Bernhard\AppData\Local\nvim\init.lua:0
082.538  000.003  000.003: sourcing nvim_exec2() called at C:\Users\Bernhard\AppData\Local\nvim\init.lua:0
082.769  000.003  000.003: sourcing nvim_exec2() called at C:\Users\Bernhard\AppData\Local\nvim\init.lua:0
082.818  000.003  000.003: sourcing nvim_exec2() called at C:\Users\Bernhard\AppData\Local\nvim\init.lua:0
082.906  000.003  000.003: sourcing nvim_exec2() called at C:\Users\Bernhard\AppData\Local\nvim\init.lua:0
082.979  000.003  000.003: sourcing nvim_exec2() called at C:\Users\Bernhard\AppData\Local\nvim\init.lua:0
083.975  000.183  000.183: sourcing nvim_exec2() called at C:\Program Files\Neovim\share/nvim/runtime/filetype.lua:0
083.986  000.460  000.277: sourcing C:\Program Files\Neovim\share/nvim/runtime/filetype.lua
084.007  000.761  000.301: sourcing nvim_exec2() called at C:\Users\Bernhard\AppData\Local\nvim\init.lua:0
086.034  001.250  001.250: require('snacks')
086.043  001.454  000.204: sourcing C:/Users/Bernhard/AppData/Local/nvim-data/lazy/snacks.nvim/plugin/snacks.lua
086.067  001.705  000.252: sourcing nvim_exec2() called at C:\Users\Bernhard\AppData\Local\nvim\init.lua:0
086.084  000.005  000.005: sourcing nvim_exec2() called at C:\Users\Bernhard\AppData\Local\nvim\init.lua:0
086.133  000.003  000.003: sourcing nvim_exec2() called at C:\Users\Bernhard\AppData\Local\nvim\init.lua:0
087.732  000.075  000.075: sourcing C:/Users/Bernhard/AppData/Local/nvim-data/lazy/plenary.nvim/plugin/plenary.vim
087.752  000.310  000.235: sourcing nvim_exec2() called at C:\Users\Bernhard\AppData\Local\nvim\init.lua:0
087.765  000.002  000.002: sourcing nvim_exec2() called at C:\Users\Bernhard\AppData\Local\nvim\init.lua:0
087.809  000.003  000.003: sourcing nvim_exec2() called at C:\Users\Bernhard\AppData\Local\nvim\init.lua:0
088.173  000.060  000.060: sourcing C:/Users/Bernhard/AppData/Local/nvim-data/lazy/todo-comments.nvim/plugin/todo.vim
088.191  000.288  000.228: sourcing nvim_exec2() called at C:\Users\Bernhard\AppData\Local\nvim\init.lua:0
088.203  000.002  000.002: sourcing nvim_exec2() called at C:\Users\Bernhard\AppData\Local\nvim\init.lua:0
088.247  000.003  000.003: sourcing nvim_exec2() called at C:\Users\Bernhard\AppData\Local\nvim\init.lua:0
090.558  000.314  000.314: require('todo-comments.util')
090.596  000.640  000.327: require('todo-comments.config')
091.255  000.395  000.395: require('todo-comments.highlight')
091.271  000.669  000.274: require('todo-comments.jump')
091.276  002.845  001.536: require('todo-comments')
092.495  000.052  000.052: require('vim.F')
121.636  029.897  029.844: sourcing C:/Users/Bernhard/AppData/Local/nvim-data/lazy/vim-wakatime/plugin/wakatime.vim
121.667  030.157  000.260: sourcing nvim_exec2() called at C:\Users\Bernhard\AppData\Local\nvim\init.lua:0
121.688  000.003  000.003: sourcing nvim_exec2() called at C:\Users\Bernhard\AppData\Local\nvim\init.lua:0
121.749  000.003  000.003: sourcing nvim_exec2() called at C:\Users\Bernhard\AppData\Local\nvim\init.lua:0
123.971  000.331  000.331: sourcing C:/Users/Bernhard/AppData/Local/nvim-data/lazy/vim-startuptime/plugin/startuptime.vim
123.997  000.608  000.277: sourcing nvim_exec2() called at C:\Users\Bernhard\AppData\Local\nvim\init.lua:0
124.018  000.003  000.003: sourcing nvim_exec2() called at C:\Users\Bernhard\AppData\Local\nvim\init.lua:0
124.089  000.004  000.004: sourcing nvim_exec2() called at C:\Users\Bernhard\AppData\Local\nvim\init.lua:0
125.714  000.008  000.008: sourcing nvim_exec2() called at C:\Users\Bernhard\AppData\Local\nvim\init.lua:0
125.810  000.005  000.005: sourcing nvim_exec2() called at C:\Users\Bernhard\AppData\Local\nvim\init.lua:0
127.809  000.250  000.250: require('cmdlog.config')
127.820  001.994  001.744: require('cmdlog')
129.423  000.291  000.291: require('plenary.bit')
129.657  000.225  000.225: require('plenary.functional')
129.680  001.081  000.566: require('plenary.path')
129.687  001.390  000.309: require('cmdlog.core.favorites')
130.021  000.331  000.331: require('cmdlog.core.history')
130.304  000.277  000.277: require('cmdlog.core.utils')
130.610  000.299  000.299: require('cmdlog.ui.picker_utils')
130.630  002.562  000.266: require('cmdlog.ui.history_picker')
130.927  000.294  000.294: require('cmdlog.ui.history_unique_picker')
131.284  000.350  000.350: require('cmdlog.ui.favorites_picker')
132.097  000.449  000.449: require('cmdlog.core.shell')
132.112  000.822  000.373: require('cmdlog.ui.all_picker')
132.373  000.257  000.257: require('cmdlog.ui.all_unique_picker')
132.597  000.217  000.217: require('cmdlog.ui.shell_picker')
132.807  000.204  000.204: require('cmdlog.ui.shell_unique_picker')
132.814  004.982  000.276: require('cmdlog.ui.picker')
134.294  000.007  000.007: sourcing nvim_exec2() called at C:\Users\Bernhard\AppData\Local\nvim\init.lua:0
134.335  000.003  000.003: sourcing nvim_exec2() called at C:\Users\Bernhard\AppData\Local\nvim\init.lua:0
135.817  000.005  000.005: sourcing nvim_exec2() called at C:\Users\Bernhard\AppData\Local\nvim\init.lua:0
135.892  000.003  000.003: sourcing nvim_exec2() called at C:\Users\Bernhard\AppData\Local\nvim\init.lua:0
138.272  000.211  000.211: sourcing C:/Users/Bernhard/AppData/Local/nvim-data/lazy/neo-tree-tests-source.nvim/plugin/neo-tree-tests-source.lua
138.300  000.748  000.536: sourcing nvim_exec2() called at C:\Users\Bernhard\AppData\Local\nvim\init.lua:0
138.347  000.007  000.007: sourcing nvim_exec2() called at C:\Users\Bernhard\AppData\Local\nvim\init.lua:0
138.403  000.003  000.003: sourcing nvim_exec2() called at C:\Users\Bernhard\AppData\Local\nvim\init.lua:0
140.374  000.010  000.010: sourcing nvim_exec2() called at C:\Users\Bernhard\AppData\Local\nvim\init.lua:0
140.421  000.003  000.003: sourcing nvim_exec2() called at C:\Users\Bernhard\AppData\Local\nvim\init.lua:0
141.443  000.416  000.416: sourcing C:/Users/Bernhard/AppData/Local/nvim-data/lazy/neo-tree.nvim/plugin/neo-tree.lua
141.514  000.907  000.491: sourcing nvim_exec2() called at C:\Users\Bernhard\AppData\Local\nvim\init.lua:0
141.545  000.008  000.008: sourcing nvim_exec2() called at C:\Users\Bernhard\AppData\Local\nvim\init.lua:0
141.636  000.005  000.005: sourcing nvim_exec2() called at C:\Users\Bernhard\AppData\Local\nvim\init.lua:0
144.614  000.219  000.219: require('netman.tools.compat')
145.875  000.263  000.263: require('netman.tools.utils.logger')
161.728  000.318  000.318: require('netman.tools.shell')
591.952  447.819  447.019: require('netman.tools.utils')
592.628  000.217  000.217: require('netman.tools.options')
592.841  000.203  000.203: require('netman.tools.cache')
593.082  000.226  000.226: require('netman.tools.utils.provider_validator')
593.353  000.264  000.264: require('netman.tools.parsers.json')
593.606  000.242  000.242: require('netman.tools.configuration')
594.251  000.259  000.259: require('netman.providers')
606.203  011.928  011.928: require('netman.providers.ssh')
612.892  000.122  000.122: sourcing C:/Users/Bernhard/AppData/Local/nvim-data/lazy/nvim-web-devicons/plugin/nvim-web-devicons.vim
612.925  000.471  000.349: sourcing nvim_exec2() called at C:\Users\Bernhard\AppData\Local\nvim\init.lua:0
612.949  000.004  000.004: sourcing nvim_exec2() called at C:\Users\Bernhard\AppData\Local\nvim\init.lua:0
613.012  000.004  000.004: sourcing nvim_exec2() called at C:\Users\Bernhard\AppData\Local\nvim\init.lua:0
620.268  000.012  000.012: sourcing nvim_exec2() called at C:\Users\Bernhard\AppData\Local\nvim\init.lua:0
620.334  000.003  000.003: sourcing nvim_exec2() called at C:\Users\Bernhard\AppData\Local\nvim\init.lua:0
623.700  000.371  000.371: require('wkdnvchad')
624.642  000.452  000.452: require('lib.lazy')
624.990  000.329  000.329: require('custom.functions.buf_win_tabs.move_buffer_to_tab')
625.646  000.350  000.350: require('nvchad.tabufline')
625.667  000.659  000.309: require('wkdnvchad.mappings.tabufline')
626.058  000.379  000.379: require('lib.map')
626.069  002.349  000.530: require('wkdnvchad.mappings')
626.806  000.334  000.334: require('wkdnvchad.usrcmd.themes')
626.819  000.705  000.371: require('wkdnvchad.usrcmd')
627.179  000.257  000.257: require('wkdnvchad.config')
627.415  000.226  000.226: require('wkdnvchad.config.base46')
627.917  000.228  000.228: require('wkdnvchad.ui.statusline.cursor_ctl.renderer')
628.168  000.240  000.240: require('wkdnvchad.ui.statusline.cursor_ctl.progress_calculators')
628.494  000.293  000.293: require('wkdnvchad.ui.statusline.modules.highlighting')
628.805  000.299  000.299: require('wkdnvchad.ui.statusline.modules.lsp')
629.203  000.374  000.374: require('wkdnvchad.ui.statusline.cursor_ctl')
629.218  001.793  000.358: require('wkdnvchad.config.statusline.custom')
629.226  006.394  000.693: require('chadrc')
629.341  006.874  000.480: require('nvconfig')
629.962  000.594  000.594: require('nvchad.stl.utils')
630.284  000.292  000.292: require('nvchad.tabufline.lazyload')
630.300  009.916  002.157: require('nvchad')
630.516  017.184  007.252: require('nvchad.icons.devicons')
631.135  000.307  000.307: require('nvim-web-devicons.filetypes')
632.167  000.737  000.737: require('nvim-web-devicons.default.icons_by_filename')
634.538  002.358  002.358: require('nvim-web-devicons.default.icons_by_file_extension')
634.945  000.393  000.393: require('nvim-web-devicons.default.icons_by_operating_system')
635.185  000.227  000.227: require('nvim-web-devicons.default.icons_by_desktop_environment')
635.436  000.241  000.241: require('nvim-web-devicons.default.icons_by_window_manager')
635.447  004.258  000.303: require('nvim-web-devicons.icons-default')
635.779  005.254  000.689: require('nvim-web-devicons')
640.843  030.139  007.222: require('nvim-web-devicons')
640.885  030.708  000.570: require('netman.providers.docker')
644.933  052.970  008.922: require('netman.api')
645.425  503.773  002.984: require('netman')
652.334  000.583  000.583: require('neo-tree.log')
654.747  002.384  002.384: require('neo-tree.utils._compat')
654.798  003.669  000.702: require('neo-tree.utils')
655.875  000.207  000.207: require('nui.object')
656.919  000.356  000.356: require('vim.version')
658.479  002.341  001.985: require('nui.utils')
658.499  002.610  000.269: require('nui.text')
658.506  003.087  000.270: require('nui.line')
659.138  000.248  000.248: require('nui.tree.util')
659.171  000.661  000.413: require('nui.tree')
659.646  000.221  000.221: require('nui.utils.buf_storage')
659.922  000.253  000.253: require('nui.utils.autocmd')
660.138  000.209  000.209: require('nui.utils.keymap')
660.575  000.213  000.213: require('nui.layout.utils')
660.586  000.442  000.228: require('nui.split.utils')
660.631  001.457  000.332: require('nui.split')
661.357  000.453  000.453: require('nui.popup.border')
661.376  000.740  000.288: require('nui.popup')
661.794  000.414  000.414: require('neo-tree.ui.highlights')
662.486  000.352  000.352: require('neo-tree')
662.511  000.710  000.358: require('neo-tree.ui.popups')
663.592  000.362  000.362: require('neo-tree.collections')
664.017  000.417  000.417: require('neo-tree.health.typecheck')
664.029  001.136  000.357: require('neo-tree.events.queue')
664.034  001.519  000.383: require('neo-tree.events')
664.406  000.368  000.368: require('neo-tree.ui.windows')
664.438  009.635  000.678: require('neo-tree.ui.renderer')
665.975  000.182  000.182: require('plenary.compat')
665.995  000.466  000.284: require('plenary.job')
666.003  000.817  000.351: require('neo-tree.sources.filesystem.lib.filter_external')
666.987  000.313  000.313: require('neo-tree.sources.filesystem.lib.globtopattern')
667.000  000.654  000.341: require('neo-tree.sources.common.file-nesting')
667.006  000.999  000.345: require('neo-tree.sources.common.file-items')
668.278  000.296  000.296: require('neo-tree.git.utils')
668.287  000.636  000.340: require('neo-tree.git.status')
668.632  000.342  000.342: require('neo-tree.git.ignored')
668.640  001.313  000.336: require('neo-tree.git')
668.646  001.636  000.323: require('neo-tree.sources.filesystem.lib.fs_watch')
669.780  000.344  000.344: require('plenary.tbl')
669.796  000.536  000.192: require('plenary.vararg.rotate')
669.803  000.760  000.224: require('plenary.vararg')
670.071  000.262  000.262: require('plenary.errors')
670.085  001.228  000.206: require('plenary.async.async')
671.218  000.300  000.300: require('plenary.async.structs')
671.241  000.636  000.336: require('plenary.async.control')
671.253  000.909  000.273: require('plenary.async.util')
671.262  001.169  000.260: require('plenary.async.tests')
671.268  002.619  000.222: require('plenary.async')
672.312  000.547  000.547: require('neo-tree.sources.filesystem.lib.lua-glob')
672.326  001.051  000.504: require('neo-tree.sources.filesystem.lib.ignored')
672.345  007.524  000.403: require('neo-tree.sources.filesystem.lib.fs_scan')
673.405  000.568  000.568: require('nui.input')
673.422  001.069  000.501: require('neo-tree.ui.inputs')
673.455  009.012  000.419: require('neo-tree.sources.manager')
673.879  000.417  000.417: require('neo-tree.sources.diagnostics.lib.items')
674.231  000.340  000.340: require('neo-tree.sources.diagnostics.highlights')
674.505  000.262  000.262: require('neo-tree.sources.diagnostics.defaults')
674.520  023.772  000.436: require('neo-tree.sources.diagnostics')
674.802  000.275  000.275: require('config.neotree.event_handlers')
675.076  000.256  000.256: require('config.neotree')
675.358  000.273  000.273: require('lib.fs.ignore.list')
675.613  000.235  000.235: require('config.neotree.actions.find_or_grep_menu')
676.605  000.217  000.217: sourcing C:/Users/Bernhard/AppData/Local/nvim-data/lazy/fzf-lua/plugin/fzf-lua.lua
676.628  000.458  000.241: sourcing nvim_exec2() called at C:\Users\Bernhard\AppData\Local\nvim\init.lua:0
676.651  000.004  000.004: sourcing nvim_exec2() called at C:\Users\Bernhard\AppData\Local\nvim\init.lua:0
676.694  000.003  000.003: sourcing nvim_exec2() called at C:\Users\Bernhard\AppData\Local\nvim\init.lua:0
680.081  000.288  000.288: require('vim.func')
680.339  000.199  000.199: require('vim.func._memoize')
680.351  000.969  000.482: require('fzf-lua.utils')
680.861  000.239  000.239: require('fzf-lua.lib.base64')
681.262  000.393  000.393: require('fzf-lua.lib.serpent')
681.275  000.920  000.288: require('fzf-lua.libuv')
681.291  002.281  000.392: require('fzf-lua.path')
682.970  001.323  001.323: require('fzf-lua.actions')
684.210  000.631  000.631: require('fzf-lua.class')
684.331  001.350  000.719: require('fzf-lua.devicons')
685.546  000.489  000.489: require('fzf-lua.previewer')
686.460  002.114  001.625: require('fzf-lua.defaults')
686.479  005.184  000.398: require('fzf-lua.config')
686.897  000.058  000.058: sourcing C:/Users/Bernhard/AppData/Local/nvim-data/lazy/fzf-lua/autoload/fzf_lua.vim
686.918  000.324  000.266: sourcing nvim_exec2() called at C:\Users\Bernhard\AppData\Local\nvim\init.lua:0
687.706  000.396  000.396: require('fzf-lua.win')
688.178  000.195  000.195: require('fzf-lua.fzf')
688.416  000.230  000.230: require('fzf-lua.shell')
688.433  000.718  000.293: require('fzf-lua.core')
688.729  000.284  000.284: require('fzf-lua.make_entry')
688.784  012.082  002.895: require('fzf-lua')
690.294  014.674  002.127: require('fzf-lua')
690.836  000.525  000.525: require('config.neotree.current_hl')
692.053  000.524  000.524: require('neo-tree.sources.common.container')
692.087  001.235  000.711: require('neo-tree.sources.common.components')
692.742  000.263  000.263: require('config.neotree.trash.commands')
693.028  000.248  000.248: require('config.neotree.open.keymaps.reveal_current_file')
693.312  000.256  000.256: require('config.neotree.open.keymaps.only_lhs')
697.995  000.237  000.237: require('neotree-fs-refactor.utils.logger')
698.230  000.224  000.224: require('neotree-fs-refactor.utils.path')
698.479  000.243  000.243: require('neotree-fs-refactor.refactor.require_finder')
698.742  000.248  000.248: require('neotree-fs-refactor.refactor.file_updater')
698.976  000.228  000.228: require('neotree-fs-refactor.utils.notify')
698.999  004.123  002.944: require('neotree-fs-refactor.init')
699.019  004.412  000.288: sourcing B:/repos/neotree-fs-refactor.nvim/plugin/init.lua
699.042  004.918  000.506: sourcing nvim_exec2() called at C:\Users\Bernhard\AppData\Local\nvim\init.lua:0
699.095  000.006  000.006: sourcing nvim_exec2() called at C:\Users\Bernhard\AppData\Local\nvim\init.lua:0
699.183  000.004  000.004: sourcing nvim_exec2() called at C:\Users\Bernhard\AppData\Local\nvim\init.lua:0
699.429  000.236  000.236: require('neotree-fs-refactor')
699.728  000.005  000.005: sourcing nvim_exec2() called at C:\Users\Bernhard\AppData\Local\nvim\init.lua:0
699.767  000.003  000.003: sourcing nvim_exec2() called at C:\Users\Bernhard\AppData\Local\nvim\init.lua:0
702.260  000.007  000.007: sourcing nvim_exec2() called at C:\Users\Bernhard\AppData\Local\nvim\init.lua:0
702.304  000.003  000.003: sourcing nvim_exec2() called at C:\Users\Bernhard\AppData\Local\nvim\init.lua:0
706.531  000.436  000.436: require('git-conflict.colors')
706.994  000.444  000.444: require('git-conflict.utils')
707.667  000.316  000.316: require('vim.health')
707.683  000.667  000.350: require('vim.deprecated.health')
708.003  000.274  000.274: require('vim.hl')
708.031  005.683  003.863: require('git-conflict')
714.572  000.361  000.361: require('vim.iter')
719.964  000.189  000.189: require('translate.util.utf8')
719.979  000.433  000.244: require('translate.util.util')
719.985  000.686  000.253: require('translate.preset.parse_before.natural')
720.174  000.184  000.184: require('translate.preset.parse_before.trim')
720.409  000.228  000.228: require('translate.preset.parse_before.concat')
720.632  000.217  000.217: require('translate.preset.parse_before.no_handle')
720.880  000.242  000.242: require('translate.preset.command.translate_shell')
721.271  000.181  000.181: require('translate.preset.command.deepl')
721.279  000.392  000.211: require('translate.preset.command.deepl_free')
721.517  000.234  000.234: require('translate.preset.command.deepl_pro')
721.764  000.240  000.240: require('translate.preset.command.google')
721.995  000.225  000.225: require('translate.preset.parse_after.oneline')
722.229  000.228  000.228: require('translate.preset.parse_after.head')
722.429  000.195  000.195: require('translate.preset.parse_after.rate')
722.658  000.223  000.223: require('translate.preset.parse_after.window')
722.969  000.305  000.305: require('translate.preset.parse_after.no_handle')
723.304  000.320  000.320: require('translate.preset.parse_after.translate_shell')
723.795  000.248  000.248: require('translate.preset.parse_after.deepl')
723.803  000.491  000.244: require('translate.preset.parse_after.deepl_free')
724.076  000.268  000.268: require('translate.preset.parse_after.deepl_pro')
724.311  000.226  000.226: require('translate.preset.parse_after.google')
724.543  000.225  000.225: require('translate.preset.output.floating')
724.770  000.220  000.220: require('translate.preset.output.split')
724.970  000.193  000.193: require('translate.preset.output.insert')
725.175  000.198  000.198: require('translate.preset.output.replace')
725.352  000.171  000.171: require('translate.preset.output.register')
725.364  006.350  000.438: require('translate.config')
725.542  000.173  000.173: require('translate.util.replace')
726.293  000.183  000.183: require('translate.kit.Lua.TreeSitter')
726.302  000.366  000.183: require('translate.util.context')
726.308  000.590  000.224: require('translate.util.comment')
726.312  000.764  000.174: require('translate.util.select')
726.485  000.170  000.170: require('translate.command')
726.493  010.693  003.236: require('translate')
726.516  010.968  000.275: sourcing C:/Users/Bernhard/AppData/Local/nvim-data/lazy/translate.nvim/plugin/translate.lua
726.547  011.318  000.349: sourcing nvim_exec2() called at C:\Users\Bernhard\AppData\Local\nvim\init.lua:0
726.566  000.006  000.006: sourcing nvim_exec2() called at C:\Users\Bernhard\AppData\Local\nvim\init.lua:0
726.615  000.003  000.003: sourcing nvim_exec2() called at C:\Users\Bernhard\AppData\Local\nvim\init.lua:0
727.328  000.161  000.161: require('config.translate.filter')
727.335  000.331  000.170: require('config.translate.replace')
727.339  000.513  000.183: require('config.translate.usercommands')
727.375  000.751  000.238: require('config.translate')
727.531  000.005  000.005: sourcing nvim_exec2() called at C:\Users\Bernhard\AppData\Local\nvim\init.lua:0
727.586  000.003  000.003: sourcing nvim_exec2() called at C:\Users\Bernhard\AppData\Local\nvim\init.lua:0
730.284  002.690  002.690: require('trouble.config')
731.280  000.755  000.755: require('trouble.util')
731.292  000.980  000.226: require('trouble.config.highlights')
733.213  000.401  000.401: require('trouble.cache')
733.596  000.365  000.365: require('trouble.format')
733.921  000.301  000.301: require('trouble.view.indent')
734.286  000.354  000.354: require('trouble.view.text')
734.299  001.945  000.523: require('trouble.view.render')
734.308  002.443  000.499: require('trouble.view.preview')
734.315  002.858  000.414: require('trouble.view.main')
740.073  000.391  000.391: sourcing C:\Program Files\Neovim\share\nvim\runtime\plugin\matchparen.vim
741.437  000.713  000.713: sourcing C:\Users\Bernhard\AppData\Local\nvim-data\lazy\vim-matchup\autoload\matchup.vim
742.274  000.217  000.217: sourcing C:\Users\Bernhard\AppData\Local\nvim-data\lazy\vim-matchup\autoload\matchup\perf.vim
745.149  000.253  000.253: require('vim.treesitter.language')
745.319  000.747  000.494: require('vim.treesitter.query')
745.589  000.260  000.260: require('vim.treesitter._range')
745.618  001.381  000.374: require('vim.treesitter.languagetree')
745.630  001.727  000.345: require('vim.treesitter')
745.902  000.265  000.265: require('treesitter-matchup.third-party.ts-utils')
746.173  000.261  000.261: require('treesitter-matchup.third-party.lru')
746.422  000.239  000.239: require('treesitter-matchup.util')
746.444  003.053  000.561: require('treesitter-matchup.internal')
747.035  003.774  000.721: sourcing C:\Users\Bernhard\AppData\Local\nvim-data\lazy\vim-matchup\autoload\matchup\loader.vim
748.363  000.682  000.682: sourcing C:\Users\Bernhard\AppData\Local\nvim-data\lazy\vim-matchup\autoload\matchup\matchparen.vim
749.009  000.135  000.135: sourcing C:\Users\Bernhard\AppData\Local\nvim-data\lazy\vim-matchup\autoload\matchup\pos.vim
749.853  014.797  008.885: sourcing C:/Users/Bernhard/AppData/Local/nvim-data/lazy/vim-matchup/plugin/matchup.vim
749.882  015.131  000.334: sourcing nvim_exec2() called at C:\Users\Bernhard\AppData\Local\nvim\init.lua:0
749.899  000.002  000.002: sourcing nvim_exec2() called at C:\Users\Bernhard\AppData\Local\nvim\init.lua:0
749.960  000.003  000.003: sourcing nvim_exec2() called at C:\Users\Bernhard\AppData\Local\nvim\init.lua:0
750.312  000.298  000.298: require('match-up')
751.171  000.284  000.284: sourcing C:/Users/Bernhard/AppData/Local/nvim-data/lazy/nvim-puppeteer/plugin/puppeteer-autocmds.lua
751.196  000.550  000.266: sourcing nvim_exec2() called at C:\Users\Bernhard\AppData\Local\nvim\init.lua:0
751.210  000.004  000.004: sourcing nvim_exec2() called at C:\Users\Bernhard\AppData\Local\nvim\init.lua:0
751.255  000.003  000.003: sourcing nvim_exec2() called at C:\Users\Bernhard\AppData\Local\nvim\init.lua:0
753.839  000.007  000.007: sourcing nvim_exec2() called at C:\Users\Bernhard\AppData\Local\nvim\init.lua:0
753.880  000.003  000.003: sourcing nvim_exec2() called at C:\Users\Bernhard\AppData\Local\nvim\init.lua:0
754.165  000.268  000.268: require('config.harpoon.hardening')
758.136  000.238  000.238: require('harpoon.autocmd')
758.150  000.516  000.278: require('harpoon.buffer')
758.594  000.204  000.204: require('harpoon.utils')
758.604  000.450  000.246: require('harpoon.logger')
758.833  000.225  000.225: require('harpoon.extensions')
758.843  004.667  003.476: require('harpoon.ui')
759.264  000.203  000.203: require('config.harpoon.utils.normkey')
759.450  000.179  000.179: require('config.harpoon.utils.sanitize')
759.464  000.595  000.212: require('config.harpoon.persist_paths')
759.717  000.225  000.225: require('config.harpoon.preview')
760.001  000.209  000.209: require('config.harpoon.health')
760.811  000.281  000.281: sourcing C:\Program Files\Neovim\share/nvim/runtime/plugin/editorconfig.lua
760.839  000.572  000.291: sourcing nvim_exec2() called at C:\Users\Bernhard\AppData\Local\nvim\init.lua:0
761.440  000.243  000.243: sourcing C:\Program Files\Neovim\share/nvim/runtime/plugin/man.lua
761.469  000.539  000.296: sourcing nvim_exec2() called at C:\Users\Bernhard\AppData\Local\nvim\init.lua:0
761.986  000.053  000.053: sourcing C:\Program Files\Neovim\share/nvim/runtime/plugin/matchparen.vim
762.024  000.472  000.419: sourcing nvim_exec2() called at C:\Users\Bernhard\AppData\Local\nvim\init.lua:0
762.641  000.233  000.233: sourcing C:\Program Files\Neovim\share/nvim/runtime/plugin/osc52.lua
762.664  000.618  000.386: sourcing nvim_exec2() called at C:\Users\Bernhard\AppData\Local\nvim\init.lua:0
763.010  000.104  000.104: sourcing C:\Program Files\Neovim\share/nvim/runtime/plugin/shada.vim
763.027  000.350  000.246: sourcing nvim_exec2() called at C:\Users\Bernhard\AppData\Local\nvim\init.lua:0
763.514  000.089  000.089: sourcing C:\Program Files\Neovim\share/nvim/runtime/plugin/spellfile.vim
763.537  000.499  000.410: sourcing nvim_exec2() called at C:\Users\Bernhard\AppData\Local\nvim\init.lua:0
765.864  000.219  000.219: require('lib.memo.lru')
766.093  000.218  000.218: require('lib.memo.memo')
766.102  000.711  000.273: require('lib.memo')
766.183  001.064  000.354: require('lib')
766.189  001.359  000.295: require('system.env')
779.194  000.518  000.518: require('wkdoptions.set_diff_profile.profiles')
779.207  000.863  000.345: require('wkdoptions.set_diff_profile.selector')
788.913  012.856  011.993: require('options')
789.210  000.286  000.286: require('wkdoptions')
790.365  000.335  000.335: require('wkdoptions.@types.highlight')
790.401  000.833  000.498: require('wkdoptions.config')
791.150  000.328  000.328: require('wkdoptions.@types.skip')
791.163  000.756  000.427: require('wkdoptions.skip')
791.180  001.962  000.374: require('wkdoptions.Options_Cfg')
791.653  000.368  000.368: require('wkdoptions.commands')
792.152  000.346  000.346: require('lsp')
792.392  000.215  000.215: require('lsp.core.handlers')
792.674  000.276  000.276: require('lsp.core.filter')
793.675  000.488  000.488: require('vim.lsp.log')
794.787  001.102  001.102: require('vim.lsp.protocol')
795.446  000.645  000.645: require('vim.lsp.util')
796.048  000.279  000.279: require('vim.lsp.sync')
796.064  000.608  000.329: require('vim.lsp._changetracking')
796.691  000.286  000.286: require('vim.lsp._transport')
796.741  000.657  000.371: require('vim.lsp.rpc')
796.848  004.167  000.666: require('vim.lsp')
797.599  000.392  000.392: require('vim.lsp.completion')
797.681  000.827  000.434: require('vim.lsp.handlers')
797.880  000.193  000.193: require('lsp.core.diagnostics')
798.627  000.719  000.719: require('vim.diagnostic')
798.859  000.219  000.219: require('lsp.core.treesitter')
800.103  000.282  000.282: require('lsp.core.capabilities')
801.483  000.009  000.009: sourcing nvim_exec2() called at C:\Users\Bernhard\AppData\Local\nvim\init.lua:0
801.531  000.004  000.004: sourcing nvim_exec2() called at C:\Users\Bernhard\AppData\Local\nvim\init.lua:0
805.390  000.268  000.268: require('cmp_nvim_lsp.source')
805.403  003.319  003.050: require('cmp_nvim_lsp')
805.423  003.536  000.217: sourcing C:/Users/Bernhard/AppData/Local/nvim-data/lazy/cmp-nvim-lsp/after/plugin/cmp_nvim_lsp.lua
805.446  003.804  000.268: sourcing nvim_exec2() called at C:\Users\Bernhard\AppData\Local\nvim\init.lua:0
805.458  004.458  000.642: require('cmp_nvim_lsp')
806.375  000.339  000.339: require('lsp.core.attach')
806.719  000.331  000.331: require('lsp.formatter.init')
808.129  000.276  000.276: sourcing C:/Users/Bernhard/AppData/Local/nvim-data/lazy/conform.nvim/plugin/conform.lua
808.171  000.648  000.373: sourcing nvim_exec2() called at C:\Users\Bernhard\AppData\Local\nvim\init.lua:0
808.192  000.006  000.006: sourcing nvim_exec2() called at C:\Users\Bernhard\AppData\Local\nvim\init.lua:0
808.263  000.005  000.005: sourcing nvim_exec2() called at C:\Users\Bernhard\AppData\Local\nvim\init.lua:0
812.313  003.976  003.976: require('conform')
812.496  005.765  001.131: require('conform')
812.790  000.288  000.288: require('lsp.core.util')
813.134  000.337  000.337: require('lsp.formatter.conform')
831.337  000.711  000.711: require('lsp.usercmds.formatter')
832.193  000.746  000.746: require('lsp.usercmds')
832.777  000.473  000.473: require('lsp.core.registry')
833.148  000.361  000.361: require('lsp.languages')
833.560  000.403  000.403: require('lsp.languages.markdown')
834.047  000.390  000.390: require('lsp.languages.shell')
851.003  000.476  000.476: require('lsp.servers.bashls')
867.154  000.377  000.377: require('lsp.servers.lua_ls.ignore')
867.850  000.311  000.311: require('lib.fs.is_subpath')
867.860  000.694  000.383: require('lsp.servers.lua_ls.rootresolver')
867.865  001.578  000.507: require('lsp.servers.lua_ls')
868.395  000.210  000.210: require('lsp.servers.lua_ls.reload')
868.623  000.196  000.196: require('lsp.servers.ts_ls')
868.852  000.207  000.207: require('lsp.servers.gopls')
869.277  000.188  000.188: require('lsp.servers.marksman.config')
869.472  000.186  000.186: require('lsp.servers.marksman.diagnostics_handler')
869.877  000.198  000.198: require('lib.cross.fs._cwd')
869.884  000.406  000.207: require('lsp.servers.marksman.rootresolver')
869.889  001.018  000.239: require('lsp.servers.marksman')
870.083  000.189  000.189: require('lsp.servers.marksman.code_action_handler')
870.300  000.194  000.194: require('lsp.servers.html')
871.165  000.176  000.176: require('lsp.lspdoctor.@types')
871.370  000.186  000.186: require('lsp.lspdoctor.health')
871.562  000.185  000.185: require('lsp.lspdoctor.debug')
871.754  000.185  000.185: require('lsp.lspdoctor.inspect')
871.786  001.065  000.332: require('lsp.lspdoctor')
872.189  000.173  000.173: require('lsp.tools.eslint_prettier.core.find_root')
872.373  000.177  000.177: require('lsp.tools.eslint_prettier.core.check_config')
872.781  000.227  000.227: require('lsp.tools.eslint_prettier.eslint')
872.792  000.411  000.184: require('lsp.tools.eslint_prettier.eslint.fix')
873.302  000.270  000.270: require('lsp.tools.eslint_prettier.prettier')
873.314  000.517  000.248: require('lsp.tools.eslint_prettier.prettier.format')
873.549  000.231  000.231: require('lsp.tools.eslint_prettier.autocmds')
873.803  000.245  000.245: require('lsp.tools.eslint_prettier.usercmds')
873.816  002.005  000.251: require('lsp.tools.eslint_prettier')
874.595  000.206  000.206: require('lsp.tools.lsp_signature.open_floating_preview')
874.955  000.168  000.168: require('lsp.tools.lsp_signature.split_lines')
874.964  000.358  000.190: require('lsp.tools.lsp_signature.format_signature_help')
875.136  000.168  000.168: require('lsp.tools.lsp_signature.state')
875.528  000.207  000.207: require('lsp.tools.lsp_signature.utils.helper')
875.535  000.393  000.187: require('lsp.tools.lsp_signature.highlights.parameters')
875.877  000.170  000.170: require('lsp.tools.lsp_signature.format_hover')
875.885  000.345  000.175: require('lsp.tools.lsp_signature.show_hover')
876.080  000.192  000.192: require('lsp.tools.lsp_signature.fallback_providers')
876.110  000.015  000.015: sourcing nvim_exec2() called at C:\Users\Bernhard\AppData\Local\nvim\init.lua:0
876.122  000.004  000.004: sourcing nvim_exec2() called at C:\Users\Bernhard\AppData\Local\nvim\init.lua:0
876.130  000.003  000.003: sourcing nvim_exec2() called at C:\Users\Bernhard\AppData\Local\nvim\init.lua:0
876.139  000.004  000.004: sourcing nvim_exec2() called at C:\Users\Bernhard\AppData\Local\nvim\init.lua:0
876.147  000.004  000.004: sourcing nvim_exec2() called at C:\Users\Bernhard\AppData\Local\nvim\init.lua:0
876.151  001.997  000.305: require('lsp.tools.lsp_signature.request_and_show')
876.155  002.256  000.259: require('lsp.tools.lsp_signature')
876.470  000.232  000.232: require('lsp.tools.ts_type_lookup')
876.683  000.206  000.206: require('lsp.tools.ts_type_lookup.cmds')
885.115  000.289  000.289: require('nvim-treesitter.utils')
886.558  001.430  001.430: require('nvim-treesitter.parsers')
887.470  000.216  000.216: require('nvim-treesitter.compat')
887.904  000.200  000.200: require('nvim-treesitter.ts_utils')
887.950  000.467  000.267: require('nvim-treesitter.tsrange')
888.139  000.184  000.184: require('nvim-treesitter.caching')
888.152  001.100  000.234: require('nvim-treesitter.query')
888.167  001.339  000.239: require('nvim-treesitter.configs')
888.172  001.605  000.266: require('nvim-treesitter.info')
888.405  000.229  000.229: require('nvim-treesitter.shell_command_selectors')
888.432  003.986  000.434: require('nvim-treesitter.install')
888.658  000.222  000.222: require('nvim-treesitter.statusline')
888.858  000.193  000.193: require('nvim-treesitter.query_predicates')
888.865  007.695  003.294: require('nvim-treesitter')
889.772  008.827  001.132: sourcing C:/Users/Bernhard/AppData/Local/nvim-data/lazy/nvim-treesitter/plugin/nvim-treesitter.lua
889.844  009.145  000.318: sourcing nvim_exec2() called at C:\Users\Bernhard\AppData\Local\nvim\init.lua:0
889.869  000.005  000.005: sourcing nvim_exec2() called at C:\Users\Bernhard\AppData\Local\nvim\init.lua:0
889.972  000.004  000.004: sourcing nvim_exec2() called at C:\Users\Bernhard\AppData\Local\nvim\init.lua:0
890.920  000.783  000.783: require('nvchad.configs.treesitter')
891.228  000.295  000.295: require('config.treesitter.parser')
934.135  000.377  000.377: require('nvim-treesitter.indent')
934.699  000.482  000.482: require('nvim-treesitter.highlight')
938.265  000.008  000.008: sourcing nvim_exec2() called at C:\Users\Bernhard\AppData\Local\nvim\init.lua:0
938.309  000.003  000.003: sourcing nvim_exec2() called at C:\Users\Bernhard\AppData\Local\nvim\init.lua:0
938.387  000.003  000.003: sourcing nvim_exec2() called at C:\Users\Bernhard\AppData\Local\nvim\init.lua:0
938.423  000.003  000.003: sourcing nvim_exec2() called at C:\Users\Bernhard\AppData\Local\nvim\init.lua:0
942.842  000.014  000.014: sourcing nvim_exec2() called at C:\Users\Bernhard\AppData\Local\nvim\init.lua:0
942.915  000.005  000.005: sourcing nvim_exec2() called at C:\Users\Bernhard\AppData\Local\nvim\init.lua:0
944.039  000.562  000.562: sourcing C:/Users/Bernhard/AppData/Local/nvim-data/lazy/telescope.nvim/plugin/telescope.lua
944.087  000.946  000.384: sourcing nvim_exec2() called at C:\Users\Bernhard\AppData\Local\nvim\init.lua:0
944.112  000.006  000.006: sourcing nvim_exec2() called at C:\Users\Bernhard\AppData\Local\nvim\init.lua:0
944.204  000.005  000.005: sourcing nvim_exec2() called at C:\Users\Bernhard\AppData\Local\nvim\init.lua:0
946.092  000.389  000.389: require('plenary.strings')
947.141  000.383  000.383: require('plenary.log')
947.169  000.677  000.294: require('telescope.log')
948.016  000.382  000.382: require('telescope.state')
948.186  001.011  000.629: require('telescope.utils')
948.222  002.107  000.419: require('telescope.sorters')
951.357  006.101  003.606: require('telescope.config')
952.073  000.261  000.261: require('plenary.window.border')
952.404  000.321  000.321: require('plenary.window')
952.650  000.235  000.235: require('plenary.popup.utils')
952.660  001.288  000.471: require('plenary.popup')
952.854  000.190  000.190: require('telescope.pickers.scroller')
953.059  000.198  000.198: require('telescope.actions.state')
953.300  000.235  000.235: require('telescope.actions.utils')
953.727  000.197  000.197: require('telescope.actions.mt')
953.743  000.437  000.239: require('telescope.actions.set')
954.153  000.224  000.224: require('telescope.config.resolve')
954.162  000.415  000.191: require('telescope.pickers.entry_display')
954.381  000.213  000.213: require('telescope.from_entry')
954.538  009.768  000.690: require('telescope.actions')
954.543  010.242  000.474: require('nvchad.configs.telescope')
955.070  000.247  000.247: require('config.telescope.history')
960.852  000.540  000.540: require('telescope.actions.history')
961.701  000.422  000.422: require('telescope._extensions')
961.712  000.844  000.421: require('telescope')
961.717  006.438  005.054: require('telescope._extensions.smart_history')
961.721  006.644  000.207: require('config.telescope.history.keymaps')
961.946  000.221  000.221: require('config.telescope.file_browser.keymaps')
962.166  000.213  000.213: require('config.telescope.ui.hl_selection')
962.430  000.258  000.258: require('config.telescope.open_background')
962.923  000.247  000.247: require('config.telescope.actions.create_file')
963.176  000.246  000.246: require('config.telescope.actions.open_badd')
963.183  000.747  000.254: require('config.telescope.actions')
963.216  008.667  000.337: require('config.telescope')
963.850  000.196  000.196: require('sqlite.utils')
963.861  000.442  000.246: require('sqlite.database')
963.868  000.631  000.189: require('sqlite')
964.850  000.279  000.279: require('config.telescope.keymaps')
969.451  000.505  000.505: require('telescope.debounce')
970.060  000.591  000.591: require('telescope.mappings')
970.506  000.431  000.431: require('telescope.pickers.highlights')
970.862  000.347  000.347: require('telescope.pickers.window')
971.182  000.309  000.309: require('telescope.pickers.layout')
971.867  000.374  000.374: require('telescope.algos.linked_list')
971.877  000.688  000.314: require('telescope.entry_manager')
972.227  000.346  000.346: require('telescope.pickers.multi')
972.253  004.339  001.123: require('telescope.pickers')
973.313  000.728  000.728: require('telescope.make_entry')
973.813  000.486  000.486: require('telescope.finders.async_static_finder')
974.970  000.259  000.259: require('plenary.class')
975.090  000.810  000.551: require('telescope._')
975.100  001.276  000.465: require('telescope.finders.async_oneshot_finder')
975.494  000.388  000.388: require('telescope.finders.async_job_finder')
975.515  003.257  000.380: require('telescope.finders')
976.183  000.325  000.325: require('telescope.previewers.previewer')
976.858  000.320  000.320: require('telescope.previewers.utils')
991.102  014.911  014.591: require('telescope.previewers.term_previewer')
1005.501  014.386  014.386: require('telescope.previewers.buffer_previewer')
1005.529  030.009  000.387: require('telescope.previewers')
1005.540  038.621  001.016: require('telescope._extensions.themes')
1006.213  000.666  000.666: require('telescope._extensions.terms')
1007.541  130.615  059.423: require('telescope')
1007.557  130.835  000.221: require('lsp.tools.ts_type_lookup.ts_telescope_picker')
1007.978  000.386  000.386: require('lsp.tools.ts_type_lookup.noice_integration')
1008.670  000.277  000.277: require('lsp.tools.deprecated_help.lsp_common')
1009.134  000.225  000.225: require('lsp.tools.deprecated_help.helper')
1009.357  000.216  000.216: require('lsp.tools.deprecated_help.lsp.lua_ls.catch')
1009.721  000.354  000.354: require('lsp.tools.deprecated_help.lsp.lua_ls.diagnostic')
1009.985  000.241  000.241: require('lsp.tools.deprecated_help.defaults')
1009.993  001.315  000.280: require('lsp.tools.deprecated_help.lsp.lua_ls.lua_ls')
1010.318  000.320  000.320: require('lsp.tools.deprecated_help.lsp.lua_ls.publish_diagnostics')
1010.328  002.340  000.427: require('lsp.tools.deprecated_help')
1011.252  000.195  000.195: require('lsp.diagnostics.util')
1011.470  000.209  000.209: require('lsp.diagnostics.loclist')
1011.765  000.289  000.289: require('lsp.diagnostics.quickfix')
1011.777  001.049  000.356: require('lsp.diagnostics.commands')
1012.145  000.363  000.363: require('lsp.diagnostics.keymaps')
1012.155  001.815  000.404: require('lsp.diagnostics')
1012.987  000.328  000.328: require('autocmds.auto-center-fexplorer')
1013.672  000.281  000.281: require('autocmds.general.helpers')
1013.940  000.259  000.259: require('autocmds.general.gofile_cases')
1014.256  000.310  000.310: require('autocmds.general.gofile_logger')
1014.585  000.322  000.322: require('autocmds.general.defaults')
1014.592  001.507  000.336: require('autocmds.general')
1014.934  000.273  000.273: require('autocmds.git')
1015.161  000.202  000.202: require('autocmds.git.conflicts_qf')
1015.376  000.195  000.195: require('autocmds.git.commit_ft')
1015.658  000.257  000.257: require('autocmds.git.conflict_marks')
1015.883  000.202  000.202: require('autocmds.git.gitsigns_refresh')
1016.093  000.193  000.193: require('autocmds.git.blame_on_hold')
1017.197  001.061  001.061: require('autocmds.git.line_diff_on_hold')
1017.490  000.255  000.255: require('autocmds.terminals')
1017.891  000.323  000.323: require('autocmds.text')
1017.953  005.688  000.891: require('autocmds')
1018.470  000.261  000.261: require('custom.commands_keymaps')
1018.793  000.314  000.314: require('custom.commands_keymaps.delete_current_file')
1019.091  000.291  000.291: require('custom.insert')
1019.345  000.241  000.241: require('custom.insert.filepath.core')
1019.604  000.241  000.241: require('custom.insert.annotation.core')
1019.842  000.220  000.220: require('custom.insert.timestamp.core')
1020.079  000.230  000.230: require('custom.insert.uuid.core')
1020.341  000.254  000.254: require('custom.insert.boilerplate.core')
1020.689  000.331  000.331: require('custom.format')
1020.973  000.270  000.270: require('custom.format.column_align.core')
1021.278  000.294  000.294: require('custom.format.table')
1021.586  000.299  000.299: require('custom.format.text_width')
1021.843  000.250  000.250: require('custom.format.filter_lines')
1022.121  000.270  000.270: require('custom.format.additional_features')
1022.367  000.229  000.229: require('custom.format.markdown')
1022.623  000.249  000.249: require('custom.format.markdown.headlines.separators')
1023.448  000.435  000.435: require('custom.lua_project_file_stats.utils')
1023.990  000.525  000.525: require('custom.lua_project_file_stats.prints')
1024.460  000.452  000.452: require('custom.lua_project_file_stats.misc_files')
1024.481  001.840  000.428: require('custom.lua_project_file_stats')
1024.895  000.406  000.406: require('custom.lua_project_file_stats.usercommands')
1025.532  000.564  000.564: require('custom.function_index')
1025.825  000.270  000.270: require('custom.function_index.user_actions')
1026.112  000.276  000.276: require('custom.function_index.user_actions.usercommands')
1026.718  000.294  000.294: require('custom.recommender.rendering')
1026.977  000.250  000.250: require('custom.recommender.keymaps')
1027.191  000.206  000.206: require('custom.recommender.custom_aliases')
1027.407  000.210  000.210: require('custom.recommender.blacklist')
1027.694  000.280  000.280: require('custom.recommender.regex')
1028.008  000.305  000.305: require('custom.recommender.treesitter')
1028.021  001.861  000.316: require('custom.recommender')
1028.661  000.429  000.429: require('custom.filecycle')
1029.303  000.270  000.270: require('custom.filecycle.@types')
1029.661  000.343  000.343: require('custom.filecycle.core')
1029.675  000.996  000.384: require('custom.filecycle.keymaps')
1030.147  000.369  000.369: require('custom.filecycle.usercommands')
1030.720  000.227  000.227: require('custom.find_config.config.defaults')
1030.731  000.543  000.315: require('custom.find_config')
1031.185  000.206  000.206: require('custom.find_config.core')
1031.195  000.449  000.243: require('custom.find_config.engines.telescope')
1031.695  000.206  000.206: require('custom.markdown.config')
1031.927  000.223  000.223: require('custom.markdown.core.fold')
1032.187  000.253  000.253: require('custom.markdown.core.headings')
1032.438  000.244  000.244: require('custom.markdown.core.wrap')
1032.693  000.248  000.248: require('custom.markdown.setup.autocmds')
1032.997  000.296  000.296: require('custom.markdown.tableview')
1033.834  000.374  000.374: require('custom.markdown.tableview.parser')
1033.868  000.862  000.488: require('custom.markdown.tableview.live')
1034.374  000.497  000.497: require('custom.markdown.fenced_fix')
1034.493  003.255  000.426: require('custom.markdown')
1035.416  000.721  000.721: require('custom.markdown.tableview.autocmds')
1036.106  000.602  000.602: require('custom.pathprobe')
1037.859  000.415  000.415: require('custom.repo_pickers.@types.aliases')
1037.878  000.820  000.405: require('custom.repo_pickers.@types.types')
1037.898  001.210  000.390: require('custom.repo_pickers.config')
1039.053  000.367  000.367: require('custom.repo_pickers.fs')
1039.456  000.386  000.386: require('custom.repo_pickers.dispatch')
1039.498  001.210  000.457: require('custom.repo_pickers.actions')
1040.414  000.401  000.401: require('custom.repo_pickers.select.vim_select')
1040.794  000.363  000.363: require('custom.repo_pickers.select.telescope')
1041.075  000.269  000.269: require('custom.repo_pickers.select.fzf')
1041.089  001.583  000.549: require('custom.repo_pickers.select.router')
1041.099  003.192  000.400: require('custom.repo_pickers.register')
1041.106  004.908  000.506: require('custom.repo_pickers')
1042.408  000.201  000.201: require('custom.pathfinder.notifier')
1042.420  000.417  000.216: require('custom.pathfinder.util')
1042.426  000.631  000.213: require('custom.pathfinder.finder')
1043.302  000.251  000.251: require('custom.pathfinder.extractor.terminators')
1043.312  000.448  000.198: require('custom.pathfinder.extractor.helpers')
1043.553  000.237  000.237: require('custom.pathfinder.extractor.common_extensions')
1043.565  000.903  000.218: require('custom.pathfinder.extractor.find')
1043.570  001.141  000.238: require('custom.pathfinder.extractor')
1043.575  002.000  000.228: require('custom.pathfinder.commands')
1043.579  002.285  000.285: require('custom.pathfinder')
1043.920  000.274  000.274: require('custom.line_marker')
1043.957  025.998  001.712: require('custom')
1044.775  000.200  000.200: require('custom.mynotes.core')
1044.782  000.401  000.201: require('custom.mynotes.register')
1044.816  000.630  000.230: require('custom.mynotes.specs.checklists')
1045.048  000.227  000.227: require('custom.mynotes.specs.notes')
1045.273  000.219  000.219: require('custom.mynotes.specs.notes_lua')
1045.526  000.247  000.247: require('custom.mynotes.specs.notes_nvim')
1045.775  000.243  000.243: require('custom.mynotes.specs.wkdbook')
1046.056  000.272  000.272: require('custom.mynotes.specs.wkdbook_lua')
1046.349  000.286  000.286: require('custom.mynotes.specs.wkdbook_nvim')
1046.359  002.397  000.272: require('custom.mynotes')
1046.798  000.202  000.202: require('sessions.autocmds')
1047.053  000.246  000.246: require('sessions.usercmds')
1047.290  000.229  000.229: require('sessions.keymaps')
1047.297  000.932  000.256: require('sessions')
1047.945  000.338  000.338: require('usrcmds.copy')
1048.922  000.283  000.283: require('usrcmds.gather.@types')
1048.931  000.966  000.682: require('usrcmds.gather')
1049.370  000.420  000.420: require('usrcmds.compress_dir')
1049.815  000.413  000.413: require('usrcmds.diff')
1050.195  000.370  000.370: require('usrcmds.diff.diff_origin')
1050.674  000.459  000.459: require('usrcmds.fileinfo')
1051.349  000.606  000.606: require('usrcmds.project_tree')
1052.050  000.603  000.603: require('usrcmds.newfile')
1052.614  000.479  000.479: require('usrcmds.migrate')
1053.791  000.305  000.305: require('usrcmds.migrate.common.@types')
1053.804  000.767  000.463: require('usrcmds.migrate.common.command')
1054.272  000.464  000.464: require('usrcmds.migrate.common.picker')
1054.594  000.315  000.315: require('usrcmds.migrate.common.buffer')
1054.621  001.995  000.449: require('usrcmds.migrate.opt')
1055.989  000.348  000.348: require('usrcmds.migrate.notify.parser.aliases')
1056.404  000.405  000.405: require('usrcmds.migrate.notify.parser.patterns')
1056.830  000.413  000.413: require('usrcmds.migrate.notify.parser.extractor')
1057.298  000.457  000.457: require('usrcmds.migrate.notify.parser.migrator')
1057.327  002.230  000.606: require('usrcmds.migrate.notify.parser')
1058.164  000.417  000.417: require('usrcmds.migrate.notify.refactor.import')
1058.596  000.419  000.419: require('usrcmds.migrate.notify.refactor.cleanup')
1059.164  000.552  000.552: require('usrcmds.migrate.notify.refactor.apply')
1059.181  001.845  000.458: require('usrcmds.migrate.notify.refactor')
1059.203  004.556  000.481: require('usrcmds.migrate.notify')
1059.902  000.649  000.649: require('usrcmds.reload')
1060.198  000.270  000.270: require('usrcmds.search_all_drives')
1060.443  000.222  000.222: require('usrcmds.system_find')
1060.694  000.230  000.230: require('usrcmds.update_repos')
1061.004  000.287  000.287: require('usrcmds.uv_doc')
1061.088  013.699  000.837: require('usrcmds')
1061.289  000.194  000.194: require('wkddap')
1061.501  000.197  000.197: require('wkddap.core')
1061.699  000.192  000.192: require('wkddap.core.setup')
1065.667  000.010  000.010: sourcing nvim_exec2() called at C:\Users\Bernhard\AppData\Local\nvim\init.lua:0
1065.728  000.004  000.004: sourcing nvim_exec2() called at C:\Users\Bernhard\AppData\Local\nvim\init.lua:0
1066.388  000.274  000.274: sourcing C:/Users/Bernhard/AppData/Local/nvim-data/lazy/nvim-dap/plugin/dap.lua
1066.411  000.532  000.258: sourcing nvim_exec2() called at C:\Users\Bernhard\AppData\Local\nvim\init.lua:0
1066.424  000.003  000.003: sourcing nvim_exec2() called at C:\Users\Bernhard\AppData\Local\nvim\init.lua:0
1066.467  000.003  000.003: sourcing nvim_exec2() called at C:\Users\Bernhard\AppData\Local\nvim\init.lua:0
1071.891  000.329  000.329: require('dap.utils')
1071.974  005.464  005.134: require('dap')
1072.384  000.378  000.378: require('osv')
1073.378  011.672  005.279: require('dap')
1073.684  000.288  000.288: require('wkddap.core.capabilities')
1078.015  000.008  000.008: sourcing nvim_exec2() called at C:\Users\Bernhard\AppData\Local\nvim\init.lua:0
1078.061  000.003  000.003: sourcing nvim_exec2() called at C:\Users\Bernhard\AppData\Local\nvim\init.lua:0
1078.157  000.003  000.003: sourcing nvim_exec2() called at C:\Users\Bernhard\AppData\Local\nvim\init.lua:0
1078.195  000.003  000.003: sourcing nvim_exec2() called at C:\Users\Bernhard\AppData\Local\nvim\init.lua:0
1082.439  000.239  000.239: require('nio.tasks')
1082.652  000.202  000.202: require('nio.control')
1082.966  000.305  000.305: require('nio.uv')
1083.178  000.205  000.205: require('nio.tests')
1083.607  000.226  000.226: require('vim.ui')
1083.639  000.455  000.229: require('nio.ui')
1084.030  000.205  000.205: require('nio.streams')
1084.038  000.395  000.190: require('nio.file')
1084.594  000.162  000.162: require('nio.util')
1084.966  000.727  000.565: require('nio.logger')
1084.978  000.936  000.209: require('nio.lsp')
1085.218  000.236  000.236: require('nio.process')
1085.246  003.258  000.285: require('nio')
1086.544  000.030  000.030: sourcing nvim_exec2() called at C:\Users\Bernhard\AppData\Local\nvim\init.lua:0
1086.556  000.276  000.246: require('dapui.config.highlights')
1086.635  000.071  000.071: sourcing nvim_exec2() called at C:\Users\Bernhard\AppData\Local\nvim\init.lua:0
1086.793  000.879  000.531: require('dapui.config')
1086.805  001.266  000.388: require('dapui.util')
1087.068  000.258  000.258: require('dapui.windows.layout')
1087.078  001.827  000.303: require('dapui.windows')
1087.306  000.224  000.224: require('dapui.controls')
1087.316  009.061  003.752: require('dapui')
1087.451  000.034  000.034: sourcing nvim_exec2() called at C:\Users\Bernhard\AppData\Local\nvim\init.lua:0
1087.978  000.215  000.215: require('dapui.client.types')
1087.987  000.483  000.268: require('dapui.client')
1088.197  000.206  000.206: require('dap.breakpoints')
1088.418  000.184  000.184: require('dapui.client.lib')
1088.804  000.197  000.197: require('dapui.render.canvas')
1088.811  000.379  000.182: require('dapui.elements.breakpoints')
1089.033  000.189  000.189: require('dapui.components.breakpoints')
1089.233  000.176  000.176: require('dapui.elements.repl')
1089.463  000.222  000.222: require('dapui.elements.scopes')
1089.701  000.211  000.211: require('dapui.components.scopes')
1090.109  000.398  000.398: require('dapui.components.variables')
1090.562  000.417  000.417: require('dapui.elements.stacks')
1091.291  000.292  000.292: require('dapui.components.frames')
1091.305  000.698  000.406: require('dapui.components.threads')
1091.599  000.264  000.264: require('dapui.elements.watches')
1091.951  000.275  000.275: require('dapui.components.watches')
1092.259  000.278  000.278: require('dapui.elements.hover')
1092.667  000.331  000.331: require('dapui.components.hover')
1092.970  000.285  000.285: require('dapui.elements.console')
1093.123  019.428  005.320: require('dapui')
1093.873  000.012  000.012: sourcing nvim_exec2() called at C:\Users\Bernhard\AppData\Local\nvim\init.lua:0
1093.933  000.005  000.005: sourcing nvim_exec2() called at C:\Users\Bernhard\AppData\Local\nvim\init.lua:0
1098.769  004.649  004.649: require('nvim-dap-virtual-text')
1098.808  000.015  000.015: sourcing nvim_exec2() called at C:\Users\Bernhard\AppData\Local\nvim\init.lua:0
1098.837  000.021  000.021: sourcing nvim_exec2() called at C:\Users\Bernhard\AppData\Local\nvim\init.lua:0
1098.852  005.719  001.017: require('nvim-dap-virtual-text')
1099.067  000.209  000.209: require('wkddap.core.state')
1099.286  000.212  000.212: require('wkddap.adapters')
1099.678  000.193  000.193: require('wkddap.config')
1099.858  000.172  000.172: require('wkddap.utils.notify')
1099.866  000.573  000.207: require('wkddap.registry')
1100.038  000.166  000.166: require('wkddap.adapters.lua')
1100.609  000.204  000.204: require('wkddap.adapters.go')
1101.560  000.268  000.268: require('wkddap.adapters.python')
1102.612  000.228  000.228: require('wkddap.adapters.javascript')
1103.219  000.228  000.228: require('wkddap.configurations')
1103.415  000.185  000.185: require('wkddap.configurations.lua')
1103.629  000.204  000.204: require('wkddap.configurations.go')
1103.822  000.185  000.185: require('wkddap.configurations.python')
1104.008  000.177  000.177: require('wkddap.configurations.javascript')
1104.206  000.190  000.190: require('wkddap.utils.validation')
1104.440  000.225  000.225: require('wkddap.ui')
1105.643  000.280  000.280: require('wkddap.ui.highlights')
1105.863  000.192  000.192: require('wkddap.ui.dapui')
1105.963  000.038  000.038: sourcing nvim_exec2() called at C:\Users\Bernhard\AppData\Local\nvim\init.lua:0
1108.652  000.746  000.746: require('editorconfig')
1119.486  003.632  003.632: require('mdlinks.commands')
1119.518  003.868  000.235: sourcing C:/Users/Bernhard/AppData/Local/nvim-data/lazy/mdlinks/plugin/mdlinks.lua
1119.540  004.143  000.275: sourcing nvim_exec2() called at FileType Autocommands for "*":0
1119.795  000.192  000.192: require('mdlinks.config')
1127.016  000.103  000.103: sourcing C:\Users\Bernhard\AppData\Local\nvim-data\lazy\vim-matchup\autoload\matchup\ts_engine.vim
1130.154  000.076  000.076: sourcing C:\Users\Bernhard\AppData\Local\nvim-data\lazy\vim-matchup\autoload\matchup\re.vim
1135.436  000.239  000.239: require('dap.ui')
1135.465  000.692  000.453: require('dap.repl')
1244.059  005.414  005.414: require('gitsigns')
1249.537  000.505  000.505: require('gitsigns.highlight')
1249.805  000.244  000.244: require('gitsigns.debug.log')
1250.061  000.248  000.248: require('gitsigns.config')
1250.894  000.204  000.204: require('gitsigns.async')
1251.329  000.231  000.231: require('gitsigns.util')
1251.340  000.436  000.205: require('gitsigns.hunks')
1251.730  000.172  000.172: require('gitsigns.diff')
1251.922  000.185  000.185: require('gitsigns.signs')
1252.111  000.183  000.183: require('gitsigns.status')
1252.289  000.171  000.171: require('gitsigns.debounce')
1252.479  000.184  000.184: require('gitsigns.cache')
1252.506  001.162  000.267: require('gitsigns.manager')
1252.738  000.226  000.226: require('gitsigns.message')
1252.936  000.186  000.186: require('gitsigns.repeat')
1253.074  002.627  000.413: require('gitsigns.actions')
1254.648  000.268  000.268: require('gitsigns.system')
1254.661  000.527  000.259: require('gitsigns.git.cmd')
1254.944  000.275  000.275: require('gitsigns.git.errors')
1255.196  000.243  000.243: require('gitsigns.git.repo.watcher')
1255.451  000.245  000.245: require('gitsigns.git.version')
1255.470  001.639  000.348: require('gitsigns.git.repo')
1255.482  001.923  000.284: require('gitsigns.git')
1255.495  002.386  000.464: require('gitsigns.attach')
1255.835  000.284  000.284: require('gitsigns.current_line_blame')
1255.974  017.568  005.860: sourcing C:/Users/Bernhard/AppData/Local/nvim-data/lazy/gitsigns.nvim/plugin/gitsigns.lua
1256.017  017.889  000.321: sourcing nvim_exec2() called at BufEnter Autocommands for "*":0
1256.047  000.009  000.009: sourcing nvim_exec2() called at BufEnter Autocommands for "*":0
1256.391  000.011  000.011: sourcing nvim_exec2() called at BufEnter Autocommands for "*":0
1257.010  000.511  000.511: require('nvchad.configs.gitsigns')
1264.007  026.515  008.095: require('gitsigns')
1265.577  000.099  000.099: sourcing C:\Users\Bernhard\AppData\Local\nvim-data\lazy\nvim-treesitter\autoload\nvim_treesitter.vim
1265.957  000.307  000.307: require('nvim-treesitter.fold')
1352.135  000.355  000.355: require('wkddap.commands')
1352.451  000.299  000.299: require('wkddap.commands.autocmds')
1352.746  000.263  000.263: require('wkddap.commands.usercmds')
1353.097  000.320  000.320: require('system.rpc_pipe')
1353.898  000.266  000.266: require('debugging')
1354.492  000.335  000.335: require('debugging.views.@types')
1354.823  000.318  000.318: require('debugging.views.capture')
1355.274  000.224  000.224: require('debugging.views.utils')
1355.286  000.456  000.232: require('debugging.views.display')
1355.490  000.199  000.199: require('debugging.views.keymaps')
1355.699  000.199  000.199: require('debugging.views.autocmds')
1355.708  001.801  000.294: require('debugging.views')
1355.852  1318.937  339.293: sourcing C:\Users\Bernhard\AppData\Local\nvim\init.lua
1355.927  002.304: sourcing vimrc file(s)
1359.279  000.310  000.310: sourcing C:\Program Files\Neovim\share\nvim\runtime\filetype.lua
1362.589  000.234  000.234: sourcing C:\Program Files\Neovim\share\nvim\runtime\syntax\synload.vim
1362.816  002.477  002.242: sourcing C:\Program Files\Neovim\share/nvim/runtime/syntax/syntax.vim
1362.864  004.151: inits 3
1369.099  006.235: reading ShaDa
1371.442  002.342: opening buffers
1372.528  001.087: BufEnter autocommands
1372.540  000.012: editing files in windows
1373.044  000.504: --- NVIM STARTED ---

