--- Startup times for process: Primary (or UI client) ---

times in msec
 clock   self+sourced   self:  sourced script
 clock   elapsed:              other lines

000.007  000.007: --- NVIM STARTING ---
000.053  000.046: event init
000.182  000.129: early init
024.713  024.531: locale set
024.763  000.050: init first window
026.324  001.562: inits 1
026.489  000.165: window checked
026.501  000.012: parsing arguments
028.215  000.456  000.456: require('vim.shared')
029.395  000.323  000.323: require('vim.inspect')
029.832  000.393  000.393: require('vim._options')
029.843  001.615  000.899: require('vim._editor')
029.849  002.193  000.122: require('vim._init_packages')
029.866  001.171: init lua interpreter
043.217  013.351: nvim_ui_attach
043.641  000.424: nvim_set_client_info
043.658  000.017: --- NVIM STARTED ---

--- Startup times for process: Embedded ---

times in msec
 clock   self+sourced   self:  sourced script
 clock   elapsed:              other lines

000.011  000.011: --- NVIM STARTING ---
000.078  000.067: event init
000.274  000.195: early init
026.040  025.767: locale set
026.103  000.062: init first window
026.811  000.709: inits 1
026.871  000.060: window checked
026.879  000.008: parsing arguments
028.204  000.442  000.442: require('vim.shared')
029.033  000.212  000.212: require('vim.inspect')
029.477  000.428  000.428: require('vim._options')
029.485  001.270  000.630: require('vim._editor')
029.489  001.847  000.135: require('vim._init_packages')
029.500  000.774: init lua interpreter
029.767  000.267: expanding arguments
029.792  000.025: inits 2
030.114  000.322: init highlight
030.117  000.003: waiting for UI
030.229  000.112: done waiting for UI
030.236  000.007: clear screen
030.905  000.066  000.066: require('vim.keymap')
032.269  000.315  000.315: sourcing nvim_exec2()
040.805  010.564  010.184: require('vim._defaults')
040.821  000.021: init default mappings & autocommands
042.504  000.108  000.108: sourcing C:\Program Files\Neovim\share\nvim\runtime\ftplugin.vim
042.916  000.067  000.067: sourcing C:\Program Files\Neovim\share\nvim\runtime\indent.vim
044.219  000.390  000.390: require('vim.fs')
044.657  000.425  000.425: require('vim.uri')
044.699  001.151  000.335: require('vim.loader')
046.786  001.904  001.904: require('config.lazy')
047.108  000.311  000.311: require('lazy')
047.190  000.061  000.061: require('ffi')
047.484  000.284  000.284: require('lazy.stats')
048.251  000.405  000.405: require('lazy.core.util')
048.636  000.369  000.369: require('lazy.core.config')
049.233  000.256  000.256: require('lazy.core.handler')
050.049  000.283  000.283: require('lazy.pkg')
050.060  000.562  000.279: require('lazy.core.meta')
050.068  000.826  000.264: require('lazy.core.plugin')
050.077  001.432  000.349: require('lazy.core.loader')
050.837  000.247  000.247: require('lazy.core.fragments')
057.293  000.319  000.319: require('config.fzf.keymaps')
057.623  000.318  000.318: require('config.fzf.fzf_opts')
057.960  000.326  000.326: require('config.fzf.grep')
058.512  000.265  000.265: require('lib.fs.path_shorten')
058.524  000.546  000.281: require('config.fzf.files')
058.775  000.246  000.246: require('config.fzf.actions.wrapped')
058.783  002.299  000.543: require('config.fzf')
061.464  000.315  000.315: require('config.neotree.utils')
061.758  000.280  000.280: require('config.neotree.watcher_quarantine')
061.771  000.868  000.273: require('config.neotree.keymaps')
062.026  000.251  000.251: require('config.neotree.keymaps.buffers')
062.298  000.264  000.264: require('config.neotree.keymaps.document_symbols')
063.071  000.195  000.195: require('lib.notify.@types')
063.265  000.184  000.184: require('lib.notify.safe')
063.272  000.654  000.275: require('lib.notify')
063.457  000.179  000.179: require('config.neotree.utils.node')
064.650  000.261  000.261: require('config.neotree.helper.is_ignored_dir.ignored_dirs')
064.668  000.658  000.397: require('config.neotree.helper.is_ignored_dir')
064.676  000.951  000.293: require('config.neotree.utils.tree')
064.682  001.218  000.267: require('config.neotree.actions.copy.entries')
064.943  000.255  000.255: require('config.neotree.actions.copy.folders')
065.294  000.344  000.344: require('config.neotree.actions.path.to_require')
065.582  000.275  000.275: require('config.neotree.actions.info.node')
066.027  000.210  000.210: require('config.neotree.utils.buffer')
066.035  000.444  000.234: require('config.neotree.actions.save.node_buffer')
066.257  000.218  000.218: require('config.neotree.actions.save.adjacent_buffer')
066.528  000.264  000.264: require('config.neotree.actions.grep_picker')
066.837  000.302  000.302: require('config.neotree.actions.traverse')
067.527  000.324  000.324: require('config.neotree.commands.get_telescope_opts')
067.843  000.302  000.302: require('config.neotree.commands.diff_files')
068.385  000.248  000.248: require('config.neotree.helper.renderer')
068.396  000.545  000.297: require('config.neotree.commands.mark')
068.674  000.275  000.275: require('config.neotree.commands.add')
068.689  001.840  000.394: require('config.neotree.commands')
069.250  000.284  000.284: require('config.neotree.trash.platform')
069.550  000.290  000.290: require('config.neotree.trash.validation.buffer_checker')
069.807  000.248  000.248: require('config.neotree.trash.confirmation')
070.743  000.437  000.437: require('config.neotree.safety.backup')
071.393  000.634  000.634: require('config.neotree.safety.operation_queue')
072.030  000.615  000.615: require('config.neotree.safety.dry_run')
072.584  000.539  000.539: require('config.neotree.safety.validation')
072.945  000.348  000.348: require('config.neotree.safety.recovery')
072.958  002.886  000.313: require('config.neotree.safety')
072.967  003.153  000.267: require('config.neotree.trash.operations')
072.978  004.284  000.308: require('config.neotree.trash')
073.294  000.310  000.310: require('config.neotree.undo')
073.624  000.319  000.319: require('config.neotree.actions.node_replace_buf')
073.649  011.342  000.436: require('config.neotree.keymaps.filesystem')
073.937  000.282  000.282: require('config.neotree.keymaps.git_status')
074.291  000.345  000.345: require('config.neotree.keymaps.tests')
074.756  000.450  000.450: require('config.neotree.keymaps.diagnostics')
078.739  000.389  000.389: require('config.noice')
079.419  000.355  000.355: require('config.todo_comments.keywords')
083.283  000.365  000.365: require('lazy.core.handler.cmd')
083.631  000.329  000.329: require('lazy.core.handler.keys')
083.971  000.326  000.326: require('lazy.core.handler.event')
084.233  000.248  000.248: require('lazy.core.handler.ft')
084.959  000.012  000.012: sourcing nvim_exec2() called at C:\Users\Bernhard\AppData\Local\nvim\init.lua:0
085.050  000.006  000.006: sourcing nvim_exec2() called at C:\Users\Bernhard\AppData\Local\nvim\init.lua:0
085.303  000.005  000.005: sourcing nvim_exec2() called at C:\Users\Bernhard\AppData\Local\nvim\init.lua:0
085.371  000.004  000.004: sourcing nvim_exec2() called at C:\Users\Bernhard\AppData\Local\nvim\init.lua:0
085.429  000.003  000.003: sourcing nvim_exec2() called at C:\Users\Bernhard\AppData\Local\nvim\init.lua:0
085.485  000.004  000.004: sourcing nvim_exec2() called at C:\Users\Bernhard\AppData\Local\nvim\init.lua:0
085.519  000.003  000.003: sourcing nvim_exec2() called at C:\Users\Bernhard\AppData\Local\nvim\init.lua:0
085.571  000.004  000.004: sourcing nvim_exec2() called at C:\Users\Bernhard\AppData\Local\nvim\init.lua:0
085.674  000.004  000.004: sourcing nvim_exec2() called at C:\Users\Bernhard\AppData\Local\nvim\init.lua:0
085.746  000.004  000.004: sourcing nvim_exec2() called at C:\Users\Bernhard\AppData\Local\nvim\init.lua:0
085.868  000.003  000.003: sourcing nvim_exec2() called at C:\Users\Bernhard\AppData\Local\nvim\init.lua:0
085.921  000.003  000.003: sourcing nvim_exec2() called at C:\Users\Bernhard\AppData\Local\nvim\init.lua:0
085.966  000.002  000.002: sourcing nvim_exec2() called at C:\Users\Bernhard\AppData\Local\nvim\init.lua:0
086.019  000.003  000.003: sourcing nvim_exec2() called at C:\Users\Bernhard\AppData\Local\nvim\init.lua:0
086.055  000.002  000.002: sourcing nvim_exec2() called at C:\Users\Bernhard\AppData\Local\nvim\init.lua:0
086.100  000.003  000.003: sourcing nvim_exec2() called at C:\Users\Bernhard\AppData\Local\nvim\init.lua:0
086.141  000.002  000.002: sourcing nvim_exec2() called at C:\Users\Bernhard\AppData\Local\nvim\init.lua:0
086.184  000.003  000.003: sourcing nvim_exec2() called at C:\Users\Bernhard\AppData\Local\nvim\init.lua:0
087.757  000.011  000.011: sourcing nvim_exec2() called at C:\Users\Bernhard\AppData\Local\nvim\init.lua:0
087.891  000.006  000.006: sourcing nvim_exec2() called at C:\Users\Bernhard\AppData\Local\nvim\init.lua:0
087.920  000.003  000.003: sourcing nvim_exec2() called at C:\Users\Bernhard\AppData\Local\nvim\init.lua:0
088.117  000.006  000.006: sourcing nvim_exec2() called at C:\Users\Bernhard\AppData\Local\nvim\init.lua:0
088.313  000.005  000.005: sourcing nvim_exec2() called at C:\Users\Bernhard\AppData\Local\nvim\init.lua:0
088.400  000.004  000.004: sourcing nvim_exec2() called at C:\Users\Bernhard\AppData\Local\nvim\init.lua:0
089.161  000.007  000.007: sourcing nvim_exec2() called at C:\Users\Bernhard\AppData\Local\nvim\init.lua:0
089.256  000.004  000.004: sourcing nvim_exec2() called at C:\Users\Bernhard\AppData\Local\nvim\init.lua:0
089.307  000.003  000.003: sourcing nvim_exec2() called at C:\Users\Bernhard\AppData\Local\nvim\init.lua:0
089.366  000.003  000.003: sourcing nvim_exec2() called at C:\Users\Bernhard\AppData\Local\nvim\init.lua:0
090.849  000.250  000.250: sourcing nvim_exec2() called at C:\Program Files\Neovim\share/nvim/runtime/filetype.lua:0
090.867  000.579  000.329: sourcing C:\Program Files\Neovim\share/nvim/runtime/filetype.lua
090.899  001.010  000.431: sourcing nvim_exec2() called at C:\Users\Bernhard\AppData\Local\nvim\init.lua:0
093.960  001.765  001.765: require('snacks')
093.986  002.062  000.298: sourcing C:/Users/Bernhard/AppData/Local/nvim-data/lazy/snacks.nvim/plugin/snacks.lua
094.025  002.408  000.346: sourcing nvim_exec2() called at C:\Users\Bernhard\AppData\Local\nvim\init.lua:0
094.059  000.009  000.009: sourcing nvim_exec2() called at C:\Users\Bernhard\AppData\Local\nvim\init.lua:0
094.144  000.004  000.004: sourcing nvim_exec2() called at C:\Users\Bernhard\AppData\Local\nvim\init.lua:0
097.420  000.307  000.307: require('neotree-fs-refactor.utils.logger')
097.846  000.411  000.411: require('neotree-fs-refactor.utils.path')
098.558  000.690  000.690: require('neotree-fs-refactor.refactor.require_finder')
099.569  000.976  000.976: require('neotree-fs-refactor.refactor.file_updater')
100.317  000.726  000.726: require('neotree-fs-refactor.utils.notify')
100.452  005.113  002.003: require('neotree-fs-refactor.init')
100.495  005.410  000.297: sourcing B:/repos/neotree-fs-refactor.nvim/plugin/init.lua
100.554  005.876  000.466: sourcing nvim_exec2() called at C:\Users\Bernhard\AppData\Local\nvim\init.lua:0
100.595  000.009  000.009: sourcing nvim_exec2() called at C:\Users\Bernhard\AppData\Local\nvim\init.lua:0
100.777  000.006  000.006: sourcing nvim_exec2() called at C:\Users\Bernhard\AppData\Local\nvim\init.lua:0
101.372  000.573  000.573: require('neotree-fs-refactor')
101.769  000.385  000.385: require('lib.fs.ignore.list')
103.868  000.118  000.118: sourcing C:/Users/Bernhard/AppData/Local/nvim-data/lazy/plenary.nvim/plugin/plenary.vim
103.898  000.406  000.288: sourcing nvim_exec2() called at C:\Users\Bernhard\AppData\Local\nvim\init.lua:0
103.921  000.003  000.003: sourcing nvim_exec2() called at C:\Users\Bernhard\AppData\Local\nvim\init.lua:0
103.986  000.003  000.003: sourcing nvim_exec2() called at C:\Users\Bernhard\AppData\Local\nvim\init.lua:0
104.112  000.004  000.004: sourcing nvim_exec2() called at C:\Users\Bernhard\AppData\Local\nvim\init.lua:0
104.204  000.004  000.004: sourcing nvim_exec2() called at C:\Users\Bernhard\AppData\Local\nvim\init.lua:0
106.623  000.344  000.344: require('cmdlog.config')
106.636  002.421  002.077: require('cmdlog')
108.602  000.368  000.368: require('plenary.bit')
108.964  000.344  000.344: require('plenary.functional')
109.013  001.189  000.476: require('plenary.path')
109.025  001.575  000.387: require('cmdlog.core.favorites')
109.498  000.467  000.467: require('cmdlog.core.history')
109.884  000.373  000.373: require('cmdlog.core.utils')
110.306  000.410  000.410: require('cmdlog.ui.picker_utils')
110.318  003.291  000.466: require('cmdlog.ui.history_picker')
110.650  000.325  000.325: require('cmdlog.ui.history_unique_picker')
111.196  000.527  000.527: require('cmdlog.ui.favorites_picker')
112.043  000.419  000.419: require('cmdlog.core.shell')
112.071  000.864  000.445: require('cmdlog.ui.all_picker')
112.479  000.404  000.404: require('cmdlog.ui.all_unique_picker')
112.888  000.395  000.395: require('cmdlog.ui.shell_picker')
113.267  000.371  000.371: require('cmdlog.ui.shell_unique_picker')
113.276  006.629  000.453: require('cmdlog.ui.picker')
113.492  000.009  000.009: sourcing nvim_exec2() called at C:\Users\Bernhard\AppData\Local\nvim\init.lua:0
113.545  000.003  000.003: sourcing nvim_exec2() called at C:\Users\Bernhard\AppData\Local\nvim\init.lua:0
115.364  000.010  000.010: sourcing nvim_exec2() called at C:\Users\Bernhard\AppData\Local\nvim\init.lua:0
115.459  000.004  000.004: sourcing nvim_exec2() called at C:\Users\Bernhard\AppData\Local\nvim\init.lua:0
118.743  000.182  000.182: require('wkdnvchad')
119.213  000.232  000.232: require('lib.lazy')
119.488  000.262  000.262: require('custom.functions.buf_win_tabs.move_buffer_to_tab')
120.016  000.285  000.285: require('nvchad.tabufline')
120.032  000.534  000.249: require('wkdnvchad.mappings.tabufline')
120.375  000.334  000.334: require('lib.map')
120.386  001.630  000.269: require('wkdnvchad.mappings')
121.006  000.294  000.294: require('wkdnvchad.usrcmd.themes')
121.024  000.595  000.301: require('wkdnvchad.usrcmd')
121.283  000.229  000.229: require('wkdnvchad.config')
121.480  000.190  000.190: require('wkdnvchad.config.base46')
121.890  000.219  000.219: require('wkdnvchad.ui.statusline.cursor_ctl.renderer')
122.090  000.190  000.190: require('wkdnvchad.ui.statusline.cursor_ctl.progress_calculators')
122.309  000.211  000.211: require('wkdnvchad.ui.statusline.modules.highlighting')
122.531  000.213  000.213: require('wkdnvchad.ui.statusline.modules.lsp')
122.745  000.206  000.206: require('wkdnvchad.ui.statusline.cursor_ctl')
122.754  001.267  000.228: require('wkdnvchad.config.statusline.custom')
122.759  004.442  000.349: require('chadrc')
122.885  004.869  000.427: require('nvconfig')
123.171  000.267  000.267: require('nvchad.stl.utils')
123.438  000.242  000.242: require('nvchad.tabufline.lazyload')
123.451  007.975  002.597: require('nvchad')
123.633  000.008  000.008: sourcing nvim_exec2() called at C:\Users\Bernhard\AppData\Local\nvim\init.lua:0
123.674  000.003  000.003: sourcing nvim_exec2() called at C:\Users\Bernhard\AppData\Local\nvim\init.lua:0
123.897  000.214  000.214: require('config.harpoon.hardening')
126.107  000.188  000.188: require('harpoon.autocmd')
126.120  000.403  000.215: require('harpoon.buffer')
126.453  000.163  000.163: require('harpoon.utils')
126.463  000.339  000.176: require('harpoon.logger')
126.674  000.207  000.207: require('harpoon.extensions')
126.683  002.777  001.828: require('harpoon.ui')
127.118  000.188  000.188: require('config.harpoon.utils.normkey')
127.317  000.189  000.189: require('config.harpoon.utils.sanitize')
127.325  000.618  000.241: require('config.harpoon.persist_paths')
127.547  000.201  000.201: require('config.harpoon.preview')
128.038  000.260  000.260: require('vim.health')
128.046  000.457  000.197: require('config.harpoon.health')
129.874  000.008  000.008: sourcing nvim_exec2() called at C:\Users\Bernhard\AppData\Local\nvim\init.lua:0
129.922  000.003  000.003: sourcing nvim_exec2() called at C:\Users\Bernhard\AppData\Local\nvim\init.lua:0
132.131  000.014  000.014: sourcing nvim_exec2() called at C:\Users\Bernhard\AppData\Local\nvim\init.lua:0
132.193  000.004  000.004: sourcing nvim_exec2() called at C:\Users\Bernhard\AppData\Local\nvim\init.lua:0
135.051  000.225  000.225: sourcing C:/Users/Bernhard/AppData/Local/nvim-data/lazy/neo-tree-tests-source.nvim/plugin/neo-tree-tests-source.lua
135.079  000.486  000.261: sourcing nvim_exec2() called at C:\Users\Bernhard\AppData\Local\nvim\init.lua:0
135.095  000.004  000.004: sourcing nvim_exec2() called at C:\Users\Bernhard\AppData\Local\nvim\init.lua:0
135.139  000.003  000.003: sourcing nvim_exec2() called at C:\Users\Bernhard\AppData\Local\nvim\init.lua:0
137.034  000.006  000.006: sourcing nvim_exec2() called at C:\Users\Bernhard\AppData\Local\nvim\init.lua:0
137.075  000.003  000.003: sourcing nvim_exec2() called at C:\Users\Bernhard\AppData\Local\nvim\init.lua:0
137.659  000.260  000.260: sourcing C:/Users/Bernhard/AppData/Local/nvim-data/lazy/neo-tree.nvim/plugin/neo-tree.lua
137.684  000.503  000.243: sourcing nvim_exec2() called at C:\Users\Bernhard\AppData\Local\nvim\init.lua:0
137.774  000.004  000.004: sourcing nvim_exec2() called at C:\Users\Bernhard\AppData\Local\nvim\init.lua:0
137.825  000.003  000.003: sourcing nvim_exec2() called at C:\Users\Bernhard\AppData\Local\nvim\init.lua:0
140.973  000.247  000.247: require('netman.tools.compat')
142.443  000.284  000.284: require('netman.tools.utils.logger')
155.108  000.333  000.333: require('netman.tools.shell')
615.452  475.003  474.139: require('netman.tools.utils')
616.702  000.412  000.412: require('netman.tools.options')
617.107  000.388  000.388: require('netman.tools.cache')
617.457  000.329  000.329: require('netman.tools.utils.provider_validator')
617.817  000.347  000.347: require('netman.tools.parsers.json')
618.125  000.297  000.297: require('netman.tools.configuration')
618.900  000.308  000.308: require('netman.providers')
633.090  014.180  014.180: require('netman.providers.ssh')
640.702  000.088  000.088: sourcing C:/Users/Bernhard/AppData/Local/nvim-data/lazy/nvim-web-devicons/plugin/nvim-web-devicons.vim
640.733  000.376  000.288: sourcing nvim_exec2() called at C:\Users\Bernhard\AppData\Local\nvim\init.lua:0
640.751  000.003  000.003: sourcing nvim_exec2() called at C:\Users\Bernhard\AppData\Local\nvim\init.lua:0
640.805  000.003  000.003: sourcing nvim_exec2() called at C:\Users\Bernhard\AppData\Local\nvim\init.lua:0
641.364  000.306  000.306: require('nvchad.icons.devicons')
644.175  000.316  000.316: require('nvim-web-devicons.filetypes')
644.258  000.049  000.049: require('vim.F')
645.519  000.940  000.940: require('nvim-web-devicons.default.icons_by_filename')
647.632  002.097  002.097: require('nvim-web-devicons.default.icons_by_file_extension')
648.101  000.448  000.448: require('nvim-web-devicons.default.icons_by_operating_system')
648.358  000.245  000.245: require('nvim-web-devicons.default.icons_by_desktop_environment')
648.592  000.223  000.223: require('nvim-web-devicons.default.icons_by_window_manager')
648.601  004.323  000.371: require('nvim-web-devicons.icons-default')
648.914  007.537  002.849: require('nvim-web-devicons')
653.260  014.578  006.352: require('nvim-web-devicons')
653.288  015.301  000.724: require('netman.providers.docker')
657.178  041.713  010.150: require('netman.api')
657.742  519.907  003.191: require('netman')
668.865  000.531  000.531: require('neo-tree.log')
670.786  001.905  001.905: require('neo-tree.utils._compat')
670.830  003.235  000.798: require('neo-tree.utils')
671.765  000.204  000.204: require('nui.object')
672.454  000.217  000.217: require('vim.version')
673.788  001.779  001.562: require('nui.utils')
673.857  002.082  000.303: require('nui.text')
673.889  002.547  000.262: require('nui.line')
674.402  000.198  000.198: require('nui.tree.util')
674.419  000.525  000.327: require('nui.tree')
674.837  000.178  000.178: require('nui.utils.buf_storage')
675.067  000.223  000.223: require('nui.utils.autocmd')
675.258  000.184  000.184: require('nui.utils.keymap')
675.620  000.177  000.177: require('nui.layout.utils')
675.628  000.364  000.186: require('nui.split.utils')
675.642  001.219  000.271: require('nui.split')
676.196  000.329  000.329: require('nui.popup.border')
676.212  000.566  000.237: require('nui.popup')
676.644  000.428  000.428: require('neo-tree.ui.highlights')
677.276  000.312  000.312: require('neo-tree')
677.288  000.638  000.326: require('neo-tree.ui.popups')
678.299  000.310  000.310: require('neo-tree.collections')
678.622  000.311  000.311: require('neo-tree.health.typecheck')
678.631  000.952  000.332: require('neo-tree.events.queue')
678.638  001.345  000.393: require('neo-tree.events')
678.935  000.293  000.293: require('neo-tree.ui.windows')
678.961  008.127  000.564: require('neo-tree.ui.renderer')
680.651  000.229  000.229: require('plenary.compat')
680.673  000.523  000.294: require('plenary.job')
680.682  000.949  000.426: require('neo-tree.sources.filesystem.lib.filter_external')
682.007  000.494  000.494: require('neo-tree.sources.filesystem.lib.globtopattern')
682.029  000.953  000.458: require('neo-tree.sources.common.file-nesting')
682.040  001.354  000.401: require('neo-tree.sources.common.file-items')
683.729  000.390  000.390: require('neo-tree.git.utils')
683.740  000.795  000.405: require('neo-tree.git.status')
684.159  000.414  000.414: require('neo-tree.git.ignored')
684.168  001.646  000.437: require('neo-tree.git')
684.182  002.137  000.491: require('neo-tree.sources.filesystem.lib.fs_watch')
685.508  000.233  000.233: require('plenary.tbl')
685.523  000.449  000.216: require('plenary.vararg.rotate')
685.528  000.755  000.306: require('plenary.vararg')
685.723  000.191  000.191: require('plenary.errors')
685.734  001.249  000.303: require('plenary.async.async')
686.599  000.240  000.240: require('plenary.async.structs')
686.613  000.469  000.229: require('plenary.async.control')
686.624  000.682  000.214: require('plenary.async.util')
686.630  000.891  000.209: require('plenary.async.tests')
686.634  002.448  000.308: require('plenary.async')
687.438  000.417  000.417: require('neo-tree.sources.filesystem.lib.lua-glob')
687.450  000.812  000.395: require('neo-tree.sources.filesystem.lib.ignored')
687.472  008.142  000.443: require('neo-tree.sources.filesystem.lib.fs_scan')
688.129  000.311  000.311: require('nui.input')
688.137  000.660  000.349: require('neo-tree.ui.inputs')
688.158  009.193  000.390: require('neo-tree.sources.manager')
688.399  000.237  000.237: require('neo-tree.sources.diagnostics.lib.items')
688.607  000.201  000.201: require('neo-tree.sources.diagnostics.highlights')
688.829  000.215  000.215: require('neo-tree.sources.diagnostics.defaults')
688.840  021.678  000.470: require('neo-tree.sources.diagnostics')
689.078  000.231  000.231: require('config.neotree.event_handlers')
689.492  000.400  000.400: require('config.neotree')
689.753  000.236  000.236: require('config.neotree.actions.find_or_grep_menu')
690.865  000.217  000.217: sourcing C:/Users/Bernhard/AppData/Local/nvim-data/lazy/fzf-lua/plugin/fzf-lua.lua
690.889  000.504  000.287: sourcing nvim_exec2() called at C:\Users\Bernhard\AppData\Local\nvim\init.lua:0
690.903  000.004  000.004: sourcing nvim_exec2() called at C:\Users\Bernhard\AppData\Local\nvim\init.lua:0
690.949  000.003  000.003: sourcing nvim_exec2() called at C:\Users\Bernhard\AppData\Local\nvim\init.lua:0
696.510  001.310  001.310: require('vim.func')
697.024  000.380  000.380: require('vim.func._memoize')
697.045  002.721  001.031: require('fzf-lua.utils')
697.759  000.305  000.305: require('fzf-lua.lib.base64')
698.222  000.446  000.446: require('fzf-lua.lib.serpent')
698.237  001.188  000.437: require('fzf-lua.libuv')
698.255  004.411  000.502: require('fzf-lua.path')
699.131  000.458  000.458: require('fzf-lua.actions')
699.829  000.283  000.283: require('fzf-lua.class')
699.886  000.743  000.460: require('fzf-lua.devicons')
700.723  000.273  000.273: require('fzf-lua.previewer')
701.708  001.811  001.538: require('fzf-lua.defaults')
701.728  003.466  000.454: require('fzf-lua.config')
702.170  000.063  000.063: sourcing C:/Users/Bernhard/AppData/Local/nvim-data/lazy/fzf-lua/autoload/fzf_lua.vim
702.189  000.326  000.263: sourcing nvim_exec2() called at C:\Users\Bernhard\AppData\Local\nvim\init.lua:0
703.039  000.454  000.454: require('fzf-lua.win')
703.519  000.200  000.200: require('fzf-lua.fzf')
703.732  000.204  000.204: require('fzf-lua.shell')
703.746  000.698  000.294: require('fzf-lua.core')
704.060  000.259  000.259: require('fzf-lua.make_entry')
704.073  013.115  003.501: require('fzf-lua')
705.072  015.312  001.686: require('fzf-lua')
705.348  000.266  000.266: require('config.neotree.current_hl')
706.057  000.317  000.317: require('neo-tree.sources.common.container')
706.076  000.721  000.404: require('neo-tree.sources.common.components')
706.607  000.229  000.229: require('config.neotree.trash.commands')
706.841  000.201  000.201: require('config.neotree.open.keymaps.reveal_current_file')
707.118  000.219  000.219: require('config.neotree.open.keymaps.only_lhs')
708.116  000.284  000.284: sourcing C:/Users/Bernhard/AppData/Local/nvim-data/lazy/vim-startuptime/plugin/startuptime.vim
708.167  000.589  000.305: sourcing nvim_exec2() called at C:\Users\Bernhard\AppData\Local\nvim\init.lua:0
708.182  000.003  000.003: sourcing nvim_exec2() called at C:\Users\Bernhard\AppData\Local\nvim\init.lua:0
708.230  000.003  000.003: sourcing nvim_exec2() called at C:\Users\Bernhard\AppData\Local\nvim\init.lua:0
741.485  030.592  030.592: sourcing C:/Users/Bernhard/AppData/Local/nvim-data/lazy/vim-wakatime/plugin/wakatime.vim
741.519  030.853  000.261: sourcing nvim_exec2() called at C:\Users\Bernhard\AppData\Local\nvim\init.lua:0
741.541  000.003  000.003: sourcing nvim_exec2() called at C:\Users\Bernhard\AppData\Local\nvim\init.lua:0
741.595  000.003  000.003: sourcing nvim_exec2() called at C:\Users\Bernhard\AppData\Local\nvim\init.lua:0
743.936  000.008  000.008: sourcing nvim_exec2() called at C:\Users\Bernhard\AppData\Local\nvim\init.lua:0
743.979  000.003  000.003: sourcing nvim_exec2() called at C:\Users\Bernhard\AppData\Local\nvim\init.lua:0
746.563  002.574  002.574: require('trouble.config')
747.095  000.282  000.282: require('trouble.util')
747.111  000.518  000.236: require('trouble.config.highlights')
748.960  000.378  000.378: require('trouble.cache')
749.389  000.410  000.410: require('trouble.format')
749.639  000.235  000.235: require('trouble.view.indent')
749.848  000.201  000.201: require('trouble.view.text')
749.857  001.750  000.525: require('trouble.view.render')
749.862  002.293  000.544: require('trouble.view.preview')
749.867  002.577  000.284: require('trouble.view.main')
753.874  000.175  000.175: require('translate.util.utf8')
753.888  000.387  000.211: require('translate.util.util')
753.893  000.573  000.186: require('translate.preset.parse_before.natural')
754.098  000.201  000.201: require('translate.preset.parse_before.trim')
754.282  000.177  000.177: require('translate.preset.parse_before.concat')
754.481  000.192  000.192: require('translate.preset.parse_before.no_handle')
754.935  000.437  000.437: require('translate.preset.command.translate_shell')
755.638  000.302  000.302: require('translate.preset.command.deepl')
755.656  000.708  000.405: require('translate.preset.command.deepl_free')
755.923  000.259  000.259: require('translate.preset.command.deepl_pro')
756.148  000.217  000.217: require('translate.preset.command.google')
756.335  000.179  000.179: require('translate.preset.parse_after.oneline')
756.525  000.184  000.184: require('translate.preset.parse_after.head')
756.722  000.190  000.190: require('translate.preset.parse_after.rate')
756.952  000.223  000.223: require('translate.preset.parse_after.window')
757.152  000.188  000.188: require('translate.preset.parse_after.no_handle')
757.352  000.190  000.190: require('translate.preset.parse_after.translate_shell')
757.726  000.188  000.188: require('translate.preset.parse_after.deepl')
757.734  000.374  000.186: require('translate.preset.parse_after.deepl_free')
757.938  000.201  000.201: require('translate.preset.parse_after.deepl_pro')
758.124  000.179  000.179: require('translate.preset.parse_after.google')
758.314  000.183  000.183: require('translate.preset.output.floating')
758.518  000.197  000.197: require('translate.preset.output.split')
758.726  000.201  000.201: require('translate.preset.output.insert')
758.911  000.178  000.178: require('translate.preset.output.replace')
759.101  000.182  000.182: require('translate.preset.output.register')
759.121  006.006  000.394: require('translate.config')
759.315  000.189  000.189: require('translate.util.replace')
760.231  000.270  000.270: require('translate.kit.Lua.TreeSitter')
760.251  000.489  000.218: require('translate.util.context')
760.263  000.735  000.246: require('translate.util.comment')
760.268  000.946  000.211: require('translate.util.select')
760.496  000.225  000.225: require('translate.command')
760.520  009.949  002.584: require('translate')
760.549  010.162  000.212: sourcing C:/Users/Bernhard/AppData/Local/nvim-data/lazy/translate.nvim/plugin/translate.lua
760.622  010.464  000.302: sourcing nvim_exec2() called at C:\Users\Bernhard\AppData\Local\nvim\init.lua:0
760.657  000.009  000.009: sourcing nvim_exec2() called at C:\Users\Bernhard\AppData\Local\nvim\init.lua:0
760.783  000.004  000.004: sourcing nvim_exec2() called at C:\Users\Bernhard\AppData\Local\nvim\init.lua:0
762.270  000.829  000.829: require('config.translate.filter')
762.285  001.024  000.195: require('config.translate.replace')
762.294  001.228  000.204: require('config.translate.usercommands')
762.337  001.544  000.317: require('config.translate')
763.161  000.285  000.285: sourcing C:/Users/Bernhard/AppData/Local/nvim-data/lazy/nvim-puppeteer/plugin/puppeteer-autocmds.lua
763.186  000.555  000.270: sourcing nvim_exec2() called at C:\Users\Bernhard\AppData\Local\nvim\init.lua:0
763.203  000.003  000.003: sourcing nvim_exec2() called at C:\Users\Bernhard\AppData\Local\nvim\init.lua:0
763.249  000.003  000.003: sourcing nvim_exec2() called at C:\Users\Bernhard\AppData\Local\nvim\init.lua:0
766.202  000.088  000.088: sourcing C:/Users/Bernhard/AppData/Local/nvim-data/lazy/todo-comments.nvim/plugin/todo.vim
766.225  000.352  000.264: sourcing nvim_exec2() called at C:\Users\Bernhard\AppData\Local\nvim\init.lua:0
766.241  000.004  000.004: sourcing nvim_exec2() called at C:\Users\Bernhard\AppData\Local\nvim\init.lua:0
766.289  000.003  000.003: sourcing nvim_exec2() called at C:\Users\Bernhard\AppData\Local\nvim\init.lua:0
769.640  000.203  000.203: require('todo-comments.util')
769.657  000.486  000.283: require('todo-comments.config')
770.110  000.224  000.224: require('todo-comments.highlight')
770.117  000.456  000.232: require('todo-comments.jump')
770.122  003.788  002.847: require('todo-comments')
774.739  000.249  000.249: sourcing C:\Program Files\Neovim\share\nvim\runtime\plugin\matchparen.vim
775.484  000.322  000.322: sourcing C:\Users\Bernhard\AppData\Local\nvim-data\lazy\vim-matchup\autoload\matchup.vim
776.005  000.146  000.146: sourcing C:\Users\Bernhard\AppData\Local\nvim-data\lazy\vim-matchup\autoload\matchup\perf.vim
778.072  000.239  000.239: require('vim.treesitter.language')
778.122  000.527  000.288: require('vim.treesitter.query')
778.326  000.200  000.200: require('vim.treesitter._range')
778.350  001.022  000.295: require('vim.treesitter.languagetree')
778.361  001.264  000.242: require('vim.treesitter')
778.592  000.227  000.227: require('treesitter-matchup.third-party.ts-utils')
778.834  000.234  000.234: require('treesitter-matchup.third-party.lru')
779.062  000.221  000.221: require('treesitter-matchup.util')
779.083  002.364  000.418: require('treesitter-matchup.internal')
779.516  002.891  000.527: sourcing C:\Users\Bernhard\AppData\Local\nvim-data\lazy\vim-matchup\autoload\matchup\loader.vim
780.750  000.710  000.710: sourcing C:\Users\Bernhard\AppData\Local\nvim-data\lazy\vim-matchup\autoload\matchup\matchparen.vim
781.608  000.203  000.203: sourcing C:\Users\Bernhard\AppData\Local\nvim-data\lazy\vim-matchup\autoload\matchup\pos.vim
782.699  011.945  007.424: sourcing C:/Users/Bernhard/AppData/Local/nvim-data/lazy/vim-matchup/plugin/matchup.vim
782.730  012.362  000.417: sourcing nvim_exec2() called at C:\Users\Bernhard\AppData\Local\nvim\init.lua:0
782.749  000.003  000.003: sourcing nvim_exec2() called at C:\Users\Bernhard\AppData\Local\nvim\init.lua:0
782.852  000.003  000.003: sourcing nvim_exec2() called at C:\Users\Bernhard\AppData\Local\nvim\init.lua:0
783.230  000.316  000.316: require('match-up')
783.498  000.006  000.006: sourcing nvim_exec2() called at C:\Users\Bernhard\AppData\Local\nvim\init.lua:0
783.544  000.003  000.003: sourcing nvim_exec2() called at C:\Users\Bernhard\AppData\Local\nvim\init.lua:0
787.084  000.274  000.274: require('git-conflict.colors')
787.294  000.200  000.200: require('git-conflict.utils')
787.507  000.205  000.205: require('vim.deprecated.health')
787.834  000.216  000.216: require('vim.hl')
787.866  004.272  003.378: require('git-conflict')
793.017  000.406  000.406: require('vim.iter')
794.120  000.258  000.258: sourcing C:\Program Files\Neovim\share/nvim/runtime/plugin/editorconfig.lua
794.144  000.534  000.276: sourcing nvim_exec2() called at C:\Users\Bernhard\AppData\Local\nvim\init.lua:0
794.729  000.263  000.263: sourcing C:\Program Files\Neovim\share/nvim/runtime/plugin/man.lua
794.751  000.518  000.256: sourcing nvim_exec2() called at C:\Users\Bernhard\AppData\Local\nvim\init.lua:0
795.023  000.034  000.034: sourcing C:\Program Files\Neovim\share/nvim/runtime/plugin/matchparen.vim
795.045  000.279  000.244: sourcing nvim_exec2() called at C:\Users\Bernhard\AppData\Local\nvim\init.lua:0
795.475  000.205  000.205: sourcing C:\Program Files\Neovim\share/nvim/runtime/plugin/osc52.lua
795.512  000.457  000.251: sourcing nvim_exec2() called at C:\Users\Bernhard\AppData\Local\nvim\init.lua:0
795.853  000.099  000.099: sourcing C:\Program Files\Neovim\share/nvim/runtime/plugin/shada.vim
795.871  000.340  000.240: sourcing nvim_exec2() called at C:\Users\Bernhard\AppData\Local\nvim\init.lua:0
796.201  000.061  000.061: sourcing C:\Program Files\Neovim\share/nvim/runtime/plugin/spellfile.vim
796.219  000.335  000.274: sourcing nvim_exec2() called at C:\Users\Bernhard\AppData\Local\nvim\init.lua:0
797.913  000.393  000.393: require('lib')
797.933  000.661  000.268: require('system.env')
810.874  000.224  000.224: require('myoptions.set_diff_profile.profiles')
810.885  000.530  000.306: require('myoptions.set_diff_profile.selector')
821.205  013.135  012.605: require('options')
821.511  000.294  000.294: require('myoptions')
822.295  000.223  000.223: require('myoptions.@types.highlight')
822.334  000.531  000.307: require('myoptions.config')
822.774  000.224  000.224: require('myoptions.@types.skip')
822.788  000.450  000.226: require('myoptions.skip')
822.804  001.283  000.303: require('myoptions.Options_Cfg')
823.246  000.310  000.310: require('myoptions.commands')
823.618  000.271  000.271: require('lsp')
823.846  000.219  000.219: require('lsp.core.handlers')
824.056  000.201  000.201: require('lsp.core.filter')
824.825  000.366  000.366: require('vim.lsp.log')
825.572  000.738  000.738: require('vim.lsp.protocol')
826.128  000.545  000.545: require('vim.lsp.util')
826.725  000.290  000.290: require('vim.lsp.sync')
826.744  000.606  000.316: require('vim.lsp._changetracking')
827.394  000.353  000.353: require('vim.lsp._transport')
827.452  000.702  000.348: require('vim.lsp.rpc')
827.588  003.525  000.569: require('vim.lsp')
828.658  000.667  000.667: require('vim.lsp.completion')
828.882  001.285  000.619: require('vim.lsp.handlers')
829.240  000.350  000.350: require('lsp.core.diagnostics')
830.819  001.562  001.562: require('vim.diagnostic')
831.500  000.627  000.627: require('lsp.core.treesitter')
833.095  000.426  000.426: require('lsp.core.capabilities')
835.485  000.010  000.010: sourcing nvim_exec2() called at C:\Users\Bernhard\AppData\Local\nvim\init.lua:0
835.547  000.003  000.003: sourcing nvim_exec2() called at C:\Users\Bernhard\AppData\Local\nvim\init.lua:0
840.157  000.233  000.233: require('cmp_nvim_lsp.source')
840.170  003.835  003.602: require('cmp_nvim_lsp')
840.194  004.188  000.352: sourcing C:/Users/Bernhard/AppData/Local/nvim-data/lazy/cmp-nvim-lsp/after/plugin/cmp_nvim_lsp.lua
840.222  004.549  000.361: sourcing nvim_exec2() called at C:\Users\Bernhard\AppData\Local\nvim\init.lua:0
840.237  005.527  000.965: require('cmp_nvim_lsp')
841.082  000.229  000.229: require('lsp.core.attach')
841.323  000.233  000.233: require('lsp.formatter.init')
842.530  000.226  000.226: sourcing C:/Users/Bernhard/AppData/Local/nvim-data/lazy/conform.nvim/plugin/conform.lua
842.557  000.538  000.312: sourcing nvim_exec2() called at C:\Users\Bernhard\AppData\Local\nvim\init.lua:0
842.576  000.005  000.005: sourcing nvim_exec2() called at C:\Users\Bernhard\AppData\Local\nvim\init.lua:0
842.626  000.003  000.003: sourcing nvim_exec2() called at C:\Users\Bernhard\AppData\Local\nvim\init.lua:0
845.804  003.112  003.112: require('conform')
845.853  004.523  000.865: require('conform')
846.127  000.269  000.269: require('lsp.core.util')
846.433  000.299  000.299: require('lsp.formatter.conform')
867.217  000.489  000.489: require('lsp.usercmds.formatter')
867.731  000.421  000.421: require('lsp.usercmds')
868.158  000.313  000.313: require('lsp.core.registry')
868.528  000.357  000.357: require('lsp.languages')
868.777  000.236  000.236: require('lsp.languages.markdown')
869.042  000.215  000.215: require('lsp.languages.shell')
884.699  000.215  000.215: require('lsp.servers.bashls')
901.127  000.271  000.271: require('lsp.servers.lua_ls.ignore')
902.091  000.722  000.722: require('lib.fs.is_subpath')
902.183  001.045  000.323: require('lsp.servers.lua_ls.rootresolver')
902.192  001.641  000.326: require('lsp.servers.lua_ls')
902.840  000.228  000.228: require('lsp.servers.lua_ls.reload')
903.064  000.194  000.194: require('lsp.servers.ts_ls')
903.268  000.184  000.184: require('lsp.servers.gopls')
903.738  000.176  000.176: require('lsp.servers.marksman.config')
903.925  000.179  000.179: require('lsp.servers.marksman.diagnostics_handler')
904.307  000.198  000.198: require('lib.cross.fs._cwd')
904.314  000.383  000.185: require('lsp.servers.marksman.rootresolver')
904.319  001.035  000.297: require('lsp.servers.marksman')
904.505  000.180  000.180: require('lsp.servers.marksman.code_action_handler')
904.721  000.197  000.197: require('lsp.servers.html')
905.586  000.190  000.190: require('lsp.lspdoctor.@types')
905.839  000.188  000.188: require('lsp.lspdoctor.health')
906.032  000.186  000.186: require('lsp.lspdoctor.debug')
906.230  000.192  000.192: require('lsp.lspdoctor.inspect')
906.238  001.140  000.383: require('lsp.lspdoctor')
906.645  000.172  000.172: require('lsp.tools.eslint_prettier.core.find_root')
906.838  000.186  000.186: require('lsp.tools.eslint_prettier.core.check_config')
907.248  000.229  000.229: require('lsp.tools.eslint_prettier.eslint')
907.255  000.410  000.181: require('lsp.tools.eslint_prettier.eslint.fix')
907.642  000.204  000.204: require('lsp.tools.eslint_prettier.prettier')
907.649  000.390  000.186: require('lsp.tools.eslint_prettier.prettier.format')
907.849  000.197  000.197: require('lsp.tools.eslint_prettier.autocmds')
908.049  000.193  000.193: require('lsp.tools.eslint_prettier.usercmds')
908.056  001.797  000.248: require('lsp.tools.eslint_prettier')
908.704  000.189  000.189: require('lsp.tools.lsp_signature.open_floating_preview')
909.049  000.164  000.164: require('lsp.tools.lsp_signature.split_lines')
909.056  000.344  000.180: require('lsp.tools.lsp_signature.format_signature_help')
909.228  000.168  000.168: require('lsp.tools.lsp_signature.state')
909.597  000.173  000.173: require('lsp.tools.lsp_signature.utils.helper')
909.605  000.372  000.199: require('lsp.tools.lsp_signature.highlights.parameters')
909.987  000.177  000.177: require('lsp.tools.lsp_signature.format_hover')
909.994  000.385  000.208: require('lsp.tools.lsp_signature.show_hover')
910.188  000.190  000.190: require('lsp.tools.lsp_signature.fallback_providers')
910.221  000.015  000.015: sourcing nvim_exec2() called at C:\Users\Bernhard\AppData\Local\nvim\init.lua:0
910.233  000.004  000.004: sourcing nvim_exec2() called at C:\Users\Bernhard\AppData\Local\nvim\init.lua:0
910.242  000.003  000.003: sourcing nvim_exec2() called at C:\Users\Bernhard\AppData\Local\nvim\init.lua:0
910.250  000.004  000.004: sourcing nvim_exec2() called at C:\Users\Bernhard\AppData\Local\nvim\init.lua:0
910.259  000.004  000.004: sourcing nvim_exec2() called at C:\Users\Bernhard\AppData\Local\nvim\init.lua:0
910.263  001.931  000.255: require('lsp.tools.lsp_signature.request_and_show')
910.268  002.147  000.216: require('lsp.tools.lsp_signature')
910.494  000.203  000.203: require('lsp.tools.ts_type_lookup')
910.699  000.199  000.199: require('lsp.tools.ts_type_lookup.cmds')
919.218  000.214  000.214: require('nvim-treesitter.utils')
920.592  001.363  001.363: require('nvim-treesitter.parsers')
921.509  000.186  000.186: require('nvim-treesitter.compat')
921.911  000.203  000.203: require('nvim-treesitter.ts_utils')
921.922  000.403  000.200: require('nvim-treesitter.tsrange')
922.099  000.173  000.173: require('nvim-treesitter.caching')
922.112  001.032  000.270: require('nvim-treesitter.query')
922.161  001.316  000.284: require('nvim-treesitter.configs')
922.167  001.567  000.251: require('nvim-treesitter.info')
922.420  000.249  000.249: require('nvim-treesitter.shell_command_selectors')
922.448  003.724  000.331: require('nvim-treesitter.install')
922.698  000.246  000.246: require('nvim-treesitter.statusline')
922.930  000.225  000.225: require('nvim-treesitter.query_predicates')
922.939  007.626  003.431: require('nvim-treesitter')
923.654  008.620  000.994: sourcing C:/Users/Bernhard/AppData/Local/nvim-data/lazy/nvim-treesitter/plugin/nvim-treesitter.lua
923.684  008.926  000.307: sourcing nvim_exec2() called at C:\Users\Bernhard\AppData\Local\nvim\init.lua:0
923.700  000.003  000.003: sourcing nvim_exec2() called at C:\Users\Bernhard\AppData\Local\nvim\init.lua:0
923.755  000.003  000.003: sourcing nvim_exec2() called at C:\Users\Bernhard\AppData\Local\nvim\init.lua:0
924.456  000.650  000.650: require('nvchad.configs.treesitter')
924.841  000.369  000.369: require('config.treesitter.parser')
968.252  000.235  000.235: require('nvim-treesitter.highlight')
968.493  000.196  000.196: require('nvim-treesitter.indent')
971.699  000.009  000.009: sourcing nvim_exec2() called at C:\Users\Bernhard\AppData\Local\nvim\init.lua:0
971.754  000.003  000.003: sourcing nvim_exec2() called at C:\Users\Bernhard\AppData\Local\nvim\init.lua:0
971.835  000.003  000.003: sourcing nvim_exec2() called at C:\Users\Bernhard\AppData\Local\nvim\init.lua:0
971.871  000.003  000.003: sourcing nvim_exec2() called at C:\Users\Bernhard\AppData\Local\nvim\init.lua:0
975.432  000.007  000.007: sourcing nvim_exec2() called at C:\Users\Bernhard\AppData\Local\nvim\init.lua:0
975.475  000.003  000.003: sourcing nvim_exec2() called at C:\Users\Bernhard\AppData\Local\nvim\init.lua:0
976.207  000.367  000.367: sourcing C:/Users/Bernhard/AppData/Local/nvim-data/lazy/telescope.nvim/plugin/telescope.lua
976.234  000.631  000.264: sourcing nvim_exec2() called at C:\Users\Bernhard\AppData\Local\nvim\init.lua:0
976.249  000.004  000.004: sourcing nvim_exec2() called at C:\Users\Bernhard\AppData\Local\nvim\init.lua:0
976.309  000.004  000.004: sourcing nvim_exec2() called at C:\Users\Bernhard\AppData\Local\nvim\init.lua:0
977.560  000.189  000.189: require('plenary.strings')
978.524  000.489  000.489: require('plenary.log')
978.598  000.813  000.324: require('telescope.log')
979.509  000.379  000.379: require('telescope.state')
979.620  001.012  000.632: require('telescope.utils')
979.634  002.064  000.239: require('telescope.sorters')
983.103  005.980  003.727: require('telescope.config')
983.832  000.238  000.238: require('plenary.window.border')
984.057  000.216  000.216: require('plenary.window')
984.267  000.203  000.203: require('plenary.popup.utils')
984.282  001.163  000.505: require('plenary.popup')
984.572  000.284  000.284: require('telescope.pickers.scroller')
984.784  000.204  000.204: require('telescope.actions.state')
985.019  000.227  000.227: require('telescope.actions.utils')
985.739  000.314  000.314: require('telescope.actions.mt')
985.774  000.745  000.431: require('telescope.actions.set')
986.340  000.262  000.262: require('telescope.config.resolve')
986.353  000.572  000.310: require('telescope.pickers.entry_display')
986.601  000.241  000.241: require('telescope.from_entry')
987.012  010.217  000.800: require('telescope.actions')
987.024  010.647  000.430: require('nvchad.configs.telescope')
987.770  000.311  000.311: require('config.telescope.history')
993.568  000.488  000.488: require('telescope.actions.history')
994.380  000.366  000.366: require('telescope._extensions')
994.393  000.808  000.442: require('telescope')
994.397  006.428  005.133: require('telescope._extensions.smart_history')
994.402  006.621  000.193: require('config.telescope.history.keymaps')
994.597  000.191  000.191: require('config.telescope.file_browser.keymaps')
994.797  000.194  000.194: require('config.telescope.ui.hl_selection')
995.024  000.221  000.221: require('config.telescope.open_background')
995.487  000.231  000.231: require('config.telescope.actions.create_file')
995.736  000.241  000.241: require('config.telescope.actions.open_badd')
995.744  000.713  000.241: require('config.telescope.actions')
995.752  008.720  000.468: require('config.telescope')
996.329  000.165  000.165: require('sqlite.utils')
996.341  000.374  000.209: require('sqlite.database')
996.345  000.555  000.180: require('sqlite')
997.110  000.214  000.214: require('config.telescope.keymaps')
1000.618  000.381  000.381: require('telescope.debounce')
1000.986  000.355  000.355: require('telescope.mappings')
1001.365  000.362  000.362: require('telescope.pickers.highlights')
1001.666  000.293  000.293: require('telescope.pickers.window')
1001.965  000.292  000.292: require('telescope.pickers.layout')
1002.581  000.322  000.322: require('telescope.algos.linked_list')
1002.589  000.618  000.296: require('telescope.entry_manager')
1002.875  000.282  000.282: require('telescope.pickers.multi')
1002.898  003.188  000.605: require('telescope.pickers')
1003.679  000.471  000.471: require('telescope.make_entry')
1004.032  000.345  000.345: require('telescope.finders.async_static_finder')
1005.692  000.319  000.319: require('plenary.class')
1005.790  001.071  000.752: require('telescope._')
1005.798  001.754  000.684: require('telescope.finders.async_oneshot_finder')
1006.232  000.430  000.430: require('telescope.finders.async_job_finder')
1006.252  003.350  000.350: require('telescope.finders')
1007.062  000.395  000.395: require('telescope.previewers.previewer')
1007.902  000.437  000.437: require('telescope.previewers.utils')
1023.940  016.868  016.431: require('telescope.previewers.term_previewer')
1042.222  018.269  018.269: require('telescope.previewers.buffer_previewer')
1042.240  035.983  000.450: require('telescope.previewers')
1042.255  043.293  000.773: require('telescope._extensions.themes')
1043.112  000.848  000.848: require('telescope._extensions.terms')
1044.579  133.549  058.226: require('telescope')
1044.596  133.820  000.271: require('lsp.tools.ts_type_lookup.ts_telescope_picker')
1045.014  000.394  000.394: require('lsp.tools.ts_type_lookup.noice_integration')
1045.529  000.227  000.227: require('lsp.tools.deprecated_help.lsp_common')
1045.979  000.219  000.219: require('lsp.tools.deprecated_help.helper')
1046.236  000.248  000.248: require('lsp.tools.deprecated_help.lsp.lua_ls.catch')
1046.454  000.209  000.209: require('lsp.tools.deprecated_help.lsp.lua_ls.diagnostic')
1046.693  000.231  000.231: require('lsp.tools.deprecated_help.defaults')
1046.701  001.162  000.254: require('lsp.tools.deprecated_help.lsp.lua_ls.lua_ls')
1046.923  000.218  000.218: require('lsp.tools.deprecated_help.lsp.lua_ls.publish_diagnostics')
1046.933  001.909  000.302: require('lsp.tools.deprecated_help')
1047.641  000.230  000.230: require('lsp.diagnostics.util')
1048.083  000.427  000.427: require('lsp.diagnostics.loclist')
1048.490  000.393  000.393: require('lsp.diagnostics.quickfix')
1048.507  001.334  000.285: require('lsp.diagnostics.commands')
1048.922  000.408  000.408: require('lsp.diagnostics.keymaps')
1048.940  001.999  000.256: require('lsp.diagnostics')
1049.908  000.320  000.320: require('autocmds.auto-center-fexplorer')
1050.530  000.239  000.239: require('autocmds.general.helpers')
1050.910  000.365  000.365: require('autocmds.general.gofile_cases')
1051.390  000.465  000.465: require('autocmds.general.gofile_logger')
1051.822  000.415  000.415: require('autocmds.general.defaults')
1051.838  001.879  000.395: require('autocmds.general')
1052.447  000.444  000.444: require('autocmds.git')
1052.771  000.287  000.287: require('autocmds.git.conflicts_qf')
1053.081  000.273  000.273: require('autocmds.git.commit_ft')
1053.379  000.271  000.271: require('autocmds.git.conflict_marks')
1053.688  000.276  000.276: require('autocmds.git.gitsigns_refresh')
1053.977  000.256  000.256: require('autocmds.git.blame_on_hold')
1055.396  001.407  001.407: require('autocmds.git.line_diff_on_hold')
1055.844  000.378  000.378: require('autocmds.terminals')
1056.333  000.354  000.354: require('autocmds.text')
1056.506  007.467  001.321: require('autocmds')
1057.186  000.323  000.323: require('custom.commands_keymaps')
1057.685  000.483  000.483: require('custom.commands_keymaps.delete_current_file')
1058.178  000.481  000.481: require('custom.insert')
1058.549  000.347  000.347: require('custom.insert.filepath.core')
1058.881  000.305  000.305: require('custom.insert.annotation.core')
1059.260  000.345  000.345: require('custom.insert.timestamp.core')
1059.560  000.285  000.285: require('custom.insert.uuid.core')
1059.964  000.391  000.391: require('custom.insert.boilerplate.core')
1060.542  000.544  000.544: require('custom.format')
1061.008  000.429  000.429: require('custom.format.column_align.core')
1061.634  000.600  000.600: require('custom.format.table')
1062.589  000.925  000.925: require('custom.format.text_width')
1063.241  000.626  000.626: require('custom.format.filter_lines')
1063.908  000.640  000.640: require('custom.format.additional_features')
1065.022  001.018  001.018: require('custom.format.markdown')
1066.114  000.768  000.768: require('custom.format.markdown.headlines.separators')
1067.206  000.439  000.439: require('custom.lua_project_file_stats.utils')
1067.618  000.396  000.396: require('custom.lua_project_file_stats.prints')
1067.975  000.344  000.344: require('custom.lua_project_file_stats.misc_files')
1068.000  001.820  000.642: require('custom.lua_project_file_stats')
1068.397  000.390  000.390: require('custom.lua_project_file_stats.usercommands')
1068.928  000.469  000.469: require('custom.function_index')
1069.290  000.343  000.343: require('custom.function_index.user_actions')
1069.735  000.431  000.431: require('custom.function_index.user_actions.usercommands')
1070.557  000.371  000.371: require('custom.recommender.rendering')
1070.903  000.332  000.332: require('custom.recommender.keymaps')
1071.183  000.268  000.268: require('custom.recommender.custom_aliases')
1071.436  000.242  000.242: require('custom.recommender.blacklist')
1071.729  000.283  000.283: require('custom.recommender.regex')
1071.986  000.247  000.247: require('custom.recommender.treesitter')
1071.997  002.206  000.462: require('custom.recommender')
1072.618  000.402  000.402: require('custom.filecycle')
1073.213  000.271  000.271: require('custom.filecycle.@types')
1073.695  000.460  000.460: require('custom.filecycle.core')
1073.710  001.076  000.345: require('custom.filecycle.keymaps')
1074.079  000.299  000.299: require('custom.filecycle.usercommands')
1074.769  000.277  000.277: require('custom.find_config.config.defaults')
1074.789  000.664  000.387: require('custom.find_config')
1075.405  000.290  000.290: require('custom.find_config.core')
1075.425  000.621  000.331: require('custom.find_config.engines.telescope')
1076.087  000.264  000.264: require('custom.markdown.config')
1076.379  000.275  000.275: require('custom.markdown.core.fold')
1076.680  000.289  000.289: require('custom.markdown.core.headings')
1076.995  000.306  000.306: require('custom.markdown.core.wrap')
1077.279  000.274  000.274: require('custom.markdown.setup.autocmds')
1077.555  000.267  000.267: require('custom.markdown.tableview')
1078.508  000.630  000.630: require('custom.markdown.tableview.parser')
1078.533  000.968  000.337: require('custom.markdown.tableview.live')
1079.219  000.680  000.680: require('custom.markdown.fenced_fix')
1079.363  003.876  000.553: require('custom.markdown')
1079.938  000.487  000.487: require('custom.markdown.tableview.autocmds')
1080.728  000.727  000.727: require('custom.pathprobe')
1084.017  000.647  000.647: require('custom.repo_pickers.@types.aliases')
1084.037  001.409  000.762: require('custom.repo_pickers.@types.types')
1084.058  002.444  001.035: require('custom.repo_pickers.config')
1085.980  000.668  000.668: require('custom.repo_pickers.fs')
1086.527  000.530  000.530: require('custom.repo_pickers.dispatch')
1086.545  001.860  000.662: require('custom.repo_pickers.actions')
1087.672  000.616  000.616: require('custom.repo_pickers.select.vim_select')
1088.090  000.402  000.402: require('custom.repo_pickers.select.telescope')
1088.654  000.551  000.551: require('custom.repo_pickers.select.fzf')
1088.669  002.117  000.548: require('custom.repo_pickers.select.router')
1088.677  004.612  000.635: require('custom.repo_pickers.register')
1088.705  007.882  000.826: require('custom.repo_pickers')
1091.623  000.409  000.409: require('custom.pathfinder.notifier')
1091.638  000.974  000.565: require('custom.pathfinder.util')
1091.654  001.636  000.662: require('custom.pathfinder.finder')
1093.441  000.367  000.367: require('custom.pathfinder.extractor.terminators')
1093.460  000.880  000.513: require('custom.pathfinder.extractor.helpers')
1093.791  000.325  000.325: require('custom.pathfinder.extractor.common_extensions')
1093.824  001.693  000.488: require('custom.pathfinder.extractor.find')
1093.832  002.174  000.481: require('custom.pathfinder.extractor')
1093.840  004.357  000.546: require('custom.pathfinder.commands')
1093.847  004.974  000.618: require('custom.pathfinder')
1094.323  000.416  000.416: require('custom.line_marker')
1094.388  037.873  002.279: require('custom')
1095.651  000.266  000.266: require('custom.mynotes.core')
1095.669  000.577  000.311: require('custom.mynotes.register')
1095.730  000.924  000.347: require('custom.mynotes.specs.checklists')
1096.087  000.349  000.349: require('custom.mynotes.specs.notes')
1096.361  000.264  000.264: require('custom.mynotes.specs.notes_lua')
1096.624  000.256  000.256: require('custom.mynotes.specs.notes_nvim')
1096.853  000.223  000.223: require('custom.mynotes.specs.wkdbook')
1097.085  000.224  000.224: require('custom.mynotes.specs.wkdbook_lua')
1097.399  000.308  000.308: require('custom.mynotes.specs.wkdbook_nvim')
1097.410  003.014  000.467: require('custom.mynotes')
1098.162  000.373  000.373: require('sessions.autocmds')
1098.701  000.521  000.521: require('sessions.usercmds')
1099.258  000.515  000.515: require('sessions.keymaps')
1099.277  001.860  000.451: require('sessions')
1100.343  000.426  000.426: require('usrcmds.copy')
1100.972  000.248  000.248: require('usrcmds.gather.@types')
1100.985  000.606  000.358: require('usrcmds.gather')
1101.288  000.281  000.281: require('usrcmds.compress_dir')
1101.531  000.229  000.229: require('usrcmds.diff')
1101.871  000.331  000.331: require('usrcmds.diff.diff_origin')
1102.143  000.250  000.250: require('usrcmds.fileinfo')
1102.481  000.310  000.310: require('usrcmds.project_tree')
1102.837  000.304  000.304: require('usrcmds.newfile')
1103.168  000.286  000.286: require('usrcmds.migrate')
1103.904  000.235  000.235: require('usrcmds.migrate.common.@types')
1103.919  000.493  000.258: require('usrcmds.migrate.common.command')
1104.137  000.215  000.215: require('usrcmds.migrate.common.picker')
1104.345  000.200  000.200: require('usrcmds.migrate.common.buffer')
1104.353  001.176  000.268: require('usrcmds.migrate.opt')
1105.127  000.261  000.261: require('usrcmds.migrate.notify.parser.aliases')
1105.372  000.231  000.231: require('usrcmds.migrate.notify.parser.patterns')
1105.671  000.288  000.288: require('usrcmds.migrate.notify.parser.extractor')
1105.938  000.256  000.256: require('usrcmds.migrate.notify.parser.migrator')
1105.949  001.330  000.295: require('usrcmds.migrate.notify.parser')
1106.504  000.260  000.260: require('usrcmds.migrate.notify.refactor.import')
1106.750  000.235  000.235: require('usrcmds.migrate.notify.refactor.cleanup')
1106.997  000.236  000.236: require('usrcmds.migrate.notify.refactor.apply')
1107.009  001.054  000.323: require('usrcmds.migrate.notify.refactor')
1107.023  002.651  000.267: require('usrcmds.migrate.notify')
1107.838  000.752  000.752: require('usrcmds.reload')
1108.273  000.396  000.396: require('usrcmds.search_all_drives')
1108.625  000.312  000.312: require('usrcmds.system_find')
1108.943  000.298  000.298: require('usrcmds.update_repos')
1109.330  000.357  000.357: require('usrcmds.uv_doc')
1109.394  009.878  000.913: require('usrcmds')
1109.719  000.317  000.317: require('wkddap')
1109.980  000.236  000.236: require('wkddap.core')
1110.212  000.187  000.187: require('wkddap.core.setup')
1115.021  000.012  000.012: sourcing nvim_exec2() called at C:\Users\Bernhard\AppData\Local\nvim\init.lua:0
1115.089  000.005  000.005: sourcing nvim_exec2() called at C:\Users\Bernhard\AppData\Local\nvim\init.lua:0
1116.020  000.384  000.384: sourcing C:/Users/Bernhard/AppData/Local/nvim-data/lazy/nvim-dap/plugin/dap.lua
1116.058  000.758  000.374: sourcing nvim_exec2() called at C:\Users\Bernhard\AppData\Local\nvim\init.lua:0
1116.085  000.008  000.008: sourcing nvim_exec2() called at C:\Users\Bernhard\AppData\Local\nvim\init.lua:0
1116.161  000.004  000.004: sourcing nvim_exec2() called at C:\Users\Bernhard\AppData\Local\nvim\init.lua:0
1120.970  000.309  000.309: require('dap.utils')
1121.048  004.821  004.511: require('dap')
1121.391  000.312  000.312: require('osv')
1122.375  012.155  006.236: require('dap')
1122.647  000.259  000.259: require('wkddap.core.capabilities')
1126.968  000.007  000.007: sourcing nvim_exec2() called at C:\Users\Bernhard\AppData\Local\nvim\init.lua:0
1127.014  000.003  000.003: sourcing nvim_exec2() called at C:\Users\Bernhard\AppData\Local\nvim\init.lua:0
1127.094  000.003  000.003: sourcing nvim_exec2() called at C:\Users\Bernhard\AppData\Local\nvim\init.lua:0
1127.130  000.003  000.003: sourcing nvim_exec2() called at C:\Users\Bernhard\AppData\Local\nvim\init.lua:0
1133.410  000.262  000.262: require('nio.tasks')
1133.699  000.272  000.272: require('nio.control')
1134.052  000.342  000.342: require('nio.uv')
1134.289  000.228  000.228: require('nio.tests')
1134.705  000.212  000.212: require('vim.ui')
1134.717  000.419  000.208: require('nio.ui')
1135.082  000.181  000.181: require('nio.streams')
1135.089  000.369  000.188: require('nio.file')
1135.716  000.259  000.259: require('nio.util')
1136.014  000.740  000.481: require('nio.logger')
1136.051  000.959  000.219: require('nio.lsp')
1136.272  000.216  000.216: require('nio.process')
1136.287  003.429  000.363: require('nio')
1137.263  000.026  000.026: sourcing nvim_exec2() called at C:\Users\Bernhard\AppData\Local\nvim\init.lua:0
1137.276  000.231  000.205: require('dapui.config.highlights')
1137.323  000.036  000.036: sourcing nvim_exec2() called at C:\Users\Bernhard\AppData\Local\nvim\init.lua:0
1137.382  000.618  000.350: require('dapui.config')
1137.391  000.858  000.240: require('dapui.util')
1137.620  000.225  000.225: require('dapui.windows.layout')
1137.632  001.340  000.257: require('dapui.windows')
1137.886  000.250  000.250: require('dapui.controls')
1137.901  010.732  005.713: require('dapui')
1138.088  000.037  000.037: sourcing nvim_exec2() called at C:\Users\Bernhard\AppData\Local\nvim\init.lua:0
1138.636  000.224  000.224: require('dapui.client.types')
1138.649  000.508  000.284: require('dapui.client')
1138.861  000.207  000.207: require('dap.breakpoints')
1139.073  000.193  000.193: require('dapui.client.lib')
1139.728  000.438  000.438: require('dapui.render.canvas')
1139.740  000.650  000.211: require('dapui.elements.breakpoints')
1140.223  000.460  000.460: require('dapui.components.breakpoints')
1141.034  000.601  000.601: require('dapui.elements.repl')
1141.397  000.351  000.351: require('dapui.elements.scopes')
1141.625  000.202  000.202: require('dapui.components.scopes')
1141.833  000.201  000.201: require('dapui.components.variables')
1142.034  000.183  000.183: require('dapui.elements.stacks')
1142.428  000.203  000.203: require('dapui.components.frames')
1142.435  000.382  000.179: require('dapui.components.threads')
1142.625  000.170  000.170: require('dapui.elements.watches')
1142.818  000.177  000.177: require('dapui.components.watches')
1142.999  000.165  000.165: require('dapui.elements.hover')
1143.193  000.169  000.169: require('dapui.components.hover')
1143.373  000.171  000.171: require('dapui.elements.console')
1143.516  020.858  005.283: require('dapui')
1144.172  000.009  000.009: sourcing nvim_exec2() called at C:\Users\Bernhard\AppData\Local\nvim\init.lua:0
1144.219  000.003  000.003: sourcing nvim_exec2() called at C:\Users\Bernhard\AppData\Local\nvim\init.lua:0
1148.471  004.068  004.068: require('nvim-dap-virtual-text')
1148.522  000.016  000.016: sourcing nvim_exec2() called at C:\Users\Bernhard\AppData\Local\nvim\init.lua:0
1148.556  000.024  000.024: sourcing nvim_exec2() called at C:\Users\Bernhard\AppData\Local\nvim\init.lua:0
1148.574  005.053  000.931: require('nvim-dap-virtual-text')
1148.817  000.237  000.237: require('wkddap.core.state')
1149.045  000.220  000.220: require('wkddap.adapters')
1149.427  000.204  000.204: require('wkddap.config')
1149.659  000.224  000.224: require('wkddap.utils.notify')
1149.669  000.616  000.189: require('wkddap.registry')
1149.847  000.172  000.172: require('wkddap.adapters.lua')
1150.361  000.169  000.169: require('wkddap.adapters.go')
1151.189  000.191  000.191: require('wkddap.adapters.python')
1152.045  000.195  000.195: require('wkddap.adapters.javascript')
1152.603  000.217  000.217: require('wkddap.configurations')
1152.800  000.186  000.186: require('wkddap.configurations.lua')
1153.018  000.206  000.206: require('wkddap.configurations.go')
1153.208  000.181  000.181: require('wkddap.configurations.python')
1153.398  000.182  000.182: require('wkddap.configurations.javascript')
1153.574  000.169  000.169: require('wkddap.utils.validation')
1153.775  000.193  000.193: require('wkddap.ui')
1154.915  000.190  000.190: require('wkddap.ui.highlights')
1155.114  000.175  000.175: require('wkddap.ui.dapui')
1155.270  000.061  000.061: sourcing nvim_exec2() called at C:\Users\Bernhard\AppData\Local\nvim\init.lua:0
1156.393  000.382  000.382: require('editorconfig')
1169.457  005.634  005.634: require('mdlinks.commands')
1169.494  006.013  000.378: sourcing C:/Users/Bernhard/AppData/Local/nvim-data/lazy/mdlinks/plugin/mdlinks.lua
1169.519  006.411  000.399: sourcing nvim_exec2() called at FileType Autocommands for "*":0
1169.799  000.221  000.221: require('mdlinks.config')
1179.096  000.154  000.154: sourcing C:\Users\Bernhard\AppData\Local\nvim-data\lazy\vim-matchup\autoload\matchup\ts_engine.vim
1184.741  000.103  000.103: sourcing C:\Users\Bernhard\AppData\Local\nvim-data\lazy\vim-matchup\autoload\matchup\re.vim
1192.354  000.456  000.456: require('dap.ui')
1192.451  001.105  000.649: require('dap.repl')
1272.474  005.613  005.613: require('gitsigns')
1278.636  000.467  000.467: require('gitsigns.highlight')
1278.901  000.228  000.228: require('gitsigns.debug.log')
1279.174  000.265  000.265: require('gitsigns.config')
1280.033  000.205  000.205: require('gitsigns.async')
1280.528  000.255  000.255: require('gitsigns.util')
1280.547  000.501  000.246: require('gitsigns.hunks')
1281.005  000.191  000.191: require('gitsigns.diff')
1281.365  000.346  000.346: require('gitsigns.signs')
1281.775  000.396  000.396: require('gitsigns.status')
1282.067  000.279  000.279: require('gitsigns.debounce')
1282.431  000.350  000.350: require('gitsigns.cache')
1282.472  001.919  000.357: require('gitsigns.manager')
1282.854  000.377  000.377: require('gitsigns.message')
1283.206  000.333  000.333: require('gitsigns.repeat')
1283.251  003.680  000.345: require('gitsigns.actions')
1284.531  000.263  000.263: require('gitsigns.system')
1284.549  000.541  000.278: require('gitsigns.git.cmd')
1284.833  000.275  000.275: require('gitsigns.git.errors')
1285.264  000.416  000.416: require('gitsigns.git.repo.watcher')
1285.665  000.387  000.387: require('gitsigns.git.version')
1285.690  001.935  000.316: require('gitsigns.git.repo')
1285.702  002.184  000.248: require('gitsigns.git')
1285.717  002.460  000.276: require('gitsigns.attach')
1286.166  000.389  000.389: require('gitsigns.current_line_blame')
1286.316  019.725  006.624: sourcing C:/Users/Bernhard/AppData/Local/nvim-data/lazy/gitsigns.nvim/plugin/gitsigns.lua
1286.357  020.162  000.437: sourcing nvim_exec2() called at BufEnter Autocommands for "*":0
1286.383  000.007  000.007: sourcing nvim_exec2() called at BufEnter Autocommands for "*":0
1286.448  000.004  000.004: sourcing nvim_exec2() called at BufEnter Autocommands for "*":0
1287.106  000.563  000.563: require('nvchad.configs.gitsigns')
1293.984  028.728  007.992: require('gitsigns')
1295.685  000.092  000.092: sourcing C:\Users\Bernhard\AppData\Local\nvim-data\lazy\nvim-treesitter\autoload\nvim_treesitter.vim
1296.018  000.273  000.273: require('nvim-treesitter.fold')
1363.610  000.270  000.270: require('wkddap.commands')
1363.837  000.215  000.215: require('wkddap.commands.autocmds')
1364.027  000.168  000.168: require('wkddap.commands.usercmds')
1364.268  000.219  000.219: require('system.rpc_pipe')
1365.091  000.267  000.267: require('debugging')
1365.594  000.241  000.241: require('debugging.views.@types')
1365.940  000.334  000.334: require('debugging.views.capture')
1366.572  000.265  000.265: require('debugging.views.utils')
1366.589  000.636  000.371: require('debugging.views.display')
1366.849  000.254  000.254: require('debugging.views.keymaps')
1367.113  000.252  000.252: require('debugging.views.autocmds')
1367.127  002.022  000.305: require('debugging.views')
1367.256  1323.922  305.271: sourcing C:\Users\Bernhard\AppData\Local\nvim\init.lua
1367.324  002.405: sourcing vimrc file(s)
1369.706  000.227  000.227: sourcing C:\Program Files\Neovim\share\nvim\runtime\filetype.lua
1371.929  000.132  000.132: sourcing C:\Program Files\Neovim\share\nvim\runtime\syntax\synload.vim
1372.083  001.658  001.526: sourcing C:\Program Files\Neovim\share/nvim/runtime/syntax/syntax.vim
1372.115  002.906: inits 3
1376.097  003.982: reading ShaDa
1377.178  001.081: opening buffers
1377.888  000.710: BufEnter autocommands
1377.896  000.007: editing files in windows
1378.046  000.150: --- NVIM STARTED ---

