--- Startup times for process: Primary (or UI client) ---

times in msec
 clock   self+sourced   self:  sourced script
 clock   elapsed:              other lines

000.007  000.007: --- NVIM STARTING ---
000.057  000.050: event init
000.199  000.142: early init
023.128  022.929: locale set
023.175  000.047: init first window
023.970  000.795: inits 1
024.076  000.106: window checked
024.083  000.007: parsing arguments
025.435  000.439  000.439: require('vim.shared')
026.259  000.205  000.205: require('vim.inspect')
026.593  000.317  000.317: require('vim._options')
026.599  001.154  000.632: require('vim._editor')
026.603  001.722  000.129: require('vim._init_packages')
026.613  000.808: init lua interpreter
037.394  010.781: nvim_ui_attach
037.742  000.348: nvim_set_client_info
037.751  000.009: --- NVIM STARTED ---

--- Startup times for process: Embedded ---

times in msec
 clock   self+sourced   self:  sourced script
 clock   elapsed:              other lines

000.007  000.007: --- NVIM STARTING ---
000.214  000.207: event init
000.417  000.203: early init
027.178  026.761: locale set
027.235  000.057: init first window
027.991  000.756: inits 1
028.085  000.094: window checked
028.097  000.013: parsing arguments
029.546  000.450  000.450: require('vim.shared')
030.438  000.233  000.233: require('vim.inspect')
030.784  000.309  000.309: require('vim._options')
030.793  001.235  000.693: require('vim._editor')
030.797  001.810  000.124: require('vim._init_packages')
030.807  000.899: init lua interpreter
031.132  000.325: expanding arguments
031.167  000.035: inits 2
031.501  000.334: init highlight
031.506  000.005: waiting for UI
031.620  000.114: done waiting for UI
031.627  000.007: clear screen
032.273  000.047  000.047: require('vim.keymap')
033.171  000.170  000.170: sourcing nvim_exec2()
043.016  011.382  011.165: require('vim._defaults')
043.032  000.023: init default mappings & autocommands
044.901  000.108  000.108: sourcing C:\Program Files\Neovim\share\nvim\runtime\ftplugin.vim
045.333  000.086  000.086: sourcing C:\Program Files\Neovim\share\nvim\runtime\indent.vim
046.700  000.374  000.374: require('vim.fs')
047.264  000.545  000.545: require('vim.uri')
047.337  001.290  000.371: require('vim.loader')
049.617  002.024  002.024: require('config.lazy')
050.005  000.373  000.373: require('lazy')
050.058  000.024  000.024: require('ffi')
050.383  000.314  000.314: require('lazy.stats')
051.101  000.377  000.377: require('lazy.core.util')
051.525  000.407  000.407: require('lazy.core.config')
052.348  000.465  000.465: require('lazy.core.handler')
053.299  000.281  000.281: require('lazy.pkg')
053.321  000.597  000.315: require('lazy.core.meta')
053.334  000.971  000.374: require('lazy.core.plugin')
053.346  001.806  000.370: require('lazy.core.loader')
054.101  000.271  000.271: require('lazy.core.fragments')
061.599  000.214  000.214: require('config.fzf.keymaps')
061.804  000.193  000.193: require('config.fzf.fzf_opts')
062.015  000.204  000.204: require('config.fzf.grep')
062.509  000.283  000.283: require('lib.fs.path_shorten')
062.522  000.499  000.216: require('config.fzf.files')
062.785  000.258  000.258: require('config.fzf.actions.wrapped')
062.794  001.687  000.318: require('config.fzf')
065.742  000.272  000.272: require('config.neotree.utils')
066.020  000.265  000.265: require('config.neotree.watcher_quarantine')
066.029  000.905  000.367: require('config.neotree.keymaps')
066.224  000.190  000.190: require('config.neotree.keymaps.buffers')
066.442  000.211  000.211: require('config.neotree.keymaps.document_symbols')
067.232  000.290  000.290: require('lib.notify.@types')
067.501  000.248  000.248: require('lib.notify.safe')
067.510  000.828  000.290: require('lib.notify')
067.727  000.211  000.211: require('config.neotree.utils.node')
069.096  000.301  000.301: require('config.neotree.helper.is_ignored_dir.ignored_dirs')
069.115  000.666  000.366: require('config.neotree.helper.is_ignored_dir')
069.123  000.933  000.267: require('config.neotree.utils.tree')
069.128  001.392  000.459: require('config.neotree.actions.copy.entries')
069.423  000.290  000.290: require('config.neotree.actions.copy.folders')
069.684  000.252  000.252: require('config.neotree.actions.path.to_require')
069.987  000.295  000.295: require('config.neotree.actions.info.node')
070.609  000.315  000.315: require('config.neotree.utils.buffer')
070.622  000.623  000.307: require('config.neotree.actions.save.node_buffer')
071.021  000.394  000.394: require('config.neotree.actions.save.adjacent_buffer')
071.636  000.597  000.597: require('config.neotree.actions.grep_picker')
072.295  000.642  000.642: require('config.neotree.actions.traverse')
073.184  000.410  000.410: require('config.neotree.commands.get_telescope_opts')
073.555  000.353  000.353: require('config.neotree.commands.diff_files')
074.078  000.263  000.263: require('config.neotree.helper.renderer')
074.089  000.525  000.262: require('config.neotree.commands.mark')
074.417  000.324  000.324: require('config.neotree.commands.add')
074.431  002.117  000.505: require('config.neotree.commands')
074.968  000.247  000.247: require('config.neotree.trash.platform')
075.207  000.231  000.231: require('config.neotree.trash.validation.buffer_checker')
075.499  000.285  000.285: require('config.neotree.trash.confirmation')
076.570  000.470  000.470: require('config.neotree.safety.backup')
076.856  000.275  000.275: require('config.neotree.safety.operation_queue')
077.092  000.228  000.228: require('config.neotree.safety.dry_run')
077.300  000.201  000.201: require('config.neotree.safety.validation')
077.639  000.332  000.332: require('config.neotree.safety.recovery')
077.648  001.829  000.322: require('config.neotree.safety')
077.654  002.148  000.320: require('config.neotree.trash.operations')
077.661  003.225  000.315: require('config.neotree.trash')
077.937  000.273  000.273: require('config.neotree.undo')
078.334  000.373  000.373: require('config.neotree.actions.node_replace_buf')
078.355  011.904  000.393: require('config.neotree.keymaps.filesystem')
078.607  000.245  000.245: require('config.neotree.keymaps.git_status')
078.839  000.223  000.223: require('config.neotree.keymaps.tests')
079.059  000.210  000.210: require('config.neotree.keymaps.diagnostics')
081.570  000.250  000.250: require('config.noice')
082.059  000.245  000.245: require('config.todo_comments.keywords')
084.474  000.364  000.364: require('lazy.core.handler.keys')
085.070  000.574  000.574: require('lazy.core.handler.event')
085.431  000.344  000.344: require('lazy.core.handler.cmd')
085.735  000.287  000.287: require('lazy.core.handler.ft')
086.169  000.011  000.011: sourcing nvim_exec2() called at C:\Users\Bernhard\AppData\Local\nvim\init.lua:0
086.316  000.007  000.007: sourcing nvim_exec2() called at C:\Users\Bernhard\AppData\Local\nvim\init.lua:0
086.375  000.003  000.003: sourcing nvim_exec2() called at C:\Users\Bernhard\AppData\Local\nvim\init.lua:0
086.470  000.005  000.005: sourcing nvim_exec2() called at C:\Users\Bernhard\AppData\Local\nvim\init.lua:0
086.890  000.009  000.009: sourcing nvim_exec2() called at C:\Users\Bernhard\AppData\Local\nvim\init.lua:0
086.988  000.005  000.005: sourcing nvim_exec2() called at C:\Users\Bernhard\AppData\Local\nvim\init.lua:0
087.012  000.003  000.003: sourcing nvim_exec2() called at C:\Users\Bernhard\AppData\Local\nvim\init.lua:0
087.082  000.005  000.005: sourcing nvim_exec2() called at C:\Users\Bernhard\AppData\Local\nvim\init.lua:0
087.146  000.003  000.003: sourcing nvim_exec2() called at C:\Users\Bernhard\AppData\Local\nvim\init.lua:0
087.206  000.004  000.004: sourcing nvim_exec2() called at C:\Users\Bernhard\AppData\Local\nvim\init.lua:0
087.535  000.008  000.008: sourcing nvim_exec2() called at C:\Users\Bernhard\AppData\Local\nvim\init.lua:0
087.630  000.005  000.005: sourcing nvim_exec2() called at C:\Users\Bernhard\AppData\Local\nvim\init.lua:0
088.433  000.015  000.015: sourcing nvim_exec2() called at C:\Users\Bernhard\AppData\Local\nvim\init.lua:0
088.520  000.004  000.004: sourcing nvim_exec2() called at C:\Users\Bernhard\AppData\Local\nvim\init.lua:0
088.690  000.005  000.005: sourcing nvim_exec2() called at C:\Users\Bernhard\AppData\Local\nvim\init.lua:0
088.768  000.004  000.004: sourcing nvim_exec2() called at C:\Users\Bernhard\AppData\Local\nvim\init.lua:0
089.011  000.004  000.004: sourcing nvim_exec2() called at C:\Users\Bernhard\AppData\Local\nvim\init.lua:0
089.061  000.003  000.003: sourcing nvim_exec2() called at C:\Users\Bernhard\AppData\Local\nvim\init.lua:0
089.211  000.003  000.003: sourcing nvim_exec2() called at C:\Users\Bernhard\AppData\Local\nvim\init.lua:0
089.256  000.003  000.003: sourcing nvim_exec2() called at C:\Users\Bernhard\AppData\Local\nvim\init.lua:0
089.632  000.003  000.003: sourcing nvim_exec2() called at C:\Users\Bernhard\AppData\Local\nvim\init.lua:0
089.700  000.003  000.003: sourcing nvim_exec2() called at C:\Users\Bernhard\AppData\Local\nvim\init.lua:0
089.890  000.004  000.004: sourcing nvim_exec2() called at C:\Users\Bernhard\AppData\Local\nvim\init.lua:0
089.945  000.003  000.003: sourcing nvim_exec2() called at C:\Users\Bernhard\AppData\Local\nvim\init.lua:0
090.016  000.003  000.003: sourcing nvim_exec2() called at C:\Users\Bernhard\AppData\Local\nvim\init.lua:0
090.145  000.003  000.003: sourcing nvim_exec2() called at C:\Users\Bernhard\AppData\Local\nvim\init.lua:0
090.196  000.002  000.002: sourcing nvim_exec2() called at C:\Users\Bernhard\AppData\Local\nvim\init.lua:0
090.243  000.003  000.003: sourcing nvim_exec2() called at C:\Users\Bernhard\AppData\Local\nvim\init.lua:0
092.783  000.242  000.242: sourcing nvim_exec2() called at C:\Program Files\Neovim\share/nvim/runtime/filetype.lua:0
092.799  000.590  000.349: sourcing C:\Program Files\Neovim\share/nvim/runtime/filetype.lua
092.828  000.969  000.379: sourcing nvim_exec2() called at C:\Users\Bernhard\AppData\Local\nvim\init.lua:0
094.431  000.086  000.086: sourcing C:/Users/Bernhard/AppData/Local/nvim-data/lazy/nvim-web-devicons/plugin/nvim-web-devicons.vim
094.454  000.334  000.248: sourcing nvim_exec2() called at C:\Users\Bernhard\AppData\Local\nvim\init.lua:0
094.473  000.004  000.004: sourcing nvim_exec2() called at C:\Users\Bernhard\AppData\Local\nvim\init.lua:0
094.556  000.003  000.003: sourcing nvim_exec2() called at C:\Users\Bernhard\AppData\Local\nvim\init.lua:0
106.419  000.009  000.009: sourcing nvim_exec2() called at C:\Users\Bernhard\AppData\Local\nvim\init.lua:0
106.469  000.004  000.004: sourcing nvim_exec2() called at C:\Users\Bernhard\AppData\Local\nvim\init.lua:0
108.533  000.208  000.208: require('wkdnvchad')
109.001  000.231  000.231: require('lib.lazy')
109.233  000.223  000.223: require('custom.functions.buf_win_tabs.move_buffer_to_tab')
109.720  000.241  000.241: require('nvchad.tabufline')
109.728  000.488  000.246: require('wkdnvchad.mappings.tabufline')
110.132  000.395  000.395: require('lib.map')
110.153  001.611  000.274: require('wkdnvchad.mappings')
111.150  000.547  000.547: require('wkdnvchad.usrcmd.themes')
111.169  000.937  000.390: require('wkdnvchad.usrcmd')
111.630  000.440  000.440: require('wkdnvchad.config')
111.931  000.293  000.293: require('wkdnvchad.config.base46')
112.515  000.203  000.203: require('wkdnvchad.ui.statusline.cursor_ctl.renderer')
112.716  000.190  000.190: require('wkdnvchad.ui.statusline.cursor_ctl.progress_calculators')
112.934  000.209  000.209: require('wkdnvchad.ui.statusline.modules.highlighting')
113.161  000.220  000.220: require('wkdnvchad.ui.statusline.modules.lsp')
113.381  000.211  000.211: require('wkdnvchad.ui.statusline.cursor_ctl')
113.391  001.449  000.415: require('wkdnvchad.config.statusline.custom')
113.396  005.301  000.363: require('chadrc')
113.511  005.736  000.435: require('nvconfig')
113.775  000.251  000.251: require('nvchad.stl.utils')
114.044  000.246  000.246: require('nvchad.tabufline.lazyload')
114.056  007.572  001.339: require('nvchad')
114.251  019.199  011.615: require('nvchad.icons.devicons')
114.719  000.210  000.210: require('nvim-web-devicons.filetypes')
114.760  000.030  000.030: require('vim.F')
115.268  000.312  000.312: require('nvim-web-devicons.default.icons_by_filename')
115.764  000.489  000.489: require('nvim-web-devicons.default.icons_by_file_extension')
116.043  000.271  000.271: require('nvim-web-devicons.default.icons_by_operating_system')
116.246  000.195  000.195: require('nvim-web-devicons.default.icons_by_desktop_environment')
116.474  000.222  000.222: require('nvim-web-devicons.default.icons_by_window_manager')
116.484  001.713  000.225: require('nvim-web-devicons.icons-default')
116.773  002.514  000.561: require('nvim-web-devicons')
126.685  000.011  000.011: sourcing nvim_exec2() called at C:\Users\Bernhard\AppData\Local\nvim\init.lua:0
126.753  000.004  000.004: sourcing nvim_exec2() called at C:\Users\Bernhard\AppData\Local\nvim\init.lua:0
127.297  000.533  000.533: require('trouble.config')
127.951  000.240  000.240: require('trouble.util')
127.967  000.575  000.335: require('trouble.config.highlights')
128.890  000.186  000.186: require('trouble.cache')
129.147  000.246  000.246: require('trouble.format')
129.348  000.191  000.191: require('trouble.view.indent')
129.613  000.256  000.256: require('trouble.view.text')
129.623  001.139  000.260: require('trouble.view.render')
129.629  001.354  000.215: require('trouble.view.preview')
129.636  001.555  000.201: require('trouble.view.main')
130.419  000.272  000.272: sourcing C:/Users/Bernhard/AppData/Local/nvim-data/lazy/nvim-puppeteer/plugin/puppeteer-autocmds.lua
130.449  000.538  000.266: sourcing nvim_exec2() called at C:\Users\Bernhard\AppData\Local\nvim\init.lua:0
130.466  000.004  000.004: sourcing nvim_exec2() called at C:\Users\Bernhard\AppData\Local\nvim\init.lua:0
130.517  000.004  000.004: sourcing nvim_exec2() called at C:\Users\Bernhard\AppData\Local\nvim\init.lua:0
133.788  001.632  001.632: require('snacks')
133.810  001.852  000.220: sourcing C:/Users/Bernhard/AppData/Local/nvim-data/lazy/snacks.nvim/plugin/snacks.lua
133.867  002.124  000.271: sourcing nvim_exec2() called at C:\Users\Bernhard\AppData\Local\nvim\init.lua:0
133.912  000.012  000.012: sourcing nvim_exec2() called at C:\Users\Bernhard\AppData\Local\nvim\init.lua:0
134.001  000.006  000.006: sourcing nvim_exec2() called at C:\Users\Bernhard\AppData\Local\nvim\init.lua:0
136.569  000.082  000.082: sourcing C:/Users/Bernhard/AppData/Local/nvim-data/lazy/plenary.nvim/plugin/plenary.vim
136.593  000.341  000.259: sourcing nvim_exec2() called at C:\Users\Bernhard\AppData\Local\nvim\init.lua:0
136.609  000.003  000.003: sourcing nvim_exec2() called at C:\Users\Bernhard\AppData\Local\nvim\init.lua:0
136.664  000.003  000.003: sourcing nvim_exec2() called at C:\Users\Bernhard\AppData\Local\nvim\init.lua:0
137.045  000.066  000.066: sourcing C:/Users/Bernhard/AppData/Local/nvim-data/lazy/todo-comments.nvim/plugin/todo.vim
137.062  000.300  000.234: sourcing nvim_exec2() called at C:\Users\Bernhard\AppData\Local\nvim\init.lua:0
137.074  000.002  000.002: sourcing nvim_exec2() called at C:\Users\Bernhard\AppData\Local\nvim\init.lua:0
137.120  000.003  000.003: sourcing nvim_exec2() called at C:\Users\Bernhard\AppData\Local\nvim\init.lua:0
139.174  000.227  000.227: require('todo-comments.util')
139.202  000.485  000.259: require('todo-comments.config')
139.665  000.262  000.262: require('todo-comments.highlight')
139.677  000.471  000.209: require('todo-comments.jump')
139.682  002.492  001.536: require('todo-comments')
143.089  000.317  000.317: require('neotree-fs-refactor.utils.logger')
143.395  000.294  000.294: require('neotree-fs-refactor.utils.path')
143.667  000.264  000.264: require('neotree-fs-refactor.refactor.require_finder')
143.915  000.241  000.241: require('neotree-fs-refactor.refactor.file_updater')
144.181  000.260  000.260: require('neotree-fs-refactor.utils.notify')
144.306  003.571  002.195: require('neotree-fs-refactor.init')
144.329  003.861  000.290: sourcing B:/repos/neotree-fs-refactor.nvim/plugin/init.lua
144.353  004.252  000.391: sourcing nvim_exec2() called at C:\Users\Bernhard\AppData\Local\nvim\init.lua:0
144.372  000.006  000.006: sourcing nvim_exec2() called at C:\Users\Bernhard\AppData\Local\nvim\init.lua:0
144.463  000.003  000.003: sourcing nvim_exec2() called at C:\Users\Bernhard\AppData\Local\nvim\init.lua:0
144.745  000.271  000.271: require('neotree-fs-refactor')
145.024  000.273  000.273: require('lib.fs.ignore.list')
145.379  000.005  000.005: sourcing nvim_exec2() called at C:\Users\Bernhard\AppData\Local\nvim\init.lua:0
145.458  000.003  000.003: sourcing nvim_exec2() called at C:\Users\Bernhard\AppData\Local\nvim\init.lua:0
147.676  000.268  000.268: require('cmdlog.config')
147.686  002.218  001.950: require('cmdlog')
149.224  000.346  000.346: require('plenary.bit')
149.546  000.308  000.308: require('plenary.functional')
149.585  001.027  000.373: require('plenary.path')
149.596  001.314  000.287: require('cmdlog.core.favorites')
150.447  000.846  000.846: require('cmdlog.core.history')
150.970  000.505  000.505: require('cmdlog.core.utils')
151.632  000.545  000.545: require('cmdlog.ui.picker_utils')
151.657  003.680  000.471: require('cmdlog.ui.history_picker')
152.156  000.494  000.494: require('cmdlog.ui.history_unique_picker')
152.673  000.503  000.503: require('cmdlog.ui.favorites_picker')
153.694  000.564  000.564: require('cmdlog.core.shell')
153.730  001.044  000.480: require('cmdlog.ui.all_picker')
154.324  000.588  000.588: require('cmdlog.ui.all_unique_picker')
155.061  000.724  000.724: require('cmdlog.ui.shell_picker')
155.589  000.512  000.512: require('cmdlog.ui.shell_unique_picker')
155.600  007.904  000.360: require('cmdlog.ui.picker')
158.723  000.205  000.205: sourcing C:\Program Files\Neovim\share\nvim\runtime\plugin\matchparen.vim
159.448  000.295  000.295: sourcing C:\Users\Bernhard\AppData\Local\nvim-data\lazy\vim-matchup\autoload\matchup.vim
160.015  000.190  000.190: sourcing C:\Users\Bernhard\AppData\Local\nvim-data\lazy\vim-matchup\autoload\matchup\perf.vim
162.140  000.294  000.294: require('vim.treesitter.language')
162.428  000.272  000.272: require('vim.func')
162.677  000.236  000.236: require('vim.func._memoize')
162.730  001.103  000.302: require('vim.treesitter.query')
162.979  000.242  000.242: require('vim.treesitter._range')
163.010  001.612  000.266: require('vim.treesitter.languagetree')
163.025  001.830  000.218: require('vim.treesitter')
163.265  000.234  000.234: require('treesitter-matchup.third-party.ts-utils')
163.506  000.232  000.232: require('treesitter-matchup.third-party.lru')
163.755  000.231  000.231: require('treesitter-matchup.util')
163.774  003.052  000.525: require('treesitter-matchup.internal')
164.130  003.494  000.442: sourcing C:\Users\Bernhard\AppData\Local\nvim-data\lazy\vim-matchup\autoload\matchup\loader.vim
165.294  000.661  000.661: sourcing C:\Users\Bernhard\AppData\Local\nvim-data\lazy\vim-matchup\autoload\matchup\matchparen.vim
165.908  000.149  000.149: sourcing C:\Users\Bernhard\AppData\Local\nvim-data\lazy\vim-matchup\autoload\matchup\pos.vim
166.783  010.621  005.627: sourcing C:/Users/Bernhard/AppData/Local/nvim-data/lazy/vim-matchup/plugin/matchup.vim
166.807  010.873  000.252: sourcing nvim_exec2() called at C:\Users\Bernhard\AppData\Local\nvim\init.lua:0
166.828  000.003  000.003: sourcing nvim_exec2() called at C:\Users\Bernhard\AppData\Local\nvim\init.lua:0
166.897  000.004  000.004: sourcing nvim_exec2() called at C:\Users\Bernhard\AppData\Local\nvim\init.lua:0
167.926  000.882  000.882: require('match-up')
200.020  031.278  031.278: sourcing C:/Users/Bernhard/AppData/Local/nvim-data/lazy/vim-wakatime/plugin/wakatime.vim
200.046  031.671  000.393: sourcing nvim_exec2() called at C:\Users\Bernhard\AppData\Local\nvim\init.lua:0
200.089  000.004  000.004: sourcing nvim_exec2() called at C:\Users\Bernhard\AppData\Local\nvim\init.lua:0
200.155  000.004  000.004: sourcing nvim_exec2() called at C:\Users\Bernhard\AppData\Local\nvim\init.lua:0
202.279  000.008  000.008: sourcing nvim_exec2() called at C:\Users\Bernhard\AppData\Local\nvim\init.lua:0
202.325  000.003  000.003: sourcing nvim_exec2() called at C:\Users\Bernhard\AppData\Local\nvim\init.lua:0
202.588  000.255  000.255: require('config.harpoon.hardening')
205.756  000.212  000.212: require('harpoon.autocmd')
205.774  000.471  000.259: require('harpoon.buffer')
206.206  000.242  000.242: require('harpoon.utils')
206.218  000.438  000.196: require('harpoon.logger')
206.470  000.247  000.247: require('harpoon.extensions')
206.483  003.881  002.725: require('harpoon.ui')
206.901  000.187  000.187: require('config.harpoon.utils.normkey')
207.094  000.184  000.184: require('config.harpoon.utils.sanitize')
207.104  000.586  000.215: require('config.harpoon.persist_paths')
207.325  000.192  000.192: require('config.harpoon.preview')
207.796  000.214  000.214: require('vim.health')
207.807  000.428  000.214: require('config.harpoon.health')
209.997  000.008  000.008: sourcing nvim_exec2() called at C:\Users\Bernhard\AppData\Local\nvim\init.lua:0
210.040  000.003  000.003: sourcing nvim_exec2() called at C:\Users\Bernhard\AppData\Local\nvim\init.lua:0
212.117  000.006  000.006: sourcing nvim_exec2() called at C:\Users\Bernhard\AppData\Local\nvim\init.lua:0
212.159  000.003  000.003: sourcing nvim_exec2() called at C:\Users\Bernhard\AppData\Local\nvim\init.lua:0
215.333  000.241  000.241: sourcing C:/Users/Bernhard/AppData/Local/nvim-data/lazy/neo-tree-tests-source.nvim/plugin/neo-tree-tests-source.lua
215.365  000.591  000.350: sourcing nvim_exec2() called at C:\Users\Bernhard\AppData\Local\nvim\init.lua:0
215.385  000.005  000.005: sourcing nvim_exec2() called at C:\Users\Bernhard\AppData\Local\nvim\init.lua:0
215.443  000.004  000.004: sourcing nvim_exec2() called at C:\Users\Bernhard\AppData\Local\nvim\init.lua:0
218.232  000.011  000.011: sourcing nvim_exec2() called at C:\Users\Bernhard\AppData\Local\nvim\init.lua:0
218.291  000.004  000.004: sourcing nvim_exec2() called at C:\Users\Bernhard\AppData\Local\nvim\init.lua:0
219.071  000.327  000.327: sourcing C:/Users/Bernhard/AppData/Local/nvim-data/lazy/neo-tree.nvim/plugin/neo-tree.lua
219.104  000.677  000.350: sourcing nvim_exec2() called at C:\Users\Bernhard\AppData\Local\nvim\init.lua:0
219.144  000.005  000.005: sourcing nvim_exec2() called at C:\Users\Bernhard\AppData\Local\nvim\init.lua:0
219.222  000.004  000.004: sourcing nvim_exec2() called at C:\Users\Bernhard\AppData\Local\nvim\init.lua:0
223.600  000.380  000.380: require('netman.tools.compat')
225.291  000.357  000.357: require('netman.tools.utils.logger')
239.837  000.340  000.340: require('netman.tools.shell')
693.231  470.367  469.289: require('netman.tools.utils')
694.026  000.294  000.294: require('netman.tools.options')
694.391  000.348  000.348: require('netman.tools.cache')
694.752  000.327  000.327: require('netman.tools.utils.provider_validator')
695.068  000.303  000.303: require('netman.tools.parsers.json')
695.299  000.223  000.223: require('netman.tools.configuration')
695.954  000.222  000.222: require('netman.providers')
706.737  010.774  010.774: require('netman.providers.ssh')
710.860  000.620  000.620: require('netman.providers.docker')
721.254  028.010  014.899: require('netman.api')
721.829  502.591  004.214: require('netman')
725.583  000.724  000.724: require('neo-tree.log')
727.817  002.218  002.218: require('neo-tree.utils._compat')
727.874  003.671  000.730: require('neo-tree.utils')
729.083  000.259  000.259: require('nui.object')
729.916  000.288  000.288: require('vim.version')
731.506  002.149  001.860: require('nui.utils')
731.524  002.428  000.279: require('nui.text')
731.534  003.042  000.355: require('nui.line')
732.085  000.221  000.221: require('nui.tree.util')
732.145  000.607  000.386: require('nui.tree')
732.701  000.279  000.279: require('nui.utils.buf_storage')
733.072  000.358  000.358: require('nui.utils.autocmd')
733.300  000.219  000.219: require('nui.utils.keymap')
733.812  000.299  000.299: require('nui.layout.utils')
733.828  000.520  000.221: require('nui.split.utils')
733.869  001.720  000.343: require('nui.split')
734.704  000.494  000.494: require('nui.popup.border')
734.730  000.855  000.360: require('nui.popup')
735.227  000.493  000.493: require('neo-tree.ui.highlights')
735.996  000.354  000.354: require('neo-tree')
736.010  000.774  000.420: require('neo-tree.ui.popups')
737.372  000.567  000.567: require('neo-tree.collections')
737.849  000.466  000.466: require('neo-tree.health.typecheck')
737.864  001.449  000.416: require('neo-tree.events.queue')
737.881  001.867  000.418: require('neo-tree.events')
738.299  000.414  000.414: require('neo-tree.ui.windows')
738.355  010.476  000.706: require('neo-tree.ui.renderer')
741.173  000.210  000.210: require('plenary.compat')
741.199  000.527  000.317: require('plenary.job')
741.212  001.301  000.773: require('neo-tree.sources.filesystem.lib.filter_external')
742.206  000.305  000.305: require('neo-tree.sources.filesystem.lib.globtopattern')
742.220  000.644  000.339: require('neo-tree.sources.common.file-nesting')
742.227  001.009  000.365: require('neo-tree.sources.common.file-items')
743.483  000.284  000.284: require('neo-tree.git.utils')
743.527  000.643  000.360: require('neo-tree.git.status')
743.826  000.295  000.295: require('neo-tree.git.ignored')
743.833  001.276  000.337: require('neo-tree.git')
743.841  001.610  000.334: require('neo-tree.sources.filesystem.lib.fs_watch')
744.735  000.171  000.171: require('plenary.tbl')
744.745  000.341  000.170: require('plenary.vararg.rotate')
744.749  000.529  000.188: require('plenary.vararg')
744.920  000.168  000.168: require('plenary.errors')
744.929  000.879  000.182: require('plenary.async.async')
745.625  000.172  000.172: require('plenary.async.structs')
745.643  000.375  000.203: require('plenary.async.control')
745.653  000.553  000.178: require('plenary.async.util')
745.658  000.725  000.171: require('plenary.async.tests')
745.661  001.817  000.213: require('plenary.async')
746.331  000.327  000.327: require('neo-tree.sources.filesystem.lib.lua-glob')
746.340  000.674  000.347: require('neo-tree.sources.filesystem.lib.ignored')
746.349  007.416  001.005: require('neo-tree.sources.filesystem.lib.fs_scan')
746.860  000.210  000.210: require('nui.input')
746.868  000.514  000.304: require('neo-tree.ui.inputs')
746.884  008.525  000.595: require('neo-tree.sources.manager')
747.096  000.208  000.208: require('neo-tree.sources.diagnostics.lib.items')
747.292  000.188  000.188: require('neo-tree.sources.diagnostics.highlights')
747.513  000.213  000.213: require('neo-tree.sources.diagnostics.defaults')
747.525  023.701  000.419: require('neo-tree.sources.diagnostics')
747.768  000.237  000.237: require('config.neotree.event_handlers')
748.038  000.254  000.254: require('config.neotree')
748.338  000.263  000.263: require('config.neotree.actions.find_or_grep_menu')
749.520  000.248  000.248: sourcing C:/Users/Bernhard/AppData/Local/nvim-data/lazy/fzf-lua/plugin/fzf-lua.lua
749.549  000.525  000.278: sourcing nvim_exec2() called at C:\Users\Bernhard\AppData\Local\nvim\init.lua:0
749.567  000.005  000.005: sourcing nvim_exec2() called at C:\Users\Bernhard\AppData\Local\nvim\init.lua:0
749.617  000.003  000.003: sourcing nvim_exec2() called at C:\Users\Bernhard\AppData\Local\nvim\init.lua:0
753.453  000.367  000.367: require('fzf-lua.utils')
753.873  000.184  000.184: require('fzf-lua.lib.base64')
754.186  000.305  000.305: require('fzf-lua.lib.serpent')
754.196  000.732  000.242: require('fzf-lua.libuv')
754.206  001.394  000.295: require('fzf-lua.path')
754.754  000.280  000.280: require('fzf-lua.actions')
755.132  000.173  000.173: require('fzf-lua.class')
755.213  000.452  000.279: require('fzf-lua.devicons')
755.885  000.324  000.324: require('fzf-lua.previewer')
756.956  001.736  001.412: require('fzf-lua.defaults')
756.976  002.766  000.297: require('fzf-lua.config')
757.464  000.060  000.060: sourcing C:/Users/Bernhard/AppData/Local/nvim-data/lazy/fzf-lua/autoload/fzf_lua.vim
757.484  000.354  000.294: sourcing nvim_exec2() called at C:\Users\Bernhard\AppData\Local\nvim\init.lua:0
758.370  000.441  000.441: require('fzf-lua.win')
758.954  000.226  000.226: require('fzf-lua.fzf')
759.214  000.251  000.251: require('fzf-lua.shell')
759.233  000.853  000.376: require('fzf-lua.core')
759.502  000.255  000.255: require('fzf-lua.make_entry')
759.513  009.886  003.823: require('fzf-lua')
760.701  012.355  001.935: require('fzf-lua')
761.000  000.287  000.287: require('config.neotree.current_hl')
761.787  000.366  000.366: require('neo-tree.sources.common.container')
761.808  000.801  000.434: require('neo-tree.sources.common.components')
762.349  000.196  000.196: require('config.neotree.trash.commands')
762.560  000.187  000.187: require('config.neotree.open.keymaps.reveal_current_file')
762.782  000.200  000.200: require('config.neotree.open.keymaps.only_lhs')
767.950  000.525  000.525: require('translate.util.utf8')
767.976  001.393  000.868: require('translate.util.util')
767.990  001.587  000.194: require('translate.preset.parse_before.natural')
768.255  000.259  000.259: require('translate.preset.parse_before.trim')
768.459  000.196  000.196: require('translate.preset.parse_before.concat')
768.648  000.182  000.182: require('translate.preset.parse_before.no_handle')
768.909  000.255  000.255: require('translate.preset.command.translate_shell')
769.360  000.238  000.238: require('translate.preset.command.deepl')
769.372  000.456  000.218: require('translate.preset.command.deepl_free')
769.609  000.231  000.231: require('translate.preset.command.deepl_pro')
769.865  000.246  000.246: require('translate.preset.command.google')
770.135  000.258  000.258: require('translate.preset.parse_after.oneline')
770.346  000.202  000.202: require('translate.preset.parse_after.head')
770.541  000.188  000.188: require('translate.preset.parse_after.rate')
770.770  000.223  000.223: require('translate.preset.parse_after.window')
770.976  000.199  000.199: require('translate.preset.parse_after.no_handle')
771.169  000.186  000.186: require('translate.preset.parse_after.translate_shell')
771.559  000.191  000.191: require('translate.preset.parse_after.deepl')
771.566  000.389  000.198: require('translate.preset.parse_after.deepl_free')
771.758  000.188  000.188: require('translate.preset.parse_after.deepl_pro')
771.944  000.180  000.180: require('translate.preset.parse_after.google')
772.171  000.220  000.220: require('translate.preset.output.floating')
772.374  000.197  000.197: require('translate.preset.output.split')
772.564  000.184  000.184: require('translate.preset.output.insert')
772.763  000.193  000.193: require('translate.preset.output.replace')
772.982  000.212  000.212: require('translate.preset.output.register')
773.008  006.816  000.386: require('translate.config')
773.725  000.711  000.711: require('translate.util.replace')
774.937  000.370  000.370: require('translate.kit.Lua.TreeSitter')
774.951  000.653  000.283: require('translate.util.context')
774.961  000.950  000.296: require('translate.util.comment')
774.970  001.232  000.282: require('translate.util.select')
775.220  000.244  000.244: require('translate.command')
775.237  011.668  002.665: require('translate')
775.267  011.863  000.195: sourcing C:/Users/Bernhard/AppData/Local/nvim-data/lazy/translate.nvim/plugin/translate.lua
775.297  012.135  000.272: sourcing nvim_exec2() called at C:\Users\Bernhard\AppData\Local\nvim\init.lua:0
775.325  000.008  000.008: sourcing nvim_exec2() called at C:\Users\Bernhard\AppData\Local\nvim\init.lua:0
775.391  000.004  000.004: sourcing nvim_exec2() called at C:\Users\Bernhard\AppData\Local\nvim\init.lua:0
776.433  000.216  000.216: require('config.translate.filter')
776.445  000.469  000.253: require('config.translate.replace')
776.449  000.769  000.300: require('config.translate.usercommands')
776.498  001.093  000.324: require('config.translate')
776.732  000.007  000.007: sourcing nvim_exec2() called at C:\Users\Bernhard\AppData\Local\nvim\init.lua:0
776.775  000.003  000.003: sourcing nvim_exec2() called at C:\Users\Bernhard\AppData\Local\nvim\init.lua:0
779.400  000.007  000.007: sourcing nvim_exec2() called at C:\Users\Bernhard\AppData\Local\nvim\init.lua:0
779.446  000.003  000.003: sourcing nvim_exec2() called at C:\Users\Bernhard\AppData\Local\nvim\init.lua:0
783.120  000.412  000.412: require('git-conflict.colors')
783.498  000.360  000.360: require('git-conflict.utils')
783.881  000.370  000.370: require('vim.deprecated.health')
784.254  000.309  000.309: require('vim.hl')
784.289  004.780  003.329: require('git-conflict')
789.574  000.328  000.328: require('vim.iter')
790.749  000.294  000.294: sourcing C:/Users/Bernhard/AppData/Local/nvim-data/lazy/vim-startuptime/plugin/startuptime.vim
790.770  000.551  000.257: sourcing nvim_exec2() called at C:\Users\Bernhard\AppData\Local\nvim\init.lua:0
790.784  000.003  000.003: sourcing nvim_exec2() called at C:\Users\Bernhard\AppData\Local\nvim\init.lua:0
790.833  000.003  000.003: sourcing nvim_exec2() called at C:\Users\Bernhard\AppData\Local\nvim\init.lua:0
791.493  000.207  000.207: sourcing C:\Program Files\Neovim\share/nvim/runtime/plugin/editorconfig.lua
791.515  000.452  000.246: sourcing nvim_exec2() called at C:\Users\Bernhard\AppData\Local\nvim\init.lua:0
792.018  000.201  000.201: sourcing C:\Program Files\Neovim\share/nvim/runtime/plugin/man.lua
792.040  000.445  000.244: sourcing nvim_exec2() called at C:\Users\Bernhard\AppData\Local\nvim\init.lua:0
792.307  000.033  000.033: sourcing C:\Program Files\Neovim\share/nvim/runtime/plugin/matchparen.vim
792.325  000.270  000.237: sourcing nvim_exec2() called at C:\Users\Bernhard\AppData\Local\nvim\init.lua:0
792.809  000.256  000.256: sourcing C:\Program Files\Neovim\share/nvim/runtime/plugin/osc52.lua
792.845  000.509  000.254: sourcing nvim_exec2() called at C:\Users\Bernhard\AppData\Local\nvim\init.lua:0
793.440  000.188  000.188: sourcing C:\Program Files\Neovim\share/nvim/runtime/plugin/shada.vim
793.469  000.601  000.413: sourcing nvim_exec2() called at C:\Users\Bernhard\AppData\Local\nvim\init.lua:0
793.913  000.069  000.069: sourcing C:\Program Files\Neovim\share/nvim/runtime/plugin/spellfile.vim
793.939  000.447  000.378: sourcing nvim_exec2() called at C:\Users\Bernhard\AppData\Local\nvim\init.lua:0
795.682  000.277  000.277: require('lib')
795.694  000.599  000.322: require('system.env')
811.293  000.197  000.197: require('wkdoptions.set_diff_profile.profiles')
811.303  000.458  000.261: require('wkdoptions.set_diff_profile.selector')
821.415  015.391  014.934: require('options')
821.661  000.236  000.236: require('wkdoptions')
822.377  000.219  000.219: require('wkdoptions.@types.highlight')
822.416  000.511  000.292: require('wkdoptions.config')
822.816  000.183  000.183: require('wkdoptions.@types.skip')
822.824  000.403  000.220: require('wkdoptions.skip')
822.837  001.169  000.255: require('wkdoptions.Options_Cfg')
823.170  000.257  000.257: require('wkdoptions.commands')
823.488  000.219  000.219: require('lsp')
823.700  000.202  000.202: require('lsp.core.handlers')
823.900  000.193  000.193: require('lsp.core.filter')
824.706  000.457  000.457: require('vim.lsp.log')
826.265  001.550  001.550: require('vim.lsp.protocol')
827.479  001.201  001.201: require('vim.lsp.util')
828.684  000.313  000.313: require('vim.lsp.sync')
828.697  001.195  000.882: require('vim.lsp._changetracking')
829.129  000.218  000.218: require('vim.lsp._transport')
829.149  000.446  000.228: require('vim.lsp.rpc')
829.244  005.336  000.488: require('vim.lsp')
829.715  000.233  000.233: require('vim.lsp.completion')
829.780  000.530  000.297: require('vim.lsp.handlers')
830.059  000.273  000.273: require('lsp.core.diagnostics')
830.799  000.715  000.715: require('vim.diagnostic')
831.057  000.241  000.241: require('lsp.core.treesitter')
832.000  000.228  000.228: require('lsp.core.capabilities')
833.473  000.013  000.013: sourcing nvim_exec2() called at C:\Users\Bernhard\AppData\Local\nvim\init.lua:0
833.544  000.005  000.005: sourcing nvim_exec2() called at C:\Users\Bernhard\AppData\Local\nvim\init.lua:0
838.358  000.209  000.209: require('cmp_nvim_lsp.source')
838.369  003.892  003.683: require('cmp_nvim_lsp')
838.388  004.260  000.368: sourcing C:/Users/Bernhard/AppData/Local/nvim-data/lazy/cmp-nvim-lsp/after/plugin/cmp_nvim_lsp.lua
838.412  004.714  000.454: sourcing nvim_exec2() called at C:\Users\Bernhard\AppData\Local\nvim\init.lua:0
838.425  005.489  000.756: require('cmp_nvim_lsp')
839.177  000.210  000.210: require('lsp.core.attach')
839.527  000.338  000.338: require('lsp.formatter.init')
840.473  000.229  000.229: sourcing C:/Users/Bernhard/AppData/Local/nvim-data/lazy/conform.nvim/plugin/conform.lua
840.498  000.500  000.270: sourcing nvim_exec2() called at C:\Users\Bernhard\AppData\Local\nvim\init.lua:0
840.514  000.004  000.004: sourcing nvim_exec2() called at C:\Users\Bernhard\AppData\Local\nvim\init.lua:0
840.560  000.003  000.003: sourcing nvim_exec2() called at C:\Users\Bernhard\AppData\Local\nvim\init.lua:0
843.574  002.961  002.961: require('conform')
843.619  004.085  000.617: require('conform')
843.808  000.184  000.184: require('lsp.core.util')
844.013  000.198  000.198: require('lsp.formatter.conform')
860.543  000.235  000.235: require('lsp.usercmds.formatter')
860.833  000.242  000.242: require('lsp.usercmds')
861.073  000.180  000.180: require('lsp.core.registry')
861.324  000.244  000.244: require('lsp.languages')
861.529  000.197  000.197: require('lsp.languages.markdown')
861.753  000.182  000.182: require('lsp.languages.shell')
876.964  000.195  000.195: require('lsp.servers.bashls')
895.567  000.292  000.292: require('lsp.servers.lua_ls.ignore')
896.017  000.212  000.212: require('lib.fs.is_subpath')
896.025  000.445  000.232: require('lsp.servers.lua_ls.rootresolver')
896.030  001.064  000.328: require('lsp.servers.lua_ls')
896.552  000.200  000.200: require('lsp.servers.lua_ls.reload')
896.761  000.180  000.180: require('lsp.servers.ts_ls')
896.954  000.173  000.173: require('lsp.servers.gopls')
897.343  000.170  000.170: require('lsp.servers.marksman.config')
897.533  000.182  000.182: require('lsp.servers.marksman.diagnostics_handler')
897.902  000.191  000.191: require('lib.cross.fs._cwd')
897.909  000.369  000.179: require('lsp.servers.marksman.rootresolver')
897.913  000.942  000.220: require('lsp.servers.marksman')
898.084  000.166  000.166: require('lsp.servers.marksman.code_action_handler')
898.278  000.175  000.175: require('lsp.servers.html')
899.073  000.169  000.169: require('lsp.lspdoctor.@types')
899.261  000.173  000.173: require('lsp.lspdoctor.health')
899.457  000.190  000.190: require('lsp.lspdoctor.debug')
899.716  000.250  000.250: require('lsp.lspdoctor.inspect')
899.728  001.055  000.272: require('lsp.lspdoctor')
900.510  000.419  000.419: require('lsp.tools.eslint_prettier.core.find_root')
900.899  000.370  000.370: require('lsp.tools.eslint_prettier.core.check_config')
901.650  000.305  000.305: require('lsp.tools.eslint_prettier.eslint')
901.666  000.752  000.446: require('lsp.tools.eslint_prettier.eslint.fix')
902.231  000.287  000.287: require('lsp.tools.eslint_prettier.prettier')
902.245  000.571  000.284: require('lsp.tools.eslint_prettier.prettier.format')
902.538  000.287  000.287: require('lsp.tools.eslint_prettier.autocmds')
902.831  000.281  000.281: require('lsp.tools.eslint_prettier.usercmds')
902.843  003.089  000.409: require('lsp.tools.eslint_prettier')
903.728  000.250  000.250: require('lsp.tools.lsp_signature.open_floating_preview')
904.330  000.286  000.286: require('lsp.tools.lsp_signature.split_lines')
904.348  000.606  000.321: require('lsp.tools.lsp_signature.format_signature_help')
904.651  000.295  000.295: require('lsp.tools.lsp_signature.state')
905.172  000.250  000.250: require('lsp.tools.lsp_signature.utils.helper')
905.186  000.524  000.273: require('lsp.tools.lsp_signature.highlights.parameters')
905.701  000.224  000.224: require('lsp.tools.lsp_signature.format_hover')
905.714  000.521  000.298: require('lsp.tools.lsp_signature.show_hover')
905.996  000.276  000.276: require('lsp.tools.lsp_signature.fallback_providers')
906.121  000.099  000.099: sourcing nvim_exec2() called at C:\Users\Bernhard\AppData\Local\nvim\init.lua:0
906.144  000.006  000.006: sourcing nvim_exec2() called at C:\Users\Bernhard\AppData\Local\nvim\init.lua:0
906.155  000.004  000.004: sourcing nvim_exec2() called at C:\Users\Bernhard\AppData\Local\nvim\init.lua:0
906.164  000.004  000.004: sourcing nvim_exec2() called at C:\Users\Bernhard\AppData\Local\nvim\init.lua:0
906.173  000.004  000.004: sourcing nvim_exec2() called at C:\Users\Bernhard\AppData\Local\nvim\init.lua:0
906.178  002.950  000.360: require('lsp.tools.lsp_signature.request_and_show')
906.183  003.237  000.288: require('lsp.tools.lsp_signature')
906.590  000.314  000.314: require('lsp.tools.ts_type_lookup')
906.811  000.213  000.213: require('lsp.tools.ts_type_lookup.cmds')
916.970  000.395  000.395: require('nvim-treesitter.utils')
919.955  002.934  002.934: require('nvim-treesitter.parsers')
921.463  000.288  000.288: require('nvim-treesitter.compat')
922.019  000.277  000.277: require('nvim-treesitter.ts_utils')
922.050  000.568  000.290: require('nvim-treesitter.tsrange')
922.321  000.264  000.264: require('nvim-treesitter.caching')
922.364  001.526  000.407: require('nvim-treesitter.query')
922.495  002.047  000.520: require('nvim-treesitter.configs')
922.506  002.534  000.487: require('nvim-treesitter.info')
922.875  000.362  000.362: require('nvim-treesitter.shell_command_selectors')
922.920  006.697  000.472: require('nvim-treesitter.install')
923.255  000.326  000.326: require('nvim-treesitter.statusline')
923.618  000.350  000.350: require('nvim-treesitter.query_predicates')
923.635  011.995  004.622: require('nvim-treesitter')
925.051  013.708  001.713: sourcing C:/Users/Bernhard/AppData/Local/nvim-data/lazy/nvim-treesitter/plugin/nvim-treesitter.lua
925.122  014.148  000.440: sourcing nvim_exec2() called at C:\Users\Bernhard\AppData\Local\nvim\init.lua:0
925.176  000.007  000.007: sourcing nvim_exec2() called at C:\Users\Bernhard\AppData\Local\nvim\init.lua:0
925.293  000.005  000.005: sourcing nvim_exec2() called at C:\Users\Bernhard\AppData\Local\nvim\init.lua:0
926.440  000.998  000.998: require('nvchad.configs.treesitter')
926.834  000.372  000.372: require('config.treesitter.parser')
972.221  000.237  000.237: require('nvim-treesitter.highlight')
972.483  000.216  000.216: require('nvim-treesitter.indent')
975.736  000.008  000.008: sourcing nvim_exec2() called at C:\Users\Bernhard\AppData\Local\nvim\init.lua:0
975.778  000.003  000.003: sourcing nvim_exec2() called at C:\Users\Bernhard\AppData\Local\nvim\init.lua:0
975.871  000.004  000.004: sourcing nvim_exec2() called at C:\Users\Bernhard\AppData\Local\nvim\init.lua:0
975.906  000.003  000.003: sourcing nvim_exec2() called at C:\Users\Bernhard\AppData\Local\nvim\init.lua:0
978.917  000.007  000.007: sourcing nvim_exec2() called at C:\Users\Bernhard\AppData\Local\nvim\init.lua:0
978.958  000.003  000.003: sourcing nvim_exec2() called at C:\Users\Bernhard\AppData\Local\nvim\init.lua:0
979.718  000.373  000.373: sourcing C:/Users/Bernhard/AppData/Local/nvim-data/lazy/telescope.nvim/plugin/telescope.lua
979.744  000.647  000.274: sourcing nvim_exec2() called at C:\Users\Bernhard\AppData\Local\nvim\init.lua:0
979.759  000.004  000.004: sourcing nvim_exec2() called at C:\Users\Bernhard\AppData\Local\nvim\init.lua:0
979.816  000.004  000.004: sourcing nvim_exec2() called at C:\Users\Bernhard\AppData\Local\nvim\init.lua:0
981.502  000.262  000.262: require('plenary.strings')
982.352  000.386  000.386: require('plenary.log')
982.376  000.598  000.211: require('telescope.log')
982.870  000.187  000.187: require('telescope.state')
982.939  000.558  000.372: require('telescope.utils')
982.950  001.430  000.274: require('telescope.sorters')
984.711  003.773  002.080: require('telescope.config')
985.298  000.208  000.208: require('plenary.window.border')
985.519  000.205  000.205: require('plenary.window')
985.694  000.169  000.169: require('plenary.popup.utils')
985.703  000.980  000.398: require('plenary.popup')
985.882  000.175  000.175: require('telescope.pickers.scroller')
986.062  000.174  000.174: require('telescope.actions.state')
986.269  000.200  000.200: require('telescope.actions.utils')
986.673  000.180  000.180: require('telescope.actions.mt')
986.727  000.453  000.273: require('telescope.actions.set')
987.099  000.181  000.181: require('telescope.config.resolve')
987.107  000.375  000.194: require('telescope.pickers.entry_display')
987.317  000.206  000.206: require('telescope.from_entry')
987.538  007.224  000.888: require('telescope.actions')
987.546  007.637  000.413: require('nvchad.configs.telescope')
988.053  000.234  000.234: require('config.telescope.history')
992.690  000.493  000.493: require('telescope.actions.history')
993.524  000.414  000.414: require('telescope._extensions')
993.538  000.828  000.413: require('telescope')
993.545  005.307  003.986: require('telescope._extensions.smart_history')
993.552  005.490  000.182: require('config.telescope.history.keymaps')
993.794  000.237  000.237: require('config.telescope.file_browser.keymaps')
994.026  000.223  000.223: require('config.telescope.ui.hl_selection')
994.299  000.264  000.264: require('config.telescope.open_background')
994.855  000.273  000.273: require('config.telescope.actions.create_file')
995.296  000.432  000.432: require('config.telescope.actions.open_badd')
995.306  000.997  000.292: require('config.telescope.actions')
995.316  007.765  000.321: require('config.telescope')
995.999  000.214  000.214: require('sqlite.utils')
996.013  000.463  000.250: require('sqlite.database')
996.017  000.695  000.232: require('sqlite')
996.931  000.260  000.260: require('config.telescope.keymaps')
1001.055  001.077  001.077: require('telescope.debounce')
1003.041  001.966  001.966: require('telescope.mappings')
1004.034  000.951  000.951: require('telescope.pickers.highlights')
1004.809  000.756  000.756: require('telescope.pickers.window')
1005.499  000.654  000.654: require('telescope.pickers.layout')
1006.321  000.372  000.372: require('telescope.algos.linked_list')
1006.337  000.809  000.437: require('telescope.entry_manager')
1006.674  000.332  000.332: require('telescope.pickers.multi')
1006.709  007.432  000.885: require('telescope.pickers')
1007.807  000.750  000.750: require('telescope.make_entry')
1008.418  000.596  000.596: require('telescope.finders.async_static_finder')
1009.328  000.212  000.212: require('plenary.class')
1009.391  000.616  000.404: require('telescope._')
1009.397  000.967  000.351: require('telescope.finders.async_oneshot_finder')
1009.755  000.353  000.353: require('telescope.finders.async_job_finder')
1009.771  003.058  000.390: require('telescope.finders')
1010.444  000.328  000.328: require('telescope.previewers.previewer')
1011.212  000.402  000.402: require('telescope.previewers.utils')
1027.570  017.118  016.716: require('telescope.previewers.term_previewer')
1042.562  014.982  014.982: require('telescope.previewers.buffer_previewer')
1042.580  032.804  000.377: require('telescope.previewers')
1042.596  044.342  001.048: require('telescope._extensions.themes')
1043.241  000.635  000.635: require('telescope._extensions.terms')
1044.571  137.435  059.434: require('telescope')
1044.587  137.732  000.297: require('lsp.tools.ts_type_lookup.ts_telescope_picker')
1045.028  000.416  000.416: require('lsp.tools.ts_type_lookup.noice_integration')
1045.591  000.226  000.226: require('lsp.tools.deprecated_help.lsp_common')
1046.491  000.314  000.314: require('lsp.tools.deprecated_help.helper')
1046.739  000.230  000.230: require('lsp.tools.deprecated_help.lsp.lua_ls.catch')
1047.037  000.288  000.288: require('lsp.tools.deprecated_help.lsp.lua_ls.diagnostic')
1047.339  000.287  000.287: require('lsp.tools.deprecated_help.defaults')
1047.352  001.748  000.629: require('lsp.tools.deprecated_help.lsp.lua_ls.lua_ls')
1047.674  000.314  000.314: require('lsp.tools.deprecated_help.lsp.lua_ls.publish_diagnostics')
1047.686  002.647  000.359: require('lsp.tools.deprecated_help')
1048.701  000.332  000.332: require('lsp.diagnostics.util')
1049.097  000.375  000.375: require('lsp.diagnostics.loclist')
1049.432  000.320  000.320: require('lsp.diagnostics.quickfix')
1049.444  001.402  000.375: require('lsp.diagnostics.commands')
1049.730  000.280  000.280: require('lsp.diagnostics.keymaps')
1049.740  002.041  000.359: require('lsp.diagnostics')
1050.524  000.413  000.413: require('autocmds.auto-center-fexplorer')
1051.393  000.354  000.354: require('autocmds.general.helpers')
1051.821  000.409  000.409: require('autocmds.general.gofile_cases')
1052.254  000.417  000.417: require('autocmds.general.gofile_logger')
1052.632  000.360  000.360: require('autocmds.general.defaults')
1052.646  002.045  000.505: require('autocmds.general')
1053.244  000.484  000.484: require('autocmds.git')
1053.658  000.369  000.369: require('autocmds.git.conflicts_qf')
1054.030  000.323  000.323: require('autocmds.git.commit_ft')
1054.395  000.326  000.326: require('autocmds.git.conflict_marks')
1054.753  000.321  000.321: require('autocmds.git.gitsigns_refresh')
1055.054  000.268  000.268: require('autocmds.git.blame_on_hold')
1056.439  001.374  001.374: require('autocmds.git.line_diff_on_hold')
1056.875  000.370  000.370: require('autocmds.terminals')
1057.304  000.334  000.334: require('autocmds.text')
1057.524  007.706  001.080: require('autocmds')
1058.270  000.359  000.359: require('custom.commands_keymaps')
1058.669  000.382  000.382: require('custom.commands_keymaps.delete_current_file')
1059.013  000.334  000.334: require('custom.insert')
1059.359  000.329  000.329: require('custom.insert.filepath.core')
1059.709  000.325  000.325: require('custom.insert.annotation.core')
1060.009  000.277  000.277: require('custom.insert.timestamp.core')
1060.325  000.303  000.303: require('custom.insert.uuid.core')
1060.740  000.399  000.399: require('custom.insert.boilerplate.core')
1061.243  000.466  000.466: require('custom.format')
1061.681  000.398  000.398: require('custom.format.column_align.core')
1062.126  000.424  000.424: require('custom.format.table')
1062.644  000.499  000.499: require('custom.format.text_width')
1063.027  000.363  000.363: require('custom.format.filter_lines')
1063.466  000.422  000.422: require('custom.format.additional_features')
1063.941  000.404  000.404: require('custom.format.markdown')
1064.364  000.408  000.408: require('custom.format.markdown.headlines.separators')
1066.461  001.223  001.223: require('custom.lua_project_file_stats.utils')
1067.562  001.080  001.080: require('custom.lua_project_file_stats.prints')
1069.351  001.764  001.764: require('custom.lua_project_file_stats.misc_files')
1069.457  005.055  000.988: require('custom.lua_project_file_stats')
1070.650  001.183  001.183: require('custom.lua_project_file_stats.usercommands')
1072.069  001.244  001.244: require('custom.function_index')
1072.688  000.586  000.586: require('custom.function_index.user_actions')
1073.234  000.526  000.526: require('custom.function_index.user_actions.usercommands')
1074.371  000.609  000.609: require('custom.recommender.rendering')
1075.125  000.741  000.741: require('custom.recommender.keymaps')
1075.634  000.490  000.490: require('custom.recommender.custom_aliases')
1076.075  000.424  000.424: require('custom.recommender.blacklist')
1076.515  000.427  000.427: require('custom.recommender.regex')
1077.130  000.602  000.602: require('custom.recommender.treesitter')
1077.163  003.860  000.568: require('custom.recommender')
1078.108  000.626  000.626: require('custom.filecycle')
1078.958  000.295  000.295: require('custom.filecycle.@types')
1079.302  000.326  000.326: require('custom.filecycle.core')
1079.327  001.198  000.577: require('custom.filecycle.keymaps')
1079.800  000.333  000.333: require('custom.filecycle.usercommands')
1080.417  000.281  000.281: require('custom.find_config.config.defaults')
1080.438  000.587  000.306: require('custom.find_config')
1081.021  000.295  000.295: require('custom.find_config.core')
1081.039  000.584  000.289: require('custom.find_config.engines.telescope')
1081.793  000.311  000.311: require('custom.markdown.config')
1082.094  000.283  000.283: require('custom.markdown.core.fold')
1082.402  000.296  000.296: require('custom.markdown.core.headings')
1082.788  000.372  000.372: require('custom.markdown.core.wrap')
1083.161  000.359  000.359: require('custom.markdown.setup.autocmds')
1083.542  000.366  000.366: require('custom.markdown.tableview')
1085.956  001.952  001.952: require('custom.markdown.tableview.parser')
1086.025  002.468  000.515: require('custom.markdown.tableview.live')
1086.640  000.598  000.598: require('custom.markdown.fenced_fix')
1086.715  005.614  000.560: require('custom.markdown')
1087.554  000.441  000.441: require('custom.markdown.tableview.autocmds')
1088.164  000.530  000.530: require('custom.pathprobe')
1089.812  000.340  000.340: require('custom.repo_pickers.@types.aliases')
1089.830  000.721  000.381: require('custom.repo_pickers.@types.types')
1089.849  001.138  000.418: require('custom.repo_pickers.config')
1090.850  000.291  000.291: require('custom.repo_pickers.fs')
1091.111  000.243  000.243: require('custom.repo_pickers.dispatch')
1091.126  000.918  000.384: require('custom.repo_pickers.actions')
1091.541  000.182  000.182: require('custom.repo_pickers.select.vim_select')
1091.738  000.187  000.187: require('custom.repo_pickers.select.telescope')
1091.999  000.254  000.254: require('custom.repo_pickers.select.fzf')
1092.013  000.880  000.257: require('custom.repo_pickers.select.router')
1092.022  002.165  000.367: require('custom.repo_pickers.register')
1092.033  003.754  000.451: require('custom.repo_pickers')
1093.651  000.228  000.228: require('custom.pathfinder.notifier')
1093.670  000.497  000.269: require('custom.pathfinder.util')
1093.678  000.810  000.313: require('custom.pathfinder.finder')
1094.533  000.219  000.219: require('custom.pathfinder.extractor.terminators')
1094.550  000.425  000.207: require('custom.pathfinder.extractor.helpers')
1094.834  000.280  000.280: require('custom.pathfinder.extractor.common_extensions')
1094.847  000.928  000.223: require('custom.pathfinder.extractor.find')
1094.854  001.170  000.242: require('custom.pathfinder.extractor')
1094.861  002.277  000.297: require('custom.pathfinder.commands')
1094.866  002.631  000.354: require('custom.pathfinder')
1095.202  000.293  000.293: require('custom.line_marker')
1095.247  037.712  002.576: require('custom')
1096.253  000.232  000.232: require('custom.mynotes.core')
1096.269  000.477  000.245: require('custom.mynotes.register')
1096.326  000.762  000.285: require('custom.mynotes.specs.checklists')
1096.613  000.281  000.281: require('custom.mynotes.specs.notes')
1096.849  000.229  000.229: require('custom.mynotes.specs.notes_lua')
1097.067  000.211  000.211: require('custom.mynotes.specs.notes_nvim')
1097.299  000.226  000.226: require('custom.mynotes.specs.wkdbook')
1097.562  000.254  000.254: require('custom.mynotes.specs.wkdbook_lua')
1097.898  000.323  000.323: require('custom.mynotes.specs.wkdbook_nvim')
1097.908  002.656  000.370: require('custom.mynotes')
1098.442  000.255  000.255: require('sessions.autocmds')
1098.712  000.257  000.257: require('sessions.usercmds')
1098.994  000.273  000.273: require('sessions.keymaps')
1099.006  001.092  000.308: require('sessions')
1099.753  000.333  000.333: require('usrcmds.copy')
1100.508  000.428  000.428: require('usrcmds.gather.@types')
1100.525  000.744  000.316: require('usrcmds.gather')
1101.013  000.454  000.454: require('usrcmds.compress_dir')
1101.627  000.586  000.586: require('usrcmds.diff')
1101.984  000.341  000.341: require('usrcmds.diff.diff_origin')
1102.375  000.359  000.359: require('usrcmds.fileinfo')
1102.766  000.352  000.352: require('usrcmds.project_tree')
1103.134  000.321  000.321: require('usrcmds.newfile')
1103.474  000.294  000.294: require('usrcmds.migrate')
1104.628  000.347  000.347: require('usrcmds.migrate.common.@types')
1104.652  000.646  000.299: require('usrcmds.migrate.common.command')
1105.016  000.357  000.357: require('usrcmds.migrate.common.picker')
1105.304  000.275  000.275: require('usrcmds.migrate.common.buffer')
1105.319  001.831  000.552: require('usrcmds.migrate.opt')
1106.306  000.230  000.230: require('usrcmds.migrate.notify.parser.aliases')
1106.544  000.224  000.224: require('usrcmds.migrate.notify.parser.patterns')
1106.781  000.227  000.227: require('usrcmds.migrate.notify.parser.extractor')
1107.012  000.222  000.222: require('usrcmds.migrate.notify.parser.migrator')
1107.021  001.243  000.341: require('usrcmds.migrate.notify.parser')
1107.485  000.211  000.211: require('usrcmds.migrate.notify.refactor.import')
1107.719  000.224  000.224: require('usrcmds.migrate.notify.refactor.cleanup')
1107.977  000.250  000.250: require('usrcmds.migrate.notify.refactor.apply')
1107.987  000.961  000.276: require('usrcmds.migrate.notify.refactor')
1108.001  002.636  000.432: require('usrcmds.migrate.notify')
1108.344  000.299  000.299: require('usrcmds.reload')
1108.693  000.321  000.321: require('usrcmds.search_all_drives')
1109.003  000.276  000.276: require('usrcmds.system_find')
1109.309  000.285  000.285: require('usrcmds.update_repos')
1109.718  000.377  000.377: require('usrcmds.uv_doc')
1109.777  010.656  000.849: require('usrcmds')
1110.048  000.264  000.264: require('wkddap')
1110.372  000.303  000.303: require('wkddap.core')
1110.627  000.245  000.245: require('wkddap.core.setup')
1120.663  000.012  000.012: sourcing nvim_exec2() called at C:\Users\Bernhard\AppData\Local\nvim\init.lua:0
1120.720  000.004  000.004: sourcing nvim_exec2() called at C:\Users\Bernhard\AppData\Local\nvim\init.lua:0
1121.926  000.393  000.393: sourcing C:/Users/Bernhard/AppData/Local/nvim-data/lazy/nvim-dap/plugin/dap.lua
1121.968  000.817  000.424: sourcing nvim_exec2() called at C:\Users\Bernhard\AppData\Local\nvim\init.lua:0
1121.993  000.007  000.007: sourcing nvim_exec2() called at C:\Users\Bernhard\AppData\Local\nvim\init.lua:0
1122.075  000.005  000.005: sourcing nvim_exec2() called at C:\Users\Bernhard\AppData\Local\nvim\init.lua:0
1130.382  000.328  000.328: require('dap.utils')
1130.482  008.331  008.003: require('dap')
1130.942  000.407  000.407: require('osv')
1132.016  021.330  011.747: require('dap')
1132.334  000.295  000.295: require('wkddap.core.capabilities')
1138.591  000.008  000.008: sourcing nvim_exec2() called at C:\Users\Bernhard\AppData\Local\nvim\init.lua:0
1138.636  000.003  000.003: sourcing nvim_exec2() called at C:\Users\Bernhard\AppData\Local\nvim\init.lua:0
1138.715  000.003  000.003: sourcing nvim_exec2() called at C:\Users\Bernhard\AppData\Local\nvim\init.lua:0
1138.752  000.003  000.003: sourcing nvim_exec2() called at C:\Users\Bernhard\AppData\Local\nvim\init.lua:0
1145.352  000.384  000.384: require('nio.tasks')
1145.700  000.333  000.333: require('nio.control')
1146.378  000.664  000.664: require('nio.uv')
1146.754  000.357  000.357: require('nio.tests')
1147.300  000.287  000.287: require('vim.ui')
1147.318  000.552  000.266: require('nio.ui')
1147.722  000.198  000.198: require('nio.streams')
1147.731  000.406  000.208: require('nio.file')
1148.412  000.215  000.215: require('nio.util')
1148.698  000.776  000.561: require('nio.logger')
1148.748  001.014  000.238: require('nio.lsp')
1148.983  000.230  000.230: require('nio.process')
1149.017  004.431  000.491: require('nio')
1150.785  000.044  000.044: sourcing nvim_exec2() called at C:\Users\Bernhard\AppData\Local\nvim\init.lua:0
1150.803  000.661  000.617: require('dapui.config.highlights')
1151.095  000.279  000.279: sourcing nvim_exec2() called at C:\Users\Bernhard\AppData\Local\nvim\init.lua:0
1151.333  001.678  000.739: require('dapui.config')
1151.390  002.022  000.344: require('dapui.util')
1152.601  001.200  001.200: require('dapui.windows.layout')
1152.622  003.597  000.375: require('dapui.windows')
1153.431  000.802  000.802: require('dapui.controls')
1153.453  014.654  005.824: require('dapui')
1153.777  000.058  000.058: sourcing nvim_exec2() called at C:\Users\Bernhard\AppData\Local\nvim\init.lua:0
1154.514  000.291  000.291: require('dapui.client.types')
1154.530  000.658  000.367: require('dapui.client')
1154.850  000.313  000.313: require('dap.breakpoints')
1155.131  000.259  000.259: require('dapui.client.lib')
1155.793  000.392  000.392: require('dapui.render.canvas')
1155.840  000.690  000.298: require('dapui.elements.breakpoints')
1156.187  000.317  000.317: require('dapui.components.breakpoints')
1156.515  000.286  000.286: require('dapui.elements.repl')
1156.796  000.267  000.267: require('dapui.elements.scopes')
1157.250  000.341  000.341: require('dapui.components.scopes')
1157.540  000.277  000.277: require('dapui.components.variables')
1157.823  000.254  000.254: require('dapui.elements.stacks')
1158.640  000.466  000.466: require('dapui.components.frames')
1158.657  000.802  000.336: require('dapui.components.threads')
1158.996  000.309  000.309: require('dapui.elements.watches')
1159.247  000.221  000.221: require('dapui.components.watches')
1159.512  000.237  000.237: require('dapui.elements.hover')
1159.966  000.399  000.399: require('dapui.components.hover')
1160.422  000.435  000.435: require('dapui.elements.console')
1160.762  028.416  007.623: require('dapui')
1161.679  000.012  000.012: sourcing nvim_exec2() called at C:\Users\Bernhard\AppData\Local\nvim\init.lua:0
1161.803  000.006  000.006: sourcing nvim_exec2() called at C:\Users\Bernhard\AppData\Local\nvim\init.lua:0
1173.609  011.424  011.424: require('nvim-dap-virtual-text')
1173.665  000.022  000.022: sourcing nvim_exec2() called at C:\Users\Bernhard\AppData\Local\nvim\init.lua:0
1173.712  000.034  000.034: sourcing nvim_exec2() called at C:\Users\Bernhard\AppData\Local\nvim\init.lua:0
1173.733  012.960  001.463: require('nvim-dap-virtual-text')
1174.047  000.306  000.306: require('wkddap.core.state')
1174.801  000.742  000.742: require('wkddap.adapters')
1175.636  000.349  000.349: require('wkddap.config')
1176.441  000.789  000.789: require('wkddap.utils.notify')
1176.474  001.657  000.519: require('wkddap.registry')
1176.993  000.507  000.507: require('wkddap.adapters.lua')
1178.391  000.390  000.390: require('wkddap.adapters.go')
1179.794  000.354  000.354: require('wkddap.adapters.python')
1182.070  000.612  000.612: require('wkddap.adapters.javascript')
1183.457  000.459  000.459: require('wkddap.configurations')
1184.077  000.602  000.602: require('wkddap.configurations.lua')
1184.946  000.846  000.846: require('wkddap.configurations.go')
1185.679  000.711  000.711: require('wkddap.configurations.python')
1186.198  000.497  000.497: require('wkddap.configurations.javascript')
1186.544  000.328  000.328: require('wkddap.utils.validation')
1186.872  000.312  000.312: require('wkddap.ui')
1189.088  000.423  000.423: require('wkddap.ui.highlights')
1189.604  000.397  000.397: require('wkddap.ui.dapui')
1190.107  000.154  000.154: sourcing nvim_exec2() called at C:\Users\Bernhard\AppData\Local\nvim\init.lua:0
1194.598  000.517  000.517: require('editorconfig')
1222.734  008.110  008.110: require('mdlinks.commands')
1222.786  008.529  000.419: sourcing C:/Users/Bernhard/AppData/Local/nvim-data/lazy/mdlinks/plugin/mdlinks.lua
1222.830  009.268  000.739: sourcing nvim_exec2() called at FileType Autocommands for "*":0
1223.222  000.303  000.303: require('mdlinks.config')
1241.191  000.139  000.139: sourcing C:\Users\Bernhard\AppData\Local\nvim-data\lazy\vim-matchup\autoload\matchup\ts_engine.vim
1246.829  000.109  000.109: sourcing C:\Users\Bernhard\AppData\Local\nvim-data\lazy\vim-matchup\autoload\matchup\re.vim
1255.632  000.346  000.346: require('dap.ui')
1255.669  000.826  000.480: require('dap.repl')
1345.461  006.043  006.043: require('gitsigns')
1353.249  000.809  000.809: require('gitsigns.highlight')
1353.648  000.360  000.360: require('gitsigns.debug.log')
1354.101  000.440  000.440: require('gitsigns.config')
1355.420  000.330  000.330: require('gitsigns.async')
1356.245  000.377  000.377: require('gitsigns.util')
1356.268  000.831  000.454: require('gitsigns.hunks')
1357.111  000.346  000.346: require('gitsigns.diff')
1357.492  000.361  000.361: require('gitsigns.signs')
1357.890  000.383  000.383: require('gitsigns.status')
1358.280  000.374  000.374: require('gitsigns.debounce')
1358.706  000.408  000.408: require('gitsigns.cache')
1358.752  002.477  000.604: require('gitsigns.manager')
1359.085  000.325  000.325: require('gitsigns.message')
1359.373  000.274  000.274: require('gitsigns.repeat')
1359.460  004.734  000.497: require('gitsigns.actions')
1361.364  000.476  000.476: require('gitsigns.system')
1361.389  000.853  000.377: require('gitsigns.git.cmd')
1361.731  000.331  000.331: require('gitsigns.git.errors')
1362.111  000.362  000.362: require('gitsigns.git.repo.watcher')
1362.893  000.763  000.763: require('gitsigns.git.version')
1362.935  002.781  000.472: require('gitsigns.git.repo')
1362.951  003.133  000.352: require('gitsigns.git')
1362.969  003.500  000.367: require('gitsigns.attach')
1363.412  000.381  000.381: require('gitsigns.current_line_blame')
1363.587  024.448  008.182: sourcing C:/Users/Bernhard/AppData/Local/nvim-data/lazy/gitsigns.nvim/plugin/gitsigns.lua
1363.638  025.182  000.734: sourcing nvim_exec2() called at BufEnter Autocommands for "*":0
1363.668  000.008  000.008: sourcing nvim_exec2() called at BufEnter Autocommands for "*":0
1363.747  000.005  000.005: sourcing nvim_exec2() called at BufEnter Autocommands for "*":0
1364.378  000.530  000.530: require('nvchad.configs.gitsigns')
1372.117  034.598  008.873: require('gitsigns')
1373.766  000.108  000.108: sourcing C:\Users\Bernhard\AppData\Local\nvim-data\lazy\nvim-treesitter\autoload\nvim_treesitter.vim
1374.199  000.357  000.357: require('nvim-treesitter.fold')
1472.005  000.432  000.432: require('wkddap.commands')
1472.392  000.369  000.369: require('wkddap.commands.autocmds')
1473.002  000.569  000.569: require('wkddap.commands.usercmds')
1473.418  000.330  000.330: require('system.rpc_pipe')
1474.185  000.285  000.285: require('debugging')
1474.888  000.303  000.303: require('debugging.views.@types')
1475.389  000.487  000.487: require('debugging.views.capture')
1476.163  000.363  000.363: require('debugging.views.utils')
1476.185  000.783  000.420: require('debugging.views.display')
1476.647  000.454  000.454: require('debugging.views.keymaps')
1477.257  000.590  000.590: require('debugging.views.autocmds')
1477.275  003.076  000.461: require('debugging.views')
1477.419  1431.611  372.217: sourcing C:\Users\Bernhard\AppData\Local\nvim\init.lua
1477.534  002.697: sourcing vimrc file(s)
1480.656  000.286  000.286: sourcing C:\Program Files\Neovim\share\nvim\runtime\filetype.lua
1484.004  000.234  000.234: sourcing C:\Program Files\Neovim\share\nvim\runtime\syntax\synload.vim
1484.352  002.641  002.407: sourcing C:\Program Files\Neovim\share/nvim/runtime/syntax/syntax.vim
1484.412  003.950: inits 3
1490.339  005.928: reading ShaDa
1491.967  001.628: opening buffers
1492.878  000.911: BufEnter autocommands
1492.891  000.013: editing files in windows
1502.395  009.504: --- NVIM STARTED ---

