Markdown Inline Highlight Debug - 20251017-180521
=== ENVIRONMENT ===
{
  background = "dark",
  neovim_version = {
    api_compatible = 0,
    api_level = 13,
    api_prerelease = false,
    build = "ga99c469e54",
    major = 0,
    minor = 11,
    patch = 0,
    <metatable> = {
      __eq = <function 1>,
      __index = <function 2>,
      __le = <function 3>,
      __lt = <function 4>,
      __newindex = <function 5>,
      __tostring = <function 6>
    }
  },
  runtimepath = "C:\\Users\\bartl\\AppData\\Local\\nvim,C:\\Users\\bartl\\AppData\\Local\\nvim-data\\lazy\\lazy.nvim,C:/Users/bartl/AppData/Local/nvim-data/lazy/lazydev.nvim,C:\\Users\\bartl\\AppData\\Local\\nvim-data\\lazy\\render-markdown.nvim,C:\\Users\\bartl\\AppData\\Local\\nvim-data\\lazy\\markdown-preview.nvim,C:\\Users\\bartl\\AppData\\Local\\nvim-data\\lazy\\mdlinks,C:\\Users\\bartl\\AppData\\Local\\nvim-data\\lazy\\autolist.nvim,C:\\Users\\bartl\\AppData\\Local\\nvim-data\\lazy\\which-key.nvim,C:\\Users\\bartl\\AppData\\Local\\nvim-data\\lazy\\cmp-async-path,C:\\Users\\bartl\\AppData\\Local\\nvim-data\\lazy\\cmp-buffer,C:\\Users\\bartl\\AppData\\Local\\nvim-data\\lazy\\cmp-nvim-lua,C:\\Users\\bartl\\AppData\\Local\\nvim-data\\lazy\\cmp_luasnip,C:\\Users\\bartl\\AppData\\Local\\nvim-data\\lazy\\nvim-autopairs,C:\\Users\\bartl\\AppData\\Local\\nvim-data\\lazy\\friendly-snippets,C:\\Users\\bartl\\AppData\\Local\\nvim-data\\lazy\\LuaSnip,C:\\Users\\bartl\\AppData\\Local\\nvim-data\\lazy\\nvim-cmp,C:\\Users\\bartl\\AppData\\Local\\nvim-data\\lazy\\workspace-diagnostics.nvim,C:\\Users\\bartl\\AppData\\Local\\nvim-data\\lazy\\nvim-treesitter-textobjects,C:\\Users\\bartl\\AppData\\Local\\nvim-data\\lazy\\targets.vim,C:\\Users\\bartl\\AppData\\Local\\nvim-data\\lazy\\nvim-treesitter-context,C:\\Users\\bartl\\AppData\\Local\\nvim-data\\lazy\\vim-rhubarb,C:\\Users\\bartl\\AppData\\Local\\nvim-data\\lazy\\menu,C:\\Users\\bartl\\AppData\\Local\\nvim-data\\lazy\\gp.nvim,C:\\Users\\bartl\\AppData\\Local\\nvim-data\\lazy\\one-small-step-for-vimkind,C:\\Users\\bartl\\AppData\\Local\\nvim-data\\lazy\\nvim-dap,C:\\Users\\bartl\\AppData\\Local\\nvim-data\\lazy\\vim-fugitive,C:\\Users\\bartl\\AppData\\Local\\nvim-data\\lazy\\mini.ai,C:\\Users\\bartl\\AppData\\Local\\nvim-data\\lazy\\nvim-notify,C:\\Users\\bartl\\AppData\\Local\\nvim-data\\lazy\\noice.nvim,C:\\Users\\bartl\\AppData\\Local\\nvim-data\\lazy\\telescope-fzf-native.nvim,C:\\Users\\bartl\\AppData\\Local\\nvim-data\\lazy\\telescope-github.nvim,C:\\Users\\bartl\\AppData\\Local\\nvim-data\\lazy\\telescope-smart-history.nvim,C:\\Users\\bartl\\AppData\\Local\\nvim-data\\lazy\\nvim-treesitter,C:\\Users\\bartl\\AppData\\Local\\nvim-data\\lazy\\telescope.nvim,C:\\Users\\bartl\\AppData\\Local\\nvim-data\\lazy\\vim-visual-multi,C:\\Users\\bartl\\AppData\\Local\\nvim-data\\lazy\\snacks.nvim,C:\\Users\\bartl\\AppData\\Local\\nvim-data\\lazy\\conform.nvim,C:\\Users\\bartl\\AppData\\Local\\nvim-data\\lazy\\cmp-nvim-lsp,C:\\Users\\bartl\\AppData\\Local\\nvim-data\\lazy\\gitsigns.nvim,C:\\Users\\bartl\\AppData\\Local\\nvim-data\\lazy\\fzf-lua,C:\\Users\\bartl\\AppData\\Local\\nvim-data\\lazy\\nui.nvim,C:\\Users\\bartl\\AppData\\Local\\nvim-data\\lazy\\neo-tree.nvim,C:\\Users\\bartl\\AppData\\Local\\nvim-data\\lazy\\NvChad,C:\\Users\\bartl\\AppData\\Local\\nvim-data\\lazy\\nvim-web-devicons,C:\\Users\\bartl\\AppData\\Local\\nvim-data\\lazy\\trouble.nvim,C:\\Users\\bartl\\AppData\\Local\\nvim-data\\lazy\\sqlite.lua,C:\\Users\\bartl\\AppData\\Local\\nvim-data\\lazy\\translate.nvim,C:\\Users\\bartl\\AppData\\Local\\nvim-data\\lazy\\harpoon,E:\\repos\\nvim-cmdlog,C:\\Users\\bartl\\AppData\\Local\\nvim-data\\lazy\\vim-matchup,C:\\Users\\bartl\\AppData\\Local\\nvim-data\\lazy\\ui,C:\\Users\\bartl\\AppData\\Local\\nvim-data\\lazy\\vim-wakatime,C:\\Users\\bartl\\AppData\\Local\\nvim-data\\lazy\\plenary.nvim,C:\\Users\\bartl\\AppData\\Local\\nvim-data\\lazy\\todo-comments.nvim,C:\\Users\\bartl\\AppData\\Local\\nvim-data\\lazy\\nvim-puppeteer,C:\\Program Files\\Neovim\\share\\nvim\\runtime,C:\\Program Files\\Neovim\\lib\\nvim,C:\\Users\\bartl\\AppData\\Local\\nvim-data\\lazy\\readme,C:\\Users\\bartl\\AppData\\Local\\nvim-data\\lazy\\cmp-buffer\\after,C:\\Users\\bartl\\AppData\\Local\\nvim-data\\lazy\\cmp-nvim-lua\\after,C:\\Users\\bartl\\AppData\\Local\\nvim-data\\lazy\\cmp_luasnip\\after,C:\\Users\\bartl\\AppData\\Local\\nvim-data\\lazy\\cmp-nvim-lsp\\after,C:\\Users\\bartl\\AppData\\Local\\nvim-data\\lazy\\vim-matchup\\after",
  termguicolors = true
}
=== BUFFER ===
{
  bufnr = 101,
  buftype = "",
  filetype = "lua",
  line_count = 396,
  lines_sample = "---@module 'markdown.inline_debug_fixed'\n--- Module: markdown.inline_debug_fixed\n--- Description: Robust collector for diagnostic information about inline-code highlighting\n--- in Markdown buffers. Writes a timestamped log to /tmp and provides a user command.\n--- This revised version fixes incorrect safe-call semantics, handles deprecated LSP APIs,\n--- and makes file I/O and API access more robust across Neovim versions.\n\n---@class MarkdownInlineDebugFixed\n---@field out_path string path to written log\n---@field bufnr number current buffer number\n---@field timestamp string timestamp used for file name\n---@field results table collected debug info\n\n---@return MarkdownInlineDebugFixed\nlocal M = {}\n\n--------------------------------------------------------------------------------\n-- get_timestamp\n--------------------------------------------------------------------------------\n--- Return a timestamp suitable for filenames (seconds precision).\n--- Always returns a string (explicit tostring) so static analyzers see a consistent type.\n---@return string timestamp_string\nlocal function get_timestamp()\n  local now_sec = math.floor(os.time())\n  -- os.date can theoretically return non-string types in some analyzer models;\n  -- wrapping with tostring guarantees a string return value.\n  return tostring(os.date(\"%Y%m%d-%H%M%S\", now_sec))\nend\n\n\n--- Safe pcall wrapper that returns (ok:boolean, result_or_err:string)\n---@param fn function\n---@return boolean, any|string\nlocal function safe_call(fn)\n  local ok, res = pcall(fn)\n  if ok then\n    return true, res\n  end\n  return false, tostring(res)\nend\n\n--- Simple serializer for logging; prefers vim.inspect when available.\n---@param v any\n---@return string\nlocal function dump(v)\n  local ok, inspect = pcall(require, \"vim.inspect\")\n  if ok and inspect then\n    return inspect(v, { depth = 5 })\n  end\n  if type(v) == \"table\" then",
  modified = false,
  name = "C:\\Users\\bartl\\AppData\\Local\\nvim\\lua\\lib\\debug\\markdown\\inline_debug.lua",
  readonly = false,
  syntax = ""
}
=== HIGHLIGHTS (selected) ===
Constant => {
  fg = 16752228
}
String => {
  fg = 10407530
}
Comment => {
  fg = 5528702
}
@markup.raw.delimiter => {
  link = "Comment"
}
@punctuation.delimiter.markdown => {
  link = "Comment"
}
@punctuation.delimiter.markdown_inline => {
  link = "Comment"
}
markdownCodeDelimiter => {
  link = "Comment"
}
@markup.raw.inline => {
  link = "MarkdownInlineCode"
}
@markup.raw.inline.markdown_inline => {
  link = "MarkdownInlineCode"
}
@text.literal => {
  link = "MarkdownInlineCode"
}
@text.literal.markdown_inline => {
  link = "MarkdownInlineCode"
}
MarkdownInlineCode => {
  fg = 16572564
}
@markup.raw.block => {
  link = "Normal"
}
@markup.fenced_code.block => {
  link = "Normal"
}
markdownCode => vim.empty_dict()
Normal => {
  bg = 1710886,
  fg = 11121110
}
Special => {
  fg = 11860472
}
DiagnosticWarn => {
  ctermfg = 11,
  fg = 16572564
}
@markup.raw => vim.empty_dict()
=== LINK PROBE ===
{
  MarkdownInlineCode = {
    fg = 16572564
  },
  markdownCode = vim.empty_dict(),
  markdownCodeDelimiter = {
    link = "Comment"
  }
}
=== TREESITTER ===
{
  filetype = "lua",
  has_parser = true,
  parser_attached = true
}
=== LSP ===
{
  clients = { {
      attached_buffers = {
        [6] = true
      },
      id = 1,
      name = "ts_ls",
      server_capabilities = "{\n  callHierarchyProvider = true,\n  codeActionProvider = {\n    codeActionKinds = { \"source.fixAll.ts\", \"source.removeUnused.ts\", \"source.addMissingImports.ts\", \"source.organizeImports.ts\", \"source.removeUnusedImports.ts\", \"source.sortImports.ts\", \"quickfix\", \"refactor\" }\n  },\n  codeLensProvider = {\n    resolveProvider = true\n  },\n  completionProvider = {\n    resolveProvider = true,\n    triggerCharacters = { \".\", '\"', \"'\", \"/\", \"@\", \"<\" }\n  },\n  definitionProvider = true,\n  documentFormattingProvider = true,\n  documentHighlightProvider = true,\n  documentRangeFormattingProvider = true,\n  documentSymbolProvider = true,\n  executeCommandProvider = {\n    commands = { \"_typescript.applyWorkspaceEdit\", \"_typescript.applyCodeAction\", \"_typescript.applyRefactoring\", \"_typescript.configurePlugin\", \"_typescript.organizeImports\", \"_typescript.applyRenameFile\", \"_typescript.goToSourceDefinition\", \"typescript.tsserverRequest\" }\n  },\n  foldingRangeProvider = true,\n  hoverProvider = true,\n  implementationProvider = true,\n  inlayHintProvider = true,\n  linkedEditingRangeProvider = false,\n  referencesProvider = true,\n  renameProvider = {\n    prepareProvider = true\n  },\n  selectionRangeProvider = true,\n  semanticTokensProvider = {\n    full = true,\n    legend = {\n      tokenModifiers = { \"declaration\", \"static\", \"async\", \"readonly\", \"defaultLibrary\", \"local\" },\n      tokenTypes = { \"class\", \"enum\", \"interface\", \"namespace\", \"typeParameter\", \"type\", \"parameter\", \"variable\", \"enumMember\", \"property\", \"function\", \"member\" }\n    },\n    range = true\n  },\n  signatureHelpProvider = {\n    retriggerCharacters = { \")\" },\n    triggerCharacters = { \"(\", \",\", \"<\" }\n  },\n  textDocumentSync = {\n    change = 2,\n    openClose = true,\n    save = {\n      includeText = false\n    },\n    willSave = false,\n    willSaveWaitUntil = false\n  },\n  typeDefinitionProvider = true,\n  workspace = {\n    fileOperations = {\n      willRename = {\n        filters = { {\n            pattern = {\n              glob = \"**/*.{ts,js,jsx,tsx,mjs,mts,cjs,cts}\",\n              matches = \"file\"\n            },\n            scheme = \"file\"\n          }, {\n            pattern = {\n              glob = \"**\",\n              matches = \"folder\"\n            },\n            scheme = \"file\"\n          } }\n      }\n    }\n  },\n  workspaceSymbolProvider = true\n}",
      workspace_folders = '{ {\n    name = "E:/repos/portfolio",\n    uri = "file:///E:/repos/portfolio"\n  } }'
    }, {
      attached_buffers = {
        [89] = true,
        [92] = true
      },
      id = 2,
      name = "marksman",
      server_capabilities = '{\n  codeActionProvider = {\n    resolveProvider = false\n  },\n  codeLensProvider = vim.empty_dict(),\n  completionProvider = {\n    triggerCharacters = { "[", "#", "(" }\n  },\n  definitionProvider = true,\n  documentSymbolProvider = true,\n  executeCommandProvider = {\n    commands = {}\n  },\n  hoverProvider = true,\n  referencesProvider = true,\n  renameProvider = {\n    prepareProvider = true\n  },\n  semanticTokensProvider = {\n    full = {\n      delta = false\n    },\n    legend = {\n      tokenModifiers = {},\n      tokenTypes = { "class", "class", "enumMember" }\n    },\n    range = true\n  },\n  textDocumentSync = {\n    change = 1,\n    openClose = true\n  },\n  workspace = {\n    fileOperations = {\n      didCreate = {\n        filters = { {\n            pattern = {\n              glob = "**/*.{md,markdown}",\n              matches = "file",\n              options = {\n                ignoreCase = true\n              }\n            }\n          } }\n      },\n      didDelete = {\n        filters = { {\n            pattern = {\n              glob = "**/*.{md,markdown}",\n              matches = "file",\n              options = {\n                ignoreCase = true\n              }\n            }\n          } }\n      }\n    },\n    workspaceFolders = {\n      changeNotifications = true,\n      supported = true\n    }\n  },\n  workspaceSymbolProvider = true\n}',
      workspace_folders = '{ {\n    name = "C:/Users/bartl/AppData/Local/nvim",\n    uri = "file:///C:/Users/bartl/AppData/Local/nvim"\n  } }'
    }, {
      attached_buffers = {
        [101] = true
      },
      id = 3,
      name = "lua_ls",
      server_capabilities = "{\n  codeActionProvider = {\n    codeActionKinds = { \"\", \"quickfix\", \"refactor.rewrite\", \"refactor.extract\" },\n    resolveProvider = false\n  },\n  codeLensProvider = {\n    resolveProvider = true\n  },\n  colorProvider = true,\n  completionProvider = {\n    resolveProvider = true,\n    triggerCharacters = { \"\\t\", \"\\n\", \".\", \":\", \"(\", \"'\", '\"', \"[\", \",\", \"#\", \"*\", \"@\", \"|\", \"=\", \"-\", \"{\", \" \", \"+\", \"?\" }\n  },\n  definitionProvider = true,\n  documentFormattingProvider = true,\n  documentHighlightProvider = true,\n  documentOnTypeFormattingProvider = {\n    firstTriggerCharacter = \"\\n\"\n  },\n  documentRangeFormattingProvider = true,\n  documentSymbolProvider = true,\n  executeCommandProvider = {\n    commands = { \"lua.removeSpace\", \"lua.solve\", \"lua.jsonToLua\", \"lua.setConfig\", \"lua.getConfig\", \"lua.autoRequire\" }\n  },\n  foldingRangeProvider = true,\n  hoverProvider = true,\n  implementationProvider = true,\n  inlayHintProvider = {\n    resolveProvider = true\n  },\n  offsetEncoding = \"utf-16\",\n  referencesProvider = true,\n  renameProvider = {\n    prepareProvider = true\n  },\n  semanticTokensProvider = {\n    full = true,\n    legend = {\n      tokenModifiers = { \"declaration\", \"definition\", \"readonly\", \"static\", \"deprecated\", \"abstract\", \"async\", \"modification\", \"documentation\", \"defaultLibrary\", \"global\" },\n      tokenTypes = { \"namespace\", \"type\", \"class\", \"enum\", \"interface\", \"struct\", \"typeParameter\", \"parameter\", \"variable\", \"property\", \"enumMember\", \"event\", \"function\", \"method\", \"macro\", \"keyword\", \"modifier\", \"comment\", \"string\", \"number\", \"regexp\", \"operator\", \"decorator\" }\n    },\n    range = true\n  },\n  signatureHelpProvider = {\n    triggerCharacters = { \"(\", \",\" }\n  },\n  textDocumentSync = {\n    change = 2,\n    openClose = true,\n    save = {\n      includeText = false\n    }\n  },\n  typeDefinitionProvider = true,\n  workspace = {\n    fileOperations = {\n      didRename = {\n        filters = { {\n            pattern = {\n              glob = \"C:/Users/bartl/AppData/Local/nvim/**\",\n              options = {\n                ignoreCase = true\n              }\n            }\n          } }\n      }\n    },\n    workspaceFolders = {\n      changeNotifications = true,\n      supported = true\n    }\n  },\n  workspaceSymbolProvider = true\n}",
      workspace_folders = '{ {\n    name = "C:/Users/bartl/AppData/Local/nvim",\n    uri = "file:///C:/Users/bartl/AppData/Local/nvim"\n  } }'
    } }
}
=== AUTOCMDS 'MarkdownFencedFix' ===
{ {
    buflocal = false,
    callback = <function 1>,
    command = "",
    desc = "Re-apply fenced fix and inline code styling after colorscheme changes",
    event = "ColorScheme",
    group = 84,
    group_name = "MarkdownFencedFix",
    id = 143,
    once = false,
    pattern = "*"
  } }
=== LOADED MODULES (filtered) ===
{ "autocmds.markdown", "autolist.treesitter", "cmp.utils.highlight", "config.markdown_preview", "config.snacks.dashboard.autocmds", "config.treesitter.parser", "custom.markdown", "custom.markdown.config", "custom.markdown.core.fold", "custom.markdown.core.fold_levels", "custom.markdown.core.fold_prev", "custom.markdown.core.headings", "custom.markdown.core.selection", "custom.markdown.core.toc", "custom.markdown.core.wrap", "custom.markdown.fenced_fix", "custom.markdown.ui.autocmd", "custom.markdown.ui.keymaps", "gitsigns.highlight", "lsp.core.treesitter", "lsp.languages.markdown", "mappings.markdown", "myoptions.Highlight_Cfg", "myoptions.Highlight_Cfg.breadcrumbs.ctx", "myoptions.Highlight_Cfg.cword_occurences", "myoptions.Highlight_Cfg.path_cache", "neo-tree.ui.highlights", "noice.config.highlights", "noice.integrations.snacks", "noice.text.highlight", "noice.text.markdown", "noice.text.treesitter", "noice.view.backend.snacks", "notify.config.highlights", "notify.service.buffer.highlights", "nvchad.configs.treesitter", "nvim-treesitter", "nvim-treesitter-textobjects", "nvim-treesitter.caching", "nvim-treesitter.compat", "nvim-treesitter.configs", "nvim-treesitter.fold", "nvim-treesitter.highlight", "nvim-treesitter.indent", "nvim-treesitter.info", "nvim-treesitter.install", "nvim-treesitter.parsers", "nvim-treesitter.query", "nvim-treesitter.query_predicates", "nvim-treesitter.shell_command_selectors", "nvim-treesitter.statusline", "nvim-treesitter.textobjects.attach", "nvim-treesitter.textobjects.lsp_interop", "nvim-treesitter.textobjects.move", "nvim-treesitter.textobjects.repeatable_move", "nvim-treesitter.textobjects.select", "nvim-treesitter.textobjects.shared", "nvim-treesitter.textobjects.swap", "nvim-treesitter.ts_utils", "nvim-treesitter.tsrange", "nvim-treesitter.utils", "render-markdown", "render-markdown.api", "render-markdown.core.colors", "render-markdown.core.command", "render-markdown.core.log", "render-markdown.core.manager", "render-markdown.core.ts", "render-markdown.core.ui", "render-markdown.integ.cmp", "render-markdown.integ.source", "render-markdown.lib.compat", "render-markdown.lib.config", "render-markdown.lib.env", "render-markdown.lib.interval", "render-markdown.lib.iter", "render-markdown.lib.line", "render-markdown.lib.node", "render-markdown.lib.presets", "render-markdown.lib.resolved", "render-markdown.lib.str", "render-markdown.request.context", "render-markdown.settings", "render-markdown.state", "snacks", "snacks.bigfile", "snacks.dashboard", "snacks.image", "snacks.image.terminal", "snacks.picker", "snacks.picker.config", "snacks.picker.config.defaults", "snacks.picker.config.highlights", "snacks.picker.config.layouts", "snacks.picker.config.sources", "snacks.quickfile", "snacks.scope", "snacks.util", "snacks.words", "todo-comments.highlight", "todo-comments.snacks", "treesitter-context", "treesitter-context.cache", "treesitter-context.config", "treesitter-context.context", "treesitter-context.render", "treesitter-context.util", "treesitter-matchup.internal", "treesitter-matchup.third-party.lru", "treesitter-matchup.third-party.ts-utils", "treesitter-matchup.util", "trouble.config.highlights", "vim.treesitter", "vim.treesitter._fold", "vim.treesitter._range", "vim.treesitter.highlighter", "vim.treesitter.language", "vim.treesitter.languagetree", "vim.treesitter.query" }
=== SYNTAX ON? ===
true

=== SAMPLE TOP LINES OF BUFFER ===
---@module 'markdown.inline_debug_fixed'
--- Module: markdown.inline_debug_fixed
--- Description: Robust collector for diagnostic information about inline-code highlighting
--- in Markdown buffers. Writes a timestamped log to /tmp and provides a user command.
--- This revised version fixes incorrect safe-call semantics, handles deprecated LSP APIs,
--- and makes file I/O and API access more robust across Neovim versions.

---@class MarkdownInlineDebugFixed
---@field out_path string path to written log
---@field bufnr number current buffer number
---@field timestamp string timestamp used for file name
---@field results table collected debug info

---@return MarkdownInlineDebugFixed
local M = {}

--------------------------------------------------------------------------------
-- get_timestamp
--------------------------------------------------------------------------------
--- Return a timestamp suitable for filenames (seconds precision).
--- Always returns a string (explicit tostring) so static analyzers see a consistent type.
---@return string timestamp_string
local function get_timestamp()
  local now_sec = math.floor(os.time())
  -- os.date can theoretically return non-string types in some analyzer models;
  -- wrapping with tostring guarantees a string return value.
  return tostring(os.date("%Y%m%d-%H%M%S", now_sec))
end


--- Safe pcall wrapper that returns (ok:boolean, result_or_err:string)
---@param fn function
---@return boolean, any|string
local function safe_call(fn)
  local ok, res = pcall(fn)
  if ok then
    return true, res
  end
  return false, tostring(res)
end

--- Simple serializer for logging; prefers vim.inspect when available.
---@param v any
---@return string
local function dump(v)
  local ok, inspect = pcall(require, "vim.inspect")
  if ok and inspect then
    return inspect(v, { depth = 5 })
  end
  if type(v) == "table" then