--- Startup times for process: Primary (or UI client) ---

times in msec
 clock   self+sourced   self:  sourced script
 clock   elapsed:              other lines

000.007  000.007: --- NVIM STARTING ---
000.055  000.048: event init
000.212  000.157: early init
024.838  024.626: locale set
024.921  000.083: init first window
026.589  001.668: inits 1
026.884  000.295: window checked
026.895  000.011: parsing arguments
028.281  000.472  000.472: require('vim.shared')
029.063  000.215  000.215: require('vim.inspect')
029.380  000.302  000.302: require('vim._options')
029.387  001.096  000.578: require('vim._editor')
029.390  001.694  000.126: require('vim._init_packages')
029.398  000.809: init lua interpreter
039.104  009.706: nvim_ui_attach
039.573  000.469: nvim_set_client_info
039.589  000.015: --- NVIM STARTED ---

--- Startup times for process: Embedded ---

times in msec
 clock   self+sourced   self:  sourced script
 clock   elapsed:              other lines

000.006  000.006: --- NVIM STARTING ---
000.051  000.045: event init
000.177  000.126: early init
019.562  019.385: locale set
019.615  000.052: init first window
020.207  000.592: inits 1
020.258  000.051: window checked
020.265  000.008: parsing arguments
021.504  000.441  000.441: require('vim.shared')
022.467  000.230  000.230: require('vim.inspect')
022.814  000.314  000.314: require('vim._options')
022.822  001.308  000.765: require('vim._editor')
022.826  001.867  000.118: require('vim._init_packages')
022.836  000.703: init lua interpreter
023.111  000.275: expanding arguments
023.136  000.025: inits 2
023.470  000.334: init highlight
023.474  000.004: waiting for UI
023.595  000.122: done waiting for UI
023.602  000.007: clear screen
024.180  000.042  000.042: require('vim.keymap')
024.937  000.166  000.166: sourcing nvim_exec2()
032.645  009.037  008.830: require('vim._defaults')
032.655  000.016: init default mappings & autocommands
034.221  000.090  000.090: sourcing C:\Program Files\Neovim\share\nvim\runtime\ftplugin.vim
034.599  000.058  000.058: sourcing C:\Program Files\Neovim\share\nvim\runtime\indent.vim
035.814  000.341  000.341: require('vim.fs')
036.174  000.352  000.352: require('vim.uri')
036.208  001.004  000.312: require('vim.loader')
038.068  001.693  001.693: require('config.lazy')
038.415  000.340  000.340: require('lazy')
038.482  000.043  000.043: require('ffi')
038.751  000.259  000.259: require('lazy.stats')
039.399  000.327  000.327: require('lazy.core.util')
039.829  000.414  000.414: require('lazy.core.config')
040.447  000.245  000.245: require('lazy.core.handler')
041.190  000.277  000.277: require('lazy.pkg')
041.202  000.496  000.219: require('lazy.core.meta')
041.210  000.752  000.256: require('lazy.core.plugin')
041.219  001.381  000.384: require('lazy.core.loader')
042.186  000.230  000.230: require('lazy.core.fragments')
047.798  000.203  000.203: require('config.fzf.keymaps')
048.004  000.194  000.194: require('config.fzf.fzf_opts')
048.201  000.191  000.191: require('config.fzf.grep')
048.640  000.215  000.215: require('lib.fs.path_shorten')
048.647  000.440  000.225: require('config.fzf.files')
048.860  000.209  000.209: require('config.fzf.actions.wrapped')
048.868  001.566  000.329: require('config.fzf')
051.471  000.299  000.299: require('config.neotree.utils')
051.748  000.267  000.267: require('config.neotree.watcher_quarantine')
051.755  000.841  000.275: require('config.neotree.keymaps')
051.948  000.189  000.189: require('config.neotree.keymaps.buffers')
052.128  000.174  000.174: require('config.neotree.keymaps.document_symbols')
052.709  000.168  000.168: require('lib.notify.@types')
052.930  000.214  000.214: require('lib.notify.safe')
052.940  000.598  000.216: require('lib.notify')
053.154  000.207  000.207: require('config.neotree.utils.node')
054.030  000.168  000.168: require('config.neotree.helper.is_ignored_dir.ignored_dirs')
054.037  000.363  000.196: require('config.neotree.helper.is_ignored_dir')
054.044  000.558  000.194: require('config.neotree.utils.tree')
054.048  000.888  000.330: require('config.neotree.actions.copy.entries')
054.245  000.194  000.194: require('config.neotree.actions.copy.folders')
054.452  000.201  000.201: require('config.neotree.actions.path.to_require')
054.665  000.207  000.207: require('config.neotree.actions.info.node')
055.101  000.223  000.223: require('config.neotree.utils.buffer')
055.109  000.438  000.216: require('config.neotree.actions.save.node_buffer')
055.353  000.240  000.240: require('config.neotree.actions.save.adjacent_buffer')
055.652  000.292  000.292: require('config.neotree.actions.grep_picker')
055.937  000.276  000.276: require('config.neotree.actions.traverse')
056.419  000.235  000.235: require('config.neotree.commands.get_telescope_opts')
056.648  000.221  000.221: require('config.neotree.commands.diff_files')
057.110  000.217  000.217: require('config.neotree.helper.renderer')
057.127  000.473  000.256: require('config.neotree.commands.mark')
057.483  000.351  000.351: require('config.neotree.commands.add')
057.499  001.554  000.273: require('config.neotree.commands')
058.135  000.290  000.290: require('config.neotree.trash.platform')
058.425  000.280  000.280: require('config.neotree.trash.validation.buffer_checker')
058.689  000.257  000.257: require('config.neotree.trash.confirmation')
060.444  000.492  000.492: require('config.neotree.safety.backup')
060.850  000.394  000.394: require('config.neotree.safety.operation_queue')
061.103  000.245  000.245: require('config.neotree.safety.dry_run')
061.327  000.217  000.217: require('config.neotree.safety.validation')
061.530  000.196  000.196: require('config.neotree.safety.recovery')
061.537  001.992  000.447: require('config.neotree.safety')
061.543  002.846  000.854: require('config.neotree.trash.operations')
061.550  004.045  000.372: require('config.neotree.trash')
061.776  000.223  000.223: require('config.neotree.undo')
061.996  000.213  000.213: require('config.neotree.actions.node_replace_buf')
062.009  009.875  000.300: require('config.neotree.keymaps.filesystem')
062.231  000.218  000.218: require('config.neotree.keymaps.git_status')
062.453  000.215  000.215: require('config.neotree.keymaps.tests')
062.648  000.189  000.189: require('config.neotree.keymaps.diagnostics')
065.115  000.236  000.236: require('config.noice')
065.549  000.220  000.220: require('config.todo_comments.keywords')
067.846  000.211  000.211: require('lazy.core.handler.keys')
068.228  000.191  000.191: require('lazy.core.handler.event')
068.235  000.379  000.188: require('lazy.core.handler.ft')
068.468  000.228  000.228: require('lazy.core.handler.cmd')
069.115  000.008  000.008: sourcing nvim_exec2() called at C:\Users\Bernhard\AppData\Local\nvim\init.lua:0
069.170  000.004  000.004: sourcing nvim_exec2() called at C:\Users\Bernhard\AppData\Local\nvim\init.lua:0
069.311  000.003  000.003: sourcing nvim_exec2() called at C:\Users\Bernhard\AppData\Local\nvim\init.lua:0
069.357  000.003  000.003: sourcing nvim_exec2() called at C:\Users\Bernhard\AppData\Local\nvim\init.lua:0
069.513  000.003  000.003: sourcing nvim_exec2() called at C:\Users\Bernhard\AppData\Local\nvim\init.lua:0
069.561  000.003  000.003: sourcing nvim_exec2() called at C:\Users\Bernhard\AppData\Local\nvim\init.lua:0
069.657  000.003  000.003: sourcing nvim_exec2() called at C:\Users\Bernhard\AppData\Local\nvim\init.lua:0
069.702  000.003  000.003: sourcing nvim_exec2() called at C:\Users\Bernhard\AppData\Local\nvim\init.lua:0
069.726  000.002  000.002: sourcing nvim_exec2() called at C:\Users\Bernhard\AppData\Local\nvim\init.lua:0
069.788  000.003  000.003: sourcing nvim_exec2() called at C:\Users\Bernhard\AppData\Local\nvim\init.lua:0
069.957  000.003  000.003: sourcing nvim_exec2() called at C:\Users\Bernhard\AppData\Local\nvim\init.lua:0
070.014  000.003  000.003: sourcing nvim_exec2() called at C:\Users\Bernhard\AppData\Local\nvim\init.lua:0
070.370  000.003  000.003: sourcing nvim_exec2() called at C:\Users\Bernhard\AppData\Local\nvim\init.lua:0
070.424  000.003  000.003: sourcing nvim_exec2() called at C:\Users\Bernhard\AppData\Local\nvim\init.lua:0
070.469  000.002  000.002: sourcing nvim_exec2() called at C:\Users\Bernhard\AppData\Local\nvim\init.lua:0
070.513  000.003  000.003: sourcing nvim_exec2() called at C:\Users\Bernhard\AppData\Local\nvim\init.lua:0
070.606  000.003  000.003: sourcing nvim_exec2() called at C:\Users\Bernhard\AppData\Local\nvim\init.lua:0
070.726  000.003  000.003: sourcing nvim_exec2() called at C:\Users\Bernhard\AppData\Local\nvim\init.lua:0
071.300  000.003  000.003: sourcing nvim_exec2() called at C:\Users\Bernhard\AppData\Local\nvim\init.lua:0
071.351  000.003  000.003: sourcing nvim_exec2() called at C:\Users\Bernhard\AppData\Local\nvim\init.lua:0
071.485  000.003  000.003: sourcing nvim_exec2() called at C:\Users\Bernhard\AppData\Local\nvim\init.lua:0
071.537  000.003  000.003: sourcing nvim_exec2() called at C:\Users\Bernhard\AppData\Local\nvim\init.lua:0
072.155  000.009  000.009: sourcing nvim_exec2() called at C:\Users\Bernhard\AppData\Local\nvim\init.lua:0
072.261  000.004  000.004: sourcing nvim_exec2() called at C:\Users\Bernhard\AppData\Local\nvim\init.lua:0
072.316  000.003  000.003: sourcing nvim_exec2() called at C:\Users\Bernhard\AppData\Local\nvim\init.lua:0
072.378  000.004  000.004: sourcing nvim_exec2() called at C:\Users\Bernhard\AppData\Local\nvim\init.lua:0
072.493  000.003  000.003: sourcing nvim_exec2() called at C:\Users\Bernhard\AppData\Local\nvim\init.lua:0
072.552  000.004  000.004: sourcing nvim_exec2() called at C:\Users\Bernhard\AppData\Local\nvim\init.lua:0
073.636  000.297  000.297: sourcing nvim_exec2() called at C:\Program Files\Neovim\share/nvim/runtime/filetype.lua:0
073.655  000.669  000.372: sourcing C:\Program Files\Neovim\share/nvim/runtime/filetype.lua
073.696  001.115  000.446: sourcing nvim_exec2() called at C:\Users\Bernhard\AppData\Local\nvim\init.lua:0
076.137  000.082  000.082: sourcing C:/Users/Bernhard/AppData/Local/nvim-data/lazy/plenary.nvim/plugin/plenary.vim
076.161  000.335  000.252: sourcing nvim_exec2() called at C:\Users\Bernhard\AppData\Local\nvim\init.lua:0
076.177  000.003  000.003: sourcing nvim_exec2() called at C:\Users\Bernhard\AppData\Local\nvim\init.lua:0
076.237  000.003  000.003: sourcing nvim_exec2() called at C:\Users\Bernhard\AppData\Local\nvim\init.lua:0
076.621  000.060  000.060: sourcing C:/Users/Bernhard/AppData/Local/nvim-data/lazy/todo-comments.nvim/plugin/todo.vim
076.638  000.303  000.243: sourcing nvim_exec2() called at C:\Users\Bernhard\AppData\Local\nvim\init.lua:0
076.663  000.002  000.002: sourcing nvim_exec2() called at C:\Users\Bernhard\AppData\Local\nvim\init.lua:0
076.708  000.003  000.003: sourcing nvim_exec2() called at C:\Users\Bernhard\AppData\Local\nvim\init.lua:0
078.666  000.203  000.203: require('todo-comments.util')
078.694  000.472  000.269: require('todo-comments.config')
079.211  000.276  000.276: require('todo-comments.highlight')
079.221  000.522  000.246: require('todo-comments.jump')
079.226  002.270  001.276: require('todo-comments')
080.378  000.006  000.006: sourcing nvim_exec2() called at C:\Users\Bernhard\AppData\Local\nvim\init.lua:0
080.421  000.003  000.003: sourcing nvim_exec2() called at C:\Users\Bernhard\AppData\Local\nvim\init.lua:0
081.758  000.009  000.009: sourcing nvim_exec2() called at C:\Users\Bernhard\AppData\Local\nvim\init.lua:0
081.822  000.004  000.004: sourcing nvim_exec2() called at C:\Users\Bernhard\AppData\Local\nvim\init.lua:0
084.002  000.270  000.270: sourcing C:/Users/Bernhard/AppData/Local/nvim-data/lazy/neo-tree-tests-source.nvim/plugin/neo-tree-tests-source.lua
084.034  000.600  000.330: sourcing nvim_exec2() called at C:\Users\Bernhard\AppData\Local\nvim\init.lua:0
084.056  000.005  000.005: sourcing nvim_exec2() called at C:\Users\Bernhard\AppData\Local\nvim\init.lua:0
084.119  000.005  000.005: sourcing nvim_exec2() called at C:\Users\Bernhard\AppData\Local\nvim\init.lua:0
085.451  000.006  000.006: sourcing nvim_exec2() called at C:\Users\Bernhard\AppData\Local\nvim\init.lua:0
085.499  000.003  000.003: sourcing nvim_exec2() called at C:\Users\Bernhard\AppData\Local\nvim\init.lua:0
086.175  000.332  000.332: sourcing C:/Users/Bernhard/AppData/Local/nvim-data/lazy/neo-tree.nvim/plugin/neo-tree.lua
086.202  000.598  000.266: sourcing nvim_exec2() called at C:\Users\Bernhard\AppData\Local\nvim\init.lua:0
086.218  000.005  000.005: sourcing nvim_exec2() called at C:\Users\Bernhard\AppData\Local\nvim\init.lua:0
086.272  000.003  000.003: sourcing nvim_exec2() called at C:\Users\Bernhard\AppData\Local\nvim\init.lua:0
089.623  000.576  000.576: require('netman.tools.compat')
092.161  000.570  000.570: require('netman.tools.utils.logger')
104.727  000.359  000.359: require('netman.tools.shell')
111.830  000.065  000.065: require('vim.F')
525.944  437.552  435.981: require('netman.tools.utils')
527.804  001.277  001.277: require('netman.tools.options')
528.142  000.326  000.326: require('netman.tools.cache')
528.393  000.233  000.233: require('netman.tools.utils.provider_validator')
528.649  000.247  000.247: require('netman.tools.parsers.json')
528.852  000.195  000.195: require('netman.tools.configuration')
529.688  000.418  000.418: require('netman.providers')
539.290  009.583  009.583: require('netman.providers.ssh')
544.668  000.075  000.075: sourcing C:/Users/Bernhard/AppData/Local/nvim-data/lazy/nvim-web-devicons/plugin/nvim-web-devicons.vim
544.694  000.344  000.269: sourcing nvim_exec2() called at C:\Users\Bernhard\AppData\Local\nvim\init.lua:0
544.709  000.003  000.003: sourcing nvim_exec2() called at C:\Users\Bernhard\AppData\Local\nvim\init.lua:0
544.756  000.003  000.003: sourcing nvim_exec2() called at C:\Users\Bernhard\AppData\Local\nvim\init.lua:0
549.940  000.009  000.009: sourcing nvim_exec2() called at C:\Users\Bernhard\AppData\Local\nvim\init.lua:0
549.985  000.003  000.003: sourcing nvim_exec2() called at C:\Users\Bernhard\AppData\Local\nvim\init.lua:0
552.399  000.167  000.167: require('wkdnvchad')
552.830  000.203  000.203: require('lib.lazy')
553.019  000.180  000.180: require('custom.functions.buf_win_tabs.move_buffer_to_tab')
553.519  000.249  000.249: require('nvchad.tabufline')
553.530  000.503  000.254: require('wkdnvchad.mappings.tabufline')
553.746  000.210  000.210: require('lib.map')
553.754  001.344  000.248: require('wkdnvchad.mappings')
554.367  000.249  000.249: require('wkdnvchad.usrcmd.themes')
554.379  000.550  000.301: require('wkdnvchad.usrcmd')
554.673  000.271  000.271: require('wkdnvchad.config')
554.868  000.188  000.188: require('wkdnvchad.config.base46')
555.340  000.216  000.216: require('wkdnvchad.ui.statusline.cursor_ctl.renderer')
555.547  000.195  000.195: require('wkdnvchad.ui.statusline.cursor_ctl.progress_calculators')
555.832  000.277  000.277: require('wkdnvchad.ui.statusline.modules.highlighting')
556.067  000.225  000.225: require('wkdnvchad.ui.statusline.modules.lsp')
556.300  000.208  000.208: require('wkdnvchad.ui.statusline.cursor_ctl')
556.312  001.436  000.314: require('wkdnvchad.config.statusline.custom')
556.317  004.298  000.342: require('chadrc')
556.493  004.796  000.498: require('nvconfig')
556.776  000.269  000.269: require('nvchad.stl.utils')
557.172  000.360  000.360: require('nvchad.tabufline.lazyload')
557.192  007.196  001.771: require('nvchad')
557.454  012.493  005.285: require('nvchad.icons.devicons')
558.219  000.330  000.330: require('nvim-web-devicons.filetypes')
559.018  000.584  000.584: require('nvim-web-devicons.default.icons_by_filename')
559.775  000.746  000.746: require('nvim-web-devicons.default.icons_by_file_extension')
560.094  000.310  000.310: require('nvim-web-devicons.default.icons_by_operating_system')
560.319  000.215  000.215: require('nvim-web-devicons.default.icons_by_desktop_environment')
560.548  000.222  000.222: require('nvim-web-devicons.default.icons_by_window_manager')
560.554  002.312  000.235: require('nvim-web-devicons.icons-default')
560.879  003.409  000.767: require('nvim-web-devicons')
565.859  022.562  006.309: require('nvim-web-devicons')
565.891  023.073  000.511: require('netman.providers.docker')
569.419  043.461  008.110: require('netman.api')
569.984  483.702  002.689: require('netman')
578.400  000.362  000.362: require('neo-tree.log')
580.148  001.737  001.737: require('neo-tree.utils._compat')
580.227  002.603  000.505: require('neo-tree.utils')
581.140  000.202  000.202: require('nui.object')
581.780  000.195  000.195: require('vim.version')
583.068  001.718  001.523: require('nui.utils')
583.083  001.936  000.218: require('nui.text')
583.091  002.361  000.223: require('nui.line')
583.567  000.189  000.189: require('nui.tree.util')
583.582  000.487  000.299: require('nui.tree')
583.980  000.166  000.166: require('nui.utils.buf_storage')
584.182  000.195  000.195: require('nui.utils.autocmd')
584.370  000.182  000.182: require('nui.utils.keymap')
584.750  000.208  000.208: require('nui.layout.utils')
584.758  000.382  000.174: require('nui.split.utils')
584.771  001.185  000.261: require('nui.split')
585.365  000.377  000.377: require('nui.popup.border')
585.460  000.686  000.309: require('nui.popup')
585.899  000.434  000.434: require('neo-tree.ui.highlights')
586.551  000.321  000.321: require('neo-tree')
586.564  000.658  000.337: require('neo-tree.ui.popups')
587.876  000.482  000.482: require('neo-tree.collections')
588.625  000.729  000.729: require('neo-tree.health.typecheck')
588.641  001.656  000.445: require('neo-tree.events.queue')
588.649  002.080  000.425: require('neo-tree.events')
589.067  000.414  000.414: require('neo-tree.ui.windows')
589.100  008.868  000.562: require('neo-tree.ui.renderer')
590.799  000.245  000.245: require('plenary.compat')
591.007  000.196  000.196: require('plenary.functional')
591.022  000.696  000.255: require('plenary.job')
591.065  001.116  000.420: require('neo-tree.sources.filesystem.lib.filter_external')
592.108  000.325  000.325: require('neo-tree.sources.filesystem.lib.globtopattern')
592.122  000.675  000.351: require('neo-tree.sources.common.file-nesting')
592.128  001.057  000.382: require('neo-tree.sources.common.file-items')
593.509  000.352  000.352: require('neo-tree.git.utils')
593.523  000.728  000.376: require('neo-tree.git.status')
593.871  000.345  000.345: require('neo-tree.git.ignored')
593.880  001.403  000.330: require('neo-tree.git')
593.887  001.756  000.352: require('neo-tree.sources.filesystem.lib.fs_watch')
594.836  000.173  000.173: require('plenary.tbl')
594.845  000.353  000.180: require('plenary.vararg.rotate')
594.849  000.549  000.196: require('plenary.vararg')
595.019  000.166  000.166: require('plenary.errors')
595.027  000.906  000.191: require('plenary.async.async')
595.739  000.172  000.172: require('plenary.async.structs')
595.756  000.364  000.192: require('plenary.async.control')
595.763  000.543  000.179: require('plenary.async.util')
595.769  000.736  000.193: require('plenary.async.tests')
595.772  001.881  000.239: require('plenary.async')
596.454  000.344  000.344: require('neo-tree.sources.filesystem.lib.lua-glob')
596.461  000.685  000.341: require('neo-tree.sources.filesystem.lib.ignored')
596.471  006.927  000.432: require('neo-tree.sources.filesystem.lib.fs_scan')
597.075  000.253  000.253: require('nui.input')
597.083  000.607  000.354: require('neo-tree.ui.inputs')
597.097  007.992  000.458: require('neo-tree.sources.manager')
597.317  000.216  000.216: require('neo-tree.sources.diagnostics.lib.items')
597.508  000.185  000.185: require('neo-tree.sources.diagnostics.highlights')
597.699  000.185  000.185: require('neo-tree.sources.diagnostics.defaults')
597.710  020.358  000.309: require('neo-tree.sources.diagnostics')
597.921  000.206  000.206: require('config.neotree.event_handlers')
598.225  000.292  000.292: require('config.neotree')
598.453  000.222  000.222: require('lib.fs.ignore.list')
598.650  000.185  000.185: require('config.neotree.actions.find_or_grep_menu')
599.660  000.215  000.215: sourcing C:/Users/Bernhard/AppData/Local/nvim-data/lazy/fzf-lua/plugin/fzf-lua.lua
599.683  000.507  000.292: sourcing nvim_exec2() called at C:\Users\Bernhard\AppData\Local\nvim\init.lua:0
599.696  000.004  000.004: sourcing nvim_exec2() called at C:\Users\Bernhard\AppData\Local\nvim\init.lua:0
599.739  000.003  000.003: sourcing nvim_exec2() called at C:\Users\Bernhard\AppData\Local\nvim\init.lua:0
602.438  000.289  000.289: require('vim.func')
602.719  000.199  000.199: require('vim.func._memoize')
602.731  000.997  000.509: require('fzf-lua.utils')
603.218  000.236  000.236: require('fzf-lua.lib.base64')
603.640  000.415  000.415: require('fzf-lua.lib.serpent')
603.654  000.919  000.268: require('fzf-lua.libuv')
603.671  002.178  000.262: require('fzf-lua.path')
604.768  000.620  000.620: require('fzf-lua.actions')
605.476  000.341  000.341: require('fzf-lua.class')
605.590  000.811  000.470: require('fzf-lua.devicons')
606.591  000.453  000.453: require('fzf-lua.previewer')
607.750  002.153  001.699: require('fzf-lua.defaults')
607.771  004.078  000.495: require('fzf-lua.config')
608.186  000.063  000.063: sourcing C:/Users/Bernhard/AppData/Local/nvim-data/lazy/fzf-lua/autoload/fzf_lua.vim
608.205  000.326  000.262: sourcing nvim_exec2() called at C:\Users\Bernhard\AppData\Local\nvim\init.lua:0
609.738  000.985  000.985: require('fzf-lua.win')
611.503  000.560  000.560: require('fzf-lua.fzf')
611.751  000.235  000.235: require('fzf-lua.shell')
611.768  002.012  001.217: require('fzf-lua.core')
612.003  000.225  000.225: require('fzf-lua.make_entry')
612.014  012.267  002.463: require('fzf-lua')
612.992  014.335  001.555: require('fzf-lua')
613.243  000.243  000.243: require('config.neotree.current_hl')
614.002  000.321  000.321: require('neo-tree.sources.common.container')
614.019  000.768  000.447: require('neo-tree.sources.common.components')
614.535  000.191  000.191: require('config.neotree.trash.commands')
614.741  000.183  000.183: require('config.neotree.open.keymaps.reveal_current_file')
614.968  000.182  000.182: require('config.neotree.open.keymaps.only_lhs')
615.253  000.007  000.007: sourcing nvim_exec2() called at C:\Users\Bernhard\AppData\Local\nvim\init.lua:0
615.295  000.003  000.003: sourcing nvim_exec2() called at C:\Users\Bernhard\AppData\Local\nvim\init.lua:0
617.329  000.178  000.178: require('git-conflict.colors')
617.518  000.181  000.181: require('git-conflict.utils')
617.915  000.201  000.201: require('vim.health')
617.923  000.398  000.197: require('vim.deprecated.health')
618.143  000.187  000.187: require('vim.hl')
618.164  002.812  001.868: require('git-conflict')
623.705  000.321  000.321: require('vim.iter')
624.249  000.015  000.015: sourcing nvim_exec2() called at C:\Users\Bernhard\AppData\Local\nvim\init.lua:0
624.464  000.076  000.076: sourcing nvim_exec2() called at C:\Users\Bernhard\AppData\Local\nvim\init.lua:0
627.316  002.605  002.605: require('trouble.config')
627.793  000.211  000.211: require('trouble.util')
627.802  000.437  000.226: require('trouble.config.highlights')
628.662  000.167  000.167: require('trouble.cache')
628.877  000.207  000.207: require('trouble.format')
629.051  000.167  000.167: require('trouble.view.indent')
629.233  000.176  000.176: require('trouble.view.text')
629.241  000.924  000.206: require('trouble.view.render')
629.246  001.107  000.184: require('trouble.view.preview')
629.251  001.300  000.193: require('trouble.view.main')
629.596  000.009  000.009: sourcing nvim_exec2() called at C:\Users\Bernhard\AppData\Local\nvim\init.lua:0
629.682  000.004  000.004: sourcing nvim_exec2() called at C:\Users\Bernhard\AppData\Local\nvim\init.lua:0
632.103  000.248  000.248: require('cmdlog.config')
632.114  002.422  002.174: require('cmdlog')
633.207  000.179  000.179: require('plenary.bit')
633.226  000.422  000.244: require('plenary.path')
633.231  000.641  000.219: require('cmdlog.core.favorites')
633.439  000.205  000.205: require('cmdlog.core.history')
633.653  000.207  000.207: require('cmdlog.core.utils')
633.865  000.207  000.207: require('cmdlog.ui.picker_utils')
633.872  001.491  000.230: require('cmdlog.ui.history_picker')
634.081  000.205  000.205: require('cmdlog.ui.history_unique_picker')
634.298  000.212  000.212: require('cmdlog.ui.favorites_picker')
634.940  000.336  000.336: require('cmdlog.core.shell')
634.953  000.646  000.310: require('cmdlog.ui.all_picker')
635.231  000.274  000.274: require('cmdlog.ui.all_unique_picker')
635.474  000.235  000.235: require('cmdlog.ui.shell_picker')
635.687  000.206  000.206: require('cmdlog.ui.shell_unique_picker')
635.694  003.531  000.262: require('cmdlog.ui.picker')
639.107  000.296  000.296: require('neotree-fs-refactor.utils.logger')
639.388  000.267  000.267: require('neotree-fs-refactor.utils.path')
639.634  000.238  000.238: require('neotree-fs-refactor.refactor.require_finder')
639.864  000.222  000.222: require('neotree-fs-refactor.refactor.file_updater')
640.085  000.215  000.215: require('neotree-fs-refactor.utils.notify')
640.103  003.482  002.244: require('neotree-fs-refactor.init')
640.126  003.708  000.226: sourcing B:/repos/neotree-fs-refactor.nvim/plugin/init.lua
640.148  004.106  000.398: sourcing nvim_exec2() called at C:\Users\Bernhard\AppData\Local\nvim\init.lua:0
640.200  000.006  000.006: sourcing nvim_exec2() called at C:\Users\Bernhard\AppData\Local\nvim\init.lua:0
640.292  000.004  000.004: sourcing nvim_exec2() called at C:\Users\Bernhard\AppData\Local\nvim\init.lua:0
640.538  000.236  000.236: require('neotree-fs-refactor')
644.656  000.228  000.228: sourcing C:\Program Files\Neovim\share\nvim\runtime\plugin\matchparen.vim
645.385  000.316  000.316: sourcing C:\Users\Bernhard\AppData\Local\nvim-data\lazy\vim-matchup\autoload\matchup.vim
646.032  000.254  000.254: sourcing C:\Users\Bernhard\AppData\Local\nvim-data\lazy\vim-matchup\autoload\matchup\perf.vim
648.156  000.210  000.210: require('vim.treesitter.language')
648.207  000.496  000.285: require('vim.treesitter.query')
648.428  000.215  000.215: require('vim.treesitter._range')
648.453  001.005  000.294: require('vim.treesitter.languagetree')
648.464  001.251  000.246: require('vim.treesitter')
648.674  000.205  000.205: require('treesitter-matchup.third-party.ts-utils')
648.913  000.230  000.230: require('treesitter-matchup.third-party.lru')
649.122  000.197  000.197: require('treesitter-matchup.util')
649.136  002.396  000.512: require('treesitter-matchup.internal')
649.496  002.844  000.449: sourcing C:\Users\Bernhard\AppData\Local\nvim-data\lazy\vim-matchup\autoload\matchup\loader.vim
650.881  000.735  000.735: sourcing C:\Users\Bernhard\AppData\Local\nvim-data\lazy\vim-matchup\autoload\matchup\matchparen.vim
651.683  000.172  000.172: sourcing C:\Users\Bernhard\AppData\Local\nvim-data\lazy\vim-matchup\autoload\matchup\pos.vim
652.572  011.346  006.798: sourcing C:/Users/Bernhard/AppData/Local/nvim-data/lazy/vim-matchup/plugin/matchup.vim
652.600  011.607  000.261: sourcing nvim_exec2() called at C:\Users\Bernhard\AppData\Local\nvim\init.lua:0
652.620  000.003  000.003: sourcing nvim_exec2() called at C:\Users\Bernhard\AppData\Local\nvim\init.lua:0
652.699  000.003  000.003: sourcing nvim_exec2() called at C:\Users\Bernhard\AppData\Local\nvim\init.lua:0
653.099  000.292  000.292: require('match-up')
653.324  000.025  000.025: sourcing nvim_exec2() called at C:\Users\Bernhard\AppData\Local\nvim\init.lua:0
653.368  000.003  000.003: sourcing nvim_exec2() called at C:\Users\Bernhard\AppData\Local\nvim\init.lua:0
653.606  000.229  000.229: require('config.harpoon.hardening')
657.725  000.276  000.276: require('harpoon.autocmd')
657.746  000.616  000.340: require('harpoon.buffer')
658.266  000.211  000.211: require('harpoon.utils')
658.277  000.525  000.314: require('harpoon.logger')
658.517  000.236  000.236: require('harpoon.extensions')
658.526  004.883  003.506: require('harpoon.ui')
658.954  000.195  000.195: require('config.harpoon.utils.normkey')
659.131  000.169  000.169: require('config.harpoon.utils.sanitize')
659.139  000.584  000.221: require('config.harpoon.persist_paths')
659.871  000.708  000.708: require('config.harpoon.preview')
660.358  000.259  000.259: require('config.harpoon.health')
689.306  028.400  028.400: sourcing C:/Users/Bernhard/AppData/Local/nvim-data/lazy/vim-wakatime/plugin/wakatime.vim
689.347  028.685  000.284: sourcing nvim_exec2() called at C:\Users\Bernhard\AppData\Local\nvim\init.lua:0
689.390  000.004  000.004: sourcing nvim_exec2() called at C:\Users\Bernhard\AppData\Local\nvim\init.lua:0
689.464  000.004  000.004: sourcing nvim_exec2() called at C:\Users\Bernhard\AppData\Local\nvim\init.lua:0
695.041  002.375  002.375: require('snacks')
695.063  002.584  000.209: sourcing C:/Users/Bernhard/AppData/Local/nvim-data/lazy/snacks.nvim/plugin/snacks.lua
695.082  002.833  000.249: sourcing nvim_exec2() called at C:\Users\Bernhard\AppData\Local\nvim\init.lua:0
695.097  000.004  000.004: sourcing nvim_exec2() called at C:\Users\Bernhard\AppData\Local\nvim\init.lua:0
695.139  000.003  000.003: sourcing nvim_exec2() called at C:\Users\Bernhard\AppData\Local\nvim\init.lua:0
699.640  000.211  000.211: require('translate.util.utf8')
699.654  000.401  000.190: require('translate.util.util')
699.659  000.602  000.201: require('translate.preset.parse_before.natural')
699.836  000.173  000.173: require('translate.preset.parse_before.trim')
700.017  000.176  000.176: require('translate.preset.parse_before.concat')
700.193  000.169  000.169: require('translate.preset.parse_before.no_handle')
700.409  000.210  000.210: require('translate.preset.command.translate_shell')
700.794  000.177  000.177: require('translate.preset.command.deepl')
700.800  000.386  000.209: require('translate.preset.command.deepl_free')
701.087  000.283  000.283: require('translate.preset.command.deepl_pro')
701.352  000.256  000.256: require('translate.preset.command.google')
701.757  000.398  000.398: require('translate.preset.parse_after.oneline')
701.965  000.201  000.201: require('translate.preset.parse_after.head')
702.146  000.176  000.176: require('translate.preset.parse_after.rate')
702.321  000.169  000.169: require('translate.preset.parse_after.window')
702.504  000.177  000.177: require('translate.preset.parse_after.no_handle')
702.681  000.171  000.171: require('translate.preset.parse_after.translate_shell')
703.037  000.183  000.183: require('translate.preset.parse_after.deepl')
703.043  000.356  000.173: require('translate.preset.parse_after.deepl_free')
703.219  000.172  000.172: require('translate.preset.parse_after.deepl_pro')
703.443  000.218  000.218: require('translate.preset.parse_after.google')
703.648  000.197  000.197: require('translate.preset.output.floating')
703.834  000.180  000.180: require('translate.preset.output.split')
704.025  000.185  000.185: require('translate.preset.output.insert')
704.204  000.173  000.173: require('translate.preset.output.replace')
704.397  000.188  000.188: require('translate.preset.output.register')
704.414  005.772  000.558: require('translate.config')
704.600  000.182  000.182: require('translate.util.replace')
705.731  000.249  000.249: require('translate.kit.Lua.TreeSitter')
705.746  000.626  000.377: require('translate.util.context')
705.755  000.965  000.339: require('translate.util.comment')
705.761  001.155  000.190: require('translate.util.select')
706.049  000.284  000.284: require('translate.command')
706.066  010.149  002.756: require('translate')
706.108  010.410  000.261: sourcing C:/Users/Bernhard/AppData/Local/nvim-data/lazy/translate.nvim/plugin/translate.lua
706.144  010.663  000.254: sourcing nvim_exec2() called at C:\Users\Bernhard\AppData\Local\nvim\init.lua:0
706.178  000.008  000.008: sourcing nvim_exec2() called at C:\Users\Bernhard\AppData\Local\nvim\init.lua:0
706.262  000.003  000.003: sourcing nvim_exec2() called at C:\Users\Bernhard\AppData\Local\nvim\init.lua:0
707.172  000.170  000.170: require('config.translate.filter')
707.181  000.364  000.195: require('config.translate.replace')
707.185  000.558  000.194: require('config.translate.usercommands')
707.226  000.915  000.357: require('config.translate')
707.992  000.311  000.311: sourcing C:/Users/Bernhard/AppData/Local/nvim-data/lazy/vim-startuptime/plugin/startuptime.vim
708.011  000.552  000.241: sourcing nvim_exec2() called at C:\Users\Bernhard\AppData\Local\nvim\init.lua:0
708.023  000.002  000.002: sourcing nvim_exec2() called at C:\Users\Bernhard\AppData\Local\nvim\init.lua:0
708.069  000.003  000.003: sourcing nvim_exec2() called at C:\Users\Bernhard\AppData\Local\nvim\init.lua:0
710.578  000.006  000.006: sourcing nvim_exec2() called at C:\Users\Bernhard\AppData\Local\nvim\init.lua:0
710.620  000.003  000.003: sourcing nvim_exec2() called at C:\Users\Bernhard\AppData\Local\nvim\init.lua:0
713.938  000.269  000.269: sourcing C:/Users/Bernhard/AppData/Local/nvim-data/lazy/nvim-puppeteer/plugin/puppeteer-autocmds.lua
713.964  000.532  000.264: sourcing nvim_exec2() called at C:\Users\Bernhard\AppData\Local\nvim\init.lua:0
713.978  000.004  000.004: sourcing nvim_exec2() called at C:\Users\Bernhard\AppData\Local\nvim\init.lua:0
714.035  000.003  000.003: sourcing nvim_exec2() called at C:\Users\Bernhard\AppData\Local\nvim\init.lua:0
714.700  000.216  000.216: sourcing C:\Program Files\Neovim\share/nvim/runtime/plugin/editorconfig.lua
714.721  000.460  000.243: sourcing nvim_exec2() called at C:\Users\Bernhard\AppData\Local\nvim\init.lua:0
715.228  000.195  000.195: sourcing C:\Program Files\Neovim\share/nvim/runtime/plugin/man.lua
715.250  000.444  000.249: sourcing nvim_exec2() called at C:\Users\Bernhard\AppData\Local\nvim\init.lua:0
715.512  000.030  000.030: sourcing C:\Program Files\Neovim\share/nvim/runtime/plugin/matchparen.vim
715.534  000.271  000.240: sourcing nvim_exec2() called at C:\Users\Bernhard\AppData\Local\nvim\init.lua:0
715.944  000.186  000.186: sourcing C:\Program Files\Neovim\share/nvim/runtime/plugin/osc52.lua
715.975  000.430  000.244: sourcing nvim_exec2() called at C:\Users\Bernhard\AppData\Local\nvim\init.lua:0
716.337  000.117  000.117: sourcing C:\Program Files\Neovim\share/nvim/runtime/plugin/shada.vim
716.355  000.362  000.245: sourcing nvim_exec2() called at C:\Users\Bernhard\AppData\Local\nvim\init.lua:0
716.657  000.055  000.055: sourcing C:\Program Files\Neovim\share/nvim/runtime/plugin/spellfile.vim
716.674  000.309  000.254: sourcing nvim_exec2() called at C:\Users\Bernhard\AppData\Local\nvim\init.lua:0
718.262  000.189  000.189: require('lib.nvim.simple_echo')
718.448  000.175  000.175: require('lib.cross.platform.is_windows')
718.625  000.170  000.170: require('lib.cross.platform.is_wsl')
718.827  000.196  000.196: require('lib.cross.platform.is_macos')
719.014  000.179  000.179: require('lib.cross.platform.is_linux')
719.212  000.191  000.191: require('lib.cross.platform.is')
719.469  000.251  000.251: require('lib.cross.run')
719.685  000.208  000.208: require('lib.cross.copy_to_clipboard')
719.901  000.209  000.209: require('lib.fs.path')
720.116  000.209  000.209: require('lib.fs.is_subpath')
720.316  000.194  000.194: require('lib.fs.is_dir')
720.519  000.197  000.197: require('lib.fs.relpath')
720.734  000.208  000.208: require('lib.fs.find_upward_dir')
720.935  000.196  000.196: require('lib.tables.dedup')
721.148  000.206  000.206: require('lib.require')
721.323  000.169  000.169: require('lib.buffer.is_markdown_buf')
721.512  000.182  000.182: require('lib.buffer.insert_lines')
721.701  000.183  000.183: require('lib.tables.with')
721.962  000.253  000.253: require('lib.tables.array')
722.192  000.219  000.219: require('lib.tables.core')
722.386  000.185  000.185: require('lib.tables.dict')
722.577  000.185  000.185: require('lib.tables.set')
722.775  000.191  000.191: require('lib.tables.functional')
722.972  000.190  000.190: require('lib.tables.safe')
723.382  000.177  000.177: require('lib.strings.remove_prefix')
723.591  000.201  000.201: require('lib.strings.core')
723.776  000.175  000.175: require('lib.strings.patterns')
723.977  000.195  000.195: require('lib.strings.links')
723.984  001.004  000.256: require('lib.strings')
724.172  000.181  000.181: require('lib.strings.convert.hex_to_string')
724.382  000.203  000.203: require('lib.terminal')
724.798  000.192  000.192: require('lib.ui.hover_select.config')
724.994  000.187  000.187: require('lib.ui.hover_select.buffer')
725.194  000.193  000.193: require('lib.ui.hover_select.window')
725.384  000.183  000.183: require('lib.ui.hover_select.navigation')
725.589  000.199  000.199: require('lib.ui.hover_select.highlight')
725.600  001.212  000.258: require('lib.ui.hover_select')
725.812  000.204  000.204: require('lib.ui.hl')
726.033  000.212  000.212: require('lib.autocmd')
726.243  000.204  000.204: require('lib.usercmd')
726.622  000.172  000.172: require('@types.log')
726.628  000.379  000.207: require('lib.notify.resolve_log_level')
726.992  000.170  000.170: require('lib.memo.lru')
727.163  000.165  000.165: require('lib.memo.memo')
727.169  000.537  000.202: require('lib.memo')
727.449  000.277  000.277: require('lib.time.diff')
727.741  000.286  000.286: require('lib.normalize')
727.748  009.868  000.433: require('lib')
727.753  010.088  000.220: require('system.env')
745.833  000.309  000.309: require('myoptions.set_diff_profile.profiles')
745.846  000.677  000.368: require('myoptions.set_diff_profile.selector')
756.686  019.180  018.503: require('options')
756.964  000.266  000.266: require('myoptions')
757.677  000.216  000.216: require('myoptions.@types.highlight')
757.700  000.492  000.276: require('myoptions.config')
758.083  000.191  000.191: require('myoptions.@types.skip')
758.091  000.387  000.196: require('myoptions.skip')
758.105  001.134  000.255: require('myoptions.Options_Cfg')
758.534  000.296  000.296: require('myoptions.commands')
758.863  000.232  000.232: require('lsp')
759.136  000.266  000.266: require('lsp.core.handlers')
759.404  000.258  000.258: require('lsp.core.filter')
760.383  000.506  000.506: require('vim.lsp.log')
761.258  000.863  000.863: require('vim.lsp.protocol')
761.880  000.603  000.603: require('vim.lsp.util')
762.466  000.238  000.238: require('vim.lsp.sync')
762.492  000.599  000.361: require('vim.lsp._changetracking')
763.083  000.312  000.312: require('vim.lsp._transport')
763.160  000.661  000.349: require('vim.lsp.rpc')
763.263  003.847  000.616: require('vim.lsp')
764.009  000.373  000.373: require('vim.lsp.completion')
764.109  000.840  000.466: require('vim.lsp.handlers')
764.317  000.202  000.202: require('lsp.core.diagnostics')
764.850  000.517  000.517: require('vim.diagnostic')
765.061  000.200  000.200: require('lsp.core.treesitter')
766.069  000.252  000.252: require('lsp.core.capabilities')
767.514  000.029  000.029: sourcing nvim_exec2() called at C:\Users\Bernhard\AppData\Local\nvim\init.lua:0
767.569  000.004  000.004: sourcing nvim_exec2() called at C:\Users\Bernhard\AppData\Local\nvim\init.lua:0
771.499  000.284  000.284: require('cmp_nvim_lsp.source')
771.521  003.307  003.022: require('cmp_nvim_lsp')
771.546  003.529  000.223: sourcing C:/Users/Bernhard/AppData/Local/nvim-data/lazy/cmp-nvim-lsp/after/plugin/cmp_nvim_lsp.lua
771.571  003.828  000.298: sourcing nvim_exec2() called at C:\Users\Bernhard\AppData\Local\nvim\init.lua:0
771.588  004.636  000.776: require('cmp_nvim_lsp')
772.755  000.292  000.292: require('lsp.core.attach')
772.993  000.224  000.224: require('lsp.formatter.init')
774.071  000.210  000.210: sourcing C:/Users/Bernhard/AppData/Local/nvim-data/lazy/conform.nvim/plugin/conform.lua
774.097  000.481  000.270: sourcing nvim_exec2() called at C:\Users\Bernhard\AppData\Local\nvim\init.lua:0
774.113  000.005  000.005: sourcing nvim_exec2() called at C:\Users\Bernhard\AppData\Local\nvim\init.lua:0
774.161  000.003  000.003: sourcing nvim_exec2() called at C:\Users\Bernhard\AppData\Local\nvim\init.lua:0
777.339  003.073  003.073: require('conform')
777.416  004.415  000.854: require('conform')
777.621  000.200  000.200: require('lsp.core.util')
777.866  000.238  000.238: require('lsp.formatter.conform')
794.421  000.353  000.353: require('lsp.usercmds.formatter')
795.160  000.676  000.676: require('lsp.usercmds')
795.545  000.296  000.296: require('lsp.core.registry')
795.889  000.337  000.337: require('lsp.languages')
796.205  000.308  000.308: require('lsp.languages.markdown')
796.656  000.377  000.377: require('lsp.languages.shell')
811.763  000.333  000.333: require('lsp.servers.bashls')
827.447  000.390  000.390: require('lsp.servers.lua_ls.ignore')
827.829  000.370  000.370: require('lsp.servers.lua_ls.rootresolver')
827.838  001.211  000.451: require('lsp.servers.lua_ls')
829.208  000.539  000.539: require('lsp.servers.lua_ls.reload')
829.656  000.414  000.414: require('lsp.servers.ts_ls')
830.108  000.409  000.409: require('lsp.servers.gopls')
830.822  000.318  000.318: require('lsp.servers.marksman.config')
831.211  000.380  000.380: require('lsp.servers.marksman.diagnostics_handler')
831.798  000.275  000.275: require('lib.cross.fs._cwd')
831.806  000.587  000.313: require('lsp.servers.marksman.rootresolver')
831.811  001.675  000.390: require('lsp.servers.marksman')
832.096  000.271  000.271: require('lsp.servers.marksman.code_action_handler')
832.487  000.320  000.320: require('lsp.servers.html')
833.600  000.381  000.381: require('lsp.lspdoctor.@types')
833.803  000.179  000.179: require('lsp.lspdoctor.health')
833.989  000.180  000.180: require('lsp.lspdoctor.debug')
834.188  000.193  000.193: require('lsp.lspdoctor.inspect')
834.233  001.344  000.411: require('lsp.lspdoctor')
834.627  000.166  000.166: require('lsp.tools.eslint_prettier.core.find_root')
834.800  000.167  000.167: require('lsp.tools.eslint_prettier.core.check_config')
835.163  000.189  000.189: require('lsp.tools.eslint_prettier.eslint')
835.170  000.363  000.174: require('lsp.tools.eslint_prettier.eslint.fix')
835.523  000.185  000.185: require('lsp.tools.eslint_prettier.prettier')
835.530  000.357  000.172: require('lsp.tools.eslint_prettier.prettier.format')
835.723  000.190  000.190: require('lsp.tools.eslint_prettier.autocmds')
835.921  000.191  000.191: require('lsp.tools.eslint_prettier.usercmds')
835.928  001.676  000.242: require('lsp.tools.eslint_prettier')
836.557  000.175  000.175: require('lsp.tools.lsp_signature.open_floating_preview')
837.095  000.259  000.259: require('lsp.tools.lsp_signature.split_lines')
837.111  000.547  000.288: require('lsp.tools.lsp_signature.format_signature_help')
837.420  000.302  000.302: require('lsp.tools.lsp_signature.state')
837.887  000.205  000.205: require('lsp.tools.lsp_signature.utils.helper')
837.896  000.467  000.262: require('lsp.tools.lsp_signature.highlights.parameters')
838.286  000.191  000.191: require('lsp.tools.lsp_signature.format_hover')
838.294  000.394  000.203: require('lsp.tools.lsp_signature.show_hover')
838.539  000.242  000.242: require('lsp.tools.lsp_signature.fallback_providers')
838.587  000.029  000.029: sourcing nvim_exec2() called at C:\Users\Bernhard\AppData\Local\nvim\init.lua:0
838.615  000.004  000.004: sourcing nvim_exec2() called at C:\Users\Bernhard\AppData\Local\nvim\init.lua:0
838.624  000.004  000.004: sourcing nvim_exec2() called at C:\Users\Bernhard\AppData\Local\nvim\init.lua:0
838.633  000.004  000.004: sourcing nvim_exec2() called at C:\Users\Bernhard\AppData\Local\nvim\init.lua:0
838.641  000.004  000.004: sourcing nvim_exec2() called at C:\Users\Bernhard\AppData\Local\nvim\init.lua:0
838.646  002.449  000.278: require('lsp.tools.lsp_signature.request_and_show')
838.651  002.658  000.209: require('lsp.tools.lsp_signature')
839.090  000.308  000.308: require('lsp.tools.ts_type_lookup')
839.341  000.240  000.240: require('lsp.tools.ts_type_lookup.cmds')
848.337  000.257  000.257: require('nvim-treesitter.utils')
849.847  001.492  001.492: require('nvim-treesitter.parsers')
851.155  000.328  000.328: require('nvim-treesitter.compat')
851.579  000.208  000.208: require('nvim-treesitter.ts_utils')
851.590  000.419  000.211: require('nvim-treesitter.tsrange')
851.887  000.291  000.291: require('nvim-treesitter.caching')
851.934  001.416  000.378: require('nvim-treesitter.query')
851.958  001.793  000.377: require('nvim-treesitter.configs')
851.967  002.107  000.315: require('nvim-treesitter.info')
852.475  000.502  000.502: require('nvim-treesitter.shell_command_selectors')
852.518  004.743  000.385: require('nvim-treesitter.install')
852.963  000.440  000.440: require('nvim-treesitter.statusline')
853.199  000.230  000.230: require('nvim-treesitter.query_predicates')
853.207  008.558  003.146: require('nvim-treesitter')
854.051  009.628  001.070: sourcing C:/Users/Bernhard/AppData/Local/nvim-data/lazy/nvim-treesitter/plugin/nvim-treesitter.lua
854.089  010.000  000.371: sourcing nvim_exec2() called at C:\Users\Bernhard\AppData\Local\nvim\init.lua:0
854.106  000.003  000.003: sourcing nvim_exec2() called at C:\Users\Bernhard\AppData\Local\nvim\init.lua:0
854.170  000.003  000.003: sourcing nvim_exec2() called at C:\Users\Bernhard\AppData\Local\nvim\init.lua:0
854.798  000.573  000.573: require('nvchad.configs.treesitter')
855.097  000.286  000.286: require('config.treesitter.parser')
899.569  000.269  000.269: require('nvim-treesitter.indent')
899.790  000.183  000.183: require('nvim-treesitter.highlight')
902.957  000.007  000.007: sourcing nvim_exec2() called at C:\Users\Bernhard\AppData\Local\nvim\init.lua:0
902.998  000.003  000.003: sourcing nvim_exec2() called at C:\Users\Bernhard\AppData\Local\nvim\init.lua:0
903.069  000.003  000.003: sourcing nvim_exec2() called at C:\Users\Bernhard\AppData\Local\nvim\init.lua:0
903.103  000.003  000.003: sourcing nvim_exec2() called at C:\Users\Bernhard\AppData\Local\nvim\init.lua:0
906.447  000.008  000.008: sourcing nvim_exec2() called at C:\Users\Bernhard\AppData\Local\nvim\init.lua:0
906.488  000.003  000.003: sourcing nvim_exec2() called at C:\Users\Bernhard\AppData\Local\nvim\init.lua:0
907.307  000.427  000.427: sourcing C:/Users/Bernhard/AppData/Local/nvim-data/lazy/telescope.nvim/plugin/telescope.lua
907.336  000.701  000.274: sourcing nvim_exec2() called at C:\Users\Bernhard\AppData\Local\nvim\init.lua:0
907.352  000.004  000.004: sourcing nvim_exec2() called at C:\Users\Bernhard\AppData\Local\nvim\init.lua:0
907.402  000.003  000.003: sourcing nvim_exec2() called at C:\Users\Bernhard\AppData\Local\nvim\init.lua:0
908.583  000.179  000.179: require('plenary.strings')
909.292  000.316  000.316: require('plenary.log')
909.345  000.557  000.242: require('telescope.log')
909.746  000.167  000.167: require('telescope.state')
909.811  000.461  000.294: require('telescope.utils')
909.822  001.228  000.209: require('telescope.sorters')
911.445  003.253  001.847: require('telescope.config')
911.941  000.202  000.202: require('plenary.window.border')
912.149  000.200  000.200: require('plenary.window')
912.320  000.165  000.165: require('plenary.popup.utils')
912.327  000.874  000.308: require('plenary.popup')
912.529  000.198  000.198: require('telescope.pickers.scroller')
912.707  000.172  000.172: require('telescope.actions.state')
912.882  000.169  000.169: require('telescope.actions.utils')
913.284  000.192  000.192: require('telescope.actions.mt')
913.300  000.412  000.220: require('telescope.actions.set')
913.640  000.168  000.168: require('telescope.config.resolve')
913.647  000.344  000.176: require('telescope.pickers.entry_display')
913.825  000.174  000.174: require('telescope.from_entry')
914.028  006.181  000.584: require('telescope.actions')
914.034  006.525  000.345: require('nvchad.configs.telescope')
914.624  000.317  000.317: require('config.telescope.history')
920.732  000.328  000.328: require('telescope.actions.history')
921.340  000.336  000.336: require('telescope._extensions')
921.350  000.606  000.270: require('telescope')
921.354  006.461  005.526: require('telescope._extensions.smart_history')
921.358  006.721  000.260: require('config.telescope.history.keymaps')
921.534  000.172  000.172: require('config.telescope.file_browser.keymaps')
921.718  000.178  000.178: require('config.telescope.ui.hl_selection')
921.952  000.226  000.226: require('config.telescope.open_background')
922.416  000.212  000.212: require('config.telescope.actions.create_file')
922.654  000.229  000.229: require('config.telescope.actions.open_badd')
922.662  000.700  000.259: require('config.telescope.actions')
922.671  008.632  000.318: require('config.telescope')
923.218  000.174  000.174: require('sqlite.utils')
923.230  000.381  000.206: require('sqlite.database')
923.234  000.558  000.177: require('sqlite')
924.062  000.218  000.218: require('config.telescope.keymaps')
926.392  000.320  000.320: require('telescope.debounce')
926.795  000.391  000.391: require('telescope.mappings')
927.101  000.297  000.297: require('telescope.pickers.highlights')
927.392  000.283  000.283: require('telescope.pickers.window')
927.665  000.267  000.267: require('telescope.pickers.layout')
928.231  000.269  000.269: require('telescope.algos.linked_list')
928.240  000.569  000.300: require('telescope.entry_manager')
928.508  000.264  000.264: require('telescope.pickers.multi')
928.527  002.850  000.459: require('telescope.pickers')
929.239  000.429  000.429: require('telescope.make_entry')
929.540  000.292  000.292: require('telescope.finders.async_static_finder')
930.510  000.194  000.194: require('plenary.class')
930.534  000.640  000.446: require('telescope._')
930.539  000.991  000.352: require('telescope.finders.async_oneshot_finder')
930.877  000.333  000.333: require('telescope.finders.async_job_finder')
930.889  002.357  000.311: require('telescope.finders')
931.565  000.303  000.303: require('telescope.previewers.previewer')
932.227  000.318  000.318: require('telescope.previewers.utils')
945.747  014.173  013.855: require('telescope.previewers.term_previewer')
961.291  015.531  015.531: require('telescope.previewers.buffer_previewer')
961.307  030.381  000.374: require('telescope.previewers')
961.318  036.122  000.534: require('telescope._extensions.themes')
962.059  000.735  000.735: require('telescope._extensions.terms')
963.270  123.679  058.838: require('telescope')
963.281  123.897  000.217: require('lsp.tools.ts_type_lookup.ts_telescope_picker')
963.645  000.342  000.342: require('lsp.tools.ts_type_lookup.noice_integration')
964.091  000.187  000.187: require('lsp.tools.deprecated_help.lsp_common')
964.498  000.178  000.178: require('lsp.tools.deprecated_help.helper')
964.681  000.175  000.175: require('lsp.tools.deprecated_help.lsp.lua_ls.catch')
964.869  000.182  000.182: require('lsp.tools.deprecated_help.lsp.lua_ls.diagnostic')
965.057  000.182  000.182: require('lsp.tools.deprecated_help.defaults')
965.065  000.966  000.248: require('lsp.tools.deprecated_help.lsp.lua_ls.lua_ls')
965.261  000.191  000.191: require('lsp.tools.deprecated_help.lsp.lua_ls.publish_diagnostics')
965.268  001.613  000.269: require('lsp.tools.deprecated_help')
965.872  000.182  000.182: require('lsp.diagnostics.util')
966.057  000.175  000.175: require('lsp.diagnostics.loclist')
966.234  000.172  000.172: require('lsp.diagnostics.quickfix')
966.240  000.750  000.221: require('lsp.diagnostics.commands')
966.429  000.185  000.185: require('lsp.diagnostics.keymaps')
966.435  001.161  000.227: require('lsp.diagnostics')
966.877  000.196  000.196: require('autocmds.auto-center-fexplorer')
967.419  000.241  000.241: require('autocmds.general.helpers')
967.668  000.238  000.238: require('autocmds.general.gofile_cases')
967.907  000.231  000.231: require('autocmds.general.gofile_logger')
968.261  000.343  000.343: require('autocmds.general.defaults')
968.270  001.355  000.302: require('autocmds.general')
968.818  000.325  000.325: require('autocmds.git')
969.106  000.259  000.259: require('autocmds.git.conflicts_qf')
969.376  000.242  000.242: require('autocmds.git.commit_ft')
969.739  000.331  000.331: require('autocmds.git.conflict_marks')
970.002  000.228  000.228: require('autocmds.git.gitsigns_refresh')
970.217  000.191  000.191: require('autocmds.git.blame_on_hold')
971.144  000.920  000.920: require('autocmds.git.line_diff_on_hold')
971.460  000.280  000.280: require('autocmds.terminals')
972.055  000.540  000.540: require('autocmds.text')
972.213  005.719  000.853: require('autocmds')
972.838  000.290  000.290: require('custom.commands_keymaps')
973.183  000.333  000.333: require('custom.commands_keymaps.delete_current_file')
973.560  000.368  000.368: require('custom.insert')
973.831  000.248  000.248: require('custom.insert.filepath.core')
974.084  000.229  000.229: require('custom.insert.annotation.core')
974.341  000.233  000.233: require('custom.insert.timestamp.core')
974.611  000.262  000.262: require('custom.insert.uuid.core')
974.923  000.302  000.302: require('custom.insert.boilerplate.core')
975.285  000.341  000.341: require('custom.format')
975.560  000.257  000.257: require('custom.format.column_align.core')
975.878  000.307  000.307: require('custom.format.table')
976.187  000.300  000.300: require('custom.format.text_width')
976.483  000.289  000.289: require('custom.format.filter_lines')
976.774  000.283  000.283: require('custom.format.additional_features')
977.061  000.252  000.252: require('custom.format.markdown')
977.317  000.249  000.249: require('custom.format.markdown.headlines.separators')
977.930  000.273  000.273: require('custom.lua_project_file_stats.utils')
978.221  000.283  000.283: require('custom.lua_project_file_stats.prints')
978.484  000.255  000.255: require('custom.lua_project_file_stats.misc_files')
978.495  001.160  000.349: require('custom.lua_project_file_stats')
978.792  000.293  000.293: require('custom.lua_project_file_stats.usercommands')
979.241  000.402  000.402: require('custom.function_index')
979.664  000.343  000.343: require('custom.function_index.user_actions')
980.166  000.486  000.486: require('custom.function_index.user_actions.usercommands')
981.227  000.432  000.432: require('custom.recommender.rendering')
981.681  000.438  000.438: require('custom.recommender.keymaps')
982.065  000.367  000.367: require('custom.recommender.custom_aliases')
982.438  000.359  000.359: require('custom.recommender.blacklist')
982.807  000.356  000.356: require('custom.recommender.regex')
983.206  000.387  000.387: require('custom.recommender.treesitter')
983.221  002.979  000.641: require('custom.recommender')
983.757  000.314  000.314: require('custom.filecycle')
984.320  000.254  000.254: require('custom.filecycle.@types')
984.614  000.283  000.283: require('custom.filecycle.core')
984.623  000.854  000.317: require('custom.filecycle.keymaps')
984.961  000.250  000.250: require('custom.filecycle.usercommands')
985.499  000.219  000.219: require('custom.find_config.config.defaults')
985.508  000.512  000.293: require('custom.find_config')
986.036  000.215  000.215: require('custom.find_config.core')
986.043  000.468  000.253: require('custom.find_config.engines.telescope')
986.540  000.211  000.211: require('custom.markdown.config')
986.755  000.209  000.209: require('custom.markdown.core.fold')
987.021  000.259  000.259: require('custom.markdown.core.headings')
987.252  000.225  000.225: require('custom.markdown.core.wrap')
987.479  000.220  000.220: require('custom.markdown.setup.autocmds')
987.722  000.237  000.237: require('custom.markdown.tableview')
988.186  000.226  000.226: require('custom.markdown.tableview.parser')
988.197  000.469  000.242: require('custom.markdown.tableview.live')
988.672  000.470  000.470: require('custom.markdown.fenced_fix')
988.754  002.680  000.380: require('custom.markdown')
989.159  000.378  000.378: require('custom.markdown.tableview.autocmds')
990.169  000.844  000.844: require('custom.pathprobe')
991.951  000.294  000.294: require('custom.repo_pickers.@types.aliases')
991.970  000.638  000.344: require('custom.repo_pickers.@types.types')
991.990  001.095  000.458: require('custom.repo_pickers.config')
992.892  000.278  000.278: require('custom.repo_pickers.fs')
993.113  000.209  000.209: require('custom.repo_pickers.dispatch')
993.121  000.790  000.302: require('custom.repo_pickers.actions')
993.516  000.192  000.192: require('custom.repo_pickers.select.vim_select')
993.741  000.219  000.219: require('custom.repo_pickers.select.telescope')
993.991  000.243  000.243: require('custom.repo_pickers.select.fzf')
994.001  000.876  000.222: require('custom.repo_pickers.select.router')
994.005  002.007  000.342: require('custom.repo_pickers.register')
994.011  003.729  000.626: require('custom.repo_pickers')
995.347  000.185  000.185: require('custom.pathfinder.notifier')
995.357  000.393  000.208: require('custom.pathfinder.util')
995.363  000.642  000.249: require('custom.pathfinder.finder')
996.294  000.219  000.219: require('custom.pathfinder.extractor.terminators')
996.312  000.490  000.271: require('custom.pathfinder.extractor.helpers')
996.556  000.237  000.237: require('custom.pathfinder.extractor.common_extensions')
996.569  000.984  000.257: require('custom.pathfinder.extractor.find')
996.575  001.209  000.225: require('custom.pathfinder.extractor')
996.580  002.168  000.317: require('custom.pathfinder.commands')
996.583  002.433  000.265: require('custom.pathfinder')
996.928  000.300  000.300: require('custom.line_marker')
996.966  024.746  001.778: require('custom')
997.788  000.188  000.188: require('custom.mynotes.core')
997.797  000.394  000.207: require('custom.mynotes.register')
997.831  000.632  000.238: require('custom.mynotes.specs.checklists')
998.066  000.230  000.230: require('custom.mynotes.specs.notes')
998.289  000.217  000.217: require('custom.mynotes.specs.notes_lua')
998.508  000.213  000.213: require('custom.mynotes.specs.notes_nvim')
998.733  000.220  000.220: require('custom.mynotes.specs.wkdbook')
999.047  000.271  000.271: require('custom.mynotes.specs.wkdbook_lua')
999.289  000.231  000.231: require('custom.mynotes.specs.wkdbook_nvim')
999.295  002.325  000.311: require('custom.mynotes')
999.670  000.182  000.182: require('sessions.autocmds')
999.880  000.204  000.204: require('sessions.usercmds')
1000.086  000.200  000.200: require('sessions.keymaps')
1000.093  000.794  000.208: require('sessions')
1000.633  000.240  000.240: require('usrcmds.copy')
1001.048  000.184  000.184: require('usrcmds.gather.@types')
1001.055  000.405  000.221: require('usrcmds.gather')
1001.311  000.240  000.240: require('usrcmds.compress_dir')
1001.534  000.210  000.210: require('usrcmds.diff')
1001.792  000.252  000.252: require('usrcmds.diff.diff_origin')
1002.049  000.242  000.242: require('usrcmds.fileinfo')
1002.342  000.270  000.270: require('usrcmds.project_tree')
1002.617  000.237  000.237: require('usrcmds.newfile')
1002.870  000.222  000.222: require('usrcmds.migrate')
1003.530  000.190  000.190: require('usrcmds.migrate.common.@types')
1003.554  000.426  000.237: require('usrcmds.migrate.common.command')
1003.770  000.212  000.212: require('usrcmds.migrate.common.picker')
1003.965  000.189  000.189: require('usrcmds.migrate.common.buffer')
1003.975  001.098  000.271: require('usrcmds.migrate.opt')
1004.659  000.187  000.187: require('usrcmds.migrate.notify.parser.aliases')
1004.870  000.204  000.204: require('usrcmds.migrate.notify.parser.patterns')
1005.085  000.209  000.209: require('usrcmds.migrate.notify.parser.extractor')
1005.352  000.256  000.256: require('usrcmds.migrate.notify.parser.migrator')
1005.367  001.123  000.267: require('usrcmds.migrate.notify.parser')
1005.842  000.207  000.207: require('usrcmds.migrate.notify.refactor.import')
1006.060  000.208  000.208: require('usrcmds.migrate.notify.refactor.cleanup')
1006.276  000.208  000.208: require('usrcmds.migrate.notify.refactor.apply')
1006.283  000.911  000.288: require('usrcmds.migrate.notify.refactor')
1006.300  002.309  000.274: require('usrcmds.migrate.notify')
1006.635  000.295  000.295: require('usrcmds.reload')
1006.984  000.329  000.329: require('usrcmds.search_all_drives')
1007.681  000.671  000.671: require('usrcmds.system_find')
1008.159  000.451  000.451: require('usrcmds.update_repos')
1008.920  000.736  000.736: require('usrcmds.uv_doc')
1009.051  008.856  000.648: require('usrcmds')
1009.590  000.522  000.522: require('wkddap')
1010.007  000.387  000.387: require('wkddap.core')
1010.329  000.314  000.314: require('wkddap.core.setup')
1014.397  000.008  000.008: sourcing nvim_exec2() called at C:\Users\Bernhard\AppData\Local\nvim\init.lua:0
1014.464  000.004  000.004: sourcing nvim_exec2() called at C:\Users\Bernhard\AppData\Local\nvim\init.lua:0
1015.352  000.500  000.500: sourcing C:/Users/Bernhard/AppData/Local/nvim-data/lazy/nvim-dap/plugin/dap.lua
1015.376  000.754  000.254: sourcing nvim_exec2() called at C:\Users\Bernhard\AppData\Local\nvim\init.lua:0
1015.389  000.003  000.003: sourcing nvim_exec2() called at C:\Users\Bernhard\AppData\Local\nvim\init.lua:0
1015.443  000.003  000.003: sourcing nvim_exec2() called at C:\Users\Bernhard\AppData\Local\nvim\init.lua:0
1020.754  000.923  000.923: require('dap.utils')
1020.954  005.453  004.530: require('dap')
1021.737  000.743  000.743: require('osv')
1022.657  012.321  005.353: require('dap')
1022.917  000.245  000.245: require('wkddap.core.capabilities')
1026.917  000.008  000.008: sourcing nvim_exec2() called at C:\Users\Bernhard\AppData\Local\nvim\init.lua:0
1026.963  000.003  000.003: sourcing nvim_exec2() called at C:\Users\Bernhard\AppData\Local\nvim\init.lua:0
1027.042  000.003  000.003: sourcing nvim_exec2() called at C:\Users\Bernhard\AppData\Local\nvim\init.lua:0
1027.077  000.003  000.003: sourcing nvim_exec2() called at C:\Users\Bernhard\AppData\Local\nvim\init.lua:0
1031.053  000.185  000.185: require('nio.tasks')
1031.243  000.179  000.179: require('nio.control')
1031.528  000.278  000.278: require('nio.uv')
1031.709  000.175  000.175: require('nio.tests')
1032.074  000.187  000.187: require('vim.ui')
1032.085  000.370  000.183: require('nio.ui')
1032.450  000.178  000.178: require('nio.streams')
1032.457  000.368  000.191: require('nio.file')
1032.983  000.183  000.183: require('nio.util')
1033.302  000.671  000.489: require('nio.logger')
1033.313  000.853  000.182: require('nio.lsp')
1033.524  000.207  000.207: require('nio.process')
1033.539  002.876  000.260: require('nio')
1034.537  000.024  000.024: sourcing nvim_exec2() called at C:\Users\Bernhard\AppData\Local\nvim\init.lua:0
1034.546  000.224  000.200: require('dapui.config.highlights')
1034.604  000.051  000.051: sourcing nvim_exec2() called at C:\Users\Bernhard\AppData\Local\nvim\init.lua:0
1034.697  000.715  000.440: require('dapui.config')
1034.707  000.941  000.226: require('dapui.util')
1034.912  000.202  000.202: require('dapui.windows.layout')
1034.921  001.378  000.235: require('dapui.windows')
1035.132  000.207  000.207: require('dapui.controls')
1035.142  008.025  003.564: require('dapui')
1035.277  000.031  000.031: sourcing nvim_exec2() called at C:\Users\Bernhard\AppData\Local\nvim\init.lua:0
1035.750  000.196  000.196: require('dapui.client.types')
1035.758  000.431  000.235: require('dapui.client')
1035.953  000.191  000.191: require('dap.breakpoints')
1036.139  000.173  000.173: require('dapui.client.lib')
1036.550  000.226  000.226: require('dapui.render.canvas')
1036.557  000.405  000.179: require('dapui.elements.breakpoints')
1036.755  000.179  000.179: require('dapui.components.breakpoints')
1036.953  000.175  000.175: require('dapui.elements.repl')
1037.126  000.165  000.165: require('dapui.elements.scopes')
1037.312  000.169  000.169: require('dapui.components.scopes')
1037.488  000.170  000.170: require('dapui.components.variables')
1037.692  000.166  000.166: require('dapui.elements.stacks')
1038.078  000.186  000.186: require('dapui.components.frames')
1038.084  000.376  000.190: require('dapui.components.threads')
1038.273  000.169  000.169: require('dapui.elements.watches')
1038.521  000.231  000.231: require('dapui.components.watches')
1038.796  000.242  000.242: require('dapui.elements.hover')
1039.196  000.367  000.367: require('dapui.components.hover')
1039.593  000.373  000.373: require('dapui.elements.console')
1039.809  016.884  004.830: require('dapui')
1040.527  000.009  000.009: sourcing nvim_exec2() called at C:\Users\Bernhard\AppData\Local\nvim\init.lua:0
1040.578  000.003  000.003: sourcing nvim_exec2() called at C:\Users\Bernhard\AppData\Local\nvim\init.lua:0
1044.273  003.632  003.632: require('nvim-dap-virtual-text')
1044.304  000.012  000.012: sourcing nvim_exec2() called at C:\Users\Bernhard\AppData\Local\nvim\init.lua:0
1044.333  000.022  000.022: sourcing nvim_exec2() called at C:\Users\Bernhard\AppData\Local\nvim\init.lua:0
1044.361  004.543  000.865: require('nvim-dap-virtual-text')
1044.569  000.203  000.203: require('wkddap.core.state')
1044.784  000.208  000.208: require('wkddap.adapters')
1045.163  000.193  000.193: require('wkddap.config')
1045.345  000.174  000.174: require('wkddap.utils.notify')
1045.353  000.562  000.195: require('wkddap.registry')
1045.538  000.179  000.179: require('wkddap.adapters.lua')
1046.060  000.177  000.177: require('wkddap.adapters.go')
1046.909  000.184  000.184: require('wkddap.adapters.python')
1047.803  000.201  000.201: require('wkddap.adapters.javascript')
1048.373  000.232  000.232: require('wkddap.configurations')
1048.562  000.180  000.180: require('wkddap.configurations.lua')
1048.754  000.183  000.183: require('wkddap.configurations.go')
1048.943  000.180  000.180: require('wkddap.configurations.python')
1049.139  000.188  000.188: require('wkddap.configurations.javascript')
1049.321  000.175  000.175: require('wkddap.utils.validation')
1049.547  000.217  000.217: require('wkddap.ui')
1050.787  000.237  000.237: require('wkddap.ui.highlights')
1051.004  000.187  000.187: require('wkddap.ui.dapui')
1051.164  000.037  000.037: sourcing nvim_exec2() called at C:\Users\Bernhard\AppData\Local\nvim\init.lua:0
1052.025  000.258  000.258: require('editorconfig')
1064.775  005.675  005.675: require('mdlinks.commands')
1064.831  005.952  000.277: sourcing C:/Users/Bernhard/AppData/Local/nvim-data/lazy/mdlinks/plugin/mdlinks.lua
1064.862  006.242  000.290: sourcing nvim_exec2() called at FileType Autocommands for "*":0
1065.204  000.255  000.255: require('mdlinks.config')
1073.598  000.105  000.105: sourcing C:\Users\Bernhard\AppData\Local\nvim-data\lazy\vim-matchup\autoload\matchup\ts_engine.vim
1076.748  000.057  000.057: sourcing C:\Users\Bernhard\AppData\Local\nvim-data\lazy\vim-matchup\autoload\matchup\re.vim
1082.033  000.255  000.255: require('dap.ui')
1082.059  000.687  000.431: require('dap.repl')
1156.026  004.467  004.467: require('gitsigns')
1161.641  000.549  000.549: require('gitsigns.highlight')
1161.899  000.234  000.234: require('gitsigns.debug.log')
1162.219  000.313  000.313: require('gitsigns.config')
1163.097  000.265  000.265: require('gitsigns.async')
1163.756  000.354  000.354: require('gitsigns.util')
1163.779  000.670  000.317: require('gitsigns.hunks')
1164.602  000.315  000.315: require('gitsigns.diff')
1164.851  000.232  000.232: require('gitsigns.signs')
1165.098  000.227  000.227: require('gitsigns.status')
1165.310  000.205  000.205: require('gitsigns.debounce')
1165.578  000.261  000.261: require('gitsigns.cache')
1165.620  001.833  000.593: require('gitsigns.manager')
1165.834  000.210  000.210: require('gitsigns.message')
1166.039  000.198  000.198: require('gitsigns.repeat')
1166.063  003.480  000.303: require('gitsigns.actions')
1167.075  000.174  000.174: require('gitsigns.system')
1167.084  000.351  000.177: require('gitsigns.git.cmd')
1167.264  000.176  000.176: require('gitsigns.git.errors')
1167.446  000.176  000.176: require('gitsigns.git.repo.watcher')
1167.637  000.185  000.185: require('gitsigns.git.version')
1167.650  001.131  000.242: require('gitsigns.git.repo')
1167.657  001.346  000.216: require('gitsigns.git')
1167.667  001.597  000.250: require('gitsigns.attach')
1167.944  000.238  000.238: require('gitsigns.current_line_blame')
1168.088  016.734  005.856: sourcing C:/Users/Bernhard/AppData/Local/nvim-data/lazy/gitsigns.nvim/plugin/gitsigns.lua
1168.119  017.019  000.285: sourcing nvim_exec2() called at BufEnter Autocommands for "*":0
1168.140  000.006  000.006: sourcing nvim_exec2() called at BufEnter Autocommands for "*":0
1168.187  000.003  000.003: sourcing nvim_exec2() called at BufEnter Autocommands for "*":0
1168.590  000.344  000.344: require('nvchad.configs.gitsigns')
1174.502  024.104  006.731: require('gitsigns')
1175.771  000.076  000.076: sourcing C:\Users\Bernhard\AppData\Local\nvim-data\lazy\nvim-treesitter\autoload\nvim_treesitter.vim
1176.101  000.267  000.267: require('nvim-treesitter.fold')
1245.824  000.231  000.231: require('wkddap.commands')
1246.017  000.181  000.181: require('wkddap.commands.autocmds')
1246.211  000.175  000.175: require('wkddap.commands.usercmds')
1246.410  000.179  000.179: require('system.rpc_pipe')
1246.990  000.209  000.209: require('debugging')
1247.497  000.236  000.236: require('debugging.views.@types')
1247.779  000.271  000.271: require('debugging.views.capture')
1248.180  000.192  000.192: require('debugging.views.utils')
1248.190  000.402  000.210: require('debugging.views.display')
1248.376  000.182  000.182: require('debugging.views.keymaps')
1248.568  000.185  000.185: require('debugging.views.autocmds')
1248.576  001.575  000.300: require('debugging.views')
1248.672  1213.674  280.080: sourcing C:\Users\Bernhard\AppData\Local\nvim\init.lua
1248.742  002.265: sourcing vimrc file(s)
1251.115  000.213  000.213: sourcing C:\Program Files\Neovim\share\nvim\runtime\filetype.lua
1253.363  000.137  000.137: sourcing C:\Program Files\Neovim\share\nvim\runtime\syntax\synload.vim
1253.513  001.676  001.538: sourcing C:\Program Files\Neovim\share/nvim/runtime/syntax/syntax.vim
1253.545  002.914: inits 3
1257.752  004.208: reading ShaDa
1258.973  001.220: opening buffers
1259.637  000.664: BufEnter autocommands
1259.645  000.008: editing files in windows
1259.804  000.159: --- NVIM STARTED ---

