--- Startup times for process: Primary (or UI client) ---

times in msec
 clock   self+sourced   self:  sourced script
 clock   elapsed:              other lines

000.008  000.008: --- NVIM STARTING ---
000.077  000.069: event init
000.275  000.199: early init
022.922  022.646: locale set
022.976  000.055: init first window
023.834  000.858: inits 1
024.028  000.194: window checked
024.038  000.010: parsing arguments
025.750  000.704  000.704: require('vim.shared')
026.596  000.237  000.237: require('vim.inspect')
026.925  000.296  000.296: require('vim._options')
026.931  001.167  000.633: require('vim._editor')
026.935  002.007  000.137: require('vim._init_packages')
026.945  000.900: init lua interpreter
036.448  009.502: nvim_ui_attach
036.766  000.318: nvim_set_client_info
036.773  000.007: --- NVIM STARTED ---

--- Startup times for process: Embedded ---

times in msec
 clock   self+sourced   self:  sourced script
 clock   elapsed:              other lines

000.009  000.009: --- NVIM STARTING ---
000.068  000.059: event init
000.205  000.137: early init
020.673  020.469: locale set
020.721  000.048: init first window
021.332  000.611: inits 1
021.389  000.057: window checked
021.397  000.008: parsing arguments
022.671  000.435  000.435: require('vim.shared')
023.442  000.200  000.200: require('vim.inspect')
023.750  000.280  000.280: require('vim._options')
023.756  001.075  000.596: require('vim._editor')
023.760  001.628  000.117: require('vim._init_packages')
023.767  000.742: init lua interpreter
024.002  000.235: expanding arguments
024.026  000.024: inits 2
024.345  000.319: init highlight
024.348  000.003: waiting for UI
024.458  000.110: done waiting for UI
024.465  000.007: clear screen
025.012  000.041  000.041: require('vim.keymap')
025.720  000.170  000.170: sourcing nvim_exec2()
034.375  009.906  009.696: require('vim._defaults')
034.386  000.015: init default mappings & autocommands
036.138  000.153  000.153: sourcing C:\Program Files\Neovim\share\nvim\runtime\ftplugin.vim
036.588  000.084  000.084: sourcing C:\Program Files\Neovim\share\nvim\runtime\indent.vim
037.900  000.351  000.351: require('vim.fs')
038.294  000.383  000.383: require('vim.uri')
038.333  001.068  000.334: require('vim.loader')
040.285  001.747  001.747: require('config.lazy')
040.678  000.382  000.382: require('lazy')
040.746  000.043  000.043: require('ffi')
040.966  000.211  000.211: require('lazy.stats')
041.437  000.228  000.228: require('lazy.core.util')
041.681  000.236  000.236: require('lazy.core.config')
042.171  000.252  000.252: require('lazy.core.handler')
042.874  000.263  000.263: require('lazy.pkg')
042.883  000.502  000.239: require('lazy.core.meta')
042.891  000.714  000.211: require('lazy.core.plugin')
042.898  001.212  000.246: require('lazy.core.loader')
044.011  000.326  000.326: require('lazy.core.fragments')
051.664  000.234  000.234: require('config.fzf.keymaps')
051.892  000.212  000.212: require('config.fzf.fzf_opts')
052.115  000.216  000.216: require('config.fzf.grep')
052.526  000.204  000.204: require('lib.fs.path_shorten')
052.535  000.412  000.209: require('config.fzf.files')
052.747  000.209  000.209: require('config.fzf.actions.wrapped')
052.755  001.558  000.276: require('config.fzf')
054.965  000.235  000.235: require('config.neotree.utils')
055.194  000.218  000.218: require('config.neotree.watcher_quarantine')
055.202  000.682  000.230: require('config.neotree.keymaps')
055.398  000.191  000.191: require('config.neotree.keymaps.buffers')
055.584  000.181  000.181: require('config.neotree.keymaps.document_symbols')
056.241  000.197  000.197: require('lib.notify.@types')
056.523  000.272  000.272: require('lib.notify.safe')
056.539  000.711  000.242: require('lib.notify')
056.943  000.394  000.394: require('config.neotree.utils.node')
057.721  000.198  000.198: require('config.neotree.helper.is_ignored_dir.ignored_dirs')
057.738  000.410  000.213: require('config.neotree.helper.is_ignored_dir')
057.744  000.581  000.171: require('config.neotree.utils.tree')
057.748  000.796  000.215: require('config.neotree.actions.copy.entries')
057.959  000.208  000.208: require('config.neotree.actions.copy.folders')
058.185  000.220  000.220: require('config.neotree.actions.path.to_require')
058.414  000.223  000.223: require('config.neotree.actions.info.node')
058.851  000.218  000.218: require('config.neotree.utils.buffer')
058.858  000.438  000.219: require('config.neotree.actions.save.node_buffer')
059.136  000.275  000.275: require('config.neotree.actions.save.adjacent_buffer')
059.453  000.308  000.308: require('config.neotree.actions.grep_picker')
059.782  000.320  000.320: require('config.neotree.actions.traverse')
060.254  000.228  000.228: require('config.neotree.commands.get_telescope_opts')
060.529  000.268  000.268: require('config.neotree.commands.diff_files')
061.245  000.335  000.335: require('config.neotree.helper.renderer')
061.263  000.727  000.392: require('config.neotree.commands.mark')
061.639  000.371  000.371: require('config.neotree.commands.add')
061.654  001.864  000.268: require('config.neotree.commands')
062.743  000.719  000.719: require('config.neotree.trash.platform')
063.513  000.753  000.753: require('config.neotree.trash.validation.buffer_checker')
064.162  000.634  000.634: require('config.neotree.trash.confirmation')
064.980  000.242  000.242: require('config.neotree.safety.backup')
065.186  000.197  000.197: require('config.neotree.safety.operation_queue')
065.397  000.204  000.204: require('config.neotree.safety.dry_run')
065.620  000.216  000.216: require('config.neotree.safety.validation')
065.853  000.224  000.224: require('config.neotree.safety.recovery')
065.864  001.341  000.257: require('config.neotree.safety')
065.872  001.694  000.354: require('config.neotree.trash.operations')
065.883  004.225  000.424: require('config.neotree.trash')
066.184  000.296  000.296: require('config.neotree.undo')
066.555  000.360  000.360: require('config.neotree.actions.node_replace_buf')
066.635  011.043  000.407: require('config.neotree.keymaps.filesystem')
066.962  000.320  000.320: require('config.neotree.keymaps.git_status')
067.246  000.274  000.274: require('config.neotree.keymaps.tests')
067.599  000.342  000.342: require('config.neotree.keymaps.diagnostics')
070.382  000.283  000.283: require('config.noice')
071.038  000.247  000.247: require('config.todo_comments.keywords')
073.594  000.318  000.318: require('lazy.core.handler.cmd')
074.201  000.209  000.209: require('lazy.core.handler.event')
074.211  000.583  000.374: require('lazy.core.handler.ft')
074.434  000.218  000.218: require('lazy.core.handler.keys')
074.875  000.007  000.007: sourcing nvim_exec2() called at C:\Users\Bernhard\AppData\Local\nvim\init.lua:0
074.964  000.004  000.004: sourcing nvim_exec2() called at C:\Users\Bernhard\AppData\Local\nvim\init.lua:0
075.528  000.003  000.003: sourcing nvim_exec2() called at C:\Users\Bernhard\AppData\Local\nvim\init.lua:0
075.591  000.003  000.003: sourcing nvim_exec2() called at C:\Users\Bernhard\AppData\Local\nvim\init.lua:0
075.899  000.003  000.003: sourcing nvim_exec2() called at C:\Users\Bernhard\AppData\Local\nvim\init.lua:0
075.948  000.003  000.003: sourcing nvim_exec2() called at C:\Users\Bernhard\AppData\Local\nvim\init.lua:0
076.129  000.004  000.004: sourcing nvim_exec2() called at C:\Users\Bernhard\AppData\Local\nvim\init.lua:0
076.245  000.003  000.003: sourcing nvim_exec2() called at C:\Users\Bernhard\AppData\Local\nvim\init.lua:0
076.655  000.003  000.003: sourcing nvim_exec2() called at C:\Users\Bernhard\AppData\Local\nvim\init.lua:0
076.704  000.003  000.003: sourcing nvim_exec2() called at C:\Users\Bernhard\AppData\Local\nvim\init.lua:0
076.781  000.003  000.003: sourcing nvim_exec2() called at C:\Users\Bernhard\AppData\Local\nvim\init.lua:0
076.826  000.003  000.003: sourcing nvim_exec2() called at C:\Users\Bernhard\AppData\Local\nvim\init.lua:0
076.848  000.002  000.002: sourcing nvim_exec2() called at C:\Users\Bernhard\AppData\Local\nvim\init.lua:0
076.888  000.003  000.003: sourcing nvim_exec2() called at C:\Users\Bernhard\AppData\Local\nvim\init.lua:0
076.909  000.002  000.002: sourcing nvim_exec2() called at C:\Users\Bernhard\AppData\Local\nvim\init.lua:0
076.948  000.003  000.003: sourcing nvim_exec2() called at C:\Users\Bernhard\AppData\Local\nvim\init.lua:0
077.049  000.002  000.002: sourcing nvim_exec2() called at C:\Users\Bernhard\AppData\Local\nvim\init.lua:0
077.090  000.003  000.003: sourcing nvim_exec2() called at C:\Users\Bernhard\AppData\Local\nvim\init.lua:0
077.199  000.003  000.003: sourcing nvim_exec2() called at C:\Users\Bernhard\AppData\Local\nvim\init.lua:0
077.241  000.003  000.003: sourcing nvim_exec2() called at C:\Users\Bernhard\AppData\Local\nvim\init.lua:0
077.255  000.002  000.002: sourcing nvim_exec2() called at C:\Users\Bernhard\AppData\Local\nvim\init.lua:0
077.293  000.003  000.003: sourcing nvim_exec2() called at C:\Users\Bernhard\AppData\Local\nvim\init.lua:0
077.441  000.003  000.003: sourcing nvim_exec2() called at C:\Users\Bernhard\AppData\Local\nvim\init.lua:0
077.483  000.003  000.003: sourcing nvim_exec2() called at C:\Users\Bernhard\AppData\Local\nvim\init.lua:0
077.505  000.002  000.002: sourcing nvim_exec2() called at C:\Users\Bernhard\AppData\Local\nvim\init.lua:0
077.544  000.002  000.002: sourcing nvim_exec2() called at C:\Users\Bernhard\AppData\Local\nvim\init.lua:0
077.576  000.002  000.002: sourcing nvim_exec2() called at C:\Users\Bernhard\AppData\Local\nvim\init.lua:0
077.616  000.003  000.003: sourcing nvim_exec2() called at C:\Users\Bernhard\AppData\Local\nvim\init.lua:0
078.854  000.191  000.191: sourcing nvim_exec2() called at C:\Program Files\Neovim\share/nvim/runtime/filetype.lua:0
078.865  000.438  000.247: sourcing C:\Program Files\Neovim\share/nvim/runtime/filetype.lua
078.886  000.742  000.304: sourcing nvim_exec2() called at C:\Users\Bernhard\AppData\Local\nvim\init.lua:0
081.025  000.117  000.117: sourcing C:/Users/Bernhard/AppData/Local/nvim-data/lazy/plenary.nvim/plugin/plenary.vim
081.056  000.474  000.357: sourcing nvim_exec2() called at C:\Users\Bernhard\AppData\Local\nvim\init.lua:0
081.083  000.004  000.004: sourcing nvim_exec2() called at C:\Users\Bernhard\AppData\Local\nvim\init.lua:0
081.162  000.004  000.004: sourcing nvim_exec2() called at C:\Users\Bernhard\AppData\Local\nvim\init.lua:0
081.230  000.004  000.004: sourcing nvim_exec2() called at C:\Users\Bernhard\AppData\Local\nvim\init.lua:0
081.299  000.004  000.004: sourcing nvim_exec2() called at C:\Users\Bernhard\AppData\Local\nvim\init.lua:0
081.663  000.351  000.351: require('config.harpoon.hardening')
083.845  000.238  000.238: require('harpoon.autocmd')
083.858  000.547  000.309: require('harpoon.buffer')
084.322  000.239  000.239: require('harpoon.utils')
084.333  000.472  000.232: require('harpoon.logger')
084.634  000.297  000.297: require('harpoon.extensions')
084.647  002.967  001.651: require('harpoon.ui')
085.149  000.217  000.217: require('config.harpoon.utils.normkey')
085.679  000.251  000.251: require('plenary.bit')
085.896  000.209  000.209: require('plenary.functional')
085.921  000.761  000.301: require('plenary.path')
086.114  000.189  000.189: require('config.harpoon.utils.sanitize')
086.123  001.445  000.278: require('config.harpoon.persist_paths')
086.380  000.217  000.217: require('config.harpoon.preview')
086.973  000.350  000.350: require('vim.health')
086.988  000.555  000.206: require('config.harpoon.health')
087.832  000.283  000.283: sourcing C:/Users/Bernhard/AppData/Local/nvim-data/lazy/vim-startuptime/plugin/startuptime.vim
087.850  000.550  000.267: sourcing nvim_exec2() called at C:\Users\Bernhard\AppData\Local\nvim\init.lua:0
087.871  000.003  000.003: sourcing nvim_exec2() called at C:\Users\Bernhard\AppData\Local\nvim\init.lua:0
087.920  000.003  000.003: sourcing nvim_exec2() called at C:\Users\Bernhard\AppData\Local\nvim\init.lua:0
090.007  000.004  000.004: sourcing nvim_exec2() called at C:\Users\Bernhard\AppData\Local\nvim\init.lua:0
090.052  000.003  000.003: sourcing nvim_exec2() called at C:\Users\Bernhard\AppData\Local\nvim\init.lua:0
091.636  000.008  000.008: sourcing nvim_exec2() called at C:\Users\Bernhard\AppData\Local\nvim\init.lua:0
091.694  000.003  000.003: sourcing nvim_exec2() called at C:\Users\Bernhard\AppData\Local\nvim\init.lua:0
093.694  000.257  000.257: sourcing C:/Users/Bernhard/AppData/Local/nvim-data/lazy/neo-tree-tests-source.nvim/plugin/neo-tree-tests-source.lua
093.723  000.516  000.259: sourcing nvim_exec2() called at C:\Users\Bernhard\AppData\Local\nvim\init.lua:0
093.745  000.003  000.003: sourcing nvim_exec2() called at C:\Users\Bernhard\AppData\Local\nvim\init.lua:0
093.796  000.003  000.003: sourcing nvim_exec2() called at C:\Users\Bernhard\AppData\Local\nvim\init.lua:0
095.138  000.005  000.005: sourcing nvim_exec2() called at C:\Users\Bernhard\AppData\Local\nvim\init.lua:0
095.189  000.003  000.003: sourcing nvim_exec2() called at C:\Users\Bernhard\AppData\Local\nvim\init.lua:0
096.057  000.530  000.530: sourcing C:/Users/Bernhard/AppData/Local/nvim-data/lazy/neo-tree.nvim/plugin/neo-tree.lua
096.091  000.782  000.253: sourcing nvim_exec2() called at C:\Users\Bernhard\AppData\Local\nvim\init.lua:0
096.109  000.005  000.005: sourcing nvim_exec2() called at C:\Users\Bernhard\AppData\Local\nvim\init.lua:0
096.187  000.004  000.004: sourcing nvim_exec2() called at C:\Users\Bernhard\AppData\Local\nvim\init.lua:0
099.173  000.214  000.214: require('netman.tools.compat')
100.432  000.261  000.261: require('netman.tools.utils.logger')
110.065  000.290  000.290: require('netman.tools.shell')
539.840  441.150  440.385: require('netman.tools.utils')
540.540  000.227  000.227: require('netman.tools.options')
540.756  000.204  000.204: require('netman.tools.cache')
541.017  000.249  000.249: require('netman.tools.utils.provider_validator')
541.288  000.263  000.263: require('netman.tools.parsers.json')
541.533  000.237  000.237: require('netman.tools.configuration')
542.028  000.214  000.214: require('netman.providers')
553.399  011.364  011.364: require('netman.providers.ssh')
558.211  000.070  000.070: sourcing C:/Users/Bernhard/AppData/Local/nvim-data/lazy/nvim-web-devicons/plugin/nvim-web-devicons.vim
558.251  000.337  000.267: sourcing nvim_exec2() called at C:\Users\Bernhard\AppData\Local\nvim\init.lua:0
558.278  000.003  000.003: sourcing nvim_exec2() called at C:\Users\Bernhard\AppData\Local\nvim\init.lua:0
558.349  000.003  000.003: sourcing nvim_exec2() called at C:\Users\Bernhard\AppData\Local\nvim\init.lua:0
567.591  000.009  000.009: sourcing nvim_exec2() called at C:\Users\Bernhard\AppData\Local\nvim\init.lua:0
567.650  000.003  000.003: sourcing nvim_exec2() called at C:\Users\Bernhard\AppData\Local\nvim\init.lua:0
570.278  000.199  000.199: require('wkdnvchad')
570.671  000.187  000.187: require('lib.lazy')
570.850  000.172  000.172: require('custom.functions.buf_win_tabs.move_buffer_to_tab')
571.461  000.377  000.377: require('nvchad.tabufline')
571.477  000.620  000.243: require('wkdnvchad.mappings.tabufline')
571.944  000.460  000.460: require('lib.map')
571.958  001.669  000.230: require('wkdnvchad.mappings')
572.897  000.455  000.455: require('wkdnvchad.usrcmd.themes')
572.922  000.878  000.423: require('wkdnvchad.usrcmd')
573.187  000.243  000.243: require('wkdnvchad.config')
573.444  000.250  000.250: require('wkdnvchad.config.base46')
573.903  000.228  000.228: require('wkdnvchad.ui.statusline.cursor_ctl.renderer')
574.140  000.228  000.228: require('wkdnvchad.ui.statusline.cursor_ctl.progress_calculators')
574.395  000.248  000.248: require('wkdnvchad.ui.statusline.modules.highlighting')
574.651  000.249  000.249: require('wkdnvchad.ui.statusline.modules.lsp')
574.924  000.266  000.266: require('wkdnvchad.ui.statusline.cursor_ctl')
574.934  001.483  000.264: require('wkdnvchad.config.statusline.custom')
574.938  005.090  000.367: require('chadrc')
575.062  005.576  000.486: require('nvconfig')
575.569  000.493  000.493: require('nvchad.stl.utils')
575.858  000.265  000.265: require('nvchad.tabufline.lazyload')
575.872  008.212  001.878: require('nvchad')
576.049  017.517  009.293: require('nvchad.icons.devicons')
576.552  000.245  000.245: require('nvim-web-devicons.filetypes')
576.617  000.037  000.037: require('vim.F')
577.295  000.470  000.470: require('nvim-web-devicons.default.icons_by_filename')
578.723  001.421  001.421: require('nvim-web-devicons.default.icons_by_file_extension')
579.002  000.269  000.269: require('nvim-web-devicons.default.icons_by_operating_system')
579.218  000.210  000.210: require('nvim-web-devicons.default.icons_by_desktop_environment')
579.475  000.251  000.251: require('nvim-web-devicons.default.icons_by_window_manager')
579.487  002.858  000.237: require('nvim-web-devicons.icons-default')
579.820  003.763  000.624: require('nvim-web-devicons')
584.335  027.597  005.974: require('nvim-web-devicons')
584.362  027.985  000.387: require('netman.providers.docker')
588.178  048.323  007.581: require('netman.api')
588.824  492.604  003.131: require('netman')
591.320  000.387  000.387: require('neo-tree.log')
593.213  001.810  001.810: require('neo-tree.utils._compat')
593.293  002.770  000.574: require('neo-tree.utils')
594.332  000.265  000.265: require('nui.object')
594.995  000.205  000.205: require('vim.version')
597.660  003.104  002.899: require('nui.utils')
597.688  003.347  000.243: require('nui.text')
597.707  003.882  000.270: require('nui.line')
598.378  000.227  000.227: require('nui.tree.util')
598.455  000.743  000.516: require('nui.tree')
599.146  000.250  000.250: require('nui.utils.buf_storage')
599.479  000.319  000.319: require('nui.utils.autocmd')
599.858  000.366  000.366: require('nui.utils.keymap')
600.590  000.360  000.360: require('nui.layout.utils')
600.613  000.740  000.380: require('nui.split.utils')
600.642  002.179  000.505: require('nui.split')
601.607  000.526  000.526: require('nui.popup.border')
601.629  000.980  000.454: require('nui.popup')
602.176  000.543  000.543: require('neo-tree.ui.highlights')
603.375  000.569  000.569: require('neo-tree')
603.402  001.215  000.646: require('neo-tree.ui.popups')
604.513  000.344  000.344: require('neo-tree.collections')
604.936  000.410  000.410: require('neo-tree.health.typecheck')
604.965  001.134  000.379: require('neo-tree.events.queue')
604.976  001.568  000.434: require('neo-tree.events')
605.408  000.424  000.424: require('neo-tree.ui.windows')
605.471  012.158  000.624: require('neo-tree.ui.renderer')
607.166  000.214  000.214: require('plenary.compat')
607.196  000.516  000.301: require('plenary.job')
607.205  000.904  000.389: require('neo-tree.sources.filesystem.lib.filter_external')
608.351  000.383  000.383: require('neo-tree.sources.filesystem.lib.globtopattern')
608.362  000.773  000.390: require('neo-tree.sources.common.file-nesting')
608.370  001.161  000.388: require('neo-tree.sources.common.file-items')
609.814  000.358  000.358: require('neo-tree.git.utils')
609.823  000.760  000.402: require('neo-tree.git.status')
610.137  000.310  000.310: require('neo-tree.git.ignored')
610.143  001.443  000.373: require('neo-tree.git')
610.166  001.792  000.349: require('neo-tree.sources.filesystem.lib.fs_watch')
611.294  000.197  000.197: require('plenary.tbl')
611.307  000.407  000.210: require('plenary.vararg.rotate')
611.314  000.673  000.265: require('plenary.vararg')
611.552  000.233  000.233: require('plenary.errors')
611.561  001.147  000.240: require('plenary.async.async')
612.375  000.208  000.208: require('plenary.async.structs')
612.388  000.422  000.214: require('plenary.async.control')
612.398  000.634  000.212: require('plenary.async.util')
612.402  000.837  000.203: require('plenary.async.tests')
612.406  002.237  000.253: require('plenary.async')
613.520  000.489  000.489: require('neo-tree.sources.filesystem.lib.lua-glob')
613.533  001.123  000.633: require('neo-tree.sources.filesystem.lib.ignored')
613.544  007.644  000.427: require('neo-tree.sources.filesystem.lib.fs_scan')
614.255  000.282  000.282: require('nui.input')
614.266  000.718  000.436: require('neo-tree.ui.inputs')
614.283  008.807  000.445: require('neo-tree.sources.manager')
614.601  000.313  000.313: require('neo-tree.sources.diagnostics.lib.items')
614.871  000.262  000.262: require('neo-tree.sources.diagnostics.highlights')
615.150  000.268  000.268: require('neo-tree.sources.diagnostics.defaults')
615.170  024.929  000.350: require('neo-tree.sources.diagnostics')
615.557  000.378  000.378: require('config.neotree.event_handlers')
615.896  000.320  000.320: require('config.neotree')
616.167  000.260  000.260: require('lib.fs.ignore.list')
616.529  000.344  000.344: require('config.neotree.actions.find_or_grep_menu')
617.897  000.263  000.263: sourcing C:/Users/Bernhard/AppData/Local/nvim-data/lazy/fzf-lua/plugin/fzf-lua.lua
617.935  000.587  000.324: sourcing nvim_exec2() called at C:\Users\Bernhard\AppData\Local\nvim\init.lua:0
617.957  000.007  000.007: sourcing nvim_exec2() called at C:\Users\Bernhard\AppData\Local\nvim\init.lua:0
618.046  000.004  000.004: sourcing nvim_exec2() called at C:\Users\Bernhard\AppData\Local\nvim\init.lua:0
622.574  000.522  000.522: require('vim.func')
623.001  000.307  000.307: require('vim.func._memoize')
623.028  001.867  001.038: require('fzf-lua.utils')
624.205  000.512  000.512: require('fzf-lua.lib.base64')
624.828  000.608  000.608: require('fzf-lua.lib.serpent')
624.860  001.825  000.705: require('fzf-lua.libuv')
624.890  004.169  000.476: require('fzf-lua.path')
626.367  000.830  000.830: require('fzf-lua.actions')
627.195  000.320  000.320: require('fzf-lua.class')
627.307  000.928  000.608: require('fzf-lua.devicons')
630.003  002.050  002.050: require('fzf-lua.previewer')
633.066  005.750  003.701: require('fzf-lua.defaults')
633.086  008.190  000.683: require('fzf-lua.config')
633.644  000.092  000.092: sourcing C:/Users/Bernhard/AppData/Local/nvim-data/lazy/fzf-lua/autoload/fzf_lua.vim
633.671  000.416  000.324: sourcing nvim_exec2() called at C:\Users\Bernhard\AppData\Local\nvim\init.lua:0
634.663  000.520  000.520: require('fzf-lua.win')
635.366  000.309  000.309: require('fzf-lua.fzf')
635.694  000.314  000.314: require('fzf-lua.shell')
635.713  001.039  000.415: require('fzf-lua.core')
636.019  000.294  000.294: require('fzf-lua.make_entry')
636.031  017.975  003.348: require('fzf-lua')
637.622  021.084  002.511: require('fzf-lua')
637.933  000.299  000.299: require('config.neotree.current_hl')
638.750  000.385  000.385: require('neo-tree.sources.common.container')
638.779  000.833  000.449: require('neo-tree.sources.common.components')
639.374  000.230  000.230: require('config.neotree.trash.commands')
639.611  000.208  000.208: require('config.neotree.open.keymaps.reveal_current_file')
639.874  000.242  000.242: require('config.neotree.open.keymaps.only_lhs')
643.222  002.264  002.264: require('snacks')
643.237  002.468  000.204: sourcing C:/Users/Bernhard/AppData/Local/nvim-data/lazy/snacks.nvim/plugin/snacks.lua
643.271  002.753  000.285: sourcing nvim_exec2() called at C:\Users\Bernhard\AppData\Local\nvim\init.lua:0
643.310  000.007  000.007: sourcing nvim_exec2() called at C:\Users\Bernhard\AppData\Local\nvim\init.lua:0
643.405  000.004  000.004: sourcing nvim_exec2() called at C:\Users\Bernhard\AppData\Local\nvim\init.lua:0
643.716  000.004  000.004: sourcing nvim_exec2() called at C:\Users\Bernhard\AppData\Local\nvim\init.lua:0
643.783  000.003  000.003: sourcing nvim_exec2() called at C:\Users\Bernhard\AppData\Local\nvim\init.lua:0
645.812  002.021  002.021: require('trouble.config')
646.283  000.216  000.216: require('trouble.util')
646.295  000.454  000.239: require('trouble.config.highlights')
647.311  000.179  000.179: require('trouble.cache')
647.564  000.242  000.242: require('trouble.format')
647.800  000.229  000.229: require('trouble.view.indent')
648.040  000.234  000.234: require('trouble.view.text')
648.048  001.113  000.229: require('trouble.view.render')
648.054  001.332  000.219: require('trouble.view.preview')
648.058  001.626  000.295: require('trouble.view.main')
648.341  000.008  000.008: sourcing nvim_exec2() called at C:\Users\Bernhard\AppData\Local\nvim\init.lua:0
648.385  000.004  000.004: sourcing nvim_exec2() called at C:\Users\Bernhard\AppData\Local\nvim\init.lua:0
650.683  000.008  000.008: sourcing nvim_exec2() called at C:\Users\Bernhard\AppData\Local\nvim\init.lua:0
650.769  000.004  000.004: sourcing nvim_exec2() called at C:\Users\Bernhard\AppData\Local\nvim\init.lua:0
653.319  000.260  000.260: require('cmdlog.config')
653.329  002.517  002.257: require('cmdlog')
654.010  000.214  000.214: require('cmdlog.core.favorites')
654.215  000.197  000.197: require('cmdlog.core.history')
654.418  000.197  000.197: require('cmdlog.core.utils')
654.630  000.205  000.205: require('cmdlog.ui.picker_utils')
654.636  001.073  000.260: require('cmdlog.ui.history_picker')
654.845  000.205  000.205: require('cmdlog.ui.history_unique_picker')
655.068  000.217  000.217: require('cmdlog.ui.favorites_picker')
655.505  000.210  000.210: require('cmdlog.core.shell')
655.514  000.439  000.229: require('cmdlog.ui.all_picker')
655.722  000.204  000.204: require('cmdlog.ui.all_unique_picker')
655.961  000.202  000.202: require('cmdlog.ui.shell_picker')
656.168  000.201  000.201: require('cmdlog.ui.shell_unique_picker')
656.175  002.838  000.297: require('cmdlog.ui.picker')
659.488  000.235  000.235: require('neotree-fs-refactor.utils.logger')
659.714  000.215  000.215: require('neotree-fs-refactor.utils.path')
659.937  000.217  000.217: require('neotree-fs-refactor.refactor.require_finder')
660.151  000.208  000.208: require('neotree-fs-refactor.refactor.file_updater')
660.360  000.202  000.202: require('neotree-fs-refactor.utils.notify')
660.403  003.338  002.260: require('neotree-fs-refactor.init')
660.424  003.550  000.211: sourcing B:/repos/neotree-fs-refactor.nvim/plugin/init.lua
660.446  003.928  000.378: sourcing nvim_exec2() called at C:\Users\Bernhard\AppData\Local\nvim\init.lua:0
660.464  000.005  000.005: sourcing nvim_exec2() called at C:\Users\Bernhard\AppData\Local\nvim\init.lua:0
660.553  000.004  000.004: sourcing nvim_exec2() called at C:\Users\Bernhard\AppData\Local\nvim\init.lua:0
660.808  000.246  000.246: require('neotree-fs-refactor')
661.487  000.119  000.119: sourcing C:/Users/Bernhard/AppData/Local/nvim-data/lazy/todo-comments.nvim/plugin/todo.vim
661.513  000.376  000.257: sourcing nvim_exec2() called at C:\Users\Bernhard\AppData\Local\nvim\init.lua:0
661.529  000.003  000.003: sourcing nvim_exec2() called at C:\Users\Bernhard\AppData\Local\nvim\init.lua:0
661.586  000.003  000.003: sourcing nvim_exec2() called at C:\Users\Bernhard\AppData\Local\nvim\init.lua:0
665.271  000.284  000.284: require('todo-comments.util')
665.301  000.683  000.398: require('todo-comments.config')
665.820  000.279  000.279: require('todo-comments.highlight')
665.836  000.529  000.250: require('todo-comments.jump')
665.844  004.226  003.015: require('todo-comments')
670.596  000.231  000.231: sourcing C:\Program Files\Neovim\share\nvim\runtime\plugin\matchparen.vim
671.418  000.411  000.411: sourcing C:\Users\Bernhard\AppData\Local\nvim-data\lazy\vim-matchup\autoload\matchup.vim
671.944  000.134  000.134: sourcing C:\Users\Bernhard\AppData\Local\nvim-data\lazy\vim-matchup\autoload\matchup\perf.vim
674.016  000.180  000.180: require('vim.treesitter.language')
674.061  000.441  000.261: require('vim.treesitter.query')
674.265  000.199  000.199: require('vim.treesitter._range')
674.282  000.920  000.281: require('vim.treesitter.languagetree')
674.290  001.192  000.272: require('vim.treesitter')
674.486  000.193  000.193: require('treesitter-matchup.third-party.ts-utils')
674.679  000.187  000.187: require('treesitter-matchup.third-party.lru')
674.854  000.168  000.168: require('treesitter-matchup.util')
674.866  002.193  000.453: require('treesitter-matchup.internal')
675.210  002.630  000.436: sourcing C:\Users\Bernhard\AppData\Local\nvim-data\lazy\vim-matchup\autoload\matchup\loader.vim
676.354  000.661  000.661: sourcing C:\Users\Bernhard\AppData\Local\nvim-data\lazy\vim-matchup\autoload\matchup\matchparen.vim
676.991  000.152  000.152: sourcing C:\Users\Bernhard\AppData\Local\nvim-data\lazy\vim-matchup\autoload\matchup\pos.vim
677.866  011.132  006.915: sourcing C:/Users/Bernhard/AppData/Local/nvim-data/lazy/vim-matchup/plugin/matchup.vim
677.895  011.493  000.361: sourcing nvim_exec2() called at C:\Users\Bernhard\AppData\Local\nvim\init.lua:0
677.914  000.003  000.003: sourcing nvim_exec2() called at C:\Users\Bernhard\AppData\Local\nvim\init.lua:0
677.992  000.003  000.003: sourcing nvim_exec2() called at C:\Users\Bernhard\AppData\Local\nvim\init.lua:0
678.337  000.282  000.282: require('match-up')
708.589  029.793  029.793: sourcing C:/Users/Bernhard/AppData/Local/nvim-data/lazy/vim-wakatime/plugin/wakatime.vim
708.631  030.066  000.273: sourcing nvim_exec2() called at C:\Users\Bernhard\AppData\Local\nvim\init.lua:0
708.668  000.004  000.004: sourcing nvim_exec2() called at C:\Users\Bernhard\AppData\Local\nvim\init.lua:0
708.736  000.003  000.003: sourcing nvim_exec2() called at C:\Users\Bernhard\AppData\Local\nvim\init.lua:0
711.930  000.296  000.296: sourcing C:/Users/Bernhard/AppData/Local/nvim-data/lazy/nvim-puppeteer/plugin/puppeteer-autocmds.lua
711.959  000.599  000.303: sourcing nvim_exec2() called at C:\Users\Bernhard\AppData\Local\nvim\init.lua:0
711.974  000.004  000.004: sourcing nvim_exec2() called at C:\Users\Bernhard\AppData\Local\nvim\init.lua:0
712.020  000.003  000.003: sourcing nvim_exec2() called at C:\Users\Bernhard\AppData\Local\nvim\init.lua:0
718.372  000.168  000.168: require('translate.util.utf8')
718.384  000.349  000.180: require('translate.util.util')
718.389  000.561  000.213: require('translate.preset.parse_before.natural')
718.570  000.177  000.177: require('translate.preset.parse_before.trim')
718.742  000.166  000.166: require('translate.preset.parse_before.concat')
719.417  000.668  000.668: require('translate.preset.parse_before.no_handle')
719.614  000.190  000.190: require('translate.preset.command.translate_shell')
719.963  000.172  000.172: require('translate.preset.command.deepl')
719.970  000.350  000.178: require('translate.preset.command.deepl_free')
720.139  000.165  000.165: require('translate.preset.command.deepl_pro')
720.316  000.171  000.171: require('translate.preset.command.google')
720.483  000.161  000.161: require('translate.preset.parse_after.oneline')
720.650  000.162  000.162: require('translate.preset.parse_after.head')
720.826  000.170  000.170: require('translate.preset.parse_after.rate')
721.002  000.170  000.170: require('translate.preset.parse_after.window')
721.191  000.183  000.183: require('translate.preset.parse_after.no_handle')
721.369  000.173  000.173: require('translate.preset.parse_after.translate_shell')
721.712  000.176  000.176: require('translate.preset.parse_after.deepl')
721.719  000.343  000.168: require('translate.preset.parse_after.deepl_free')
721.887  000.165  000.165: require('translate.preset.parse_after.deepl_pro')
722.053  000.161  000.161: require('translate.preset.parse_after.google')
722.226  000.167  000.167: require('translate.preset.output.floating')
722.398  000.166  000.166: require('translate.preset.output.split')
722.576  000.172  000.172: require('translate.preset.output.insert')
722.742  000.161  000.161: require('translate.preset.output.replace')
722.932  000.184  000.184: require('translate.preset.output.register')
722.943  005.307  000.322: require('translate.config')
723.107  000.160  000.160: require('translate.util.replace')
723.850  000.197  000.197: require('translate.kit.Lua.TreeSitter')
723.861  000.389  000.192: require('translate.util.context')
723.868  000.592  000.203: require('translate.util.comment')
723.873  000.760  000.168: require('translate.util.select')
724.052  000.176  000.176: require('translate.command')
724.061  009.055  002.651: require('translate')
724.086  009.264  000.209: sourcing C:/Users/Bernhard/AppData/Local/nvim-data/lazy/translate.nvim/plugin/translate.lua
724.109  009.520  000.256: sourcing nvim_exec2() called at C:\Users\Bernhard\AppData\Local\nvim\init.lua:0
724.129  000.006  000.006: sourcing nvim_exec2() called at C:\Users\Bernhard\AppData\Local\nvim\init.lua:0
724.178  000.003  000.003: sourcing nvim_exec2() called at C:\Users\Bernhard\AppData\Local\nvim\init.lua:0
725.015  000.208  000.208: require('config.translate.filter')
725.025  000.432  000.224: require('config.translate.replace')
725.029  000.641  000.209: require('config.translate.usercommands')
725.127  000.940  000.299: require('config.translate')
725.522  000.009  000.009: sourcing nvim_exec2() called at C:\Users\Bernhard\AppData\Local\nvim\init.lua:0
725.565  000.003  000.003: sourcing nvim_exec2() called at C:\Users\Bernhard\AppData\Local\nvim\init.lua:0
728.815  000.195  000.195: require('git-conflict.colors')
729.005  000.180  000.180: require('git-conflict.utils')
729.188  000.175  000.175: require('vim.deprecated.health')
729.431  000.209  000.209: require('vim.hl')
729.461  003.857  003.099: require('git-conflict')
734.359  000.286  000.286: require('vim.iter')
735.468  000.217  000.217: sourcing C:\Program Files\Neovim\share/nvim/runtime/plugin/editorconfig.lua
735.494  000.488  000.271: sourcing nvim_exec2() called at C:\Users\Bernhard\AppData\Local\nvim\init.lua:0
736.007  000.202  000.202: sourcing C:\Program Files\Neovim\share/nvim/runtime/plugin/man.lua
736.030  000.448  000.246: sourcing nvim_exec2() called at C:\Users\Bernhard\AppData\Local\nvim\init.lua:0
736.325  000.033  000.033: sourcing C:\Program Files\Neovim\share/nvim/runtime/plugin/matchparen.vim
736.348  000.285  000.252: sourcing nvim_exec2() called at C:\Users\Bernhard\AppData\Local\nvim\init.lua:0
736.815  000.211  000.211: sourcing C:\Program Files\Neovim\share/nvim/runtime/plugin/osc52.lua
736.838  000.477  000.266: sourcing nvim_exec2() called at C:\Users\Bernhard\AppData\Local\nvim\init.lua:0
737.226  000.127  000.127: sourcing C:\Program Files\Neovim\share/nvim/runtime/plugin/shada.vim
737.245  000.371  000.244: sourcing nvim_exec2() called at C:\Users\Bernhard\AppData\Local\nvim\init.lua:0
737.542  000.054  000.054: sourcing C:\Program Files\Neovim\share/nvim/runtime/plugin/spellfile.vim
737.559  000.302  000.248: sourcing nvim_exec2() called at C:\Users\Bernhard\AppData\Local\nvim\init.lua:0
739.103  000.172  000.172: require('lib.nvim.simple_echo')
739.287  000.174  000.174: require('lib.cross.platform.is_windows')
739.464  000.170  000.170: require('lib.cross.platform.is_wsl')
739.648  000.178  000.178: require('lib.cross.platform.is_macos')
739.835  000.180  000.180: require('lib.cross.platform.is_linux')
740.025  000.183  000.183: require('lib.cross.platform.is')
740.278  000.246  000.246: require('lib.cross.run')
740.506  000.220  000.220: require('lib.cross.copy_to_clipboard')
740.718  000.205  000.205: require('lib.fs.path')
740.949  000.225  000.225: require('lib.fs.is_subpath')
741.195  000.239  000.239: require('lib.fs.is_dir')
741.463  000.257  000.257: require('lib.fs.relpath')
741.995  000.521  000.521: require('lib.fs.find_upward_dir')
742.417  000.405  000.405: require('lib.tables.dedup')
742.851  000.404  000.404: require('lib.require')
743.189  000.325  000.325: require('lib.buffer.is_markdown_buf')
743.490  000.288  000.288: require('lib.buffer.insert_lines')
743.827  000.321  000.321: require('lib.tables.with')
744.053  000.216  000.216: require('lib.tables.array')
744.285  000.223  000.223: require('lib.tables.core')
744.499  000.207  000.207: require('lib.tables.dict')
744.719  000.212  000.212: require('lib.tables.set')
744.920  000.195  000.195: require('lib.tables.functional')
745.126  000.200  000.200: require('lib.tables.safe')
745.661  000.290  000.290: require('lib.strings.remove_prefix')
746.148  000.453  000.453: require('lib.strings.core')
747.176  000.992  000.992: require('lib.strings.patterns')
747.764  000.554  000.554: require('lib.strings.links')
747.784  002.651  000.362: require('lib.strings')
748.108  000.296  000.296: require('lib.strings.convert.hex_to_string')
748.447  000.329  000.329: require('lib.terminal')
749.236  000.364  000.364: require('lib.ui.hover_select.config')
749.576  000.324  000.324: require('lib.ui.hover_select.buffer')
749.859  000.269  000.269: require('lib.ui.hover_select.window')
750.087  000.221  000.221: require('lib.ui.hover_select.navigation')
750.305  000.211  000.211: require('lib.ui.hover_select.highlight')
750.317  001.860  000.471: require('lib.ui.hover_select')
750.552  000.226  000.226: require('lib.ui.hl')
750.796  000.234  000.234: require('lib.autocmd')
751.021  000.219  000.219: require('lib.usercmd')
751.437  000.173  000.173: require('@types.log')
751.444  000.417  000.243: require('lib.notify.resolve_log_level')
751.847  000.195  000.195: require('lib.memo.lru')
752.034  000.178  000.178: require('lib.memo.memo')
752.041  000.592  000.219: require('lib.memo')
752.310  000.266  000.266: require('lib.time.diff')
752.625  000.308  000.308: require('lib.normalize')
752.632  013.890  000.526: require('lib')
752.638  014.092  000.203: require('system.env')
764.732  000.231  000.231: require('wkdoptions.set_diff_profile.profiles')
764.744  000.512  000.281: require('wkdoptions.set_diff_profile.selector')
773.916  011.977  011.465: require('options')
774.193  000.265  000.265: require('wkdoptions')
774.930  000.218  000.218: require('wkdoptions.@types.highlight')
774.954  000.503  000.285: require('wkdoptions.config')
775.338  000.187  000.187: require('wkdoptions.@types.skip')
775.348  000.390  000.203: require('wkdoptions.skip')
775.361  001.161  000.267: require('wkdoptions.Options_Cfg')
775.725  000.275  000.275: require('wkdoptions.commands')
776.053  000.229  000.229: require('lsp')
776.263  000.202  000.202: require('lsp.core.handlers')
776.454  000.184  000.184: require('lsp.core.filter')
777.139  000.374  000.374: require('vim.lsp.log')
777.761  000.613  000.613: require('vim.lsp.protocol')
778.208  000.438  000.438: require('vim.lsp.util')
778.754  000.248  000.248: require('vim.lsp.sync')
778.772  000.555  000.307: require('vim.lsp._changetracking')
779.266  000.244  000.244: require('vim.lsp._transport')
779.296  000.519  000.275: require('vim.lsp.rpc')
779.462  003.002  000.503: require('vim.lsp')
780.262  000.363  000.363: require('vim.lsp.completion')
780.593  001.115  000.753: require('vim.lsp.handlers')
780.945  000.344  000.344: require('lsp.core.diagnostics')
782.855  001.892  001.892: require('vim.diagnostic')
783.332  000.405  000.405: require('lsp.core.treesitter')
784.559  000.349  000.349: require('lsp.core.capabilities')
786.204  000.008  000.008: sourcing nvim_exec2() called at C:\Users\Bernhard\AppData\Local\nvim\init.lua:0
786.260  000.003  000.003: sourcing nvim_exec2() called at C:\Users\Bernhard\AppData\Local\nvim\init.lua:0
790.408  000.427  000.427: require('cmp_nvim_lsp.source')
790.421  003.498  003.071: require('cmp_nvim_lsp')
790.441  003.761  000.263: sourcing C:/Users/Bernhard/AppData/Local/nvim-data/lazy/cmp-nvim-lsp/after/plugin/cmp_nvim_lsp.lua
790.463  004.025  000.265: sourcing nvim_exec2() called at C:\Users\Bernhard\AppData\Local\nvim\init.lua:0
790.477  004.809  000.772: require('cmp_nvim_lsp')
791.218  000.196  000.196: require('lsp.core.attach')
791.429  000.202  000.202: require('lsp.formatter.init')
792.384  000.187  000.187: sourcing C:/Users/Bernhard/AppData/Local/nvim-data/lazy/conform.nvim/plugin/conform.lua
792.407  000.444  000.257: sourcing nvim_exec2() called at C:\Users\Bernhard\AppData\Local\nvim\init.lua:0
792.420  000.004  000.004: sourcing nvim_exec2() called at C:\Users\Bernhard\AppData\Local\nvim\init.lua:0
792.466  000.003  000.003: sourcing nvim_exec2() called at C:\Users\Bernhard\AppData\Local\nvim\init.lua:0
795.385  002.867  002.867: require('conform')
795.429  003.993  000.675: require('conform')
795.635  000.202  000.202: require('lsp.core.util')
795.862  000.219  000.219: require('lsp.formatter.conform')
811.882  000.285  000.285: require('lsp.usercmds.formatter')
812.164  000.236  000.236: require('lsp.usercmds')
812.412  000.194  000.194: require('lsp.core.registry')
812.631  000.211  000.211: require('lsp.languages')
812.852  000.213  000.213: require('lsp.languages.markdown')
813.102  000.202  000.202: require('lsp.languages.shell')
828.911  000.241  000.241: require('lsp.servers.bashls')
843.761  000.234  000.234: require('lsp.servers.lua_ls.ignore')
843.961  000.188  000.188: require('lsp.servers.lua_ls.rootresolver')
843.968  000.755  000.334: require('lsp.servers.lua_ls')
844.498  000.205  000.205: require('lsp.servers.lua_ls.reload')
844.740  000.209  000.209: require('lsp.servers.ts_ls')
845.052  000.220  000.220: require('lsp.servers.gopls')
845.465  000.173  000.173: require('lsp.servers.marksman.config')
845.649  000.175  000.175: require('lsp.servers.marksman.diagnostics_handler')
846.021  000.201  000.201: require('lib.cross.fs._cwd')
846.030  000.374  000.173: require('lsp.servers.marksman.rootresolver')
846.036  000.960  000.238: require('lsp.servers.marksman')
846.236  000.191  000.191: require('lsp.servers.marksman.code_action_handler')
846.457  000.198  000.198: require('lsp.servers.html')
847.351  000.185  000.185: require('lsp.lspdoctor.@types')
847.554  000.183  000.183: require('lsp.lspdoctor.health')
847.751  000.191  000.191: require('lsp.lspdoctor.debug')
847.944  000.187  000.187: require('lsp.lspdoctor.inspect')
847.987  001.114  000.367: require('lsp.lspdoctor')
848.393  000.183  000.183: require('lsp.tools.eslint_prettier.core.find_root')
848.666  000.264  000.264: require('lsp.tools.eslint_prettier.core.check_config')
849.162  000.262  000.262: require('lsp.tools.eslint_prettier.eslint')
849.170  000.494  000.232: require('lsp.tools.eslint_prettier.eslint.fix')
849.548  000.192  000.192: require('lsp.tools.eslint_prettier.prettier')
849.555  000.381  000.189: require('lsp.tools.eslint_prettier.prettier.format')
849.787  000.228  000.228: require('lsp.tools.eslint_prettier.autocmds')
849.984  000.191  000.191: require('lsp.tools.eslint_prettier.usercmds')
849.991  001.984  000.243: require('lsp.tools.eslint_prettier')
850.686  000.240  000.240: require('lsp.tools.lsp_signature.open_floating_preview')
851.278  000.235  000.235: require('lsp.tools.lsp_signature.split_lines')
851.290  000.592  000.357: require('lsp.tools.lsp_signature.format_signature_help')
851.507  000.212  000.212: require('lsp.tools.lsp_signature.state')
851.869  000.169  000.169: require('lsp.tools.lsp_signature.utils.helper')
851.876  000.362  000.193: require('lsp.tools.lsp_signature.highlights.parameters')
852.221  000.168  000.168: require('lsp.tools.lsp_signature.format_hover')
852.229  000.348  000.180: require('lsp.tools.lsp_signature.show_hover')
852.436  000.204  000.204: require('lsp.tools.lsp_signature.fallback_providers')
852.472  000.018  000.018: sourcing nvim_exec2() called at C:\Users\Bernhard\AppData\Local\nvim\init.lua:0
852.484  000.004  000.004: sourcing nvim_exec2() called at C:\Users\Bernhard\AppData\Local\nvim\init.lua:0
852.532  000.005  000.005: sourcing nvim_exec2() called at C:\Users\Bernhard\AppData\Local\nvim\init.lua:0
852.543  000.004  000.004: sourcing nvim_exec2() called at C:\Users\Bernhard\AppData\Local\nvim\init.lua:0
852.551  000.004  000.004: sourcing nvim_exec2() called at C:\Users\Bernhard\AppData\Local\nvim\init.lua:0
852.556  002.306  000.314: require('lsp.tools.lsp_signature.request_and_show')
852.560  002.505  000.199: require('lsp.tools.lsp_signature')
852.803  000.219  000.219: require('lsp.tools.ts_type_lookup')
852.997  000.188  000.188: require('lsp.tools.ts_type_lookup.cmds')
860.468  000.195  000.195: require('nvim-treesitter.utils')
861.773  001.296  001.296: require('nvim-treesitter.parsers')
862.620  000.193  000.193: require('nvim-treesitter.compat')
863.103  000.237  000.237: require('nvim-treesitter.ts_utils')
863.120  000.489  000.252: require('nvim-treesitter.tsrange')
863.333  000.208  000.208: require('nvim-treesitter.caching')
863.348  001.127  000.236: require('nvim-treesitter.query')
863.363  001.356  000.229: require('nvim-treesitter.configs')
863.369  001.587  000.231: require('nvim-treesitter.info')
863.616  000.244  000.244: require('nvim-treesitter.shell_command_selectors')
863.644  003.602  000.280: require('nvim-treesitter.install')
863.840  000.191  000.191: require('nvim-treesitter.statusline')
864.044  000.197  000.197: require('nvim-treesitter.query_predicates')
864.051  006.871  002.881: require('nvim-treesitter')
864.821  007.831  000.960: sourcing C:/Users/Bernhard/AppData/Local/nvim-data/lazy/nvim-treesitter/plugin/nvim-treesitter.lua
864.868  008.116  000.284: sourcing nvim_exec2() called at C:\Users\Bernhard\AppData\Local\nvim\init.lua:0
864.886  000.004  000.004: sourcing nvim_exec2() called at C:\Users\Bernhard\AppData\Local\nvim\init.lua:0
864.962  000.003  000.003: sourcing nvim_exec2() called at C:\Users\Bernhard\AppData\Local\nvim\init.lua:0
865.550  000.534  000.534: require('nvchad.configs.treesitter')
865.766  000.206  000.206: require('config.treesitter.parser')
904.453  000.251  000.251: require('nvim-treesitter.highlight')
904.694  000.203  000.203: require('nvim-treesitter.indent')
907.846  000.008  000.008: sourcing nvim_exec2() called at C:\Users\Bernhard\AppData\Local\nvim\init.lua:0
907.888  000.003  000.003: sourcing nvim_exec2() called at C:\Users\Bernhard\AppData\Local\nvim\init.lua:0
907.962  000.003  000.003: sourcing nvim_exec2() called at C:\Users\Bernhard\AppData\Local\nvim\init.lua:0
907.996  000.003  000.003: sourcing nvim_exec2() called at C:\Users\Bernhard\AppData\Local\nvim\init.lua:0
911.170  000.005  000.005: sourcing nvim_exec2() called at C:\Users\Bernhard\AppData\Local\nvim\init.lua:0
911.210  000.003  000.003: sourcing nvim_exec2() called at C:\Users\Bernhard\AppData\Local\nvim\init.lua:0
911.895  000.330  000.330: sourcing C:/Users/Bernhard/AppData/Local/nvim-data/lazy/telescope.nvim/plugin/telescope.lua
911.919  000.587  000.257: sourcing nvim_exec2() called at C:\Users\Bernhard\AppData\Local\nvim\init.lua:0
911.931  000.003  000.003: sourcing nvim_exec2() called at C:\Users\Bernhard\AppData\Local\nvim\init.lua:0
911.975  000.003  000.003: sourcing nvim_exec2() called at C:\Users\Bernhard\AppData\Local\nvim\init.lua:0
913.514  000.246  000.246: require('plenary.strings')
914.464  000.341  000.341: require('plenary.log')
914.488  000.629  000.288: require('telescope.log')
914.937  000.188  000.188: require('telescope.state')
915.005  000.513  000.325: require('telescope.utils')
915.016  001.487  000.345: require('telescope.sorters')
916.831  003.905  002.171: require('telescope.config')
917.423  000.206  000.206: require('plenary.window.border')
917.647  000.214  000.214: require('plenary.window')
917.820  000.166  000.166: require('plenary.popup.utils')
917.828  000.985  000.399: require('plenary.popup')
918.011  000.178  000.178: require('telescope.pickers.scroller')
918.196  000.179  000.179: require('telescope.actions.state')
918.417  000.216  000.216: require('telescope.actions.utils')
918.816  000.178  000.178: require('telescope.actions.mt')
918.844  000.421  000.243: require('telescope.actions.set')
919.220  000.185  000.185: require('telescope.config.resolve')
919.227  000.379  000.194: require('telescope.pickers.entry_display')
919.399  000.168  000.168: require('telescope.from_entry')
919.600  007.256  000.826: require('telescope.actions')
919.607  007.577  000.322: require('nvchad.configs.telescope')
920.061  000.210  000.210: require('config.telescope.history')
924.520  000.432  000.432: require('telescope.actions.history')
925.352  000.461  000.461: require('telescope._extensions')
925.365  000.829  000.367: require('telescope')
925.371  005.124  003.864: require('telescope._extensions.smart_history')
925.379  005.311  000.186: require('config.telescope.history.keymaps')
925.610  000.226  000.226: require('config.telescope.file_browser.keymaps')
925.890  000.271  000.271: require('config.telescope.ui.hl_selection')
926.178  000.279  000.279: require('config.telescope.open_background')
926.670  000.241  000.241: require('config.telescope.actions.create_file')
926.890  000.210  000.210: require('config.telescope.actions.open_badd')
926.898  000.711  000.259: require('config.telescope.actions')
926.906  007.295  000.287: require('config.telescope')
927.655  000.248  000.248: require('sqlite.utils')
927.671  000.513  000.266: require('sqlite.database')
927.675  000.765  000.251: require('sqlite')
928.969  000.396  000.396: require('config.telescope.keymaps')
932.239  000.354  000.354: require('telescope.debounce')
932.696  000.445  000.445: require('telescope.mappings')
933.259  000.541  000.541: require('telescope.pickers.highlights')
933.754  000.477  000.477: require('telescope.pickers.window')
934.163  000.396  000.396: require('telescope.pickers.layout')
934.774  000.292  000.292: require('telescope.algos.linked_list')
934.784  000.612  000.320: require('telescope.entry_manager')
935.126  000.339  000.339: require('telescope.pickers.multi')
935.153  003.835  000.672: require('telescope.pickers')
935.922  000.461  000.461: require('telescope.make_entry')
936.258  000.328  000.328: require('telescope.finders.async_static_finder')
937.284  000.220  000.220: require('plenary.class')
937.348  000.651  000.431: require('telescope._')
937.354  001.089  000.438: require('telescope.finders.async_oneshot_finder')
937.678  000.320  000.320: require('telescope.finders.async_job_finder')
937.689  002.531  000.334: require('telescope.finders')
938.361  000.319  000.319: require('telescope.previewers.previewer')
939.105  000.368  000.368: require('telescope.previewers.utils')
953.726  015.359  014.991: require('telescope.previewers.term_previewer')
968.150  014.412  014.412: require('telescope.previewers.buffer_previewer')
968.168  030.439  000.349: require('telescope.previewers')
968.179  037.556  000.751: require('telescope._extensions.themes')
968.805  000.618  000.618: require('telescope._extensions.terms')
970.026  116.806  052.664: require('telescope')
970.036  117.002  000.195: require('lsp.tools.ts_type_lookup.ts_telescope_picker')
970.312  000.257  000.257: require('lsp.tools.ts_type_lookup.noice_integration')
970.750  000.202  000.202: require('lsp.tools.deprecated_help.lsp_common')
971.140  000.192  000.192: require('lsp.tools.deprecated_help.helper')
971.327  000.180  000.180: require('lsp.tools.deprecated_help.lsp.lua_ls.catch')
971.559  000.226  000.226: require('lsp.tools.deprecated_help.lsp.lua_ls.diagnostic')
971.753  000.188  000.188: require('lsp.tools.deprecated_help.defaults')
971.760  001.003  000.217: require('lsp.tools.deprecated_help.lsp.lua_ls.lua_ls')
971.956  000.193  000.193: require('lsp.tools.deprecated_help.lsp.lua_ls.publish_diagnostics')
971.969  001.650  000.252: require('lsp.tools.deprecated_help')
972.619  000.202  000.202: require('lsp.diagnostics.util')
972.835  000.206  000.206: require('lsp.diagnostics.loclist')
973.027  000.185  000.185: require('lsp.diagnostics.quickfix')
973.033  000.834  000.240: require('lsp.diagnostics.commands')
973.235  000.198  000.198: require('lsp.diagnostics.keymaps')
973.242  001.266  000.234: require('lsp.diagnostics')
973.741  000.241  000.241: require('autocmds.auto-center-fexplorer')
974.215  000.203  000.203: require('autocmds.general.helpers')
974.434  000.212  000.212: require('autocmds.general.gofile_cases')
974.693  000.252  000.252: require('autocmds.general.gofile_logger')
975.054  000.350  000.350: require('autocmds.general.defaults')
975.067  001.293  000.275: require('autocmds.general')
975.585  000.358  000.358: require('autocmds.git')
975.863  000.247  000.247: require('autocmds.git.conflicts_qf')
976.093  000.205  000.205: require('autocmds.git.commit_ft')
976.309  000.199  000.199: require('autocmds.git.conflict_marks')
976.553  000.225  000.225: require('autocmds.git.gitsigns_refresh')
976.760  000.189  000.189: require('autocmds.git.blame_on_hold')
977.798  001.031  001.031: require('autocmds.git.line_diff_on_hold')
978.095  000.265  000.265: require('autocmds.terminals')
978.424  000.271  000.271: require('autocmds.text')
978.507  005.202  000.678: require('autocmds')
978.949  000.220  000.220: require('custom.commands_keymaps')
979.295  000.339  000.339: require('custom.commands_keymaps.delete_current_file')
979.794  000.491  000.491: require('custom.insert')
980.163  000.345  000.345: require('custom.insert.filepath.core')
980.591  000.396  000.396: require('custom.insert.annotation.core')
980.964  000.334  000.334: require('custom.insert.timestamp.core')
981.323  000.343  000.343: require('custom.insert.uuid.core')
981.668  000.332  000.332: require('custom.insert.boilerplate.core')
982.105  000.396  000.396: require('custom.format')
982.435  000.311  000.311: require('custom.format.column_align.core')
982.775  000.327  000.327: require('custom.format.table')
983.103  000.315  000.315: require('custom.format.text_width')
983.367  000.255  000.255: require('custom.format.filter_lines')
983.639  000.263  000.263: require('custom.format.additional_features')
983.886  000.223  000.223: require('custom.format.markdown')
984.165  000.273  000.273: require('custom.format.markdown.headlines.separators')
984.712  000.252  000.252: require('custom.lua_project_file_stats.utils')
984.965  000.245  000.245: require('custom.lua_project_file_stats.prints')
985.206  000.235  000.235: require('custom.lua_project_file_stats.misc_files')
985.227  001.044  000.312: require('custom.lua_project_file_stats')
985.491  000.259  000.259: require('custom.lua_project_file_stats.usercommands')
985.850  000.313  000.313: require('custom.function_index')
986.105  000.243  000.243: require('custom.function_index.user_actions')
986.304  000.192  000.192: require('custom.function_index.user_actions.usercommands')
986.802  000.211  000.211: require('custom.recommender.rendering')
987.031  000.222  000.222: require('custom.recommender.keymaps')
987.254  000.217  000.217: require('custom.recommender.custom_aliases')
987.434  000.173  000.173: require('custom.recommender.blacklist')
987.631  000.190  000.190: require('custom.recommender.regex')
987.826  000.189  000.189: require('custom.recommender.treesitter')
987.835  001.497  000.295: require('custom.recommender')
988.171  000.239  000.239: require('custom.filecycle')
988.646  000.205  000.205: require('custom.filecycle.@types')
988.887  000.233  000.233: require('custom.filecycle.core')
988.894  000.663  000.225: require('custom.filecycle.keymaps')
989.169  000.219  000.219: require('custom.filecycle.usercommands')
989.633  000.193  000.193: require('custom.find_config.config.defaults')
989.643  000.441  000.247: require('custom.find_config')
990.071  000.188  000.188: require('custom.find_config.core')
990.079  000.390  000.202: require('custom.find_config.engines.telescope')
990.579  000.193  000.193: require('custom.markdown.config')
990.782  000.195  000.195: require('custom.markdown.core.fold')
991.006  000.217  000.217: require('custom.markdown.core.headings')
991.227  000.215  000.215: require('custom.markdown.core.wrap')
991.433  000.200  000.200: require('custom.markdown.setup.autocmds')
991.671  000.232  000.232: require('custom.markdown.tableview')
992.094  000.212  000.212: require('custom.markdown.tableview.parser')
992.107  000.430  000.218: require('custom.markdown.tableview.live')
992.391  000.278  000.278: require('custom.markdown.fenced_fix')
992.484  002.373  000.412: require('custom.markdown')
992.750  000.239  000.239: require('custom.markdown.tableview.autocmds')
993.086  000.300  000.300: require('custom.pathprobe')
993.965  000.188  000.188: require('custom.repo_pickers.@types.aliases')
993.973  000.393  000.205: require('custom.repo_pickers.@types.types')
993.984  000.602  000.209: require('custom.repo_pickers.config')
994.949  000.516  000.516: require('custom.repo_pickers.fs')
995.283  000.326  000.326: require('custom.repo_pickers.dispatch')
995.291  001.083  000.242: require('custom.repo_pickers.actions')
996.138  000.493  000.493: require('custom.repo_pickers.select.vim_select')
997.005  000.849  000.849: require('custom.repo_pickers.select.telescope')
998.266  001.242  001.242: require('custom.repo_pickers.select.fzf')
998.288  002.993  000.409: require('custom.repo_pickers.select.router')
998.312  004.324  000.247: require('custom.repo_pickers.register')
998.319  005.183  000.258: require('custom.repo_pickers')
1001.376  000.286  000.286: require('custom.pathfinder.notifier')
1001.389  000.656  000.370: require('custom.pathfinder.util')
1001.406  001.151  000.495: require('custom.pathfinder.finder')
1002.728  000.291  000.291: require('custom.pathfinder.extractor.terminators')
1002.738  000.670  000.380: require('custom.pathfinder.extractor.helpers')
1003.053  000.311  000.311: require('custom.pathfinder.extractor.common_extensions')
1003.082  001.341  000.360: require('custom.pathfinder.extractor.find')
1003.094  001.684  000.343: require('custom.pathfinder.extractor')
1003.109  003.515  000.681: require('custom.pathfinder.commands')
1003.113  004.428  000.913: require('custom.pathfinder')
1003.675  000.497  000.497: require('custom.line_marker')
1003.727  025.215  001.530: require('custom')
1005.072  000.370  000.370: require('custom.mynotes.core')
1005.080  000.716  000.345: require('custom.mynotes.register')
1005.136  001.099  000.384: require('custom.mynotes.specs.checklists')
1005.435  000.294  000.294: require('custom.mynotes.specs.notes')
1005.772  000.331  000.331: require('custom.mynotes.specs.notes_lua')
1006.245  000.467  000.467: require('custom.mynotes.specs.notes_nvim')
1006.657  000.403  000.403: require('custom.mynotes.specs.wkdbook')
1007.069  000.367  000.367: require('custom.mynotes.specs.wkdbook_lua')
1007.407  000.331  000.331: require('custom.mynotes.specs.wkdbook_nvim')
1007.418  003.687  000.395: require('custom.mynotes')
1007.966  000.265  000.265: require('sessions.autocmds')
1008.414  000.425  000.425: require('sessions.usercmds')
1008.628  000.203  000.203: require('sessions.keymaps')
1008.642  001.216  000.324: require('sessions')
1009.181  000.215  000.215: require('usrcmds.copy')
1009.569  000.173  000.173: require('usrcmds.gather.@types')
1009.576  000.381  000.208: require('usrcmds.gather')
1009.800  000.208  000.208: require('usrcmds.compress_dir')
1010.006  000.197  000.197: require('usrcmds.diff')
1010.203  000.191  000.191: require('usrcmds.diff.diff_origin')
1010.424  000.206  000.206: require('usrcmds.fileinfo')
1010.669  000.227  000.227: require('usrcmds.project_tree')
1010.904  000.206  000.206: require('usrcmds.newfile')
1011.135  000.204  000.204: require('usrcmds.migrate')
1011.704  000.180  000.180: require('usrcmds.migrate.common.@types')
1011.715  000.361  000.181: require('usrcmds.migrate.common.command')
1011.905  000.187  000.187: require('usrcmds.migrate.common.picker')
1012.079  000.168  000.168: require('usrcmds.migrate.common.buffer')
1012.087  000.944  000.228: require('usrcmds.migrate.opt')
1012.685  000.172  000.172: require('usrcmds.migrate.notify.parser.aliases')
1012.930  000.233  000.233: require('usrcmds.migrate.notify.parser.patterns')
1013.202  000.259  000.259: require('usrcmds.migrate.notify.parser.extractor')
1013.495  000.282  000.282: require('usrcmds.migrate.notify.parser.migrator')
1013.505  001.195  000.249: require('usrcmds.migrate.notify.parser')
1013.996  000.205  000.205: require('usrcmds.migrate.notify.refactor.import')
1014.226  000.219  000.219: require('usrcmds.migrate.notify.refactor.cleanup')
1014.420  000.185  000.185: require('usrcmds.migrate.notify.refactor.apply')
1014.428  000.917  000.307: require('usrcmds.migrate.notify.refactor')
1014.438  002.338  000.227: require('usrcmds.migrate.notify')
1014.703  000.233  000.233: require('usrcmds.reload')
1014.956  000.235  000.235: require('usrcmds.search_all_drives')
1015.196  000.217  000.217: require('usrcmds.system_find')
1015.425  000.215  000.215: require('usrcmds.update_repos')
1015.706  000.261  000.261: require('usrcmds.uv_doc')
1015.747  006.964  000.485: require('usrcmds')
1015.951  000.199  000.199: require('wkddap')
1016.196  000.228  000.228: require('wkddap.core')
1016.385  000.181  000.181: require('wkddap.core.setup')
1020.225  000.007  000.007: sourcing nvim_exec2() called at C:\Users\Bernhard\AppData\Local\nvim\init.lua:0
1020.269  000.003  000.003: sourcing nvim_exec2() called at C:\Users\Bernhard\AppData\Local\nvim\init.lua:0
1020.874  000.248  000.248: sourcing C:/Users/Bernhard/AppData/Local/nvim-data/lazy/nvim-dap/plugin/dap.lua
1020.896  000.505  000.257: sourcing nvim_exec2() called at C:\Users\Bernhard\AppData\Local\nvim\init.lua:0
1020.908  000.003  000.003: sourcing nvim_exec2() called at C:\Users\Bernhard\AppData\Local\nvim\init.lua:0
1020.951  000.003  000.003: sourcing nvim_exec2() called at C:\Users\Bernhard\AppData\Local\nvim\init.lua:0
1024.783  000.211  000.211: require('dap.utils')
1024.850  003.857  003.646: require('dap')
1025.173  000.293  000.293: require('osv')
1025.931  009.540  004.869: require('dap')
1026.129  000.187  000.187: require('wkddap.core.capabilities')
1030.262  000.008  000.008: sourcing nvim_exec2() called at C:\Users\Bernhard\AppData\Local\nvim\init.lua:0
1030.310  000.003  000.003: sourcing nvim_exec2() called at C:\Users\Bernhard\AppData\Local\nvim\init.lua:0
1030.410  000.003  000.003: sourcing nvim_exec2() called at C:\Users\Bernhard\AppData\Local\nvim\init.lua:0
1030.448  000.003  000.003: sourcing nvim_exec2() called at C:\Users\Bernhard\AppData\Local\nvim\init.lua:0
1034.415  000.177  000.177: require('nio.tasks')
1034.600  000.174  000.174: require('nio.control')
1034.885  000.279  000.279: require('nio.uv')
1035.062  000.170  000.170: require('nio.tests')
1035.444  000.187  000.187: require('vim.ui')
1035.455  000.387  000.200: require('nio.ui')
1036.021  000.378  000.378: require('nio.streams')
1036.037  000.579  000.201: require('nio.file')
1036.889  000.232  000.232: require('nio.util')
1037.319  000.929  000.697: require('nio.logger')
1037.337  001.294  000.365: require('nio.lsp')
1037.590  000.246  000.246: require('nio.process')
1037.611  003.557  000.251: require('nio')
1038.883  000.030  000.030: sourcing nvim_exec2() called at C:\Users\Bernhard\AppData\Local\nvim\init.lua:0
1038.896  000.300  000.271: require('dapui.config.highlights')
1038.942  000.037  000.037: sourcing nvim_exec2() called at C:\Users\Bernhard\AppData\Local\nvim\init.lua:0
1039.097  000.892  000.554: require('dapui.config')
1039.108  001.195  000.303: require('dapui.util')
1039.348  000.235  000.235: require('dapui.windows.layout')
1039.356  001.739  000.308: require('dapui.windows')
1039.565  000.195  000.195: require('dapui.controls')
1039.575  009.085  003.594: require('dapui')
1039.707  000.033  000.033: sourcing nvim_exec2() called at C:\Users\Bernhard\AppData\Local\nvim\init.lua:0
1040.178  000.193  000.193: require('dapui.client.types')
1040.186  000.428  000.235: require('dapui.client')
1040.372  000.182  000.182: require('dap.breakpoints')
1040.560  000.175  000.175: require('dapui.client.lib')
1040.923  000.181  000.181: require('dapui.render.canvas')
1040.930  000.357  000.176: require('dapui.elements.breakpoints')
1041.137  000.190  000.190: require('dapui.components.breakpoints')
1041.327  000.169  000.169: require('dapui.elements.repl')
1041.544  000.210  000.210: require('dapui.elements.scopes')
1041.764  000.185  000.185: require('dapui.components.scopes')
1041.953  000.182  000.182: require('dapui.components.variables')
1042.139  000.168  000.168: require('dapui.elements.stacks')
1042.494  000.167  000.167: require('dapui.components.frames')
1042.501  000.344  000.176: require('dapui.components.threads')
1042.685  000.167  000.167: require('dapui.elements.watches')
1042.885  000.184  000.184: require('dapui.components.watches')
1043.069  000.166  000.166: require('dapui.elements.hover')
1043.268  000.183  000.183: require('dapui.components.hover')
1043.465  000.187  000.187: require('dapui.elements.console')
1043.577  017.441  004.829: require('dapui')
1044.096  000.022  000.022: sourcing nvim_exec2() called at C:\Users\Bernhard\AppData\Local\nvim\init.lua:0
1044.139  000.003  000.003: sourcing nvim_exec2() called at C:\Users\Bernhard\AppData\Local\nvim\init.lua:0
1048.007  003.763  003.763: require('nvim-dap-virtual-text')
1048.047  000.015  000.015: sourcing nvim_exec2() called at C:\Users\Bernhard\AppData\Local\nvim\init.lua:0
1048.074  000.021  000.021: sourcing nvim_exec2() called at C:\Users\Bernhard\AppData\Local\nvim\init.lua:0
1048.089  004.507  000.684: require('nvim-dap-virtual-text')
1048.294  000.201  000.201: require('wkddap.core.state')
1048.512  000.210  000.210: require('wkddap.adapters')
1048.892  000.188  000.188: require('wkddap.config')
1049.074  000.176  000.176: require('wkddap.utils.notify')
1049.082  000.564  000.200: require('wkddap.registry')
1049.253  000.166  000.166: require('wkddap.adapters.lua')
1049.773  000.170  000.170: require('wkddap.adapters.go')
1050.654  000.178  000.178: require('wkddap.adapters.python')
1051.515  000.188  000.188: require('wkddap.adapters.javascript')
1052.045  000.191  000.191: require('wkddap.configurations')
1052.226  000.173  000.173: require('wkddap.configurations.lua')
1052.477  000.241  000.241: require('wkddap.configurations.go')
1052.768  000.276  000.276: require('wkddap.configurations.python')
1053.171  000.388  000.388: require('wkddap.configurations.javascript')
1053.562  000.374  000.374: require('wkddap.utils.validation')
1053.919  000.337  000.337: require('wkddap.ui')
1055.403  000.270  000.270: require('wkddap.ui.highlights')
1055.683  000.247  000.247: require('wkddap.ui.dapui')
1055.837  000.037  000.037: sourcing nvim_exec2() called at C:\Users\Bernhard\AppData\Local\nvim\init.lua:0
1057.059  000.377  000.377: require('editorconfig')
1071.261  004.157  004.157: require('mdlinks.commands')
1071.320  004.445  000.288: sourcing C:/Users/Bernhard/AppData/Local/nvim-data/lazy/mdlinks/plugin/mdlinks.lua
1071.344  004.886  000.441: sourcing nvim_exec2() called at FileType Autocommands for "*":0
1071.626  000.213  000.213: require('mdlinks.config')
1079.193  000.087  000.087: sourcing C:\Users\Bernhard\AppData\Local\nvim-data\lazy\vim-matchup\autoload\matchup\ts_engine.vim
1083.171  000.066  000.066: sourcing C:\Users\Bernhard\AppData\Local\nvim-data\lazy\vim-matchup\autoload\matchup\re.vim
1087.916  000.206  000.206: require('dap.ui')
1087.936  000.505  000.299: require('dap.repl')
1162.223  004.549  004.549: require('gitsigns')
1168.057  000.396  000.396: require('gitsigns.highlight')
1168.340  000.222  000.222: require('gitsigns.debug.log')
1168.601  000.253  000.253: require('gitsigns.config')
1169.457  000.204  000.204: require('gitsigns.async')
1169.878  000.219  000.219: require('gitsigns.util')
1169.888  000.423  000.204: require('gitsigns.hunks')
1170.267  000.169  000.169: require('gitsigns.diff')
1170.474  000.200  000.200: require('gitsigns.signs')
1170.651  000.171  000.171: require('gitsigns.status')
1170.839  000.182  000.182: require('gitsigns.debounce')
1171.053  000.207  000.207: require('gitsigns.cache')
1171.075  001.183  000.254: require('gitsigns.manager')
1171.252  000.173  000.173: require('gitsigns.message')
1171.426  000.166  000.166: require('gitsigns.repeat')
1171.448  002.436  000.287: require('gitsigns.actions')
1172.347  000.168  000.168: require('gitsigns.system')
1172.355  000.345  000.177: require('gitsigns.git.cmd')
1172.598  000.238  000.238: require('gitsigns.git.errors')
1172.795  000.190  000.190: require('gitsigns.git.repo.watcher')
1172.975  000.173  000.173: require('gitsigns.git.version')
1172.987  001.165  000.220: require('gitsigns.git.repo')
1172.994  001.353  000.188: require('gitsigns.git')
1173.003  001.551  000.198: require('gitsigns.attach')
1173.237  000.196  000.196: require('gitsigns.current_line_blame')
1173.351  015.884  006.282: sourcing C:/Users/Bernhard/AppData/Local/nvim-data/lazy/gitsigns.nvim/plugin/gitsigns.lua
1173.379  016.157  000.273: sourcing nvim_exec2() called at BufEnter Autocommands for "*":0
1173.398  000.006  000.006: sourcing nvim_exec2() called at BufEnter Autocommands for "*":0
1173.444  000.003  000.003: sourcing nvim_exec2() called at BufEnter Autocommands for "*":0
1173.823  000.319  000.319: require('nvchad.configs.gitsigns')
1179.018  022.416  005.931: require('gitsigns')
1180.333  000.084  000.084: sourcing C:\Users\Bernhard\AppData\Local\nvim-data\lazy\nvim-treesitter\autoload\nvim_treesitter.vim
1180.668  000.273  000.273: require('nvim-treesitter.fold')
1248.313  000.271  000.271: require('wkddap.commands')
1248.537  000.211  000.211: require('wkddap.commands.autocmds')
1248.975  000.406  000.406: require('wkddap.commands.usercmds')
1249.258  000.259  000.259: require('system.rpc_pipe')
1249.904  000.205  000.205: require('debugging')
1250.338  000.206  000.206: require('debugging.views.@types')
1250.591  000.245  000.245: require('debugging.views.capture')
1250.962  000.180  000.180: require('debugging.views.utils')
1250.970  000.373  000.193: require('debugging.views.display')
1251.149  000.175  000.175: require('debugging.views.keymaps')
1251.334  000.179  000.179: require('debugging.views.autocmds')
1251.341  001.429  000.251: require('debugging.views')
1251.493  1214.466  275.724: sourcing C:\Users\Bernhard\AppData\Local\nvim\init.lua
1251.549  002.460: sourcing vimrc file(s)
1253.898  000.203  000.203: sourcing C:\Program Files\Neovim\share\nvim\runtime\filetype.lua
1257.246  000.191  000.191: sourcing C:\Program Files\Neovim\share\nvim\runtime\syntax\synload.vim
1257.472  002.787  002.596: sourcing C:\Program Files\Neovim\share/nvim/runtime/syntax/syntax.vim
1257.516  002.977: inits 3
1265.028  007.512: reading ShaDa
1266.744  001.716: opening buffers
1267.489  000.745: BufEnter autocommands
1267.498  000.009: editing files in windows
1267.656  000.158: --- NVIM STARTED ---

