--- Startup times for process: Primary (or UI client) ---

times in msec
 clock   self+sourced   self:  sourced script
 clock   elapsed:              other lines

000.011  000.011: --- NVIM STARTING ---
000.077  000.066: event init
000.254  000.177: early init
023.108  022.854: locale set
023.171  000.063: init first window
024.091  000.920: inits 1
024.358  000.267: window checked
024.369  000.011: parsing arguments
025.739  000.461  000.461: require('vim.shared')
026.565  000.218  000.218: require('vim.inspect')
026.860  000.266  000.266: require('vim._options')
026.866  001.115  000.630: require('vim._editor')
026.870  001.692  000.117: require('vim._init_packages')
026.879  000.818: init lua interpreter
036.483  009.605: nvim_ui_attach
036.820  000.337: nvim_set_client_info
036.829  000.009: --- NVIM STARTED ---

--- Startup times for process: Embedded ---

times in msec
 clock   self+sourced   self:  sourced script
 clock   elapsed:              other lines

000.008  000.008: --- NVIM STARTING ---
000.049  000.041: event init
000.166  000.116: early init
021.805  021.639: locale set
021.870  000.066: init first window
022.620  000.750: inits 1
022.702  000.081: window checked
022.715  000.014: parsing arguments
024.189  000.470  000.470: require('vim.shared')
024.980  000.200  000.200: require('vim.inspect')
025.295  000.289  000.289: require('vim._options')
025.302  001.100  000.611: require('vim._editor')
025.306  001.697  000.128: require('vim._init_packages')
025.314  000.902: init lua interpreter
025.615  000.300: expanding arguments
025.642  000.027: inits 2
025.982  000.340: init highlight
025.986  000.004: waiting for UI
026.095  000.110: done waiting for UI
026.102  000.007: clear screen
026.655  000.041  000.041: require('vim.keymap')
027.428  000.167  000.167: sourcing nvim_exec2()
035.915  009.809  009.601: require('vim._defaults')
035.931  000.020: init default mappings & autocommands
038.257  000.096  000.096: sourcing C:\Program Files\Neovim\share\nvim\runtime\ftplugin.vim
038.650  000.063  000.063: sourcing C:\Program Files\Neovim\share\nvim\runtime\indent.vim
039.901  000.341  000.341: require('vim.fs')
040.286  000.376  000.376: require('vim.uri')
040.322  001.060  000.343: require('vim.loader')
042.450  001.953  001.953: require('config.lazy')
042.817  000.355  000.355: require('lazy')
042.860  000.022  000.022: require('ffi')
043.053  000.184  000.184: require('lazy.stats')
043.547  000.241  000.241: require('lazy.core.util')
043.871  000.316  000.316: require('lazy.core.config')
044.415  000.278  000.278: require('lazy.core.handler')
045.160  000.279  000.279: require('lazy.pkg')
045.171  000.535  000.256: require('lazy.core.meta')
045.179  000.754  000.219: require('lazy.core.plugin')
045.190  001.311  000.279: require('lazy.core.loader')
046.162  000.236  000.236: require('lazy.core.fragments')
054.776  000.574  000.574: require('config.fzf.keymaps')
055.277  000.475  000.475: require('config.fzf.fzf_opts')
055.749  000.452  000.452: require('config.fzf.grep')
056.526  000.343  000.343: require('lib.fs.path_shorten')
056.540  000.776  000.433: require('config.fzf.files')
056.944  000.397  000.397: require('config.fzf.actions.wrapped')
056.957  003.261  000.586: require('config.fzf')
060.511  000.266  000.266: require('config.neotree.utils')
060.803  000.280  000.280: require('config.neotree.watcher_quarantine')
060.814  000.801  000.256: require('config.neotree.keymaps')
061.080  000.261  000.261: require('config.neotree.keymaps.buffers')
061.306  000.219  000.219: require('config.neotree.keymaps.document_symbols')
062.029  000.174  000.174: require('lib.notify.@types')
062.269  000.232  000.232: require('lib.notify.safe')
062.296  000.662  000.257: require('lib.notify')
062.687  000.378  000.378: require('config.neotree.utils.node')
063.921  000.239  000.239: require('config.neotree.helper.is_ignored_dir.ignored_dirs')
063.943  000.534  000.295: require('config.neotree.helper.is_ignored_dir')
063.954  000.830  000.296: require('config.neotree.utils.tree')
063.961  001.239  000.409: require('config.neotree.actions.copy.entries')
064.390  000.422  000.422: require('config.neotree.actions.copy.folders')
064.852  000.450  000.450: require('config.neotree.actions.path.to_require')
065.430  000.562  000.562: require('config.neotree.actions.info.node')
066.078  000.309  000.309: require('config.neotree.utils.buffer')
066.089  000.647  000.337: require('config.neotree.actions.save.node_buffer')
066.382  000.288  000.288: require('config.neotree.actions.save.adjacent_buffer')
066.708  000.317  000.317: require('config.neotree.actions.grep_picker')
067.027  000.310  000.310: require('config.neotree.actions.traverse')
067.742  000.399  000.399: require('config.neotree.commands.get_telescope_opts')
068.275  000.516  000.516: require('config.neotree.commands.diff_files')
069.012  000.325  000.325: require('config.neotree.helper.renderer')
069.028  000.740  000.414: require('config.neotree.commands.mark')
069.421  000.387  000.387: require('config.neotree.commands.add')
069.439  002.403  000.361: require('config.neotree.commands')
070.453  000.547  000.547: require('config.neotree.trash.platform')
071.614  001.147  001.147: require('config.neotree.trash.validation.buffer_checker')
072.269  000.634  000.634: require('config.neotree.trash.confirmation')
073.250  000.330  000.330: require('config.neotree.safety.backup')
073.558  000.295  000.295: require('config.neotree.safety.operation_queue')
073.866  000.298  000.298: require('config.neotree.safety.dry_run')
074.181  000.304  000.304: require('config.neotree.safety.validation')
074.543  000.348  000.348: require('config.neotree.safety.recovery')
074.555  001.938  000.362: require('config.neotree.safety')
074.567  002.283  000.345: require('config.neotree.trash.operations')
074.581  005.136  000.525: require('config.neotree.trash')
075.029  000.441  000.441: require('config.neotree.undo')
075.416  000.370  000.370: require('config.neotree.actions.node_replace_buf')
075.443  014.127  000.503: require('config.neotree.keymaps.filesystem')
075.763  000.311  000.311: require('config.neotree.keymaps.git_status')
076.055  000.280  000.280: require('config.neotree.keymaps.tests')
076.357  000.291  000.291: require('config.neotree.keymaps.diagnostics')
083.129  000.369  000.369: require('config.noice')
084.071  000.406  000.406: require('config.todo_comments.keywords')
087.085  000.262  000.262: require('lazy.core.handler.event')
087.301  000.202  000.202: require('lazy.core.handler.keys')
087.504  000.195  000.195: require('lazy.core.handler.cmd')
087.707  000.196  000.196: require('lazy.core.handler.ft')
088.002  000.008  000.008: sourcing nvim_exec2() called at C:\Users\Bernhard\AppData\Local\nvim\init.lua:0
088.069  000.004  000.004: sourcing nvim_exec2() called at C:\Users\Bernhard\AppData\Local\nvim\init.lua:0
088.287  000.003  000.003: sourcing nvim_exec2() called at C:\Users\Bernhard\AppData\Local\nvim\init.lua:0
088.342  000.003  000.003: sourcing nvim_exec2() called at C:\Users\Bernhard\AppData\Local\nvim\init.lua:0
088.395  000.002  000.002: sourcing nvim_exec2() called at C:\Users\Bernhard\AppData\Local\nvim\init.lua:0
088.449  000.003  000.003: sourcing nvim_exec2() called at C:\Users\Bernhard\AppData\Local\nvim\init.lua:0
088.494  000.002  000.002: sourcing nvim_exec2() called at C:\Users\Bernhard\AppData\Local\nvim\init.lua:0
088.534  000.003  000.003: sourcing nvim_exec2() called at C:\Users\Bernhard\AppData\Local\nvim\init.lua:0
088.575  000.002  000.002: sourcing nvim_exec2() called at C:\Users\Bernhard\AppData\Local\nvim\init.lua:0
088.614  000.003  000.003: sourcing nvim_exec2() called at C:\Users\Bernhard\AppData\Local\nvim\init.lua:0
088.754  000.003  000.003: sourcing nvim_exec2() called at C:\Users\Bernhard\AppData\Local\nvim\init.lua:0
088.798  000.003  000.003: sourcing nvim_exec2() called at C:\Users\Bernhard\AppData\Local\nvim\init.lua:0
088.822  000.002  000.002: sourcing nvim_exec2() called at C:\Users\Bernhard\AppData\Local\nvim\init.lua:0
088.861  000.003  000.003: sourcing nvim_exec2() called at C:\Users\Bernhard\AppData\Local\nvim\init.lua:0
088.879  000.002  000.002: sourcing nvim_exec2() called at C:\Users\Bernhard\AppData\Local\nvim\init.lua:0
088.917  000.003  000.003: sourcing nvim_exec2() called at C:\Users\Bernhard\AppData\Local\nvim\init.lua:0
088.945  000.002  000.002: sourcing nvim_exec2() called at C:\Users\Bernhard\AppData\Local\nvim\init.lua:0
088.983  000.003  000.003: sourcing nvim_exec2() called at C:\Users\Bernhard\AppData\Local\nvim\init.lua:0
089.118  000.002  000.002: sourcing nvim_exec2() called at C:\Users\Bernhard\AppData\Local\nvim\init.lua:0
089.161  000.003  000.003: sourcing nvim_exec2() called at C:\Users\Bernhard\AppData\Local\nvim\init.lua:0
089.302  000.003  000.003: sourcing nvim_exec2() called at C:\Users\Bernhard\AppData\Local\nvim\init.lua:0
089.347  000.003  000.003: sourcing nvim_exec2() called at C:\Users\Bernhard\AppData\Local\nvim\init.lua:0
089.714  000.003  000.003: sourcing nvim_exec2() called at C:\Users\Bernhard\AppData\Local\nvim\init.lua:0
089.762  000.003  000.003: sourcing nvim_exec2() called at C:\Users\Bernhard\AppData\Local\nvim\init.lua:0
090.175  000.003  000.003: sourcing nvim_exec2() called at C:\Users\Bernhard\AppData\Local\nvim\init.lua:0
090.309  000.004  000.004: sourcing nvim_exec2() called at C:\Users\Bernhard\AppData\Local\nvim\init.lua:0
090.829  000.004  000.004: sourcing nvim_exec2() called at C:\Users\Bernhard\AppData\Local\nvim\init.lua:0
090.889  000.003  000.003: sourcing nvim_exec2() called at C:\Users\Bernhard\AppData\Local\nvim\init.lua:0
092.263  000.179  000.179: sourcing nvim_exec2() called at C:\Program Files\Neovim\share/nvim/runtime/filetype.lua:0
092.275  000.445  000.266: sourcing C:\Program Files\Neovim\share/nvim/runtime/filetype.lua
092.296  000.757  000.312: sourcing nvim_exec2() called at C:\Users\Bernhard\AppData\Local\nvim\init.lua:0
093.161  000.256  000.256: sourcing C:/Users/Bernhard/AppData/Local/nvim-data/lazy/nvim-puppeteer/plugin/puppeteer-autocmds.lua
093.185  000.502  000.247: sourcing nvim_exec2() called at C:\Users\Bernhard\AppData\Local\nvim\init.lua:0
093.197  000.003  000.003: sourcing nvim_exec2() called at C:\Users\Bernhard\AppData\Local\nvim\init.lua:0
093.244  000.003  000.003: sourcing nvim_exec2() called at C:\Users\Bernhard\AppData\Local\nvim\init.lua:0
096.021  001.379  001.379: require('snacks')
096.034  001.575  000.196: sourcing C:/Users/Bernhard/AppData/Local/nvim-data/lazy/snacks.nvim/plugin/snacks.lua
096.066  001.833  000.258: sourcing nvim_exec2() called at C:\Users\Bernhard\AppData\Local\nvim\init.lua:0
096.088  000.007  000.007: sourcing nvim_exec2() called at C:\Users\Bernhard\AppData\Local\nvim\init.lua:0
096.154  000.003  000.003: sourcing nvim_exec2() called at C:\Users\Bernhard\AppData\Local\nvim\init.lua:0
096.592  000.006  000.006: sourcing nvim_exec2() called at C:\Users\Bernhard\AppData\Local\nvim\init.lua:0
096.636  000.003  000.003: sourcing nvim_exec2() called at C:\Users\Bernhard\AppData\Local\nvim\init.lua:0
098.735  000.271  000.271: require('git-conflict.colors')
099.052  000.305  000.305: require('git-conflict.utils')
099.790  000.399  000.399: require('vim.health')
099.806  000.739  000.340: require('vim.deprecated.health')
100.302  000.447  000.447: require('vim.hl')
100.359  003.562  001.800: require('git-conflict')
105.248  000.336  000.336: require('vim.iter')
107.152  000.079  000.079: sourcing C:/Users/Bernhard/AppData/Local/nvim-data/lazy/plenary.nvim/plugin/plenary.vim
107.173  000.317  000.238: sourcing nvim_exec2() called at C:\Users\Bernhard\AppData\Local\nvim\init.lua:0
107.186  000.003  000.003: sourcing nvim_exec2() called at C:\Users\Bernhard\AppData\Local\nvim\init.lua:0
107.231  000.003  000.003: sourcing nvim_exec2() called at C:\Users\Bernhard\AppData\Local\nvim\init.lua:0
107.600  000.065  000.065: sourcing C:/Users/Bernhard/AppData/Local/nvim-data/lazy/todo-comments.nvim/plugin/todo.vim
107.618  000.294  000.229: sourcing nvim_exec2() called at C:\Users\Bernhard\AppData\Local\nvim\init.lua:0
107.630  000.002  000.002: sourcing nvim_exec2() called at C:\Users\Bernhard\AppData\Local\nvim\init.lua:0
107.677  000.003  000.003: sourcing nvim_exec2() called at C:\Users\Bernhard\AppData\Local\nvim\init.lua:0
110.004  000.269  000.269: require('todo-comments.util')
110.026  000.552  000.283: require('todo-comments.config')
110.933  000.518  000.518: require('todo-comments.highlight')
110.976  000.942  000.424: require('todo-comments.jump')
110.984  002.960  001.465: require('todo-comments')
114.753  000.424  000.424: require('neotree-fs-refactor.utils.logger')
115.019  000.249  000.249: require('neotree-fs-refactor.utils.path')
115.278  000.248  000.248: require('neotree-fs-refactor.refactor.require_finder')
115.810  000.522  000.522: require('neotree-fs-refactor.refactor.file_updater')
116.385  000.556  000.556: require('neotree-fs-refactor.utils.notify')
116.512  004.388  002.388: require('neotree-fs-refactor.init')
116.543  004.723  000.336: sourcing B:/repos/neotree-fs-refactor.nvim/plugin/init.lua
116.576  005.135  000.412: sourcing nvim_exec2() called at C:\Users\Bernhard\AppData\Local\nvim\init.lua:0
116.598  000.006  000.006: sourcing nvim_exec2() called at C:\Users\Bernhard\AppData\Local\nvim\init.lua:0
116.745  000.005  000.005: sourcing nvim_exec2() called at C:\Users\Bernhard\AppData\Local\nvim\init.lua:0
117.103  000.346  000.346: require('neotree-fs-refactor')
117.361  000.249  000.249: require('lib.fs.ignore.list')
118.264  000.323  000.323: sourcing C:/Users/Bernhard/AppData/Local/nvim-data/lazy/vim-startuptime/plugin/startuptime.vim
118.286  000.590  000.266: sourcing nvim_exec2() called at C:\Users\Bernhard\AppData\Local\nvim\init.lua:0
118.305  000.003  000.003: sourcing nvim_exec2() called at C:\Users\Bernhard\AppData\Local\nvim\init.lua:0
118.356  000.003  000.003: sourcing nvim_exec2() called at C:\Users\Bernhard\AppData\Local\nvim\init.lua:0
121.243  000.009  000.009: sourcing nvim_exec2() called at C:\Users\Bernhard\AppData\Local\nvim\init.lua:0
121.293  000.003  000.003: sourcing nvim_exec2() called at C:\Users\Bernhard\AppData\Local\nvim\init.lua:0
122.819  000.004  000.004: sourcing nvim_exec2() called at C:\Users\Bernhard\AppData\Local\nvim\init.lua:0
122.859  000.003  000.003: sourcing nvim_exec2() called at C:\Users\Bernhard\AppData\Local\nvim\init.lua:0
124.879  000.220  000.220: sourcing C:/Users/Bernhard/AppData/Local/nvim-data/lazy/neo-tree-tests-source.nvim/plugin/neo-tree-tests-source.lua
124.908  000.486  000.266: sourcing nvim_exec2() called at C:\Users\Bernhard\AppData\Local\nvim\init.lua:0
124.928  000.006  000.006: sourcing nvim_exec2() called at C:\Users\Bernhard\AppData\Local\nvim\init.lua:0
124.990  000.005  000.005: sourcing nvim_exec2() called at C:\Users\Bernhard\AppData\Local\nvim\init.lua:0
126.975  000.007  000.007: sourcing nvim_exec2() called at C:\Users\Bernhard\AppData\Local\nvim\init.lua:0
127.023  000.003  000.003: sourcing nvim_exec2() called at C:\Users\Bernhard\AppData\Local\nvim\init.lua:0
127.568  000.239  000.239: sourcing C:/Users/Bernhard/AppData/Local/nvim-data/lazy/neo-tree.nvim/plugin/neo-tree.lua
127.591  000.480  000.240: sourcing nvim_exec2() called at C:\Users\Bernhard\AppData\Local\nvim\init.lua:0
127.603  000.003  000.003: sourcing nvim_exec2() called at C:\Users\Bernhard\AppData\Local\nvim\init.lua:0
127.645  000.003  000.003: sourcing nvim_exec2() called at C:\Users\Bernhard\AppData\Local\nvim\init.lua:0
130.883  000.358  000.358: require('netman.tools.compat')
132.369  000.263  000.263: require('netman.tools.utils.logger')
142.664  000.312  000.312: require('netman.tools.shell')
149.648  000.054  000.054: require('vim.F')
580.356  450.135  449.148: require('netman.tools.utils')
581.266  000.343  000.343: require('netman.tools.options')
581.717  000.433  000.433: require('netman.tools.cache')
581.999  000.257  000.257: require('netman.tools.utils.provider_validator')
582.503  000.495  000.495: require('netman.tools.parsers.json')
582.835  000.316  000.316: require('netman.tools.configuration')
583.740  000.329  000.329: require('netman.providers')
596.772  013.017  013.017: require('netman.providers.ssh')
601.799  000.079  000.079: sourcing C:/Users/Bernhard/AppData/Local/nvim-data/lazy/nvim-web-devicons/plugin/nvim-web-devicons.vim
601.825  000.335  000.256: sourcing nvim_exec2() called at C:\Users\Bernhard\AppData\Local\nvim\init.lua:0
601.841  000.003  000.003: sourcing nvim_exec2() called at C:\Users\Bernhard\AppData\Local\nvim\init.lua:0
601.886  000.003  000.003: sourcing nvim_exec2() called at C:\Users\Bernhard\AppData\Local\nvim\init.lua:0
607.055  000.009  000.009: sourcing nvim_exec2() called at C:\Users\Bernhard\AppData\Local\nvim\init.lua:0
607.100  000.003  000.003: sourcing nvim_exec2() called at C:\Users\Bernhard\AppData\Local\nvim\init.lua:0
609.966  000.184  000.184: require('wkdnvchad')
610.393  000.201  000.201: require('lib.lazy')
610.597  000.197  000.197: require('custom.functions.buf_win_tabs.move_buffer_to_tab')
611.038  000.221  000.221: require('nvchad.tabufline')
611.117  000.512  000.291: require('wkdnvchad.mappings.tabufline')
611.419  000.296  000.296: require('lib.map')
611.435  001.458  000.253: require('wkdnvchad.mappings')
612.261  000.321  000.321: require('wkdnvchad.usrcmd.themes')
612.281  000.719  000.398: require('wkdnvchad.usrcmd')
612.926  000.614  000.614: require('wkdnvchad.config')
613.746  000.801  000.801: require('wkdnvchad.config.base46')
614.681  000.359  000.359: require('wkdnvchad.ui.statusline.cursor_ctl.renderer')
615.113  000.400  000.400: require('wkdnvchad.ui.statusline.cursor_ctl.progress_calculators')
615.590  000.460  000.460: require('wkdnvchad.ui.statusline.modules.highlighting')
616.185  000.572  000.572: require('wkdnvchad.ui.statusline.modules.lsp')
616.494  000.296  000.296: require('wkdnvchad.ui.statusline.cursor_ctl')
616.505  002.737  000.650: require('wkdnvchad.config.statusline.custom')
616.510  007.001  000.489: require('chadrc')
616.575  007.371  000.370: require('nvconfig')
616.893  000.304  000.304: require('nvchad.stl.utils')
617.230  000.291  000.291: require('nvchad.tabufline.lazyload')
617.289  010.178  002.212: require('nvchad')
617.505  015.432  005.242: require('nvchad.icons.devicons')
618.140  000.342  000.342: require('nvim-web-devicons.filetypes')
619.029  000.590  000.590: require('nvim-web-devicons.default.icons_by_filename')
620.562  001.519  001.519: require('nvim-web-devicons.default.icons_by_file_extension')
621.627  001.048  001.048: require('nvim-web-devicons.default.icons_by_operating_system')
622.117  000.474  000.474: require('nvim-web-devicons.default.icons_by_desktop_environment')
622.395  000.267  000.267: require('nvim-web-devicons.default.icons_by_window_manager')
622.403  004.212  000.312: require('nvim-web-devicons.icons-default')
622.736  005.223  000.668: require('nvim-web-devicons')
626.348  025.998  005.002: require('nvim-web-devicons')
626.375  026.444  000.446: require('netman.providers.docker')
631.347  050.981  009.347: require('netman.api')
632.022  504.367  003.252: require('netman')
638.414  000.393  000.393: require('neo-tree.log')
640.097  001.671  001.671: require('neo-tree.utils._compat')
640.137  002.554  000.491: require('neo-tree.utils')
640.985  000.199  000.199: require('nui.object')
641.602  000.194  000.194: require('vim.version')
643.627  002.441  002.247: require('nui.utils')
643.685  002.692  000.251: require('nui.text')
643.750  003.172  000.281: require('nui.line')
644.431  000.205  000.205: require('nui.tree.util')
644.451  000.692  000.487: require('nui.tree')
644.898  000.202  000.202: require('nui.utils.buf_storage')
645.139  000.233  000.233: require('nui.utils.autocmd')
645.333  000.188  000.188: require('nui.utils.keymap')
646.194  000.662  000.662: require('nui.layout.utils')
646.216  000.874  000.212: require('nui.split.utils')
646.246  001.792  000.294: require('nui.split')
647.314  000.543  000.543: require('nui.popup.border')
647.357  001.102  000.558: require('nui.popup')
648.069  000.707  000.707: require('neo-tree.ui.highlights')
648.916  000.388  000.388: require('neo-tree')
648.934  000.852  000.463: require('neo-tree.ui.popups')
649.926  000.294  000.294: require('neo-tree.collections')
650.238  000.304  000.304: require('neo-tree.health.typecheck')
650.246  000.928  000.330: require('neo-tree.events.queue')
650.253  001.314  000.386: require('neo-tree.events')
650.559  000.302  000.302: require('neo-tree.ui.windows')
650.583  010.441  000.508: require('neo-tree.ui.renderer')
652.076  000.183  000.183: require('plenary.compat')
652.261  000.176  000.176: require('plenary.functional')
652.271  000.603  000.244: require('plenary.job')
652.279  000.968  000.365: require('neo-tree.sources.filesystem.lib.filter_external')
653.274  000.307  000.307: require('neo-tree.sources.filesystem.lib.globtopattern')
653.286  000.643  000.336: require('neo-tree.sources.common.file-nesting')
653.291  001.007  000.364: require('neo-tree.sources.common.file-items')
654.557  000.293  000.293: require('neo-tree.git.utils')
654.566  000.621  000.328: require('neo-tree.git.status')
654.874  000.304  000.304: require('neo-tree.git.ignored')
654.881  001.263  000.338: require('neo-tree.git')
654.887  001.592  000.329: require('neo-tree.sources.filesystem.lib.fs_watch')
655.838  000.170  000.170: require('plenary.tbl')
655.886  000.388  000.218: require('plenary.vararg.rotate')
655.891  000.598  000.209: require('plenary.vararg')
656.080  000.185  000.185: require('plenary.errors')
656.088  000.985  000.203: require('plenary.async.async')
656.795  000.174  000.174: require('plenary.async.structs')
656.807  000.371  000.197: require('plenary.async.control')
656.814  000.554  000.183: require('plenary.async.util')
656.819  000.727  000.173: require('plenary.async.tests')
656.822  001.932  000.220: require('plenary.async')
657.491  000.344  000.344: require('neo-tree.sources.filesystem.lib.lua-glob')
657.499  000.674  000.330: require('neo-tree.sources.filesystem.lib.ignored')
657.509  006.563  000.391: require('neo-tree.sources.filesystem.lib.fs_scan')
658.229  000.401  000.401: require('nui.input')
658.240  000.727  000.326: require('neo-tree.ui.inputs')
658.257  007.669  000.379: require('neo-tree.sources.manager')
658.509  000.248  000.248: require('neo-tree.sources.diagnostics.lib.items')
658.716  000.200  000.200: require('neo-tree.sources.diagnostics.highlights')
658.915  000.192  000.192: require('neo-tree.sources.diagnostics.defaults')
658.926  021.636  000.330: require('neo-tree.sources.diagnostics')
659.142  000.211  000.211: require('config.neotree.event_handlers')
659.465  000.313  000.313: require('config.neotree')
659.742  000.237  000.237: require('config.neotree.actions.find_or_grep_menu')
660.888  000.214  000.214: sourcing C:/Users/Bernhard/AppData/Local/nvim-data/lazy/fzf-lua/plugin/fzf-lua.lua
660.910  000.471  000.257: sourcing nvim_exec2() called at C:\Users\Bernhard\AppData\Local\nvim\init.lua:0
660.923  000.004  000.004: sourcing nvim_exec2() called at C:\Users\Bernhard\AppData\Local\nvim\init.lua:0
660.993  000.003  000.003: sourcing nvim_exec2() called at C:\Users\Bernhard\AppData\Local\nvim\init.lua:0
665.401  000.359  000.359: require('vim.func')
665.699  000.218  000.218: require('vim.func._memoize')
665.765  001.466  000.889: require('fzf-lua.utils')
666.307  000.254  000.254: require('fzf-lua.lib.base64')
666.700  000.385  000.385: require('fzf-lua.lib.serpent')
666.712  000.941  000.302: require('fzf-lua.libuv')
666.726  002.942  000.535: require('fzf-lua.path')
667.666  000.565  000.565: require('fzf-lua.actions')
668.170  000.232  000.232: require('fzf-lua.class')
668.245  000.570  000.338: require('fzf-lua.devicons')
669.107  000.392  000.392: require('fzf-lua.previewer')
670.476  002.221  001.829: require('fzf-lua.defaults')
670.504  003.773  000.417: require('fzf-lua.config')
670.964  000.057  000.057: sourcing C:/Users/Bernhard/AppData/Local/nvim-data/lazy/fzf-lua/autoload/fzf_lua.vim
670.982  000.324  000.268: sourcing nvim_exec2() called at C:\Users\Bernhard\AppData\Local\nvim\init.lua:0
673.202  000.904  000.904: require('fzf-lua.win')
673.874  000.262  000.262: require('fzf-lua.fzf')
674.118  000.230  000.230: require('fzf-lua.shell')
674.136  000.923  000.430: require('fzf-lua.core')
674.399  000.252  000.252: require('fzf-lua.make_entry')
674.457  013.456  004.337: require('fzf-lua')
675.658  015.909  001.975: require('fzf-lua')
676.032  000.362  000.362: require('config.neotree.current_hl')
676.821  000.340  000.340: require('neo-tree.sources.common.container')
676.844  000.802  000.463: require('neo-tree.sources.common.components')
677.390  000.208  000.208: require('config.neotree.trash.commands')
677.601  000.188  000.188: require('config.neotree.open.keymaps.reveal_current_file')
677.803  000.180  000.180: require('config.neotree.open.keymaps.only_lhs')
710.879  032.353  032.353: sourcing C:/Users/Bernhard/AppData/Local/nvim-data/lazy/vim-wakatime/plugin/wakatime.vim
710.907  032.629  000.277: sourcing nvim_exec2() called at C:\Users\Bernhard\AppData\Local\nvim\init.lua:0
710.948  000.003  000.003: sourcing nvim_exec2() called at C:\Users\Bernhard\AppData\Local\nvim\init.lua:0
711.045  000.003  000.003: sourcing nvim_exec2() called at C:\Users\Bernhard\AppData\Local\nvim\init.lua:0
714.217  000.015  000.015: sourcing nvim_exec2() called at C:\Users\Bernhard\AppData\Local\nvim\init.lua:0
714.388  000.006  000.006: sourcing nvim_exec2() called at C:\Users\Bernhard\AppData\Local\nvim\init.lua:0
718.604  000.381  000.381: require('cmdlog.config')
718.619  004.213  003.832: require('cmdlog')
720.258  000.245  000.245: require('plenary.bit')
720.294  000.618  000.372: require('plenary.path')
720.302  000.998  000.380: require('cmdlog.core.favorites')
720.706  000.401  000.401: require('cmdlog.core.history')
721.021  000.305  000.305: require('cmdlog.core.utils')
721.317  000.288  000.288: require('cmdlog.ui.picker_utils')
721.325  002.353  000.362: require('cmdlog.ui.history_picker')
721.577  000.249  000.249: require('cmdlog.ui.history_unique_picker')
721.808  000.224  000.224: require('cmdlog.ui.favorites_picker')
722.276  000.236  000.236: require('cmdlog.core.shell')
722.286  000.472  000.236: require('cmdlog.ui.all_picker')
722.537  000.247  000.247: require('cmdlog.ui.all_unique_picker')
722.771  000.226  000.226: require('cmdlog.ui.shell_picker')
723.010  000.232  000.232: require('cmdlog.ui.shell_unique_picker')
723.017  004.386  000.384: require('cmdlog.ui.picker')
727.430  000.274  000.274: require('translate.util.utf8')
727.449  000.518  000.245: require('translate.util.util')
727.455  000.816  000.298: require('translate.preset.parse_before.natural')
727.674  000.214  000.214: require('translate.preset.parse_before.trim')
727.864  000.183  000.183: require('translate.preset.parse_before.concat')
728.043  000.172  000.172: require('translate.preset.parse_before.no_handle')
728.299  000.248  000.248: require('translate.preset.command.translate_shell')
728.670  000.184  000.184: require('translate.preset.command.deepl')
728.677  000.370  000.186: require('translate.preset.command.deepl_free')
728.859  000.178  000.178: require('translate.preset.command.deepl_pro')
729.190  000.324  000.324: require('translate.preset.command.google')
729.498  000.289  000.289: require('translate.preset.parse_after.oneline')
729.821  000.308  000.308: require('translate.preset.parse_after.head')
730.051  000.220  000.220: require('translate.preset.parse_after.rate')
730.272  000.213  000.213: require('translate.preset.parse_after.window')
730.463  000.183  000.183: require('translate.preset.parse_after.no_handle')
730.655  000.185  000.185: require('translate.preset.parse_after.translate_shell')
731.024  000.182  000.182: require('translate.preset.parse_after.deepl')
731.031  000.369  000.187: require('translate.preset.parse_after.deepl_free')
731.204  000.169  000.169: require('translate.preset.parse_after.deepl_pro')
731.393  000.183  000.183: require('translate.preset.parse_after.google')
731.579  000.179  000.179: require('translate.preset.output.floating')
731.788  000.203  000.203: require('translate.preset.output.split')
731.971  000.176  000.176: require('translate.preset.output.insert')
732.143  000.166  000.166: require('translate.preset.output.replace')
732.316  000.166  000.166: require('translate.preset.output.register')
732.327  005.938  000.420: require('translate.config')
732.502  000.171  000.171: require('translate.util.replace')
733.200  000.178  000.178: require('translate.kit.Lua.TreeSitter')
733.208  000.350  000.172: require('translate.util.context')
733.214  000.540  000.190: require('translate.util.comment')
733.218  000.710  000.171: require('translate.util.select')
733.402  000.181  000.181: require('translate.command')
733.410  009.745  002.745: require('translate')
733.433  009.961  000.216: sourcing C:/Users/Bernhard/AppData/Local/nvim-data/lazy/translate.nvim/plugin/translate.lua
733.457  010.208  000.247: sourcing nvim_exec2() called at C:\Users\Bernhard\AppData\Local\nvim\init.lua:0
733.476  000.006  000.006: sourcing nvim_exec2() called at C:\Users\Bernhard\AppData\Local\nvim\init.lua:0
733.525  000.003  000.003: sourcing nvim_exec2() called at C:\Users\Bernhard\AppData\Local\nvim\init.lua:0
734.260  000.170  000.170: require('config.translate.filter')
734.267  000.357  000.187: require('config.translate.replace')
734.271  000.532  000.175: require('config.translate.usercommands')
734.336  000.802  000.270: require('config.translate')
738.363  000.263  000.263: sourcing C:\Program Files\Neovim\share\nvim\runtime\plugin\matchparen.vim
739.101  000.312  000.312: sourcing C:\Users\Bernhard\AppData\Local\nvim-data\lazy\vim-matchup\autoload\matchup.vim
739.603  000.133  000.133: sourcing C:\Users\Bernhard\AppData\Local\nvim-data\lazy\vim-matchup\autoload\matchup\perf.vim
741.941  000.666  000.666: require('vim.treesitter.language')
742.047  000.987  000.322: require('vim.treesitter.query')
742.272  000.220  000.220: require('vim.treesitter._range')
742.291  001.452  000.244: require('vim.treesitter.languagetree')
742.300  001.668  000.216: require('vim.treesitter')
742.499  000.194  000.194: require('treesitter-matchup.third-party.ts-utils')
742.681  000.176  000.176: require('treesitter-matchup.third-party.lru')
742.853  000.166  000.166: require('treesitter-matchup.util')
742.865  002.558  000.354: require('treesitter-matchup.internal')
743.205  002.991  000.433: sourcing C:\Users\Bernhard\AppData\Local\nvim-data\lazy\vim-matchup\autoload\matchup\loader.vim
744.352  000.677  000.677: sourcing C:\Users\Bernhard\AppData\Local\nvim-data\lazy\vim-matchup\autoload\matchup\matchparen.vim
745.005  000.181  000.181: sourcing C:\Users\Bernhard\AppData\Local\nvim-data\lazy\vim-matchup\autoload\matchup\pos.vim
746.142  011.352  006.796: sourcing C:/Users/Bernhard/AppData/Local/nvim-data/lazy/vim-matchup/plugin/matchup.vim
746.189  011.628  000.276: sourcing nvim_exec2() called at C:\Users\Bernhard\AppData\Local\nvim\init.lua:0
746.219  000.004  000.004: sourcing nvim_exec2() called at C:\Users\Bernhard\AppData\Local\nvim\init.lua:0
746.319  000.004  000.004: sourcing nvim_exec2() called at C:\Users\Bernhard\AppData\Local\nvim\init.lua:0
746.753  000.351  000.351: require('match-up')
747.027  000.008  000.008: sourcing nvim_exec2() called at C:\Users\Bernhard\AppData\Local\nvim\init.lua:0
747.070  000.003  000.003: sourcing nvim_exec2() called at C:\Users\Bernhard\AppData\Local\nvim\init.lua:0
750.008  002.929  002.929: require('trouble.config')
750.445  000.188  000.188: require('trouble.util')
750.454  000.413  000.225: require('trouble.config.highlights')
751.293  000.175  000.175: require('trouble.cache')
751.485  000.184  000.184: require('trouble.format')
751.707  000.216  000.216: require('trouble.view.indent')
751.911  000.194  000.194: require('trouble.view.text')
751.919  000.988  000.219: require('trouble.view.render')
751.923  001.178  000.190: require('trouble.view.preview')
751.928  001.370  000.192: require('trouble.view.main')
752.226  000.007  000.007: sourcing nvim_exec2() called at C:\Users\Bernhard\AppData\Local\nvim\init.lua:0
752.267  000.003  000.003: sourcing nvim_exec2() called at C:\Users\Bernhard\AppData\Local\nvim\init.lua:0
752.478  000.203  000.203: require('config.harpoon.hardening')
755.456  000.167  000.167: require('harpoon.autocmd')
755.466  000.356  000.189: require('harpoon.buffer')
755.792  000.160  000.160: require('harpoon.utils')
755.799  000.330  000.170: require('harpoon.logger')
756.014  000.212  000.212: require('harpoon.extensions')
756.022  003.535  002.638: require('harpoon.ui')
756.385  000.164  000.164: require('config.harpoon.utils.normkey')
756.570  000.178  000.178: require('config.harpoon.utils.sanitize')
756.577  000.533  000.191: require('config.harpoon.persist_paths')
756.780  000.184  000.184: require('config.harpoon.preview')
757.017  000.192  000.192: require('config.harpoon.health')
757.193  000.005  000.005: sourcing nvim_exec2() called at C:\Users\Bernhard\AppData\Local\nvim\init.lua:0
757.232  000.003  000.003: sourcing nvim_exec2() called at C:\Users\Bernhard\AppData\Local\nvim\init.lua:0
757.842  000.199  000.199: sourcing C:\Program Files\Neovim\share/nvim/runtime/plugin/editorconfig.lua
757.864  000.443  000.245: sourcing nvim_exec2() called at C:\Users\Bernhard\AppData\Local\nvim\init.lua:0
758.347  000.185  000.185: sourcing C:\Program Files\Neovim\share/nvim/runtime/plugin/man.lua
758.368  000.425  000.240: sourcing nvim_exec2() called at C:\Users\Bernhard\AppData\Local\nvim\init.lua:0
758.622  000.028  000.028: sourcing C:\Program Files\Neovim\share/nvim/runtime/plugin/matchparen.vim
758.643  000.264  000.237: sourcing nvim_exec2() called at C:\Users\Bernhard\AppData\Local\nvim\init.lua:0
759.046  000.168  000.168: sourcing C:\Program Files\Neovim\share/nvim/runtime/plugin/osc52.lua
759.067  000.401  000.233: sourcing nvim_exec2() called at C:\Users\Bernhard\AppData\Local\nvim\init.lua:0
759.379  000.089  000.089: sourcing C:\Program Files\Neovim\share/nvim/runtime/plugin/shada.vim
759.396  000.319  000.230: sourcing nvim_exec2() called at C:\Users\Bernhard\AppData\Local\nvim\init.lua:0
759.680  000.052  000.052: sourcing C:\Program Files\Neovim\share/nvim/runtime/plugin/spellfile.vim
759.697  000.291  000.239: sourcing nvim_exec2() called at C:\Users\Bernhard\AppData\Local\nvim\init.lua:0
761.186  000.175  000.175: require('lib.nvim.simple_echo')
761.378  000.184  000.184: require('lib.cross.platform.is_windows')
761.561  000.176  000.176: require('lib.cross.platform.is_wsl')
761.735  000.167  000.167: require('lib.cross.platform.is_macos')
761.907  000.166  000.166: require('lib.cross.platform.is_linux')
762.090  000.177  000.177: require('lib.cross.platform.is')
762.333  000.235  000.235: require('lib.cross.run')
762.575  000.229  000.229: require('lib.cross.copy_to_clipboard')
762.809  000.227  000.227: require('lib.fs.path')
763.046  000.228  000.228: require('lib.fs.is_subpath')
763.269  000.215  000.215: require('lib.fs.is_dir')
763.482  000.206  000.206: require('lib.fs.relpath')
763.711  000.222  000.222: require('lib.fs.find_upward_dir')
763.947  000.230  000.230: require('lib.tables.dedup')
764.186  000.230  000.230: require('lib.require')
764.371  000.179  000.179: require('lib.buffer.is_markdown_buf')
764.555  000.177  000.177: require('lib.buffer.insert_lines')
764.738  000.177  000.177: require('lib.tables.with')
764.916  000.172  000.172: require('lib.tables.array')
765.098  000.176  000.176: require('lib.tables.core')
765.270  000.166  000.166: require('lib.tables.dict')
765.457  000.181  000.181: require('lib.tables.set')
765.636  000.173  000.173: require('lib.tables.functional')
765.810  000.168  000.168: require('lib.tables.safe')
766.183  000.169  000.169: require('lib.strings.remove_prefix')
766.366  000.177  000.177: require('lib.strings.core')
766.546  000.170  000.170: require('lib.strings.patterns')
766.728  000.175  000.175: require('lib.strings.links')
766.734  000.918  000.227: require('lib.strings')
766.918  000.178  000.178: require('lib.strings.convert.hex_to_string')
767.148  000.223  000.223: require('lib.terminal')
767.752  000.288  000.288: require('lib.ui.hover_select.config')
768.029  000.265  000.265: require('lib.ui.hover_select.buffer')
768.241  000.201  000.201: require('lib.ui.hover_select.window')
768.435  000.188  000.188: require('lib.ui.hover_select.navigation')
768.636  000.195  000.195: require('lib.ui.hover_select.highlight')
768.646  001.488  000.350: require('lib.ui.hover_select')
768.885  000.230  000.230: require('lib.ui.hl')
769.116  000.220  000.220: require('lib.autocmd')
769.326  000.202  000.202: require('lib.usercmd')
769.709  000.167  000.167: require('@types.log')
769.716  000.383  000.216: require('lib.notify.resolve_log_level')
770.155  000.197  000.197: require('lib.memo.lru')
770.334  000.171  000.171: require('lib.memo.memo')
770.340  000.620  000.252: require('lib.memo')
770.583  000.239  000.239: require('lib.time.diff')
770.817  000.228  000.228: require('lib.normalize')
770.823  009.999  000.435: require('lib')
770.827  010.206  000.207: require('system.env')
785.937  000.186  000.186: require('myoptions.set_diff_profile.profiles')
785.949  000.441  000.255: require('myoptions.set_diff_profile.selector')
795.048  014.688  014.246: require('options')
795.335  000.266  000.266: require('myoptions')
796.294  000.201  000.201: require('myoptions.@types.highlight')
796.325  000.548  000.346: require('myoptions.config')
796.823  000.218  000.218: require('myoptions.@types.skip')
796.835  000.505  000.287: require('myoptions.skip')
796.850  001.506  000.453: require('myoptions.Options_Cfg')
797.274  000.315  000.315: require('myoptions.commands')
797.622  000.249  000.249: require('lsp')
797.832  000.202  000.202: require('lsp.core.handlers')
798.024  000.185  000.185: require('lsp.core.filter')
798.930  000.426  000.426: require('vim.lsp.log')
799.714  000.773  000.773: require('vim.lsp.protocol')
800.200  000.478  000.478: require('vim.lsp.util')
800.733  000.225  000.225: require('vim.lsp.sync')
800.749  000.540  000.315: require('vim.lsp._changetracking')
801.240  000.246  000.246: require('vim.lsp._transport')
801.265  000.511  000.265: require('vim.lsp.rpc')
801.358  003.327  000.600: require('vim.lsp')
801.952  000.303  000.303: require('vim.lsp.completion')
802.026  000.662  000.359: require('vim.lsp.handlers')
802.242  000.210  000.210: require('lsp.core.diagnostics')
802.926  000.670  000.670: require('vim.diagnostic')
803.217  000.277  000.277: require('lsp.core.treesitter')
804.323  000.254  000.254: require('lsp.core.capabilities')
805.536  000.009  000.009: sourcing nvim_exec2() called at C:\Users\Bernhard\AppData\Local\nvim\init.lua:0
805.606  000.004  000.004: sourcing nvim_exec2() called at C:\Users\Bernhard\AppData\Local\nvim\init.lua:0
809.308  000.250  000.250: require('cmp_nvim_lsp.source')
809.318  003.126  002.876: require('cmp_nvim_lsp')
809.337  003.359  000.233: sourcing C:/Users/Bernhard/AppData/Local/nvim-data/lazy/cmp-nvim-lsp/after/plugin/cmp_nvim_lsp.lua
809.358  003.625  000.266: sourcing nvim_exec2() called at C:\Users\Bernhard\AppData\Local\nvim\init.lua:0
809.380  004.278  000.640: require('cmp_nvim_lsp')
810.089  000.217  000.217: require('lsp.core.attach')
810.322  000.225  000.225: require('lsp.formatter.init')
811.480  000.297  000.297: sourcing C:/Users/Bernhard/AppData/Local/nvim-data/lazy/conform.nvim/plugin/conform.lua
811.525  000.632  000.336: sourcing nvim_exec2() called at C:\Users\Bernhard\AppData\Local\nvim\init.lua:0
811.552  000.007  000.007: sourcing nvim_exec2() called at C:\Users\Bernhard\AppData\Local\nvim\init.lua:0
811.617  000.003  000.003: sourcing nvim_exec2() called at C:\Users\Bernhard\AppData\Local\nvim\init.lua:0
815.599  003.884  003.884: require('conform')
815.683  005.352  000.825: require('conform')
815.976  000.287  000.287: require('lsp.core.util')
816.270  000.286  000.286: require('lsp.formatter.conform')
832.435  000.287  000.287: require('lsp.usercmds.formatter')
832.759  000.271  000.271: require('lsp.usercmds')
833.040  000.222  000.222: require('lsp.core.registry')
833.266  000.219  000.219: require('lsp.languages')
833.483  000.209  000.209: require('lsp.languages.markdown')
833.727  000.200  000.200: require('lsp.languages.shell')
848.971  000.222  000.222: require('lsp.servers.bashls')
863.148  000.336  000.336: require('lsp.servers.lua_ls.ignore')
863.463  000.300  000.300: require('lsp.servers.lua_ls.rootresolver')
863.473  001.195  000.559: require('lsp.servers.lua_ls')
864.122  000.256  000.256: require('lsp.servers.lua_ls.reload')
864.854  000.410  000.410: require('lsp.servers.ts_ls')
865.258  000.299  000.299: require('lsp.servers.gopls')
865.984  000.271  000.271: require('lsp.servers.marksman.config')
866.314  000.322  000.322: require('lsp.servers.marksman.diagnostics_handler')
866.905  000.273  000.273: require('lib.cross.fs._cwd')
866.913  000.591  000.318: require('lsp.servers.marksman.rootresolver')
866.917  001.530  000.345: require('lsp.servers.marksman')
867.204  000.273  000.273: require('lsp.servers.marksman.code_action_handler')
867.516  000.289  000.289: require('lsp.servers.html')
868.719  000.361  000.361: require('lsp.lspdoctor.@types')
869.101  000.348  000.348: require('lsp.lspdoctor.health')
869.522  000.414  000.414: require('lsp.lspdoctor.debug')
870.148  000.619  000.619: require('lsp.lspdoctor.inspect')
870.258  002.277  000.535: require('lsp.lspdoctor')
870.962  000.278  000.278: require('lsp.tools.eslint_prettier.core.find_root')
871.291  000.322  000.322: require('lsp.tools.eslint_prettier.core.check_config')
871.947  000.348  000.348: require('lsp.tools.eslint_prettier.eslint')
871.955  000.657  000.309: require('lsp.tools.eslint_prettier.eslint.fix')
872.665  000.424  000.424: require('lsp.tools.eslint_prettier.prettier')
872.674  000.715  000.290: require('lsp.tools.eslint_prettier.prettier.format')
872.883  000.205  000.205: require('lsp.tools.eslint_prettier.autocmds')
873.088  000.199  000.199: require('lsp.tools.eslint_prettier.usercmds')
873.096  002.807  000.431: require('lsp.tools.eslint_prettier')
873.749  000.195  000.195: require('lsp.tools.lsp_signature.open_floating_preview')
874.093  000.167  000.167: require('lsp.tools.lsp_signature.split_lines')
874.100  000.344  000.177: require('lsp.tools.lsp_signature.format_signature_help')
874.291  000.187  000.187: require('lsp.tools.lsp_signature.state')
874.651  000.181  000.181: require('lsp.tools.lsp_signature.utils.helper')
874.663  000.365  000.184: require('lsp.tools.lsp_signature.highlights.parameters')
875.002  000.164  000.164: require('lsp.tools.lsp_signature.format_hover')
875.010  000.342  000.178: require('lsp.tools.lsp_signature.show_hover')
875.204  000.191  000.191: require('lsp.tools.lsp_signature.fallback_providers')
875.234  000.015  000.015: sourcing nvim_exec2() called at C:\Users\Bernhard\AppData\Local\nvim\init.lua:0
875.246  000.004  000.004: sourcing nvim_exec2() called at C:\Users\Bernhard\AppData\Local\nvim\init.lua:0
875.255  000.003  000.003: sourcing nvim_exec2() called at C:\Users\Bernhard\AppData\Local\nvim\init.lua:0
875.264  000.004  000.004: sourcing nvim_exec2() called at C:\Users\Bernhard\AppData\Local\nvim\init.lua:0
875.272  000.004  000.004: sourcing nvim_exec2() called at C:\Users\Bernhard\AppData\Local\nvim\init.lua:0
875.277  001.905  000.251: require('lsp.tools.lsp_signature.request_and_show')
875.281  002.113  000.208: require('lsp.tools.lsp_signature')
875.520  000.213  000.213: require('lsp.tools.ts_type_lookup')
875.748  000.222  000.222: require('lsp.tools.ts_type_lookup.cmds')
884.234  000.213  000.213: require('nvim-treesitter.utils')
885.638  001.392  001.392: require('nvim-treesitter.parsers')
886.439  000.171  000.171: require('nvim-treesitter.compat')
886.806  000.186  000.186: require('nvim-treesitter.ts_utils')
886.816  000.369  000.182: require('nvim-treesitter.tsrange')
886.997  000.177  000.177: require('nvim-treesitter.caching')
887.009  000.943  000.226: require('nvim-treesitter.query')
887.023  001.167  000.225: require('nvim-treesitter.configs')
887.028  001.383  000.216: require('nvim-treesitter.info')
887.234  000.203  000.203: require('nvim-treesitter.shell_command_selectors')
887.259  003.510  000.320: require('nvim-treesitter.install')
887.432  000.168  000.168: require('nvim-treesitter.statusline')
887.623  000.185  000.185: require('nvim-treesitter.query_predicates')
887.630  006.896  003.031: require('nvim-treesitter')
888.343  007.821  000.925: sourcing C:/Users/Bernhard/AppData/Local/nvim-data/lazy/nvim-treesitter/plugin/nvim-treesitter.lua
888.372  008.141  000.320: sourcing nvim_exec2() called at C:\Users\Bernhard\AppData\Local\nvim\init.lua:0
888.387  000.003  000.003: sourcing nvim_exec2() called at C:\Users\Bernhard\AppData\Local\nvim\init.lua:0
888.437  000.003  000.003: sourcing nvim_exec2() called at C:\Users\Bernhard\AppData\Local\nvim\init.lua:0
888.953  000.465  000.465: require('nvchad.configs.treesitter')
889.146  000.186  000.186: require('config.treesitter.parser')
929.863  000.279  000.279: require('nvim-treesitter.highlight')
930.136  000.224  000.224: require('nvim-treesitter.indent')
933.379  000.008  000.008: sourcing nvim_exec2() called at C:\Users\Bernhard\AppData\Local\nvim\init.lua:0
933.423  000.003  000.003: sourcing nvim_exec2() called at C:\Users\Bernhard\AppData\Local\nvim\init.lua:0
933.498  000.003  000.003: sourcing nvim_exec2() called at C:\Users\Bernhard\AppData\Local\nvim\init.lua:0
933.533  000.003  000.003: sourcing nvim_exec2() called at C:\Users\Bernhard\AppData\Local\nvim\init.lua:0
936.644  000.008  000.008: sourcing nvim_exec2() called at C:\Users\Bernhard\AppData\Local\nvim\init.lua:0
936.688  000.003  000.003: sourcing nvim_exec2() called at C:\Users\Bernhard\AppData\Local\nvim\init.lua:0
937.408  000.361  000.361: sourcing C:/Users/Bernhard/AppData/Local/nvim-data/lazy/telescope.nvim/plugin/telescope.lua
937.435  000.622  000.261: sourcing nvim_exec2() called at C:\Users\Bernhard\AppData\Local\nvim\init.lua:0
937.450  000.005  000.005: sourcing nvim_exec2() called at C:\Users\Bernhard\AppData\Local\nvim\init.lua:0
937.496  000.003  000.003: sourcing nvim_exec2() called at C:\Users\Bernhard\AppData\Local\nvim\init.lua:0
938.831  000.186  000.186: require('plenary.strings')
939.634  000.386  000.386: require('plenary.log')
939.678  000.604  000.219: require('telescope.log')
940.223  000.227  000.227: require('telescope.state')
940.308  000.622  000.395: require('telescope.utils')
940.322  001.480  000.254: require('telescope.sorters')
942.196  003.778  002.111: require('telescope.config')
943.198  000.512  000.512: require('plenary.window.border')
943.678  000.462  000.462: require('plenary.window')
943.984  000.286  000.286: require('plenary.popup.utils')
944.002  001.788  000.528: require('plenary.popup')
944.296  000.287  000.287: require('telescope.pickers.scroller')
944.526  000.219  000.219: require('telescope.actions.state')
944.718  000.185  000.185: require('telescope.actions.utils')
945.130  000.183  000.183: require('telescope.actions.mt')
945.147  000.422  000.239: require('telescope.actions.set')
945.531  000.191  000.191: require('telescope.config.resolve')
945.540  000.389  000.198: require('telescope.pickers.entry_display')
945.781  000.235  000.235: require('telescope.from_entry')
945.957  007.905  000.602: require('telescope.actions')
945.966  008.363  000.458: require('nvchad.configs.telescope')
946.578  000.275  000.275: require('config.telescope.history')
951.332  000.386  000.386: require('telescope.actions.history')
951.984  000.354  000.354: require('telescope._extensions')
951.993  000.649  000.295: require('telescope')
951.997  005.183  004.147: require('telescope._extensions.smart_history')
952.002  005.408  000.225: require('config.telescope.history.keymaps')
952.187  000.181  000.181: require('config.telescope.file_browser.keymaps')
952.375  000.181  000.181: require('config.telescope.ui.hl_selection')
952.606  000.225  000.225: require('config.telescope.open_background')
953.069  000.225  000.225: require('config.telescope.actions.create_file')
953.289  000.212  000.212: require('config.telescope.actions.open_badd')
953.296  000.684  000.247: require('config.telescope.actions')
953.304  007.332  000.377: require('config.telescope')
953.945  000.183  000.183: require('sqlite.utils')
953.956  000.417  000.234: require('sqlite.database')
953.960  000.651  000.235: require('sqlite')
954.762  000.235  000.235: require('config.telescope.keymaps')
957.254  000.314  000.314: require('telescope.debounce')
957.586  000.323  000.323: require('telescope.mappings')
957.900  000.306  000.306: require('telescope.pickers.highlights')
958.198  000.288  000.288: require('telescope.pickers.window')
958.507  000.302  000.302: require('telescope.pickers.layout')
959.091  000.299  000.299: require('telescope.algos.linked_list')
959.100  000.586  000.287: require('telescope.entry_manager')
959.395  000.291  000.291: require('telescope.pickers.multi')
959.413  002.883  000.472: require('telescope.pickers')
960.112  000.415  000.415: require('telescope.make_entry')
960.427  000.308  000.308: require('telescope.finders.async_static_finder')
961.229  000.194  000.194: require('plenary.class')
961.290  000.562  000.368: require('telescope._')
961.296  000.862  000.300: require('telescope.finders.async_oneshot_finder')
961.609  000.310  000.310: require('telescope.finders.async_job_finder')
961.619  002.202  000.307: require('telescope.finders')
962.307  000.337  000.337: require('telescope.previewers.previewer')
963.380  000.570  000.570: require('telescope.previewers.utils')
976.799  014.479  013.909: require('telescope.previewers.term_previewer')
990.767  013.956  013.956: require('telescope.previewers.buffer_previewer')
990.783  029.127  000.355: require('telescope.previewers')
990.792  034.767  000.556: require('telescope._extensions.themes')
991.345  000.546  000.546: require('telescope._extensions.terms')
992.456  116.472  054.618: require('telescope')
992.465  116.679  000.207: require('lsp.tools.ts_type_lookup.ts_telescope_picker')
992.735  000.251  000.251: require('lsp.tools.ts_type_lookup.noice_integration')
993.137  000.180  000.180: require('lsp.tools.deprecated_help.lsp_common')
993.527  000.176  000.176: require('lsp.tools.deprecated_help.helper')
993.709  000.175  000.175: require('lsp.tools.deprecated_help.lsp.lua_ls.catch')
993.886  000.172  000.172: require('lsp.tools.deprecated_help.lsp.lua_ls.diagnostic')
994.062  000.169  000.169: require('lsp.tools.deprecated_help.defaults')
994.069  000.925  000.232: require('lsp.tools.deprecated_help.lsp.lua_ls.lua_ls')
994.264  000.192  000.192: require('lsp.tools.deprecated_help.lsp.lua_ls.publish_diagnostics')
994.271  001.530  000.233: require('lsp.tools.deprecated_help')
994.849  000.179  000.179: require('lsp.diagnostics.util')
995.048  000.191  000.191: require('lsp.diagnostics.loclist')
995.257  000.202  000.202: require('lsp.diagnostics.quickfix')
995.266  000.776  000.204: require('lsp.diagnostics.commands')
995.480  000.211  000.211: require('lsp.diagnostics.keymaps')
995.488  001.210  000.223: require('lsp.diagnostics')
996.272  000.403  000.403: require('autocmds.auto-center-fexplorer')
996.933  000.248  000.248: require('autocmds.general.helpers')
997.207  000.262  000.262: require('autocmds.general.gofile_cases')
997.450  000.235  000.235: require('autocmds.general.gofile_logger')
997.679  000.218  000.218: require('autocmds.general.defaults')
997.687  001.361  000.398: require('autocmds.general')
998.332  000.316  000.316: require('autocmds.git')
998.620  000.200  000.200: require('autocmds.git.conflicts_qf')
998.827  000.188  000.188: require('autocmds.git.commit_ft')
999.031  000.187  000.187: require('autocmds.git.conflict_marks')
999.251  000.201  000.201: require('autocmds.git.gitsigns_refresh')
999.457  000.190  000.190: require('autocmds.git.blame_on_hold')
1000.431  000.968  000.968: require('autocmds.git.line_diff_on_hold')
1000.741  000.270  000.270: require('autocmds.terminals')
1001.028  000.240  000.240: require('autocmds.text')
1001.184  005.627  001.102: require('autocmds')
1001.619  000.211  000.211: require('custom.commands_keymaps')
1001.860  000.234  000.234: require('custom.commands_keymaps.delete_current_file')
1002.126  000.260  000.260: require('custom.insert')
1002.343  000.205  000.205: require('custom.insert.filepath.core')
1002.559  000.201  000.201: require('custom.insert.annotation.core')
1002.755  000.179  000.179: require('custom.insert.timestamp.core')
1002.950  000.188  000.188: require('custom.insert.uuid.core')
1003.160  000.202  000.202: require('custom.insert.boilerplate.core')
1003.415  000.241  000.241: require('custom.format')
1003.617  000.192  000.192: require('custom.format.column_align.core')
1003.868  000.244  000.244: require('custom.format.table')
1004.164  000.288  000.288: require('custom.format.text_width')
1004.389  000.218  000.218: require('custom.format.filter_lines')
1004.664  000.267  000.267: require('custom.format.additional_features')
1004.943  000.262  000.262: require('custom.format.markdown')
1005.189  000.238  000.238: require('custom.format.markdown.headlines.separators')
1005.720  000.245  000.245: require('custom.lua_project_file_stats.utils')
1005.991  000.264  000.264: require('custom.lua_project_file_stats.prints')
1006.241  000.243  000.243: require('custom.lua_project_file_stats.misc_files')
1006.253  001.047  000.295: require('custom.lua_project_file_stats')
1006.498  000.241  000.241: require('custom.lua_project_file_stats.usercommands')
1006.827  000.291  000.291: require('custom.function_index')
1007.067  000.231  000.231: require('custom.function_index.user_actions')
1007.300  000.226  000.226: require('custom.function_index.user_actions.usercommands')
1007.814  000.228  000.228: require('custom.recommender.rendering')
1008.063  000.241  000.241: require('custom.recommender.keymaps')
1008.270  000.201  000.201: require('custom.recommender.custom_aliases')
1008.470  000.193  000.193: require('custom.recommender.blacklist')
1008.681  000.202  000.202: require('custom.recommender.regex')
1008.917  000.231  000.231: require('custom.recommender.treesitter')
1008.926  001.596  000.299: require('custom.recommender')
1009.653  000.592  000.592: require('custom.filecycle')
1010.166  000.233  000.233: require('custom.filecycle.@types')
1010.640  000.459  000.459: require('custom.filecycle.core')
1010.654  000.988  000.296: require('custom.filecycle.keymaps')
1011.009  000.270  000.270: require('custom.filecycle.usercommands')
1011.556  000.213  000.213: require('custom.find_config.config.defaults')
1011.566  000.518  000.304: require('custom.find_config')
1011.995  000.212  000.212: require('custom.find_config.core')
1012.004  000.428  000.216: require('custom.find_config.engines.telescope')
1012.666  000.315  000.315: require('custom.markdown.config')
1012.920  000.241  000.241: require('custom.markdown.core.fold')
1013.237  000.307  000.307: require('custom.markdown.core.headings')
1013.492  000.246  000.246: require('custom.markdown.core.wrap')
1013.727  000.225  000.225: require('custom.markdown.setup.autocmds')
1013.971  000.235  000.235: require('custom.markdown.tableview')
1014.468  000.244  000.244: require('custom.markdown.tableview.parser')
1014.481  000.503  000.260: require('custom.markdown.tableview.live')
1014.755  000.269  000.269: require('custom.markdown.fenced_fix')
1014.880  002.833  000.491: require('custom.markdown')
1015.137  000.217  000.217: require('custom.markdown.tableview.autocmds')
1015.461  000.290  000.290: require('custom.pathprobe')
1016.547  000.283  000.283: require('custom.repo_pickers.@types.aliases')
1016.559  000.554  000.271: require('custom.repo_pickers.@types.types')
1016.572  000.810  000.256: require('custom.repo_pickers.config')
1017.351  000.258  000.258: require('custom.repo_pickers.fs')
1017.575  000.213  000.213: require('custom.repo_pickers.dispatch')
1017.582  000.737  000.266: require('custom.repo_pickers.actions')
1018.006  000.196  000.196: require('custom.repo_pickers.select.vim_select')
1018.227  000.214  000.214: require('custom.repo_pickers.select.telescope')
1018.604  000.369  000.369: require('custom.repo_pickers.select.fzf')
1018.618  001.032  000.253: require('custom.repo_pickers.select.router')
1018.627  002.050  000.281: require('custom.repo_pickers.register')
1018.633  003.124  000.264: require('custom.repo_pickers')
1019.943  000.227  000.227: require('custom.pathfinder.notifier')
1019.957  000.456  000.229: require('custom.pathfinder.util')
1019.965  000.716  000.260: require('custom.pathfinder.finder')
1021.077  000.310  000.310: require('custom.pathfinder.extractor.terminators')
1021.096  000.573  000.263: require('custom.pathfinder.extractor.helpers')
1021.400  000.298  000.298: require('custom.pathfinder.extractor.common_extensions')
1021.422  001.202  000.331: require('custom.pathfinder.extractor.find')
1021.429  001.458  000.256: require('custom.pathfinder.extractor')
1021.434  002.434  000.260: require('custom.pathfinder.commands')
1021.439  002.721  000.287: require('custom.pathfinder')
1021.934  000.445  000.445: require('custom.line_marker')
1021.992  020.802  001.115: require('custom')
1023.321  000.291  000.291: require('custom.mynotes.core')
1023.342  000.650  000.359: require('custom.mynotes.register')
1023.400  001.018  000.368: require('custom.mynotes.specs.checklists')
1023.708  000.299  000.299: require('custom.mynotes.specs.notes')
1024.018  000.302  000.302: require('custom.mynotes.specs.notes_lua')
1024.321  000.294  000.294: require('custom.mynotes.specs.notes_nvim')
1024.628  000.262  000.262: require('custom.mynotes.specs.wkdbook')
1024.866  000.232  000.232: require('custom.mynotes.specs.wkdbook_lua')
1025.123  000.245  000.245: require('custom.mynotes.specs.wkdbook_nvim')
1025.129  003.131  000.479: require('custom.mynotes')
1025.517  000.186  000.186: require('sessions.autocmds')
1025.731  000.208  000.208: require('sessions.usercmds')
1025.936  000.199  000.199: require('sessions.keymaps')
1025.944  000.811  000.219: require('sessions')
1026.472  000.246  000.246: require('usrcmds.copy')
1026.901  000.193  000.193: require('usrcmds.gather.@types')
1026.908  000.421  000.228: require('usrcmds.gather')
1027.170  000.247  000.247: require('usrcmds.compress_dir')
1027.426  000.242  000.242: require('usrcmds.diff')
1027.668  000.235  000.235: require('usrcmds.diff.diff_origin')
1027.969  000.283  000.283: require('usrcmds.fileinfo')
1028.353  000.349  000.349: require('usrcmds.project_tree')
1028.679  000.286  000.286: require('usrcmds.newfile')
1028.957  000.240  000.240: require('usrcmds.migrate')
1029.791  000.200  000.200: require('usrcmds.migrate.common.@types')
1029.808  000.473  000.272: require('usrcmds.migrate.common.command')
1030.051  000.239  000.239: require('usrcmds.migrate.common.picker')
1030.301  000.235  000.235: require('usrcmds.migrate.common.buffer')
1030.310  001.343  000.398: require('usrcmds.migrate.opt')
1031.218  000.247  000.247: require('usrcmds.migrate.notify.parser.aliases')
1031.447  000.215  000.215: require('usrcmds.migrate.notify.parser.patterns')
1031.723  000.268  000.268: require('usrcmds.migrate.notify.parser.extractor')
1031.940  000.209  000.209: require('usrcmds.migrate.notify.parser.migrator')
1031.949  001.305  000.366: require('usrcmds.migrate.notify.parser')
1032.362  000.194  000.194: require('usrcmds.migrate.notify.refactor.import')
1032.556  000.187  000.187: require('usrcmds.migrate.notify.refactor.cleanup')
1032.772  000.209  000.209: require('usrcmds.migrate.notify.refactor.apply')
1032.778  000.825  000.235: require('usrcmds.migrate.notify.refactor')
1032.789  002.457  000.327: require('usrcmds.migrate.notify')
1033.055  000.237  000.237: require('usrcmds.reload')
1033.357  000.284  000.284: require('usrcmds.search_all_drives')
1033.613  000.235  000.235: require('usrcmds.system_find')
1033.877  000.250  000.250: require('usrcmds.update_repos')
1034.229  000.331  000.331: require('usrcmds.uv_doc')
1034.285  008.263  000.577: require('usrcmds')
1034.512  000.220  000.220: require('wkddap')
1034.756  000.229  000.229: require('wkddap.core')
1034.951  000.189  000.189: require('wkddap.core.setup')
1038.741  000.007  000.007: sourcing nvim_exec2() called at C:\Users\Bernhard\AppData\Local\nvim\init.lua:0
1038.786  000.003  000.003: sourcing nvim_exec2() called at C:\Users\Bernhard\AppData\Local\nvim\init.lua:0
1039.442  000.291  000.291: sourcing C:/Users/Bernhard/AppData/Local/nvim-data/lazy/nvim-dap/plugin/dap.lua
1039.466  000.550  000.260: sourcing nvim_exec2() called at C:\Users\Bernhard\AppData\Local\nvim\init.lua:0
1039.480  000.003  000.003: sourcing nvim_exec2() called at C:\Users\Bernhard\AppData\Local\nvim\init.lua:0
1039.524  000.003  000.003: sourcing nvim_exec2() called at C:\Users\Bernhard\AppData\Local\nvim\init.lua:0
1044.381  000.887  000.887: require('dap.utils')
1044.562  004.991  004.104: require('dap')
1045.516  000.911  000.911: require('osv')
1046.784  011.826  005.357: require('dap')
1048.081  001.279  001.279: require('wkddap.core.capabilities')
1052.473  000.008  000.008: sourcing nvim_exec2() called at C:\Users\Bernhard\AppData\Local\nvim\init.lua:0
1052.529  000.003  000.003: sourcing nvim_exec2() called at C:\Users\Bernhard\AppData\Local\nvim\init.lua:0
1052.657  000.003  000.003: sourcing nvim_exec2() called at C:\Users\Bernhard\AppData\Local\nvim\init.lua:0
1052.736  000.003  000.003: sourcing nvim_exec2() called at C:\Users\Bernhard\AppData\Local\nvim\init.lua:0
1057.933  000.465  000.465: require('nio.tasks')
1058.315  000.370  000.370: require('nio.control')
1058.983  000.659  000.659: require('nio.uv')
1059.322  000.331  000.331: require('nio.tests')
1060.013  000.436  000.436: require('vim.ui')
1060.026  000.697  000.262: require('nio.ui')
1060.379  000.177  000.177: require('nio.streams')
1060.387  000.357  000.181: require('nio.file')
1060.918  000.163  000.163: require('nio.util')
1061.259  000.691  000.528: require('nio.logger')
1061.270  000.880  000.189: require('nio.lsp')
1061.460  000.185  000.185: require('nio.process')
1061.474  004.614  000.669: require('nio')
1062.733  000.029  000.029: sourcing nvim_exec2() called at C:\Users\Bernhard\AppData\Local\nvim\init.lua:0
1062.747  000.444  000.414: require('dapui.config.highlights')
1062.792  000.036  000.036: sourcing nvim_exec2() called at C:\Users\Bernhard\AppData\Local\nvim\init.lua:0
1063.035  001.117  000.637: require('dapui.config')
1063.051  001.344  000.227: require('dapui.util')
1063.486  000.431  000.431: require('dapui.windows.layout')
1063.502  002.023  000.248: require('dapui.windows')
1063.890  000.383  000.383: require('dapui.controls')
1063.903  011.114  004.095: require('dapui')
1064.138  000.040  000.040: sourcing nvim_exec2() called at C:\Users\Bernhard\AppData\Local\nvim\init.lua:0
1064.805  000.219  000.219: require('dapui.client.types')
1064.848  000.651  000.432: require('dapui.client')
1065.088  000.234  000.234: require('dap.breakpoints')
1065.294  000.191  000.191: require('dapui.client.lib')
1065.701  000.205  000.205: require('dapui.render.canvas')
1065.709  000.401  000.196: require('dapui.elements.breakpoints')
1065.916  000.186  000.186: require('dapui.components.breakpoints')
1066.124  000.183  000.183: require('dapui.elements.repl')
1066.303  000.171  000.171: require('dapui.elements.scopes')
1066.521  000.197  000.197: require('dapui.components.scopes')
1066.708  000.181  000.181: require('dapui.components.variables')
1066.897  000.172  000.172: require('dapui.elements.stacks')
1067.308  000.180  000.180: require('dapui.components.frames')
1067.315  000.377  000.197: require('dapui.components.threads')
1067.548  000.212  000.212: require('dapui.elements.watches')
1067.789  000.191  000.191: require('dapui.components.watches')
1067.998  000.191  000.191: require('dapui.elements.hover')
1068.192  000.176  000.176: require('dapui.components.hover')
1068.378  000.176  000.176: require('dapui.elements.console')
1068.473  020.372  005.312: require('dapui')
1069.017  000.007  000.007: sourcing nvim_exec2() called at C:\Users\Bernhard\AppData\Local\nvim\init.lua:0
1069.059  000.003  000.003: sourcing nvim_exec2() called at C:\Users\Bernhard\AppData\Local\nvim\init.lua:0
1072.940  003.787  003.787: require('nvim-dap-virtual-text')
1072.973  000.013  000.013: sourcing nvim_exec2() called at C:\Users\Bernhard\AppData\Local\nvim\init.lua:0
1073.012  000.032  000.032: sourcing nvim_exec2() called at C:\Users\Bernhard\AppData\Local\nvim\init.lua:0
1073.026  004.547  000.706: require('nvim-dap-virtual-text')
1073.226  000.195  000.195: require('wkddap.core.state')
1073.445  000.212  000.212: require('wkddap.adapters')
1073.839  000.193  000.193: require('wkddap.config')
1074.042  000.197  000.197: require('wkddap.utils.notify')
1074.051  000.600  000.210: require('wkddap.registry')
1074.233  000.177  000.177: require('wkddap.adapters.lua')
1074.799  000.192  000.192: require('wkddap.adapters.go')
1076.014  000.288  000.288: require('wkddap.adapters.python')
1076.918  000.208  000.208: require('wkddap.adapters.javascript')
1077.506  000.241  000.241: require('wkddap.configurations')
1077.699  000.184  000.184: require('wkddap.configurations.lua')
1077.882  000.175  000.175: require('wkddap.configurations.go')
1078.538  000.648  000.648: require('wkddap.configurations.python')
1079.133  000.578  000.578: require('wkddap.configurations.javascript')
1081.485  002.332  002.332: require('wkddap.utils.validation')
1082.408  000.899  000.899: require('wkddap.ui')
1084.200  000.241  000.241: require('wkddap.ui.highlights')
1084.420  000.188  000.188: require('wkddap.ui.dapui')
1084.548  000.059  000.059: sourcing nvim_exec2() called at C:\Users\Bernhard\AppData\Local\nvim\init.lua:0
1085.595  000.254  000.254: require('editorconfig')
1095.925  003.870  003.870: require('mdlinks.commands')
1095.977  004.098  000.228: sourcing C:/Users/Bernhard/AppData/Local/nvim-data/lazy/mdlinks/plugin/mdlinks.lua
1096.008  004.375  000.277: sourcing nvim_exec2() called at FileType Autocommands for "*":0
1096.356  000.277  000.277: require('mdlinks.config')
1103.465  000.084  000.084: sourcing C:\Users\Bernhard\AppData\Local\nvim-data\lazy\vim-matchup\autoload\matchup\ts_engine.vim
1106.363  000.056  000.056: sourcing C:\Users\Bernhard\AppData\Local\nvim-data\lazy\vim-matchup\autoload\matchup\re.vim
1111.594  000.238  000.238: require('dap.ui')
1111.619  000.620  000.382: require('dap.repl')
1190.128  003.962  003.962: require('gitsigns')
1195.402  000.478  000.478: require('gitsigns.highlight')
1195.649  000.224  000.224: require('gitsigns.debug.log')
1196.096  000.439  000.439: require('gitsigns.config')
1197.113  000.240  000.240: require('gitsigns.async')
1197.569  000.228  000.228: require('gitsigns.util')
1197.581  000.453  000.226: require('gitsigns.hunks')
1197.989  000.184  000.184: require('gitsigns.diff')
1198.188  000.189  000.189: require('gitsigns.signs')
1198.421  000.225  000.225: require('gitsigns.status')
1198.663  000.230  000.230: require('gitsigns.debounce')
1198.870  000.198  000.198: require('gitsigns.cache')
1198.899  001.315  000.289: require('gitsigns.manager')
1199.080  000.176  000.176: require('gitsigns.message')
1199.255  000.169  000.169: require('gitsigns.repeat')
1199.280  002.734  000.381: require('gitsigns.actions')
1200.233  000.175  000.175: require('gitsigns.system')
1200.241  000.354  000.179: require('gitsigns.git.cmd')
1200.445  000.199  000.199: require('gitsigns.git.errors')
1200.635  000.183  000.183: require('gitsigns.git.repo.watcher')
1200.820  000.179  000.179: require('gitsigns.git.version')
1200.832  001.141  000.226: require('gitsigns.git.repo')
1200.839  001.353  000.212: require('gitsigns.git')
1200.848  001.565  000.211: require('gitsigns.attach')
1201.099  000.209  000.209: require('gitsigns.current_line_blame')
1201.192  015.227  005.616: sourcing C:/Users/Bernhard/AppData/Local/nvim-data/lazy/gitsigns.nvim/plugin/gitsigns.lua
1201.222  015.514  000.286: sourcing nvim_exec2() called at BufEnter Autocommands for "*":0
1201.242  000.006  000.006: sourcing nvim_exec2() called at BufEnter Autocommands for "*":0
1201.289  000.003  000.003: sourcing nvim_exec2() called at BufEnter Autocommands for "*":0
1201.677  000.328  000.328: require('nvchad.configs.gitsigns')
1207.137  022.114  006.263: require('gitsigns')
1208.458  000.081  000.081: sourcing C:\Users\Bernhard\AppData\Local\nvim-data\lazy\nvim-treesitter\autoload\nvim_treesitter.vim
1208.769  000.248  000.248: require('nvim-treesitter.fold')
1275.512  000.231  000.231: require('wkddap.commands')
1275.698  000.174  000.174: require('wkddap.commands.autocmds')
1275.888  000.169  000.169: require('wkddap.commands.usercmds')
1276.098  000.189  000.189: require('system.rpc_pipe')
1276.671  000.193  000.193: require('debugging')
1277.105  000.210  000.210: require('debugging.views.@types')
1277.350  000.235  000.235: require('debugging.views.capture')
1277.721  000.175  000.175: require('debugging.views.utils')
1277.730  000.373  000.198: require('debugging.views.display')
1277.906  000.172  000.172: require('debugging.views.keymaps')
1278.086  000.175  000.175: require('debugging.views.autocmds')
1278.093  001.413  000.248: require('debugging.views')
1278.234  1239.178  282.047: sourcing C:\Users\Bernhard\AppData\Local\nvim\init.lua
1278.291  003.023: sourcing vimrc file(s)
1281.405  000.280  000.280: sourcing C:\Program Files\Neovim\share\nvim\runtime\filetype.lua
1283.999  000.149  000.149: sourcing C:\Program Files\Neovim\share\nvim\runtime\syntax\synload.vim
1284.157  001.943  001.793: sourcing C:\Program Files\Neovim\share/nvim/runtime/syntax/syntax.vim
1284.190  003.677: inits 3
1288.116  003.925: reading ShaDa
1289.130  001.014: opening buffers
1289.670  000.540: BufEnter autocommands
1289.677  000.006: editing files in windows
1297.862  008.186: --- NVIM STARTED ---

